02-12 13:07:01.256     0     0 W x86/PAT : NPDecoder-CL:13435 map pfn RAM range req write-combining for [mem 0x2915e000-0x2915efff], got write-back
02-12 13:07:01.257     0     0 W x86/PAT : .vorbis.decoder:13449 map pfn RAM range req write-combining for [mem 0x2902f000-0x2902ffff], got write-back
02-12 13:07:01.260     0     0 W x86/PAT : NPDecoder-CL:13435 map pfn RAM range req write-combining for [mem 0x29162000-0x29162fff], got write-back
02-12 13:07:01.261     0     0 W x86/PAT : .vorbis.decoder:13449 map pfn RAM range req write-combining for [mem 0x29209000-0x29209fff], got write-back
02-12 13:07:01.267     0     0 W x86/PAT : .vorbis.decoder:13449 map pfn RAM range req write-combining for [mem 0x2929d000-0x2929dfff], got write-back
02-12 13:07:01.270     0     0 W x86/PAT : .vorbis.decoder:13449 map pfn RAM range req write-combining for [mem 0x2913e000-0x2913efff], got write-back
02-12 13:07:01.272     0     0 W x86/PAT : NPDecoder-CL:13435 map pfn RAM range req write-combining for [mem 0x2915e000-0x2915efff], got write-back
02-12 13:07:01.273     0     0 W x86/PAT : .vorbis.decoder:13449 map pfn RAM range req write-combining for [mem 0x291d1000-0x291d1fff], got write-back
02-12 13:07:01.276     0     0 W x86/PAT : NPDecoder-CL:13435 map pfn RAM range req write-combining for [mem 0x292b4000-0x292b4fff], got write-back
02-12 13:07:01.282     0     0 W x86/PAT : NPDecoder-CL:13435 map pfn RAM range req write-combining for [mem 0x29162000-0x29162fff], got write-back
02-12 13:07:01.286     0     0 W x86/PAT : NPDecoder-CL:13435 map pfn RAM range req write-combining for [mem 0x29156000-0x29156fff], got write-back
02-12 13:07:01.289     0     0 W x86/PAT : NPDecoder-CL:13435 map pfn RAM range req write-combining for [mem 0x2915e000-0x2915efff], got write-back
02-12 13:07:01.295     0     0 W x86/PAT : .vorbis.decoder:13449 map pfn RAM range req write-combining for [mem 0x291e2000-0x291e2fff], got write-back
02-12 13:07:01.312 13965 13967 I cmd     : oneway function results will be dropped but finished with status OK and parcel size 4
02-12 13:07:01.316   330   330 I android.hardware.vibrator-service.example: Vibrator set amplitude: 0.313726
02-12 13:07:01.299     0     0 W x86/PAT : NPDecoder-CL:13435 map pfn RAM range req write-combining for [mem 0x2915e000-0x2915efff], got write-back
02-12 13:07:01.304     0     0 W x86/PAT : .vorbis.decoder:13449 map pfn RAM range req write-combining for [mem 0x29219000-0x29219fff], got write-back
02-12 13:07:01.307     0     0 W x86/PAT : .vorbis.decoder:13449 map pfn RAM range req write-combining for [mem 0x29291000-0x29291fff], got write-back
02-12 13:07:01.307     0     0 W x86/PAT : NPDecoder-CL:13435 map pfn RAM range req write-combining for [mem 0x2915e000-0x2915efff], got write-back
02-12 13:07:01.309     0     0 W x86/PAT : .vorbis.decoder:13449 map pfn RAM range req write-combining for [mem 0x29211000-0x29211fff], got write-back
02-12 13:07:01.311     0     0 W x86/PAT : NPDecoder-CL:13435 map pfn RAM range req write-combining for [mem 0x29162000-0x29162fff], got write-back
02-12 13:07:01.313     0     0 W x86/PAT : .vorbis.decoder:13449 map pfn RAM range req write-combining for [mem 0x291d1000-0x291d1fff], got write-back
02-12 13:07:01.315     0     0 W x86/PAT : NPDecoder-CL:13435 map pfn RAM range req write-combining for [mem 0x2915e000-0x2915efff], got write-back
02-12 13:07:01.320     0     0 W x86/PAT : .vorbis.decoder:13449 map pfn RAM range req write-combining for [mem 0x29353000-0x29353fff], got write-back
02-12 13:07:01.321     0     0 W x86/PAT : NPDecoder-CL:13435 map pfn RAM range req write-combining for [mem 0x29162000-0x29162fff], got write-back
02-12 13:07:01.323     0     0 W x86/PAT : .vorbis.decoder:13449 map pfn RAM range req write-combining for [mem 0x29146000-0x29146fff], got write-back
02-12 13:07:01.326     0     0 W x86/PAT : NPDecoder-CL:13435 map pfn RAM range req write-combining for [mem 0x2915e000-0x2915efff], got write-back
02-12 13:07:01.326     0     0 W x86/PAT : .vorbis.decoder:13449 map pfn RAM range req write-combining for [mem 0x2902f000-0x2902ffff], got write-back
02-12 13:07:01.328     0     0 W x86/PAT : NPDecoder-CL:13435 map pfn RAM range req write-combining for [mem 0x29162000-0x29162fff], got write-back
02-12 13:07:01.330     0     0 W x86/PAT : .vorbis.decoder:13449 map pfn RAM range req write-combining for [mem 0x29209000-0x29209fff], got write-back
02-12 13:07:01.332     0     0 W x86/PAT : NPDecoder-CL:13435 map pfn RAM range req write-combining for [mem 0x2915e000-0x2915efff], got write-back
02-12 13:07:01.334     0     0 W x86/PAT : .vorbis.decoder:13449 map pfn RAM range req write-combining for [mem 0x291e2000-0x291e2fff], got write-back
02-12 13:07:01.336     0     0 W x86/PAT : NPDecoder-CL:13435 map pfn RAM range req write-combining for [mem 0x29162000-0x29162fff], got write-back
02-12 13:07:01.342     0     0 W x86/PAT : NPDecoder-CL:13435 map pfn RAM range req write-combining for [mem 0x2915e000-0x2915efff], got write-back
02-12 13:07:01.348     0     0 W x86/PAT : .vorbis.decoder:13449 map pfn RAM range req write-combining for [mem 0x29219000-0x29219fff], got write-back
02-12 13:07:01.352     0     0 W x86/PAT : NPDecoder-CL:13435 map pfn RAM range req write-combining for [mem 0x2915e000-0x2915efff], got write-back
02-12 13:07:01.353     0     0 W x86/PAT : .vorbis.decoder:13449 map pfn RAM range req write-combining for [mem 0x2913e000-0x2913efff], got write-back
02-12 13:07:01.367   330   330 I android.hardware.vibrator-service.example: Vibrator set amplitude: 0.333333
02-12 13:07:01.357     0     0 W x86/PAT : .vorbis.decoder:13449 map pfn RAM range req write-combining for [mem 0x29291000-0x29291fff], got write-back
02-12 13:07:01.358     0     0 W x86/PAT : NPDecoder-CL:13435 map pfn RAM range req write-combining for [mem 0x2915e000-0x2915efff], got write-back
02-12 13:07:01.360     0     0 W x86/PAT : .vorbis.decoder:13449 map pfn RAM range req write-combining for [mem 0x2929d000-0x2929dfff], got write-back
02-12 13:07:01.362     0     0 W x86/PAT : NPDecoder-CL:13435 map pfn RAM range req write-combining for [mem 0x29162000-0x29162fff], got write-back
02-12 13:07:01.368     0     0 W x86/PAT : .vorbis.decoder:13449 map pfn RAM range req write-combining for [mem 0x29353000-0x29353fff], got write-back
02-12 13:07:01.369     0     0 W x86/PAT : NPDecoder-CL:13435 map pfn RAM range req write-combining for [mem 0x2915e000-0x2915efff], got write-back
02-12 13:07:01.370     0     0 W x86/PAT : .vorbis.decoder:13449 map pfn RAM range req write-combining for [mem 0x29209000-0x29209fff], got write-back
02-12 13:07:01.372     0     0 W x86/PAT : NPDecoder-CL:13435 map pfn RAM range req write-combining for [mem 0x29162000-0x29162fff], got write-back
02-12 13:07:01.374     0     0 W x86/PAT : .vorbis.decoder:13449 map pfn RAM range req write-combining for [mem 0x291e2000-0x291e2fff], got write-back
02-12 13:07:01.376     0     0 W x86/PAT : NPDecoder-CL:13435 map pfn RAM range req write-combining for [mem 0x2915e000-0x2915efff], got write-back
02-12 13:07:01.378     0     0 W x86/PAT : .vorbis.decoder:13449 map pfn RAM range req write-combining for [mem 0x29211000-0x29211fff], got write-back
02-12 13:07:01.380     0     0 W x86/PAT : NPDecoder-CL:13435 map pfn RAM range req write-combining for [mem 0x29162000-0x29162fff], got write-back
02-12 13:07:01.385     0     0 W x86/PAT : .vorbis.decoder:13449 map pfn RAM range req write-combining for [mem 0x29146000-0x29146fff], got write-back
02-12 13:07:01.386     0     0 W x86/PAT : NPDecoder-CL:13435 map pfn RAM range req write-combining for [mem 0x2915e000-0x2915efff], got write-back
02-12 13:07:01.388     0     0 W x86/PAT : .vorbis.decoder:13449 map pfn RAM range req write-combining for [mem 0x2902f000-0x2902ffff], got write-back
02-12 13:07:01.390     0     0 W x86/PAT : NPDecoder-CL:13435 map pfn RAM range req write-combining for [mem 0x29162000-0x29162fff], got write-back
02-12 13:07:01.397     0     0 W x86/PAT : NPDecoder-CL:13435 map pfn RAM range req write-combining for [mem 0x2915e000-0x2915efff], got write-back
02-12 13:07:01.402     0     0 W x86/PAT : .vorbis.decoder:13449 map pfn RAM range req write-combining for [mem 0x29219000-0x29219fff], got write-back
02-12 13:07:01.405     0     0 W x86/PAT : .vorbis.decoder:13449 map pfn RAM range req write-combining for [mem 0x291d1000-0x291d1fff], got write-back
02-12 13:07:01.406     0     0 W x86/PAT : NPDecoder-CL:13435 map pfn RAM range req write-combining for [mem 0x2915e000-0x2915efff], got write-back
02-12 13:07:01.407     0     0 W x86/PAT : .vorbis.decoder:13449 map pfn RAM range req write-combining for [mem 0x2913e000-0x2913efff], got write-back
02-12 13:07:01.408     0     0 W x86/PAT : NPDecoder-CL:13435 map pfn RAM range req write-combining for [mem 0x29162000-0x29162fff], got write-back
02-12 13:07:01.410     0     0 W x86/PAT : .vorbis.decoder:13449 map pfn RAM range req write-combining for [mem 0x29291000-0x29291fff], got write-back
02-12 13:07:01.423   330   330 I android.hardware.vibrator-service.example: Vibrator set amplitude: 0.372549
02-12 13:07:01.413     0     0 W x86/PAT : NPDecoder-CL:13435 map pfn RAM range req write-combining for [mem 0x2915e000-0x2915efff], got write-back
02-12 13:07:01.417     0     0 W x86/PAT : .vorbis.decoder:13449 map pfn RAM range req write-combining for [mem 0x29211000-0x29211fff], got write-back
02-12 13:07:01.419     0     0 W x86/PAT : NPDecoder-CL:13435 map pfn RAM range req write-combining for [mem 0x29162000-0x29162fff], got write-back
02-12 13:07:01.421     0     0 W x86/PAT : .vorbis.decoder:13449 map pfn RAM range req write-combining for [mem 0x29146000-0x29146fff], got write-back
02-12 13:07:01.425     0     0 W x86/PAT : .vorbis.decoder:13449 map pfn RAM range req write-combining for [mem 0x2902f000-0x2902ffff], got write-back
02-12 13:07:01.436     0     0 W x86/PAT : .vorbis.decoder:13449 map pfn RAM range req write-combining for [mem 0x29353000-0x29353fff], got write-back
02-12 13:07:01.439     0     0 W x86/PAT : .vorbis.decoder:13449 map pfn RAM range req write-combining for [mem 0x29209000-0x29209fff], got write-back
02-12 13:07:01.443     0     0 W x86/PAT : NPDecoder-CL:13435 map pfn RAM range req write-combining for [mem 0x2915e000-0x2915efff], got write-back
02-12 13:07:01.443     0     0 W x86/PAT : .vorbis.decoder:13449 map pfn RAM range req write-combining for [mem 0x2929d000-0x2929dfff], got write-back
02-12 13:07:01.447     0     0 W x86/PAT : NPDecoder-CL:13435 map pfn RAM range req write-combining for [mem 0x29162000-0x29162fff], got write-back
02-12 13:07:01.449     0     0 W x86/PAT : NPDecoder-CL:13435 map pfn RAM range req write-combining for [mem 0x292b4000-0x292b4fff], got write-back
02-12 13:07:01.451     0     0 W x86/PAT : NPDecoder-CL:13435 map pfn RAM range req write-combining for [mem 0x29156000-0x29156fff], got write-back
02-12 13:07:01.454     0     0 W x86/PAT : NPDecoder-CL:13435 map pfn RAM range req write-combining for [mem 0x29295000-0x29295fff], got write-back
02-12 13:07:01.456     0     0 W x86/PAT : NPDecoder-CL:13435 map pfn RAM range req write-combining for [mem 0x2915e000-0x2915efff], got write-back
02-12 13:07:01.460     0     0 W x86/PAT : .vorbis.decoder:13449 map pfn RAM range req write-combining for [mem 0x291e2000-0x291e2fff], got write-back
02-12 13:07:01.462     0     0 W x86/PAT : .vorbis.decoder:13449 map pfn RAM range req write-combining for [mem 0x29219000-0x29219fff], got write-back
02-12 13:07:01.463     0     0 W x86/PAT : NPDecoder-CL:13435 map pfn RAM range req write-combining for [mem 0x2915e000-0x2915efff], got write-back
02-12 13:07:01.478   330   330 I android.hardware.vibrator-service.example: Vibrator set amplitude: 0.458824
02-12 13:07:01.469     0     0 W x86/PAT : .vorbis.decoder:13449 map pfn RAM range req write-combining for [mem 0x291d1000-0x291d1fff], got write-back
02-12 13:07:01.469     0     0 W x86/PAT : NPDecoder-CL:13435 map pfn RAM range req write-combining for [mem 0x2915e000-0x2915efff], got write-back
02-12 13:07:01.471     0     0 W x86/PAT : .vorbis.decoder:13449 map pfn RAM range req write-combining for [mem 0x2913e000-0x2913efff], got write-back
02-12 13:07:01.473     0     0 W x86/PAT : NPDecoder-CL:13435 map pfn RAM range req write-combining for [mem 0x29162000-0x29162fff], got write-back
02-12 13:07:01.478     0     0 W x86/PAT : NPDecoder-CL:13435 map pfn RAM range req write-combining for [mem 0x2915e000-0x2915efff], got write-back
02-12 13:07:01.481     0     0 W x86/PAT : .vorbis.decoder:13449 map pfn RAM range req write-combining for [mem 0x29353000-0x29353fff], got write-back
02-12 13:07:01.484     0     0 W x86/PAT : .vorbis.decoder:13449 map pfn RAM range req write-combining for [mem 0x29209000-0x29209fff], got write-back
02-12 13:07:01.486     0     0 W x86/PAT : .vorbis.decoder:13449 map pfn RAM range req write-combining for [mem 0x2929d000-0x2929dfff], got write-back
02-12 13:07:01.488     0     0 W x86/PAT : NPDecoder-CL:13435 map pfn RAM range req write-combining for [mem 0x2915e000-0x2915efff], got write-back
02-12 13:07:01.488     0     0 W x86/PAT : .vorbis.decoder:13449 map pfn RAM range req write-combining for [mem 0x29291000-0x29291fff], got write-back
02-12 13:07:01.492     0     0 W x86/PAT : NPDecoder-CL:13435 map pfn RAM range req write-combining for [mem 0x29162000-0x29162fff], got write-back
02-12 13:07:01.495     0     0 W x86/PAT : NPDecoder-CL:13435 map pfn RAM range req write-combining for [mem 0x292b4000-0x292b4fff], got write-back
02-12 13:07:01.499     0     0 W x86/PAT : NPDecoder-CL:13435 map pfn RAM range req write-combining for [mem 0x2915e000-0x2915efff], got write-back
02-12 13:07:01.504     0     0 W x86/PAT : .vorbis.decoder:13449 map pfn RAM range req write-combining for [mem 0x291e2000-0x291e2fff], got write-back
02-12 13:07:01.507     0     0 W x86/PAT : .vorbis.decoder:13449 map pfn RAM range req write-combining for [mem 0x29146000-0x29146fff], got write-back
02-12 13:07:01.510     0     0 W x86/PAT : NPDecoder-CL:13435 map pfn RAM range req write-combining for [mem 0x2915e000-0x2915efff], got write-back
02-12 13:07:01.510     0     0 W x86/PAT : .vorbis.decoder:13449 map pfn RAM range req write-combining for [mem 0x2902f000-0x2902ffff], got write-back
02-12 13:07:01.515     0     0 W x86/PAT : NPDecoder-CL:13435 map pfn RAM range req write-combining for [mem 0x29162000-0x29162fff], got write-back
02-12 13:07:01.515     0     0 W x86/PAT : .vorbis.decoder:13449 map pfn RAM range req write-combining for [mem 0x29211000-0x29211fff], got write-back
02-12 13:07:01.518     0     0 W x86/PAT : NPDecoder-CL:13435 map pfn RAM range req write-combining for [mem 0x2915e000-0x2915efff], got write-back
02-12 13:07:01.532   330   330 I android.hardware.vibrator-service.example: Vibrator set amplitude: 0.635294
02-12 13:07:01.522     0     0 W x86/PAT : .vorbis.decoder:13449 map pfn RAM range req write-combining for [mem 0x29219000-0x29219fff], got write-back
02-12 13:07:01.525     0     0 W x86/PAT : .vorbis.decoder:13449 map pfn RAM range req write-combining for [mem 0x291d1000-0x291d1fff], got write-back
02-12 13:07:01.528     0     0 W x86/PAT : .vorbis.decoder:13449 map pfn RAM range req write-combining for [mem 0x2913e000-0x2913efff], got write-back
02-12 13:07:01.531     0     0 W x86/PAT : .vorbis.decoder:13449 map pfn RAM range req write-combining for [mem 0x2929d000-0x2929dfff], got write-back
02-12 13:07:01.535     0     0 W x86/PAT : NPDecoder-CL:13435 map pfn RAM range req write-combining for [mem 0x2915e000-0x2915efff], got write-back
02-12 13:07:01.542     0     0 W x86/PAT : NPDecoder-CL:13435 map pfn RAM range req write-combining for [mem 0x29162000-0x29162fff], got write-back
02-12 13:07:01.545     0     0 W x86/PAT : NPDecoder-CL:13435 map pfn RAM range req write-combining for [mem 0x292b4000-0x292b4fff], got write-back
02-12 13:07:01.547     0     0 W x86/PAT : NPDecoder-CL:13435 map pfn RAM range req write-combining for [mem 0x29156000-0x29156fff], got write-back
02-12 13:07:01.550     0     0 W x86/PAT : NPDecoder-CL:13435 map pfn RAM range req write-combining for [mem 0x29295000-0x29295fff], got write-back
02-12 13:07:01.554     0     0 W x86/PAT : .vorbis.decoder:13449 map pfn RAM range req write-combining for [mem 0x291e2000-0x291e2fff], got write-back
02-12 13:07:01.572 13998 13999 I cmd     : oneway function results will be dropped but finished with status OK and parcel size 4
02-12 13:07:01.559     0     0 W x86/PAT : NPDecoder-CL:13435 map pfn RAM range req write-combining for [mem 0x2915e000-0x2915efff], got write-back
02-12 13:07:01.560     0     0 W x86/PAT : .vorbis.decoder:13449 map pfn RAM range req write-combining for [mem 0x29353000-0x29353fff], got write-back
02-12 13:07:01.564     0     0 W x86/PAT : .vorbis.decoder:13449 map pfn RAM range req write-combining for [mem 0x29291000-0x29291fff], got write-back
02-12 13:07:01.564     0     0 W x86/PAT : NPDecoder-CL:13435 map pfn RAM range req write-combining for [mem 0x2915e000-0x2915efff], got write-back
02-12 13:07:01.566     0     0 W x86/PAT : .vorbis.decoder:13449 map pfn RAM range req write-combining for [mem 0x29209000-0x29209fff], got write-back
02-12 13:07:01.569     0     0 W x86/PAT : NPDecoder-CL:13435 map pfn RAM range req write-combining for [mem 0x29162000-0x29162fff], got write-back
02-12 13:07:01.570     0     0 W x86/PAT : .vorbis.decoder:13449 map pfn RAM range req write-combining for [mem 0x29219000-0x29219fff], got write-back
02-12 13:07:01.572     0     0 W x86/PAT : NPDecoder-CL:13435 map pfn RAM range req write-combining for [mem 0x2915e000-0x2915efff], got write-back
02-12 13:07:01.588   330   330 I android.hardware.vibrator-service.example: Vibrator set amplitude: 1
02-12 13:07:01.577     0     0 W x86/PAT : .vorbis.decoder:13449 map pfn RAM range req write-combining for [mem 0x29146000-0x29146fff], got write-back
02-12 13:07:01.580     0     0 W x86/PAT : .vorbis.decoder:13449 map pfn RAM range req write-combining for [mem 0x2902f000-0x2902ffff], got write-back
02-12 13:07:01.582     0     0 W x86/PAT : NPDecoder-CL:13435 map pfn RAM range req write-combining for [mem 0x29162000-0x29162fff], got write-back
02-12 13:07:01.586     0     0 W x86/PAT : .vorbis.decoder:13449 map pfn RAM range req write-combining for [mem 0x291d1000-0x291d1fff], got write-back
02-12 13:07:01.588     0     0 W x86/PAT : .vorbis.decoder:13449 map pfn RAM range req write-combining for [mem 0x2913e000-0x2913efff], got write-back
02-12 13:07:01.591     0     0 W x86/PAT : .vorbis.decoder:13449 map pfn RAM range req write-combining for [mem 0x29211000-0x29211fff], got write-back
02-12 13:07:01.593     0     0 W x86/PAT : .vorbis.decoder:13449 map pfn RAM range req write-combining for [mem 0x2929d000-0x2929dfff], got write-back
02-12 13:07:01.641   330   330 I android.hardware.vibrator-service.example: Vibrator set amplitude: 1
02-12 13:07:01.735 14014 14016 I cmd     : oneway function results will be dropped but finished with status OK and parcel size 4
02-12 13:07:01.814   394   394 I perfetto: probes_producer.cc:329  Producer stop (id=12)
02-12 13:07:01.815   399   399 I perfetto: ng_service_impl.cc:1948 Tracing session 12 ended, total sessions:0
02-12 13:07:01.815   394   394 I perfetto: ftrace_procfs.cc:183    disabled ftrace
02-12 13:07:01.804     0     0 W perfetto: disabled ftrace
02-12 13:07:01.830     0     0 W x86/PAT : NPDecoder-CL:13435 map pfn RAM range req write-combining for [mem 0x2915e000-0x2915efff], got write-back
02-12 13:07:01.833     0     0 W x86/PAT : NPDecoder-CL:13435 map pfn RAM range req write-combining for [mem 0x29162000-0x29162fff], got write-back
02-12 13:07:01.835     0     0 W x86/PAT : NPDecoder-CL:13435 map pfn RAM range req write-combining for [mem 0x292b4000-0x292b4fff], got write-back
02-12 13:07:01.838     0     0 W x86/PAT : NPDecoder-CL:13435 map pfn RAM range req write-combining for [mem 0x29156000-0x29156fff], got write-back
02-12 13:07:01.842     0     0 W x86/PAT : NPDecoder-CL:13435 map pfn RAM range req write-combining for [mem 0x29295000-0x29295fff], got write-back
02-12 13:07:01.844     0     0 W x86/PAT : NPDecoder-CL:13435 map pfn RAM range req write-combining for [mem 0x29299000-0x29299fff], got write-back
02-12 13:07:01.848     0     0 W x86/PAT : .vorbis.decoder:13449 map pfn RAM range req write-combining for [mem 0x291e2000-0x291e2fff], got write-back
02-12 13:07:01.851     0     0 W x86/PAT : NPDecoder-CL:13435 map pfn RAM range req write-combining for [mem 0x2915e000-0x2915efff], got write-back
02-12 13:07:01.854     0     0 W x86/PAT : .vorbis.decoder:13449 map pfn RAM range req write-combining for [mem 0x29353000-0x29353fff], got write-back
02-12 13:07:01.857     0     0 W x86/PAT : .vorbis.decoder:13449 map pfn RAM range req write-combining for [mem 0x29291000-0x29291fff], got write-back
02-12 13:07:01.857     0     0 W x86/PAT : NPDecoder-CL:13435 map pfn RAM range req write-combining for [mem 0x2915e000-0x2915efff], got write-back
02-12 13:07:01.864     0     0 W x86/PAT : .vorbis.decoder:13449 map pfn RAM range req write-combining for [mem 0x29209000-0x29209fff], got write-back
02-12 13:07:01.866     0     0 W x86/PAT : NPDecoder-CL:13435 map pfn RAM range req write-combining for [mem 0x29162000-0x29162fff], got write-back
02-12 13:07:01.872     0     0 W x86/PAT : NPDecoder-CL:13435 map pfn RAM range req write-combining for [mem 0x2915e000-0x2915efff], got write-back
02-12 13:07:01.875     0     0 W x86/PAT : .vorbis.decoder:13449 map pfn RAM range req write-combining for [mem 0x291d1000-0x291d1fff], got write-back
02-12 13:07:01.878     0     0 W x86/PAT : .vorbis.decoder:13449 map pfn RAM range req write-combining for [mem 0x2913e000-0x2913efff], got write-back
02-12 13:07:01.880     0     0 W x86/PAT : NPDecoder-CL:13435 map pfn RAM range req write-combining for [mem 0x2915e000-0x2915efff], got write-back
02-12 13:07:01.881     0     0 W x86/PAT : .vorbis.decoder:13449 map pfn RAM range req write-combining for [mem 0x29211000-0x29211fff], got write-back
02-12 13:07:01.884     0     0 W x86/PAT : NPDecoder-CL:13435 map pfn RAM range req write-combining for [mem 0x29162000-0x29162fff], got write-back
02-12 13:07:01.886     0     0 W x86/PAT : NPDecoder-CL:13435 map pfn RAM range req write-combining for [mem 0x2915e000-0x2915efff], got write-back
02-12 13:07:01.891     0     0 W x86/PAT : .vorbis.decoder:13449 map pfn RAM range req write-combining for [mem 0x291e2000-0x291e2fff], got write-back
02-12 13:07:01.895     0     0 W x86/PAT : .vorbis.decoder:13449 map pfn RAM range req write-combining for [mem 0x29146000-0x29146fff], got write-back
02-12 13:07:01.897     0     0 W x86/PAT : NPDecoder-CL:13435 map pfn RAM range req write-combining for [mem 0x2915e000-0x2915efff], got write-back
02-12 13:07:01.901     0     0 W x86/PAT : .vorbis.decoder:13449 map pfn RAM range req write-combining for [mem 0x29219000-0x29219fff], got write-back
02-12 13:07:01.903     0     0 W x86/PAT : NPDecoder-CL:13435 map pfn RAM range req write-combining for [mem 0x2915e000-0x2915efff], got write-back
02-12 13:07:01.904     0     0 W x86/PAT : .vorbis.decoder:13449 map pfn RAM range req write-combining for [mem 0x2929d000-0x2929dfff], got write-back
02-12 13:07:01.907     0     0 W x86/PAT : NPDecoder-CL:13435 map pfn RAM range req write-combining for [mem 0x29162000-0x29162fff], got write-back
02-12 13:07:01.909     0     0 W x86/PAT : NPDecoder-CL:13435 map pfn RAM range req write-combining for [mem 0x2915e000-0x2915efff], got write-back
02-12 13:07:01.913     0     0 W x86/PAT : .vorbis.decoder:13449 map pfn RAM range req write-combining for [mem 0x2913e000-0x2913efff], got write-back
02-12 13:07:01.916     0     0 W x86/PAT : .vorbis.decoder:13449 map pfn RAM range req write-combining for [mem 0x29353000-0x29353fff], got write-back
02-12 13:07:01.919     0     0 W x86/PAT : .vorbis.decoder:13449 map pfn RAM range req write-combining for [mem 0x29291000-0x29291fff], got write-back
02-12 13:07:01.925     0     0 W x86/PAT : NPDecoder-CL:13435 map pfn RAM range req write-combining for [mem 0x2915e000-0x2915efff], got write-back
02-12 13:07:01.930     0     0 W x86/PAT : NPDecoder-CL:13435 map pfn RAM range req write-combining for [mem 0x29162000-0x29162fff], got write-back
02-12 13:07:01.932     0     0 W x86/PAT : NPDecoder-CL:13435 map pfn RAM range req write-combining for [mem 0x292b4000-0x292b4fff], got write-back
02-12 13:07:01.945 14030 14030 E libc    : Access denied finding property "persist.device_config.runtime_native_boot.profilebootclasspath"
02-12 13:07:01.945 14030 14030 E libc    : Access denied finding property "persist.device_config.runtime_native_boot.enable_apex_image"
02-12 13:07:01.945 14030 14030 I AndroidRuntime: Using default boot image
02-12 13:07:01.945 14030 14030 E libc    : Access denied finding property "persist.device_config.runtime_native_boot.disable_lock_profiling"
02-12 13:07:01.945 14030 14030 I AndroidRuntime: Leaving lock profiling enabled
02-12 13:07:01.945 14030 14030 E libc    : Access denied finding property "persist.device_config.runtime_native_boot.enable_generational_cc"
02-12 13:07:01.946 14030 14030 W app_process: Could not reserve sentinel fault page
02-12 13:07:01.946 14030 14030 I app_process: Core platform API reporting enabled, enforcing=false
02-12 13:07:01.940 14030 14030 W app_process: type=1400 audit(0.0:329): avc: denied { read } for name="u:object_r:device_config_runtime_native_boot_prop:s0" dev="tmpfs" ino=8279 scontext=u:r:shell:s0 tcontext=u:object_r:device_config_runtime_native_boot_prop:s0 tclass=file permissive=0
02-12 13:07:01.946     0     0 W x86/PAT : .vorbis.decoder:13449 map pfn RAM range req write-combining for [mem 0x2902f000-0x2902ffff], got write-back
02-12 13:07:01.949     0     0 W x86/PAT : NPDecoder-CL:13435 map pfn RAM range req write-combining for [mem 0x2915e000-0x2915efff], got write-back
02-12 13:07:01.949     0     0 W x86/PAT : .vorbis.decoder:13449 map pfn RAM range req write-combining for [mem 0x291d1000-0x291d1fff], got write-back
02-12 13:07:01.955     0     0 W x86/PAT : .vorbis.decoder:13449 map pfn RAM range req write-combining for [mem 0x29211000-0x29211fff], got write-back
02-12 13:07:01.957     0     0 W x86/PAT : NPDecoder-CL:13435 map pfn RAM range req write-combining for [mem 0x2915e000-0x2915efff], got write-back
02-12 13:07:01.958     0     0 W x86/PAT : .vorbis.decoder:13449 map pfn RAM range req write-combining for [mem 0x29209000-0x29209fff], got write-back
02-12 13:07:01.966     0     0 W x86/PAT : NPDecoder-CL:13435 map pfn RAM range req write-combining for [mem 0x29162000-0x29162fff], got write-back
02-12 13:07:01.976     0     0 W x86/PAT : NPDecoder-CL:13435 map pfn RAM range req write-combining for [mem 0x2915e000-0x2915efff], got write-back
02-12 13:07:01.982     0     0 W x86/PAT : .vorbis.decoder:13449 map pfn RAM range req write-combining for [mem 0x291e2000-0x291e2fff], got write-back
02-12 13:07:01.986     0     0 W x86/PAT : .vorbis.decoder:13449 map pfn RAM range req write-combining for [mem 0x29146000-0x29146fff], got write-back
02-12 13:07:01.988     0     0 W x86/PAT : NPDecoder-CL:13435 map pfn RAM range req write-combining for [mem 0x2915e000-0x2915efff], got write-back
02-12 13:07:01.988     0     0 W x86/PAT : .vorbis.decoder:13449 map pfn RAM range req write-combining for [mem 0x29219000-0x29219fff], got write-back
02-12 13:07:01.992     0     0 W x86/PAT : .vorbis.decoder:13449 map pfn RAM range req write-combining for [mem 0x2929d000-0x2929dfff], got write-back
02-12 13:07:01.993     0     0 W x86/PAT : NPDecoder-CL:13435 map pfn RAM range req write-combining for [mem 0x29162000-0x29162fff], got write-back
02-12 13:07:01.944 14030 14030 I chatty  : uid=2000(shell) main identical 2 lines
02-12 13:07:01.944 14030 14030 W app_process: type=1400 audit(0.0:332): avc: denied { read } for name="u:object_r:device_config_runtime_native_boot_prop:s0" dev="tmpfs" ino=8279 scontext=u:r:shell:s0 tcontext=u:object_r:device_config_runtime_native_boot_prop:s0 tclass=file permissive=0
02-12 13:07:01.997     0     0 W x86/PAT : NPDecoder-CL:13435 map pfn RAM range req write-combining for [mem 0x2915e000-0x2915efff], got write-back
02-12 13:07:02.000     0     0 W x86/PAT : NPDecoder-CL:13435 map pfn RAM range req write-combining for [mem 0x292b4000-0x292b4fff], got write-back
02-12 13:07:02.003     0     0 W x86/PAT : .vorbis.decoder:13449 map pfn RAM range req write-combining for [mem 0x2902f000-0x2902ffff], got write-back
02-12 13:07:02.017 14030 14030 W app_process: Unexpected CPU variant for X86 using defaults: x86
02-12 13:07:02.018 14030 14030 I app_process: The ClassLoaderContext is a special shared library.
02-12 13:07:02.012     0     0 W x86/PAT : .vorbis.decoder:13449 map pfn RAM range req write-combining for [mem 0x29353000-0x29353fff], got write-back
02-12 13:07:02.014     0     0 W x86/PAT : .vorbis.decoder:13449 map pfn RAM range req write-combining for [mem 0x2913e000-0x2913efff], got write-back
02-12 13:07:02.014     0     0 W x86/PAT : NPDecoder-CL:13435 map pfn RAM range req write-combining for [mem 0x2915e000-0x2915efff], got write-back
02-12 13:07:02.016     0     0 W x86/PAT : .vorbis.decoder:13449 map pfn RAM range req write-combining for [mem 0x29291000-0x29291fff], got write-back
02-12 13:07:02.018     0     0 W x86/PAT : NPDecoder-CL:13435 map pfn RAM range req write-combining for [mem 0x29162000-0x29162fff], got write-back
02-12 13:07:02.022     0     0 W x86/PAT : NPDecoder-CL:13435 map pfn RAM range req write-combining for [mem 0x292b4000-0x292b4fff], got write-back
02-12 13:07:02.035 14030 14030 W app_process: JNI RegisterNativeMethods: attempt to register 0 native methods for android.media.AudioAttributes
02-12 13:07:02.024     0     0 W x86/PAT : NPDecoder-CL:13435 map pfn RAM range req write-combining for [mem 0x2915e000-0x2915efff], got write-back
02-12 13:07:02.034     0     0 W x86/PAT : .vorbis.decoder:13449 map pfn RAM range req write-combining for [mem 0x291e2000-0x291e2fff], got write-back
02-12 13:07:02.037     0     0 W x86/PAT : .vorbis.decoder:13449 map pfn RAM range req write-combining for [mem 0x291d1000-0x291d1fff], got write-back
02-12 13:07:02.041     0     0 W x86/PAT : NPDecoder-CL:13435 map pfn RAM range req write-combining for [mem 0x2915e000-0x2915efff], got write-back
02-12 13:07:02.044     0     0 W x86/PAT : .vorbis.decoder:13449 map pfn RAM range req write-combining for [mem 0x29211000-0x29211fff], got write-back
02-12 13:07:02.044     0     0 W x86/PAT : NPDecoder-CL:13435 map pfn RAM range req write-combining for [mem 0x29162000-0x29162fff], got write-back
02-12 13:07:02.048     0     0 W x86/PAT : NPDecoder-CL:13435 map pfn RAM range req write-combining for [mem 0x2915e000-0x2915efff], got write-back
02-12 13:07:02.053     0     0 W x86/PAT : .vorbis.decoder:13449 map pfn RAM range req write-combining for [mem 0x29209000-0x29209fff], got write-back
02-12 13:07:02.057     0     0 W x86/PAT : .vorbis.decoder:13449 map pfn RAM range req write-combining for [mem 0x29219000-0x29219fff], got write-back
02-12 13:07:02.067     0     0 W x86/PAT : .vorbis.decoder:13449 map pfn RAM range req write-combining for [mem 0x2902f000-0x2902ffff], got write-back
02-12 13:07:02.067     0     0 W x86/PAT : NPDecoder-CL:13435 map pfn RAM range req write-combining for [mem 0x2915e000-0x2915efff], got write-back
02-12 13:07:02.070     0     0 W x86/PAT : .vorbis.decoder:13449 map pfn RAM range req write-combining for [mem 0x29353000-0x29353fff], got write-back
02-12 13:07:02.075     0     0 W x86/PAT : .vorbis.decoder:13449 map pfn RAM range req write-combining for [mem 0x2913e000-0x2913efff], got write-back
02-12 13:07:02.076     0     0 W x86/PAT : NPDecoder-CL:13435 map pfn RAM range req write-combining for [mem 0x29162000-0x29162fff], got write-back
02-12 13:07:02.077     0     0 W x86/PAT : .vorbis.decoder:13449 map pfn RAM range req write-combining for [mem 0x29291000-0x29291fff], got write-back
02-12 13:07:02.079     0     0 W x86/PAT : NPDecoder-CL:13435 map pfn RAM range req write-combining for [mem 0x292b4000-0x292b4fff], got write-back
02-12 13:07:02.082     0     0 W x86/PAT : .vorbis.decoder:13449 map pfn RAM range req write-combining for [mem 0x29146000-0x29146fff], got write-back
02-12 13:07:02.085     0     0 W x86/PAT : NPDecoder-CL:13435 map pfn RAM range req write-combining for [mem 0x2915e000-0x2915efff], got write-back
02-12 13:07:02.089     0     0 W x86/PAT : NPDecoder-CL:13435 map pfn RAM range req write-combining for [mem 0x29156000-0x29156fff], got write-back
02-12 13:07:02.091     0     0 W x86/PAT : NPDecoder-CL:13435 map pfn RAM range req write-combining for [mem 0x29162000-0x29162fff], got write-back
02-12 13:07:02.093     0     0 W x86/PAT : NPDecoder-CL:13435 map pfn RAM range req write-combining for [mem 0x292b4000-0x292b4fff], got write-back
02-12 13:07:02.100     0     0 W x86/PAT : .vorbis.decoder:13449 map pfn RAM range req write-combining for [mem 0x291e2000-0x291e2fff], got write-back
02-12 13:07:02.103     0     0 W x86/PAT : .vorbis.decoder:13449 map pfn RAM range req write-combining for [mem 0x291d1000-0x291d1fff], got write-back
02-12 13:07:02.103     0     0 W x86/PAT : NPDecoder-CL:13435 map pfn RAM range req write-combining for [mem 0x2915e000-0x2915efff], got write-back
02-12 13:07:02.105     0     0 W x86/PAT : .vorbis.decoder:13449 map pfn RAM range req write-combining for [mem 0x29211000-0x29211fff], got write-back
02-12 13:07:02.106     0     0 W x86/PAT : NPDecoder-CL:13435 map pfn RAM range req write-combining for [mem 0x29162000-0x29162fff], got write-back
02-12 13:07:02.109     0     0 W x86/PAT : .vorbis.decoder:13449 map pfn RAM range req write-combining for [mem 0x2929d000-0x2929dfff], got write-back
02-12 13:07:02.111     0     0 W x86/PAT : NPDecoder-CL:13435 map pfn RAM range req write-combining for [mem 0x2915e000-0x2915efff], got write-back
02-12 13:07:02.115     0     0 W x86/PAT : .vorbis.decoder:13449 map pfn RAM range req write-combining for [mem 0x29353000-0x29353fff], got write-back
02-12 13:07:02.115     0     0 W x86/PAT : NPDecoder-CL:13435 map pfn RAM range req write-combining for [mem 0x29162000-0x29162fff], got write-back
02-12 13:07:02.120     0     0 W x86/PAT : .vorbis.decoder:13449 map pfn RAM range req write-combining for [mem 0x2913e000-0x2913efff], got write-back
02-12 13:07:02.123     0     0 W x86/PAT : .vorbis.decoder:13449 map pfn RAM range req write-combining for [mem 0x29291000-0x29291fff], got write-back
02-12 13:07:02.123     0     0 W x86/PAT : NPDecoder-CL:13435 map pfn RAM range req write-combining for [mem 0x2915e000-0x2915efff], got write-back
02-12 13:07:02.125     0     0 W x86/PAT : .vorbis.decoder:13449 map pfn RAM range req write-combining for [mem 0x29209000-0x29209fff], got write-back
02-12 13:07:02.127     0     0 W x86/PAT : NPDecoder-CL:13435 map pfn RAM range req write-combining for [mem 0x29162000-0x29162fff], got write-back
02-12 13:07:02.129     0     0 W x86/PAT : .vorbis.decoder:13449 map pfn RAM range req write-combining for [mem 0x29219000-0x29219fff], got write-back
02-12 13:07:02.131     0     0 W x86/PAT : NPDecoder-CL:13435 map pfn RAM range req write-combining for [mem 0x292b4000-0x292b4fff], got write-back
02-12 13:07:02.135     0     0 W x86/PAT : NPDecoder-CL:13435 map pfn RAM range req write-combining for [mem 0x2915e000-0x2915efff], got write-back
02-12 13:07:02.137     0     0 W x86/PAT : NPDecoder-CL:13435 map pfn RAM range req write-combining for [mem 0x29162000-0x29162fff], got write-back
02-12 13:07:02.140     0     0 W x86/PAT : .vorbis.decoder:13449 map pfn RAM range req write-combining for [mem 0x291e2000-0x291e2fff], got write-back
02-12 13:07:02.142     0     0 W x86/PAT : .vorbis.decoder:13449 map pfn RAM range req write-combining for [mem 0x29146000-0x29146fff], got write-back
02-12 13:07:02.144     0     0 W x86/PAT : NPDecoder-CL:13435 map pfn RAM range req write-combining for [mem 0x2915e000-0x2915efff], got write-back
02-12 13:07:02.145     0     0 W x86/PAT : .vorbis.decoder:13449 map pfn RAM range req write-combining for [mem 0x2902f000-0x2902ffff], got write-back
02-12 13:07:02.149     0     0 W x86/PAT : .vorbis.decoder:13449 map pfn RAM range req write-combining for [mem 0x291d1000-0x291d1fff], got write-back
02-12 13:07:02.152     0     0 W x86/PAT : NPDecoder-CL:13435 map pfn RAM range req write-combining for [mem 0x29162000-0x29162fff], got write-back
02-12 13:07:02.153     0     0 W x86/PAT : .vorbis.decoder:13449 map pfn RAM range req write-combining for [mem 0x29353000-0x29353fff], got write-back
02-12 13:07:02.155     0     0 W x86/PAT : NPDecoder-CL:13435 map pfn RAM range req write-combining for [mem 0x2915e000-0x2915efff], got write-back
02-12 13:07:02.158     0     0 W x86/PAT : NPDecoder-CL:13435 map pfn RAM range req write-combining for [mem 0x292b4000-0x292b4fff], got write-back
02-12 13:07:02.160     0     0 W x86/PAT : NPDecoder-CL:13435 map pfn RAM range req write-combining for [mem 0x29162000-0x29162fff], got write-back
02-12 13:07:02.164     0     0 W x86/PAT : .vorbis.decoder:13449 map pfn RAM range req write-combining for [mem 0x2913e000-0x2913efff], got write-back
02-12 13:07:02.167     0     0 W x86/PAT : .vorbis.decoder:13449 map pfn RAM range req write-combining for [mem 0x29211000-0x29211fff], got write-back
02-12 13:07:02.167     0     0 W x86/PAT : NPDecoder-CL:13435 map pfn RAM range req write-combining for [mem 0x2915e000-0x2915efff], got write-back
02-12 13:07:02.169     0     0 W x86/PAT : .vorbis.decoder:13449 map pfn RAM range req write-combining for [mem 0x2929d000-0x2929dfff], got write-back
02-12 13:07:02.171     0     0 W x86/PAT : NPDecoder-CL:13435 map pfn RAM range req write-combining for [mem 0x29162000-0x29162fff], got write-back
02-12 13:07:02.173     0     0 W x86/PAT : .vorbis.decoder:13449 map pfn RAM range req write-combining for [mem 0x29219000-0x29219fff], got write-back
02-12 13:07:02.175     0     0 W x86/PAT : NPDecoder-CL:13435 map pfn RAM range req write-combining for [mem 0x2915e000-0x2915efff], got write-back
02-12 13:07:02.180     0     0 W x86/PAT : NPDecoder-CL:13435 map pfn RAM range req write-combining for [mem 0x29162000-0x29162fff], got write-back
02-12 13:07:02.189     0     0 W x86/PAT : .vorbis.decoder:13449 map pfn RAM range req write-combining for [mem 0x291e2000-0x291e2fff], got write-back
02-12 13:07:02.191     0     0 W x86/PAT : .vorbis.decoder:13449 map pfn RAM range req write-combining for [mem 0x29146000-0x29146fff], got write-back
02-12 13:07:02.191     0     0 W x86/PAT : NPDecoder-CL:13435 map pfn RAM range req write-combining for [mem 0x2915e000-0x2915efff], got write-back
02-12 13:07:02.193     0     0 W x86/PAT : .vorbis.decoder:13449 map pfn RAM range req write-combining for [mem 0x29291000-0x29291fff], got write-back
02-12 13:07:02.194     0     0 W x86/PAT : NPDecoder-CL:13435 map pfn RAM range req write-combining for [mem 0x29162000-0x29162fff], got write-back
02-12 13:07:02.197     0     0 W x86/PAT : .vorbis.decoder:13449 map pfn RAM range req write-combining for [mem 0x29209000-0x29209fff], got write-back
02-12 13:07:02.201     0     0 W x86/PAT : NPDecoder-CL:13435 map pfn RAM range req write-combining for [mem 0x2915e000-0x2915efff], got write-back
02-12 13:07:02.201     0     0 W x86/PAT : .vorbis.decoder:13449 map pfn RAM range req write-combining for [mem 0x29353000-0x29353fff], got write-back
02-12 13:07:02.206     0     0 W x86/PAT : .vorbis.decoder:13449 map pfn RAM range req write-combining for [mem 0x2913e000-0x2913efff], got write-back
02-12 13:07:02.208     0     0 W x86/PAT : .vorbis.decoder:13449 map pfn RAM range req write-combining for [mem 0x29211000-0x29211fff], got write-back
02-12 13:07:02.211     0     0 W x86/PAT : .vorbis.decoder:13449 map pfn RAM range req write-combining for [mem 0x29219000-0x29219fff], got write-back
02-12 13:07:02.213     0     0 W x86/PAT : .vorbis.decoder:13449 map pfn RAM range req write-combining for [mem 0x2902f000-0x2902ffff], got write-back
02-12 13:07:02.247   330   330 I android.hardware.vibrator-service.example: Vibrator on for timeoutMs: 500
02-12 13:07:02.247   330   330 I android.hardware.vibrator-service.example: Vibrator set amplitude: 0.301961
02-12 13:07:02.296 14054 14056 I cmd     : oneway function results will be dropped but finished with status OK and parcel size 4
02-12 13:07:02.298   330   330 I android.hardware.vibrator-service.example: Vibrator set amplitude: 0.305882
02-12 13:07:02.350   330   330 I android.hardware.vibrator-service.example: Vibrator set amplitude: 0.313726
02-12 13:07:02.401   330   330 I android.hardware.vibrator-service.example: Vibrator set amplitude: 0.333333
02-12 13:07:02.452   330   330 I android.hardware.vibrator-service.example: Vibrator set amplitude: 0.372549
02-12 13:07:02.443     0     0 W x86/PAT : NPDecoder-CL:13435 map pfn RAM range req write-combining for [mem 0x29162000-0x29162fff], got write-back
02-12 13:07:02.445     0     0 W x86/PAT : NPDecoder-CL:13435 map pfn RAM range req write-combining for [mem 0x2915e000-0x2915efff], got write-back
02-12 13:07:02.448     0     0 W x86/PAT : NPDecoder-CL:13435 map pfn RAM range req write-combining for [mem 0x292b4000-0x292b4fff], got write-back
02-12 13:07:02.451     0     0 W x86/PAT : NPDecoder-CL:13435 map pfn RAM range req write-combining for [mem 0x29156000-0x29156fff], got write-back
02-12 13:07:02.453     0     0 W x86/PAT : NPDecoder-CL:13435 map pfn RAM range req write-combining for [mem 0x29295000-0x29295fff], got write-back
02-12 13:07:02.455     0     0 W x86/PAT : NPDecoder-CL:13435 map pfn RAM range req write-combining for [mem 0x29299000-0x29299fff], got write-back
02-12 13:07:02.460     0     0 W x86/PAT : .vorbis.decoder:13449 map pfn RAM range req write-combining for [mem 0x291e2000-0x291e2fff], got write-back
02-12 13:07:02.462     0     0 W x86/PAT : .vorbis.decoder:13449 map pfn RAM range req write-combining for [mem 0x29146000-0x29146fff], got write-back
02-12 13:07:02.464     0     0 W x86/PAT : .vorbis.decoder:13449 map pfn RAM range req write-combining for [mem 0x291d1000-0x291d1fff], got write-back
02-12 13:07:02.464     0     0 W x86/PAT : NPDecoder-CL:13435 map pfn RAM range req write-combining for [mem 0x2915e000-0x2915efff], got write-back
02-12 13:07:02.466     0     0 W x86/PAT : .vorbis.decoder:13449 map pfn RAM range req write-combining for [mem 0x2929d000-0x2929dfff], got write-back
02-12 13:07:02.468     0     0 W x86/PAT : NPDecoder-CL:13435 map pfn RAM range req write-combining for [mem 0x29162000-0x29162fff], got write-back
02-12 13:07:02.471     0     0 W x86/PAT : .vorbis.decoder:13449 map pfn RAM range req write-combining for [mem 0x29219000-0x29219fff], got write-back
02-12 13:07:02.471     0     0 W x86/PAT : NPDecoder-CL:13435 map pfn RAM range req write-combining for [mem 0x292b4000-0x292b4fff], got write-back
02-12 13:07:02.473     0     0 W x86/PAT : .vorbis.decoder:13449 map pfn RAM range req write-combining for [mem 0x2902f000-0x2902ffff], got write-back
02-12 13:07:02.475     0     0 W x86/PAT : NPDecoder-CL:13435 map pfn RAM range req write-combining for [mem 0x2915e000-0x2915efff], got write-back
02-12 13:07:02.477     0     0 W x86/PAT : .vorbis.decoder:13449 map pfn RAM range req write-combining for [mem 0x29291000-0x29291fff], got write-back
02-12 13:07:02.480     0     0 W x86/PAT : NPDecoder-CL:13435 map pfn RAM range req write-combining for [mem 0x29162000-0x29162fff], got write-back
02-12 13:07:02.485     0     0 W x86/PAT : NPDecoder-CL:13435 map pfn RAM range req write-combining for [mem 0x292b4000-0x292b4fff], got write-back
02-12 13:07:02.504   330   330 I android.hardware.vibrator-service.example: Vibrator set amplitude: 0.458824
02-12 13:07:02.490     0     0 W x86/PAT : NPDecoder-CL:13435 map pfn RAM range req write-combining for [mem 0x2915e000-0x2915efff], got write-back
02-12 13:07:02.498     0     0 W x86/PAT : .vorbis.decoder:13449 map pfn RAM range req write-combining for [mem 0x29353000-0x29353fff], got write-back
02-12 13:07:02.502     0     0 W x86/PAT : .vorbis.decoder:13449 map pfn RAM range req write-combining for [mem 0x2913e000-0x2913efff], got write-back
02-12 13:07:02.504     0     0 W x86/PAT : NPDecoder-CL:13435 map pfn RAM range req write-combining for [mem 0x2915e000-0x2915efff], got write-back
02-12 13:07:02.507     0     0 W x86/PAT : .vorbis.decoder:13449 map pfn RAM range req write-combining for [mem 0x29211000-0x29211fff], got write-back
02-12 13:07:02.509     0     0 W x86/PAT : .vorbis.decoder:13449 map pfn RAM range req write-combining for [mem 0x29209000-0x29209fff], got write-back
02-12 13:07:02.512     0     0 W x86/PAT : .vorbis.decoder:13449 map pfn RAM range req write-combining for [mem 0x291e2000-0x291e2fff], got write-back
02-12 13:07:02.515     0     0 W x86/PAT : .vorbis.decoder:13449 map pfn RAM range req write-combining for [mem 0x29146000-0x29146fff], got write-back
02-12 13:07:02.518     0     0 W x86/PAT : .vorbis.decoder:13449 map pfn RAM range req write-combining for [mem 0x291d1000-0x291d1fff], got write-back
02-12 13:07:02.556   330   330 I android.hardware.vibrator-service.example: Vibrator set amplitude: 0.635294
02-12 13:07:02.608   330   330 I android.hardware.vibrator-service.example: Vibrator set amplitude: 1
02-12 13:07:02.739     0     0 W x86/PAT : NPDecoder-CL:13435 map pfn RAM range req write-combining for [mem 0x29162000-0x29162fff], got write-back
02-12 13:07:02.741     0     0 W x86/PAT : NPDecoder-CL:13435 map pfn RAM range req write-combining for [mem 0x2915e000-0x2915efff], got write-back
02-12 13:07:02.746     0     0 W x86/PAT : NPDecoder-CL:13435 map pfn RAM range req write-combining for [mem 0x292b4000-0x292b4fff], got write-back
02-12 13:07:02.748     0     0 W x86/PAT : NPDecoder-CL:13435 map pfn RAM range req write-combining for [mem 0x29156000-0x29156fff], got write-back
02-12 13:07:02.751     0     0 W x86/PAT : NPDecoder-CL:13435 map pfn RAM range req write-combining for [mem 0x29295000-0x29295fff], got write-back
02-12 13:07:02.753     0     0 W x86/PAT : NPDecoder-CL:13435 map pfn RAM range req write-combining for [mem 0x29299000-0x29299fff], got write-back
02-12 13:07:02.756     0     0 W x86/PAT : .vorbis.decoder:13449 map pfn RAM range req write-combining for [mem 0x29219000-0x29219fff], got write-back
02-12 13:07:02.759     0     0 W x86/PAT : .vorbis.decoder:13449 map pfn RAM range req write-combining for [mem 0x2902f000-0x2902ffff], got write-back
02-12 13:07:02.761     0     0 W x86/PAT : NPDecoder-CL:13435 map pfn RAM range req write-combining for [mem 0x2915e000-0x2915efff], got write-back
02-12 13:07:02.761     0     0 W x86/PAT : .vorbis.decoder:13449 map pfn RAM range req write-combining for [mem 0x29291000-0x29291fff], got write-back
02-12 13:07:02.767     0     0 W x86/PAT : .vorbis.decoder:13449 map pfn RAM range req write-combining for [mem 0x2929d000-0x2929dfff], got write-back
02-12 13:07:02.767     0     0 W x86/PAT : NPDecoder-CL:13435 map pfn RAM range req write-combining for [mem 0x29162000-0x29162fff], got write-back
02-12 13:07:02.771     0     0 W x86/PAT : NPDecoder-CL:13435 map pfn RAM range req write-combining for [mem 0x2915e000-0x2915efff], got write-back
02-12 13:07:02.773     0     0 W x86/PAT : NPDecoder-CL:13435 map pfn RAM range req write-combining for [mem 0x292b4000-0x292b4fff], got write-back
02-12 13:07:02.776     0     0 W x86/PAT : .vorbis.decoder:13449 map pfn RAM range req write-combining for [mem 0x29353000-0x29353fff], got write-back
02-12 13:07:02.779     0     0 W x86/PAT : .vorbis.decoder:13449 map pfn RAM range req write-combining for [mem 0x2913e000-0x2913efff], got write-back
02-12 13:07:02.781     0     0 W x86/PAT : .vorbis.decoder:13449 map pfn RAM range req write-combining for [mem 0x29211000-0x29211fff], got write-back
02-12 13:07:02.781     0     0 W x86/PAT : NPDecoder-CL:13435 map pfn RAM range req write-combining for [mem 0x2915e000-0x2915efff], got write-back
02-12 13:07:02.784     0     0 W x86/PAT : .vorbis.decoder:13449 map pfn RAM range req write-combining for [mem 0x29209000-0x29209fff], got write-back
02-12 13:07:02.786     0     0 W x86/PAT : NPDecoder-CL:13435 map pfn RAM range req write-combining for [mem 0x29162000-0x29162fff], got write-back
02-12 13:07:02.790     0     0 W x86/PAT : NPDecoder-CL:13435 map pfn RAM range req write-combining for [mem 0x292b4000-0x292b4fff], got write-back
02-12 13:07:02.792     0     0 W x86/PAT : NPDecoder-CL:13435 map pfn RAM range req write-combining for [mem 0x2915e000-0x2915efff], got write-back
02-12 13:07:02.795     0     0 W x86/PAT : .vorbis.decoder:13449 map pfn RAM range req write-combining for [mem 0x291e2000-0x291e2fff], got write-back
02-12 13:07:02.797     0     0 W x86/PAT : .vorbis.decoder:13449 map pfn RAM range req write-combining for [mem 0x29146000-0x29146fff], got write-back
02-12 13:07:02.802     0     0 W x86/PAT : NPDecoder-CL:13435 map pfn RAM range req write-combining for [mem 0x2915e000-0x2915efff], got write-back
02-12 13:07:02.802     0     0 W x86/PAT : .vorbis.decoder:13449 map pfn RAM range req write-combining for [mem 0x29219000-0x29219fff], got write-back
02-12 13:07:02.805     0     0 W x86/PAT : NPDecoder-CL:13435 map pfn RAM range req write-combining for [mem 0x29162000-0x29162fff], got write-back
02-12 13:07:02.807     0     0 W x86/PAT : .vorbis.decoder:13449 map pfn RAM range req write-combining for [mem 0x291d1000-0x291d1fff], got write-back
