02-12 13:06:55.010     0     0 W x86/PAT : .vorbis.decoder:13449 map pfn RAM range req write-combining for [mem 0x2902f000-0x2902ffff], got write-back
02-12 13:06:55.013     0     0 W x86/PAT : NPDecoder-CL:13435 map pfn RAM range req write-combining for [mem 0x29162000-0x29162fff], got write-back
02-12 13:06:55.013     0     0 W x86/PAT : .vorbis.decoder:13449 map pfn RAM range req write-combining for [mem 0x29291000-0x29291fff], got write-back
02-12 13:06:55.017     0     0 W x86/PAT : NPDecoder-CL:13435 map pfn RAM range req write-combining for [mem 0x2915e000-0x2915efff], got write-back
02-12 13:06:55.017     0     0 W x86/PAT : .vorbis.decoder:13449 map pfn RAM range req write-combining for [mem 0x2929d000-0x2929dfff], got write-back
02-12 13:06:55.019     0     0 W x86/PAT : NPDecoder-CL:13435 map pfn RAM range req write-combining for [mem 0x29162000-0x29162fff], got write-back
02-12 13:06:55.021     0     0 W x86/PAT : .vorbis.decoder:13449 map pfn RAM range req write-combining for [mem 0x29146000-0x29146fff], got write-back
02-12 13:06:55.024     0     0 W x86/PAT : NPDecoder-CL:13435 map pfn RAM range req write-combining for [mem 0x2915e000-0x2915efff], got write-back
02-12 13:06:55.127   330   330 I android.hardware.vibrator-service.example: Vibrator on for timeoutMs: 500
02-12 13:06:55.127   330   330 I android.hardware.vibrator-service.example: Vibrator set amplitude: 0.301961
02-12 13:06:55.178   330   330 I android.hardware.vibrator-service.example: Vibrator set amplitude: 0.305882
02-12 13:06:55.229   330   330 I android.hardware.vibrator-service.example: Vibrator set amplitude: 0.313726
02-12 13:06:55.280   330   330 I android.hardware.vibrator-service.example: Vibrator set amplitude: 0.333333
02-12 13:06:55.280     0     0 W x86/PAT : NPDecoder-CL:13435 map pfn RAM range req write-combining for [mem 0x29162000-0x29162fff], got write-back
02-12 13:06:55.284     0     0 W x86/PAT : .vorbis.decoder:13449 map pfn RAM range req write-combining for [mem 0x29219000-0x29219fff], got write-back
02-12 13:06:55.291     0     0 W x86/PAT : .vorbis.decoder:13449 map pfn RAM range req write-combining for [mem 0x291d1000-0x291d1fff], got write-back
02-12 13:06:55.291     0     0 W x86/PAT : NPDecoder-CL:13435 map pfn RAM range req write-combining for [mem 0x2915e000-0x2915efff], got write-back
02-12 13:06:55.293     0     0 W x86/PAT : .vorbis.decoder:13449 map pfn RAM range req write-combining for [mem 0x2913e000-0x2913efff], got write-back
02-12 13:06:55.295     0     0 W x86/PAT : NPDecoder-CL:13435 map pfn RAM range req write-combining for [mem 0x29162000-0x29162fff], got write-back
02-12 13:06:55.299     0     0 W x86/PAT : .vorbis.decoder:13449 map pfn RAM range req write-combining for [mem 0x29209000-0x29209fff], got write-back
02-12 13:06:55.301     0     0 W x86/PAT : NPDecoder-CL:13435 map pfn RAM range req write-combining for [mem 0x2915e000-0x2915efff], got write-back
02-12 13:06:55.304     0     0 W x86/PAT : .vorbis.decoder:13449 map pfn RAM range req write-combining for [mem 0x291e2000-0x291e2fff], got write-back
02-12 13:06:55.305     0     0 W x86/PAT : NPDecoder-CL:13435 map pfn RAM range req write-combining for [mem 0x2915e000-0x2915efff], got write-back
02-12 13:06:55.307     0     0 W x86/PAT : .vorbis.decoder:13449 map pfn RAM range req write-combining for [mem 0x2902f000-0x2902ffff], got write-back
02-12 13:06:55.309     0     0 W x86/PAT : NPDecoder-CL:13435 map pfn RAM range req write-combining for [mem 0x29162000-0x29162fff], got write-back
02-12 13:06:55.311     0     0 W x86/PAT : .vorbis.decoder:13449 map pfn RAM range req write-combining for [mem 0x29353000-0x29353fff], got write-back
02-12 13:06:55.313     0     0 W x86/PAT : NPDecoder-CL:13435 map pfn RAM range req write-combining for [mem 0x2915e000-0x2915efff], got write-back
02-12 13:06:55.333   330   330 I android.hardware.vibrator-service.example: Vibrator set amplitude: 0.372549
02-12 13:06:55.318     0     0 W x86/PAT : .vorbis.decoder:13449 map pfn RAM range req write-combining for [mem 0x29146000-0x29146fff], got write-back
02-12 13:06:55.318     0     0 W x86/PAT : NPDecoder-CL:13435 map pfn RAM range req write-combining for [mem 0x29162000-0x29162fff], got write-back
02-12 13:06:55.321     0     0 W x86/PAT : .vorbis.decoder:13449 map pfn RAM range req write-combining for [mem 0x29291000-0x29291fff], got write-back
02-12 13:06:55.323     0     0 W x86/PAT : NPDecoder-CL:13435 map pfn RAM range req write-combining for [mem 0x2915e000-0x2915efff], got write-back
02-12 13:06:55.326     0     0 W x86/PAT : .vorbis.decoder:13449 map pfn RAM range req write-combining for [mem 0x29211000-0x29211fff], got write-back
02-12 13:06:55.327     0     0 W x86/PAT : NPDecoder-CL:13435 map pfn RAM range req write-combining for [mem 0x29162000-0x29162fff], got write-back
02-12 13:06:55.331     0     0 W x86/PAT : .vorbis.decoder:13449 map pfn RAM range req write-combining for [mem 0x2929d000-0x2929dfff], got write-back
02-12 13:06:55.331     0     0 W x86/PAT : .vorbis.decoder:13449 map pfn RAM range req write-combining for [mem 0x29219000-0x29219fff], got write-back
02-12 13:06:55.335     0     0 W x86/PAT : NPDecoder-CL:13435 map pfn RAM range req write-combining for [mem 0x2915e000-0x2915efff], got write-back
02-12 13:06:55.338     0     0 W x86/PAT : .vorbis.decoder:13449 map pfn RAM range req write-combining for [mem 0x291d1000-0x291d1fff], got write-back
02-12 13:06:55.338     0     0 W x86/PAT : NPDecoder-CL:13435 map pfn RAM range req write-combining for [mem 0x292b4000-0x292b4fff], got write-back
02-12 13:06:55.340     0     0 W x86/PAT : .vorbis.decoder:13449 map pfn RAM range req write-combining for [mem 0x2913e000-0x2913efff], got write-back
02-12 13:06:55.344     0     0 W x86/PAT : NPDecoder-CL:13435 map pfn RAM range req write-combining for [mem 0x29162000-0x29162fff], got write-back
02-12 13:06:55.345     0     0 W x86/PAT : NPDecoder-CL:13435 map pfn RAM range req write-combining for [mem 0x2915e000-0x2915efff], got write-back
02-12 13:06:55.349     0     0 W x86/PAT : .vorbis.decoder:13449 map pfn RAM range req write-combining for [mem 0x291e2000-0x291e2fff], got write-back
02-12 13:06:55.350     0     0 W x86/PAT : NPDecoder-CL:13435 map pfn RAM range req write-combining for [mem 0x29162000-0x29162fff], got write-back
02-12 13:06:55.352     0     0 W x86/PAT : .vorbis.decoder:13449 map pfn RAM range req write-combining for [mem 0x2902f000-0x2902ffff], got write-back
02-12 13:06:55.354     0     0 W x86/PAT : NPDecoder-CL:13435 map pfn RAM range req write-combining for [mem 0x2915e000-0x2915efff], got write-back
02-12 13:06:55.357     0     0 W x86/PAT : .vorbis.decoder:13449 map pfn RAM range req write-combining for [mem 0x29353000-0x29353fff], got write-back
02-12 13:06:55.360     0     0 W x86/PAT : NPDecoder-CL:13435 map pfn RAM range req write-combining for [mem 0x29162000-0x29162fff], got write-back
02-12 13:06:55.361     0     0 W x86/PAT : .vorbis.decoder:13449 map pfn RAM range req write-combining for [mem 0x29209000-0x29209fff], got write-back
02-12 13:06:55.364     0     0 W x86/PAT : NPDecoder-CL:13435 map pfn RAM range req write-combining for [mem 0x2915e000-0x2915efff], got write-back
02-12 13:06:55.365     0     0 W x86/PAT : .vorbis.decoder:13449 map pfn RAM range req write-combining for [mem 0x29146000-0x29146fff], got write-back
02-12 13:06:55.368     0     0 W x86/PAT : NPDecoder-CL:13435 map pfn RAM range req write-combining for [mem 0x29162000-0x29162fff], got write-back
02-12 13:06:55.370     0     0 W x86/PAT : .vorbis.decoder:13449 map pfn RAM range req write-combining for [mem 0x29291000-0x29291fff], got write-back
02-12 13:06:55.372     0     0 W x86/PAT : NPDecoder-CL:13435 map pfn RAM range req write-combining for [mem 0x2915e000-0x2915efff], got write-back
02-12 13:06:55.374     0     0 W x86/PAT : .vorbis.decoder:13449 map pfn RAM range req write-combining for [mem 0x29211000-0x29211fff], got write-back
02-12 13:06:55.376     0     0 W x86/PAT : NPDecoder-CL:13435 map pfn RAM range req write-combining for [mem 0x29162000-0x29162fff], got write-back
02-12 13:06:55.387   330   330 I android.hardware.vibrator-service.example: Vibrator set amplitude: 0.458824
02-12 13:06:55.382     0     0 W x86/PAT : NPDecoder-CL:13435 map pfn RAM range req write-combining for [mem 0x2915e000-0x2915efff], got write-back
02-12 13:06:55.386     0     0 W x86/PAT : .vorbis.decoder:13449 map pfn RAM range req write-combining for [mem 0x29219000-0x29219fff], got write-back
02-12 13:06:55.389     0     0 W x86/PAT : .vorbis.decoder:13449 map pfn RAM range req write-combining for [mem 0x291d1000-0x291d1fff], got write-back
02-12 13:06:55.389     0     0 W x86/PAT : NPDecoder-CL:13435 map pfn RAM range req write-combining for [mem 0x2915e000-0x2915efff], got write-back
02-12 13:06:55.391     0     0 W x86/PAT : .vorbis.decoder:13449 map pfn RAM range req write-combining for [mem 0x2913e000-0x2913efff], got write-back
02-12 13:06:55.394     0     0 W x86/PAT : NPDecoder-CL:13435 map pfn RAM range req write-combining for [mem 0x29162000-0x29162fff], got write-back
02-12 13:06:55.396     0     0 W x86/PAT : .vorbis.decoder:13449 map pfn RAM range req write-combining for [mem 0x2929d000-0x2929dfff], got write-back
02-12 13:06:55.398     0     0 W x86/PAT : NPDecoder-CL:13435 map pfn RAM range req write-combining for [mem 0x2915e000-0x2915efff], got write-back
02-12 13:06:55.400     0     0 W x86/PAT : .vorbis.decoder:13449 map pfn RAM range req write-combining for [mem 0x291e2000-0x291e2fff], got write-back
02-12 13:06:55.403     0     0 W x86/PAT : NPDecoder-CL:13435 map pfn RAM range req write-combining for [mem 0x29162000-0x29162fff], got write-back
02-12 13:06:55.405     0     0 W x86/PAT : .vorbis.decoder:13449 map pfn RAM range req write-combining for [mem 0x2902f000-0x2902ffff], got write-back
02-12 13:06:55.409     0     0 W x86/PAT : .vorbis.decoder:13449 map pfn RAM range req write-combining for [mem 0x29353000-0x29353fff], got write-back
02-12 13:06:55.411     0     0 W x86/PAT : .vorbis.decoder:13449 map pfn RAM range req write-combining for [mem 0x29146000-0x29146fff], got write-back
02-12 13:06:55.413     0     0 W x86/PAT : .vorbis.decoder:13449 map pfn RAM range req write-combining for [mem 0x29291000-0x29291fff], got write-back
02-12 13:06:55.437   330   330 I android.hardware.vibrator-service.example: Vibrator set amplitude: 0.635294
02-12 13:06:55.488   330   330 I android.hardware.vibrator-service.example: Vibrator set amplitude: 1
02-12 13:06:55.539   330   330 I android.hardware.vibrator-service.example: Vibrator set amplitude: 1
02-12 13:06:55.594   525  1840 I system_server: oneway function results will be dropped but finished with status OK and parcel size 4
02-12 13:06:55.663     0     0 W x86/PAT : NPDecoder-CL:13435 map pfn RAM range req write-combining for [mem 0x2915e000-0x2915efff], got write-back
02-12 13:06:55.667     0     0 W x86/PAT : NPDecoder-CL:13435 map pfn RAM range req write-combining for [mem 0x29162000-0x29162fff], got write-back
02-12 13:06:55.669     0     0 W x86/PAT : NPDecoder-CL:13435 map pfn RAM range req write-combining for [mem 0x292b4000-0x292b4fff], got write-back
02-12 13:06:55.671     0     0 W x86/PAT : NPDecoder-CL:13435 map pfn RAM range req write-combining for [mem 0x29156000-0x29156fff], got write-back
02-12 13:06:55.675     0     0 W x86/PAT : NPDecoder-CL:13435 map pfn RAM range req write-combining for [mem 0x29295000-0x29295fff], got write-back
02-12 13:06:55.679     0     0 W x86/PAT : .vorbis.decoder:13449 map pfn RAM range req write-combining for [mem 0x29219000-0x29219fff], got write-back
02-12 13:06:55.681     0     0 W x86/PAT : .vorbis.decoder:13449 map pfn RAM range req write-combining for [mem 0x291d1000-0x291d1fff], got write-back
02-12 13:06:55.683     0     0 W x86/PAT : NPDecoder-CL:13435 map pfn RAM range req write-combining for [mem 0x2915e000-0x2915efff], got write-back
02-12 13:06:55.686     0     0 W x86/PAT : .vorbis.decoder:13449 map pfn RAM range req write-combining for [mem 0x29211000-0x29211fff], got write-back
02-12 13:06:55.686     0     0 W x86/PAT : NPDecoder-CL:13435 map pfn RAM range req write-combining for [mem 0x2915e000-0x2915efff], got write-back
02-12 13:06:55.688     0     0 W x86/PAT : .vorbis.decoder:13449 map pfn RAM range req write-combining for [mem 0x29209000-0x29209fff], got write-back
02-12 13:06:55.689     0     0 W x86/PAT : NPDecoder-CL:13435 map pfn RAM range req write-combining for [mem 0x29162000-0x29162fff], got write-back
02-12 13:06:55.691     0     0 W x86/PAT : .vorbis.decoder:13449 map pfn RAM range req write-combining for [mem 0x29146000-0x29146fff], got write-back
02-12 13:06:55.693     0     0 W x86/PAT : NPDecoder-CL:13435 map pfn RAM range req write-combining for [mem 0x2915e000-0x2915efff], got write-back
02-12 13:06:55.696     0     0 W x86/PAT : .vorbis.decoder:13449 map pfn RAM range req write-combining for [mem 0x29291000-0x29291fff], got write-back
02-12 13:06:55.701     0     0 W x86/PAT : .vorbis.decoder:13449 map pfn RAM range req write-combining for [mem 0x2913e000-0x2913efff], got write-back
02-12 13:06:55.703     0     0 W x86/PAT : NPDecoder-CL:13435 map pfn RAM range req write-combining for [mem 0x29162000-0x29162fff], got write-back
02-12 13:06:55.705     0     0 W x86/PAT : NPDecoder-CL:13435 map pfn RAM range req write-combining for [mem 0x2915e000-0x2915efff], got write-back
02-12 13:06:55.707     0     0 W x86/PAT : .vorbis.decoder:13449 map pfn RAM range req write-combining for [mem 0x291e2000-0x291e2fff], got write-back
02-12 13:06:55.709     0     0 W x86/PAT : NPDecoder-CL:13435 map pfn RAM range req write-combining for [mem 0x29162000-0x29162fff], got write-back
02-12 13:06:55.711     0     0 W x86/PAT : .vorbis.decoder:13449 map pfn RAM range req write-combining for [mem 0x2902f000-0x2902ffff], got write-back
02-12 13:06:55.713     0     0 W x86/PAT : NPDecoder-CL:13435 map pfn RAM range req write-combining for [mem 0x2915e000-0x2915efff], got write-back
02-12 13:06:55.716     0     0 W x86/PAT : .vorbis.decoder:13449 map pfn RAM range req write-combining for [mem 0x29353000-0x29353fff], got write-back
02-12 13:06:55.717     0     0 W x86/PAT : NPDecoder-CL:13435 map pfn RAM range req write-combining for [mem 0x29162000-0x29162fff], got write-back
02-12 13:06:55.720     0     0 W x86/PAT : .vorbis.decoder:13449 map pfn RAM range req write-combining for [mem 0x2929d000-0x2929dfff], got write-back
02-12 13:06:55.724     0     0 W x86/PAT : NPDecoder-CL:13435 map pfn RAM range req write-combining for [mem 0x2915e000-0x2915efff], got write-back
02-12 13:06:55.727     0     0 W x86/PAT : NPDecoder-CL:13435 map pfn RAM range req write-combining for [mem 0x292b4000-0x292b4fff], got write-back
02-12 13:06:55.732     0     0 W x86/PAT : .vorbis.decoder:13449 map pfn RAM range req write-combining for [mem 0x29219000-0x29219fff], got write-back
02-12 13:06:55.734     0     0 W x86/PAT : .vorbis.decoder:13449 map pfn RAM range req write-combining for [mem 0x291d1000-0x291d1fff], got write-back
02-12 13:06:55.735     0     0 W x86/PAT : NPDecoder-CL:13435 map pfn RAM range req write-combining for [mem 0x2915e000-0x2915efff], got write-back
02-12 13:06:55.737     0     0 W x86/PAT : .vorbis.decoder:13449 map pfn RAM range req write-combining for [mem 0x29211000-0x29211fff], got write-back
02-12 13:06:55.740     0     0 W x86/PAT : NPDecoder-CL:13435 map pfn RAM range req write-combining for [mem 0x29162000-0x29162fff], got write-back
02-12 13:06:55.743     0     0 W x86/PAT : .vorbis.decoder:13449 map pfn RAM range req write-combining for [mem 0x29209000-0x29209fff], got write-back
02-12 13:06:55.746     0     0 W x86/PAT : NPDecoder-CL:13435 map pfn RAM range req write-combining for [mem 0x2915e000-0x2915efff], got write-back
02-12 13:06:55.746     0     0 W x86/PAT : .vorbis.decoder:13449 map pfn RAM range req write-combining for [mem 0x291e2000-0x291e2fff], got write-back
02-12 13:06:55.749     0     0 W x86/PAT : NPDecoder-CL:13435 map pfn RAM range req write-combining for [mem 0x29162000-0x29162fff], got write-back
02-12 13:06:55.751     0     0 W x86/PAT : .vorbis.decoder:13449 map pfn RAM range req write-combining for [mem 0x29146000-0x29146fff], got write-back
02-12 13:06:55.752     0     0 W x86/PAT : NPDecoder-CL:13435 map pfn RAM range req write-combining for [mem 0x2915e000-0x2915efff], got write-back
02-12 13:06:55.754     0     0 W x86/PAT : .vorbis.decoder:13449 map pfn RAM range req write-combining for [mem 0x2913e000-0x2913efff], got write-back
02-12 13:06:55.756     0     0 W x86/PAT : NPDecoder-CL:13435 map pfn RAM range req write-combining for [mem 0x29162000-0x29162fff], got write-back
02-12 13:06:55.758     0     0 W x86/PAT : .vorbis.decoder:13449 map pfn RAM range req write-combining for [mem 0x29291000-0x29291fff], got write-back
02-12 13:06:55.763     0     0 W x86/PAT : .vorbis.decoder:13449 map pfn RAM range req write-combining for [mem 0x29219000-0x29219fff], got write-back
02-12 13:06:55.764     0     0 W x86/PAT : NPDecoder-CL:13435 map pfn RAM range req write-combining for [mem 0x2915e000-0x2915efff], got write-back
02-12 13:06:55.768     0     0 W x86/PAT : NPDecoder-CL:13435 map pfn RAM range req write-combining for [mem 0x29162000-0x29162fff], got write-back
02-12 13:06:55.769     0     0 W x86/PAT : .vorbis.decoder:13449 map pfn RAM range req write-combining for [mem 0x2902f000-0x2902ffff], got write-back
02-12 13:06:55.770     0     0 W x86/PAT : NPDecoder-CL:13435 map pfn RAM range req write-combining for [mem 0x2915e000-0x2915efff], got write-back
02-12 13:06:55.774     0     0 W x86/PAT : NPDecoder-CL:13435 map pfn RAM range req write-combining for [mem 0x29162000-0x29162fff], got write-back
02-12 13:06:55.780     0     0 W x86/PAT : .vorbis.decoder:13449 map pfn RAM range req write-combining for [mem 0x291d1000-0x291d1fff], got write-back
02-12 13:06:55.783     0     0 W x86/PAT : .vorbis.decoder:13449 map pfn RAM range req write-combining for [mem 0x29353000-0x29353fff], got write-back
02-12 13:06:55.785     0     0 W x86/PAT : NPDecoder-CL:13435 map pfn RAM range req write-combining for [mem 0x2915e000-0x2915efff], got write-back
02-12 13:06:55.789     0     0 W x86/PAT : .vorbis.decoder:13449 map pfn RAM range req write-combining for [mem 0x29211000-0x29211fff], got write-back
02-12 13:06:55.792     0     0 W x86/PAT : NPDecoder-CL:13435 map pfn RAM range req write-combining for [mem 0x2915e000-0x2915efff], got write-back
02-12 13:06:55.794     0     0 W x86/PAT : .vorbis.decoder:13449 map pfn RAM range req write-combining for [mem 0x2929d000-0x2929dfff], got write-back
02-12 13:06:55.797     0     0 W x86/PAT : NPDecoder-CL:13435 map pfn RAM range req write-combining for [mem 0x2915e000-0x2915efff], got write-back
02-12 13:06:55.801     0     0 W x86/PAT : .vorbis.decoder:13449 map pfn RAM range req write-combining for [mem 0x291e2000-0x291e2fff], got write-back
02-12 13:06:55.801     0     0 W x86/PAT : NPDecoder-CL:13435 map pfn RAM range req write-combining for [mem 0x29162000-0x29162fff], got write-back
02-12 13:06:55.804     0     0 W x86/PAT : .vorbis.decoder:13449 map pfn RAM range req write-combining for [mem 0x29146000-0x29146fff], got write-back
02-12 13:06:55.806     0     0 W x86/PAT : NPDecoder-CL:13435 map pfn RAM range req write-combining for [mem 0x2915e000-0x2915efff], got write-back
02-12 13:06:55.811     0     0 W x86/PAT : .vorbis.decoder:13449 map pfn RAM range req write-combining for [mem 0x2913e000-0x2913efff], got write-back
02-12 13:06:55.814     0     0 W x86/PAT : NPDecoder-CL:13435 map pfn RAM range req write-combining for [mem 0x29162000-0x29162fff], got write-back
02-12 13:06:55.814     0     0 W x86/PAT : .vorbis.decoder:13449 map pfn RAM range req write-combining for [mem 0x29219000-0x29219fff], got write-back
02-12 13:06:55.817     0     0 W x86/PAT : NPDecoder-CL:13435 map pfn RAM range req write-combining for [mem 0x2915e000-0x2915efff], got write-back
02-12 13:06:55.819     0     0 W x86/PAT : .vorbis.decoder:13449 map pfn RAM range req write-combining for [mem 0x2902f000-0x2902ffff], got write-back
02-12 13:06:55.821     0     0 W x86/PAT : NPDecoder-CL:13435 map pfn RAM range req write-combining for [mem 0x29162000-0x29162fff], got write-back
02-12 13:06:55.823     0     0 W x86/PAT : .vorbis.decoder:13449 map pfn RAM range req write-combining for [mem 0x291d1000-0x291d1fff], got write-back
02-12 13:06:55.825     0     0 W x86/PAT : NPDecoder-CL:13435 map pfn RAM range req write-combining for [mem 0x2915e000-0x2915efff], got write-back
02-12 13:06:55.829     0     0 W x86/PAT : .vorbis.decoder:13449 map pfn RAM range req write-combining for [mem 0x29291000-0x29291fff], got write-back
02-12 13:06:55.830     0     0 W x86/PAT : NPDecoder-CL:13435 map pfn RAM range req write-combining for [mem 0x2915e000-0x2915efff], got write-back
02-12 13:06:55.831     0     0 W x86/PAT : .vorbis.decoder:13449 map pfn RAM range req write-combining for [mem 0x29209000-0x29209fff], got write-back
02-12 13:06:55.833     0     0 W x86/PAT : NPDecoder-CL:13435 map pfn RAM range req write-combining for [mem 0x29162000-0x29162fff], got write-back
02-12 13:06:55.835     0     0 W x86/PAT : .vorbis.decoder:13449 map pfn RAM range req write-combining for [mem 0x29353000-0x29353fff], got write-back
02-12 13:06:55.838     0     0 W x86/PAT : NPDecoder-CL:13435 map pfn RAM range req write-combining for [mem 0x2915e000-0x2915efff], got write-back
02-12 13:06:55.841     0     0 W x86/PAT : .vorbis.decoder:13449 map pfn RAM range req write-combining for [mem 0x29211000-0x29211fff], got write-back
02-12 13:06:55.855 13627 13628 I cmd     : oneway function results will be dropped but finished with status OK and parcel size 4
02-12 13:06:55.843     0     0 W x86/PAT : NPDecoder-CL:13435 map pfn RAM range req write-combining for [mem 0x29162000-0x29162fff], got write-back
02-12 13:06:55.848     0     0 W x86/PAT : NPDecoder-CL:13435 map pfn RAM range req write-combining for [mem 0x2915e000-0x2915efff], got write-back
02-12 13:06:55.853     0     0 W x86/PAT : .vorbis.decoder:13449 map pfn RAM range req write-combining for [mem 0x291e2000-0x291e2fff], got write-back
02-12 13:06:55.855     0     0 W x86/PAT : .vorbis.decoder:13449 map pfn RAM range req write-combining for [mem 0x29146000-0x29146fff], got write-back
02-12 13:06:55.856     0     0 W x86/PAT : NPDecoder-CL:13435 map pfn RAM range req write-combining for [mem 0x2915e000-0x2915efff], got write-back
02-12 13:06:55.858     0     0 W x86/PAT : .vorbis.decoder:13449 map pfn RAM range req write-combining for [mem 0x2913e000-0x2913efff], got write-back
02-12 13:06:55.860     0     0 W x86/PAT : NPDecoder-CL:13435 map pfn RAM range req write-combining for [mem 0x29162000-0x29162fff], got write-back
02-12 13:06:55.862     0     0 W x86/PAT : .vorbis.decoder:13449 map pfn RAM range req write-combining for [mem 0x2929d000-0x2929dfff], got write-back
02-12 13:06:55.864     0     0 W x86/PAT : NPDecoder-CL:13435 map pfn RAM range req write-combining for [mem 0x2915e000-0x2915efff], got write-back
02-12 13:06:55.866     0     0 W x86/PAT : .vorbis.decoder:13449 map pfn RAM range req write-combining for [mem 0x29219000-0x29219fff], got write-back
02-12 13:06:55.868     0     0 W x86/PAT : NPDecoder-CL:13435 map pfn RAM range req write-combining for [mem 0x29162000-0x29162fff], got write-back
02-12 13:06:55.876     0     0 W x86/PAT : NPDecoder-CL:13435 map pfn RAM range req write-combining for [mem 0x2915e000-0x2915efff], got write-back
02-12 13:06:55.878     0     0 W x86/PAT : .vorbis.decoder:13449 map pfn RAM range req write-combining for [mem 0x2902f000-0x2902ffff], got write-back
02-12 13:06:55.882     0     0 W x86/PAT : .vorbis.decoder:13449 map pfn RAM range req write-combining for [mem 0x291d1000-0x291d1fff], got write-back
02-12 13:06:55.882     0     0 W x86/PAT : NPDecoder-CL:13435 map pfn RAM range req write-combining for [mem 0x2915e000-0x2915efff], got write-back
02-12 13:06:55.884     0     0 W x86/PAT : .vorbis.decoder:13449 map pfn RAM range req write-combining for [mem 0x29353000-0x29353fff], got write-back
02-12 13:06:55.886     0     0 W x86/PAT : NPDecoder-CL:13435 map pfn RAM range req write-combining for [mem 0x29162000-0x29162fff], got write-back
02-12 13:06:55.888     0     0 W x86/PAT : .vorbis.decoder:13449 map pfn RAM range req write-combining for [mem 0x29291000-0x29291fff], got write-back
02-12 13:06:55.890     0     0 W x86/PAT : NPDecoder-CL:13435 map pfn RAM range req write-combining for [mem 0x2915e000-0x2915efff], got write-back
02-12 13:06:55.892     0     0 W x86/PAT : .vorbis.decoder:13449 map pfn RAM range req write-combining for [mem 0x29211000-0x29211fff], got write-back
02-12 13:06:55.896     0     0 W x86/PAT : NPDecoder-CL:13435 map pfn RAM range req write-combining for [mem 0x29162000-0x29162fff], got write-back
02-12 13:06:55.897     0     0 W x86/PAT : .vorbis.decoder:13449 map pfn RAM range req write-combining for [mem 0x29209000-0x29209fff], got write-back
02-12 13:06:55.903     0     0 W x86/PAT : .vorbis.decoder:13449 map pfn RAM range req write-combining for [mem 0x291e2000-0x291e2fff], got write-back
02-12 13:06:55.906     0     0 W x86/PAT : .vorbis.decoder:13449 map pfn RAM range req write-combining for [mem 0x29146000-0x29146fff], got write-back
02-12 13:06:55.908     0     0 W x86/PAT : .vorbis.decoder:13449 map pfn RAM range req write-combining for [mem 0x2913e000-0x2913efff], got write-back
02-12 13:06:55.913     0     0 W x86/PAT : .vorbis.decoder:13449 map pfn RAM range req write-combining for [mem 0x2929d000-0x2929dfff], got write-back
02-12 13:06:55.932  1766  1792 W e.process.gapp: Reducing the number of considered missed Gc histogram windows from 116 to 100
02-12 13:06:56.141   330   330 I android.hardware.vibrator-service.example: Vibrator on for timeoutMs: 500
02-12 13:06:56.141   330   330 I android.hardware.vibrator-service.example: Vibrator set amplitude: 0.301961
02-12 13:06:56.151     0     0 W x86/PAT : NPDecoder-CL:13435 map pfn RAM range req write-combining for [mem 0x2915e000-0x2915efff], got write-back
02-12 13:06:56.153     0     0 W x86/PAT : NPDecoder-CL:13435 map pfn RAM range req write-combining for [mem 0x29162000-0x29162fff], got write-back
02-12 13:06:56.156     0     0 W x86/PAT : NPDecoder-CL:13435 map pfn RAM range req write-combining for [mem 0x292b4000-0x292b4fff], got write-back
02-12 13:06:56.159     0     0 W x86/PAT : NPDecoder-CL:13435 map pfn RAM range req write-combining for [mem 0x29156000-0x29156fff], got write-back
02-12 13:06:56.163     0     0 W x86/PAT : NPDecoder-CL:13435 map pfn RAM range req write-combining for [mem 0x29295000-0x29295fff], got write-back
02-12 13:06:56.166     0     0 W x86/PAT : NPDecoder-CL:13435 map pfn RAM range req write-combining for [mem 0x29299000-0x29299fff], got write-back
02-12 13:06:56.171     0     0 W x86/PAT : .vorbis.decoder:13449 map pfn RAM range req write-combining for [mem 0x29219000-0x29219fff], got write-back
02-12 13:06:56.174     0     0 W x86/PAT : .vorbis.decoder:13449 map pfn RAM range req write-combining for [mem 0x2902f000-0x2902ffff], got write-back
02-12 13:06:56.174     0     0 W x86/PAT : NPDecoder-CL:13435 map pfn RAM range req write-combining for [mem 0x2915e000-0x2915efff], got write-back
02-12 13:06:56.176     0     0 W x86/PAT : .vorbis.decoder:13449 map pfn RAM range req write-combining for [mem 0x291d1000-0x291d1fff], got write-back
02-12 13:06:56.177     0     0 W x86/PAT : NPDecoder-CL:13435 map pfn RAM range req write-combining for [mem 0x29162000-0x29162fff], got write-back
02-12 13:06:56.192   330   330 I android.hardware.vibrator-service.example: Vibrator set amplitude: 0.305882
02-12 13:06:56.183     0     0 W x86/PAT : NPDecoder-CL:13435 map pfn RAM range req write-combining for [mem 0x2915e000-0x2915efff], got write-back
02-12 13:06:56.186     0     0 W x86/PAT : .vorbis.decoder:13449 map pfn RAM range req write-combining for [mem 0x29353000-0x29353fff], got write-back
02-12 13:06:56.190     0     0 W x86/PAT : NPDecoder-CL:13435 map pfn RAM range req write-combining for [mem 0x2915e000-0x2915efff], got write-back
02-12 13:06:56.216 13668 13670 I cmd     : oneway function results will be dropped but finished with status OK and parcel size 4
02-12 13:06:56.243   330   330 I android.hardware.vibrator-service.example: Vibrator set amplitude: 0.313726
02-12 13:06:56.293   330   330 I android.hardware.vibrator-service.example: Vibrator set amplitude: 0.333333
02-12 13:06:56.344   330   330 I android.hardware.vibrator-service.example: Vibrator set amplitude: 0.372549
02-12 13:06:56.395   330   330 I android.hardware.vibrator-service.example: Vibrator set amplitude: 0.458824
02-12 13:06:56.447   330   330 I android.hardware.vibrator-service.example: Vibrator set amplitude: 0.635294
02-12 13:06:56.500   330   330 I android.hardware.vibrator-service.example: Vibrator set amplitude: 1
02-12 13:06:56.521 13708 13708 E libc    : Access denied finding property "persist.device_config.runtime_native_boot.profilebootclasspath"
02-12 13:06:56.521 13708 13708 E libc    : Access denied finding property "persist.device_config.runtime_native_boot.enable_apex_image"
02-12 13:06:56.521 13708 13708 I AndroidRuntime: Using default boot image
02-12 13:06:56.521 13708 13708 E libc    : Access denied finding property "persist.device_config.runtime_native_boot.disable_lock_profiling"
02-12 13:06:56.521 13708 13708 I AndroidRuntime: Leaving lock profiling enabled
02-12 13:06:56.523 13708 13708 E libc    : Access denied finding property "persist.device_config.runtime_native_boot.enable_generational_cc"
02-12 13:06:56.525 13708 13708 I app_process: Core platform API reporting enabled, enforcing=false
02-12 13:06:56.520 13708 13708 W app_process: type=1400 audit(0.0:325): avc: denied { read } for name="u:object_r:device_config_runtime_native_boot_prop:s0" dev="tmpfs" ino=8279 scontext=u:r:shell:s0 tcontext=u:object_r:device_config_runtime_native_boot_prop:s0 tclass=file permissive=0
02-12 13:06:56.550   330   330 I android.hardware.vibrator-service.example: Vibrator set amplitude: 1
02-12 13:06:56.572 13708 13708 W app_process: Unexpected CPU variant for X86 using defaults: x86
02-12 13:06:56.572 13708 13708 I app_process: The ClassLoaderContext is a special shared library.
02-12 13:06:56.580 13708 13708 W app_process: JNI RegisterNativeMethods: attempt to register 0 native methods for android.media.AudioAttributes
02-12 13:06:56.796   708   708 W TouchableRegionManager: onHeadsUpPinnedModeChanged
02-12 13:06:56.804   525   885 I ActivityTaskManager: START u0 {cmp=com.google.android.deskclock/com.android.deskclock.timer.ExpiredTimersActivity (has extras)} from uid 10130
02-12 13:06:56.804   525   885 W ActivityTaskManager: startActivity called from non-Activity context; forcing Intent.FLAG_ACTIVITY_NEW_TASK for: Intent { flg=0x800000 cmp=com.google.android.deskclock/com.android.deskclock.timer.ExpiredTimersActivity (has extras) }
02-12 13:06:56.810   399   399 I perfetto: ing_service_impl.cc:758 Configured tracing session 12, #sources:1, duration:5000 ms, #buffers:1, total buffer size:4096 KB, total sessions:2, uid:1071 session name: ""
02-12 13:06:56.810   394   394 I perfetto: probes_producer.cc:230  Ftrace setup (target_buf=12)
02-12 13:06:56.811   525  1846 I system_server: oneway function results will be dropped but finished with status OK and parcel size 4
02-12 13:06:56.827   708   708 W View    : requestLayout() improperly called by com.android.internal.widget.NotificationExpandButton{18af751 VFED..C.. ......ID 953,37-1014,101 #1020295 android:id/expand_button} during layout: running second layout pass
02-12 13:06:56.827   708   708 W View    : requestLayout() improperly called by com.android.internal.widget.NotificationExpandButton{75bb665 VFED..C.. ......ID 953,37-1014,101 #1020295 android:id/expand_button} during layout: running second layout pass
02-12 13:06:56.831   394   394 I perfetto: probes_producer.cc:329  Producer stop (id=11)
02-12 13:06:56.832 12064 12064 I AppLifecycleTracker: onActivityPaused: 
02-12 13:06:56.833   399   399 I perfetto: ng_service_impl.cc:1948 Tracing session 11 ended, total sessions:1
02-12 13:06:56.833   525  1339 W ActivityTaskManager: Tried to set launchTime (0) < mLastActivityLaunchTime (2107429)
02-12 13:06:56.853 12064 12064 I AppLifecycleTracker: onActivityCreated: 
02-12 13:06:56.853 12064 12064 I AppCompatDelegate: Failed to instantiate custom view inflater android.support.v7.app.AppCompatViewInflater. Falling back to default.
02-12 13:06:56.853 12064 12064 I AppCompatDelegate: java.lang.ClassNotFoundException: android.support.v7.app.AppCompatViewInflater
02-12 13:06:56.853 12064 12064 I AppCompatDelegate: 	at java.lang.Class.classForName(Native Method)
02-12 13:06:56.853 12064 12064 I AppCompatDelegate: 	at java.lang.Class.forName(Class.java:454)
02-12 13:06:56.853 12064 12064 I AppCompatDelegate: 	at java.lang.Class.forName(Class.java:379)
02-12 13:06:56.853 12064 12064 I AppCompatDelegate: 	at sa.a(PG:449)
02-12 13:06:56.853 12064 12064 I AppCompatDelegate: 	at sa.onCreateView(PG:460)
02-12 13:06:56.853 12064 12064 I AppCompatDelegate: 	at android.view.LayoutInflater.tryCreateView(LayoutInflater.java:1059)
02-12 13:06:56.853 12064 12064 I AppCompatDelegate: 	at android.view.LayoutInflater.createViewFromTag(LayoutInflater.java:995)
02-12 13:06:56.853 12064 12064 I AppCompatDelegate: 	at android.view.LayoutInflater.createViewFromTag(LayoutInflater.java:959)
02-12 13:06:56.853 12064 12064 I AppCompatDelegate: 	at android.view.LayoutInflater.inflate(LayoutInflater.java:657)
02-12 13:06:56.853 12064 12064 I AppCompatDelegate: 	at android.view.LayoutInflater.inflate(LayoutInflater.java:532)
02-12 13:06:56.853 12064 12064 I AppCompatDelegate: 	at android.view.LayoutInflater.inflate(LayoutInflater.java:479)
02-12 13:06:56.853 12064 12064 I AppCompatDelegate: 	at sa.w(PG:256)
02-12 13:06:56.853 12064 12064 I AppCompatDelegate: 	at sa.b(PG:102)
02-12 13:06:56.853 12064 12064 I AppCompatDelegate: 	at rz.setContentView(PG:16)
02-12 13:06:56.853 12064 12064 I AppCompatDelegate: 	at com.android.deskclock.timer.ExpiredTimersActivity.onCreate(PG:22)
02-12 13:06:56.853 12064 12064 I AppCompatDelegate: 	at android.app.Activity.performCreate(Activity.java:7994)
02-12 13:06:56.853 12064 12064 I AppCompatDelegate: 	at android.app.Activity.performCreate(Activity.java:7978)
02-12 13:06:56.853 12064 12064 I AppCompatDelegate: 	at android.app.Instrumentation.callActivityOnCreate(Instrumentation.java:1309)
02-12 13:06:56.853 12064 12064 I AppCompatDelegate: 	at android.app.ActivityThread.performLaunchActivity(ActivityThread.java:3422)
02-12 13:06:56.853 12064 12064 I AppCompatDelegate: 	at android.app.ActivityThread.handleLaunchActivity(ActivityThread.java:3601)
02-12 13:06:56.853 12064 12064 I AppCompatDelegate: 	at android.app.servertransaction.LaunchActivityItem.execute(LaunchActivityItem.java:85)
02-12 13:06:56.853 12064 12064 I AppCompatDelegate: 	at android.app.servertransaction.TransactionExecutor.executeCallbacks(TransactionExecutor.java:135)
02-12 13:06:56.853 12064 12064 I AppCompatDelegate: 	at android.app.servertransaction.TransactionExecutor.execute(TransactionExecutor.java:95)
02-12 13:06:56.853 12064 12064 I AppCompatDelegate: 	at android.app.ActivityThread$H.handleMessage(ActivityThread.java:2066)
02-12 13:06:56.853 12064 12064 I AppCompatDelegate: 	at android.os.Handler.dispatchMessage(Handler.java:106)
02-12 13:06:56.853 12064 12064 I AppCompatDelegate: 	at android.os.Looper.loop(Looper.java:223)
02-12 13:06:56.853 12064 12064 I AppCompatDelegate: 	at android.app.ActivityThread.main(ActivityThread.java:7656)
02-12 13:06:56.853 12064 12064 I AppCompatDelegate: 	at java.lang.reflect.Method.invoke(Native Method)
02-12 13:06:56.853 12064 12064 I AppCompatDelegate: 	at com.android.internal.os.RuntimeInit$MethodAndArgsCaller.run(RuntimeInit.java:592)
02-12 13:06:56.853 12064 12064 I AppCompatDelegate: 	at com.android.internal.os.ZygoteInit.main(ZygoteInit.java:947)
02-12 13:06:56.853 12064 12064 I AppCompatDelegate: Caused by: java.lang.ClassNotFoundException: android.support.v7.app.AppCompatViewInflater
02-12 13:06:56.853 12064 12064 I AppCompatDelegate: 	... 30 more
02-12 13:06:56.860 12064 12064 I AppLifecycleTracker: onActivityStarted: 
02-12 13:06:56.861 12064 12064 I AppLifecycleTracker: App foreground state unchanged: inForeground ? true
02-12 13:06:56.861 12064 12064 I AppLifecycleTracker: onActivityResumed: 
02-12 13:06:56.999   525   557 I ActivityTaskManager: Displayed com.google.android.deskclock/com.android.deskclock.timer.ExpiredTimersActivity: +194ms
02-12 13:06:57.002   435 13435 I CCodecConfig: query failed after returning 7 values (BAD_INDEX)
02-12 13:06:57.002   435 13435 W Codec2Client: query -- param skipped: index = 1342179345.
02-12 13:06:57.002   435 13435 W Codec2Client: query -- param skipped: index = 2415921170.
02-12 13:06:56.995     0     0 W x86/PAT : .vorbis.decoder:13449 map pfn RAM range req write-combining for [mem 0x25c2a000-0x25c2afff], got write-back
02-12 13:06:57.000     0     0 W x86/PAT : .vorbis.decoder:13449 map pfn RAM range req write-combining for [mem 0x2913e000-0x2913efff], got write-back
02-12 13:06:57.003     0     0 W x86/PAT : .vorbis.decoder:13449 map pfn RAM range req write-combining for [mem 0x29209000-0x29209fff], got write-back
02-12 13:06:57.006     0     0 W x86/PAT : .vorbis.decoder:13449 map pfn RAM range req write-combining for [mem 0x2929d000-0x2929dfff], got write-back
02-12 13:06:57.008     0     0 W x86/PAT : .vorbis.decoder:13449 map pfn RAM range req write-combining for [mem 0x29146000-0x29146fff], got write-back
02-12 13:06:57.009     0     0 W x86/PAT : NPDecoder-CL:13435 map pfn RAM range req write-combining for [mem 0x2915e000-0x2915efff], got write-back
02-12 13:06:57.011     0     0 W x86/PAT : .vorbis.decoder:13449 map pfn RAM range req write-combining for [mem 0x29219000-0x29219fff], got write-back
02-12 13:06:57.013     0     0 W x86/PAT : NPDecoder-CL:13435 map pfn RAM range req write-combining for [mem 0x29162000-0x29162fff], got write-back
02-12 13:06:57.017     0     0 W x86/PAT : .vorbis.decoder:13449 map pfn RAM range req write-combining for [mem 0x2902f000-0x2902ffff], got write-back
02-12 13:06:57.019     0     0 W x86/PAT : NPDecoder-CL:13435 map pfn RAM range req write-combining for [mem 0x2915e000-0x2915efff], got write-back
02-12 13:06:57.023     0     0 W x86/PAT : .vorbis.decoder:13449 map pfn RAM range req write-combining for [mem 0x291e2000-0x291e2fff], got write-back
02-12 13:06:57.024     0     0 W x86/PAT : NPDecoder-CL:13435 map pfn RAM range req write-combining for [mem 0x2915e000-0x2915efff], got write-back
02-12 13:06:57.026     0     0 W x86/PAT : .vorbis.decoder:13449 map pfn RAM range req write-combining for [mem 0x291d1000-0x291d1fff], got write-back
02-12 13:06:57.031     0     0 W x86/PAT : .vorbis.decoder:13449 map pfn RAM range req write-combining for [mem 0x29353000-0x29353fff], got write-back
02-12 13:06:57.033     0     0 W x86/PAT : NPDecoder-CL:13435 map pfn RAM range req write-combining for [mem 0x29162000-0x29162fff], got write-back
02-12 13:06:57.039     0     0 W x86/PAT : .vorbis.decoder:13449 map pfn RAM range req write-combining for [mem 0x29291000-0x29291fff], got write-back
02-12 13:06:57.040     0     0 W x86/PAT : NPDecoder-CL:13435 map pfn RAM range req write-combining for [mem 0x2915e000-0x2915efff], got write-back
02-12 13:06:57.042     0     0 W x86/PAT : .vorbis.decoder:13449 map pfn RAM range req write-combining for [mem 0x29211000-0x29211fff], got write-back
02-12 13:06:57.045     0     0 W x86/PAT : NPDecoder-CL:13435 map pfn RAM range req write-combining for [mem 0x29162000-0x29162fff], got write-back
02-12 13:06:57.047     0     0 W x86/PAT : .vorbis.decoder:13449 map pfn RAM range req write-combining for [mem 0x2913e000-0x2913efff], got write-back
02-12 13:06:57.048     0     0 W x86/PAT : NPDecoder-CL:13435 map pfn RAM range req write-combining for [mem 0x292b4000-0x292b4fff], got write-back
02-12 13:06:57.051     0     0 W x86/PAT : .vorbis.decoder:13449 map pfn RAM range req write-combining for [mem 0x29209000-0x29209fff], got write-back
02-12 13:06:57.053     0     0 W x86/PAT : NPDecoder-CL:13435 map pfn RAM range req write-combining for [mem 0x2915e000-0x2915efff], got write-back
02-12 13:06:57.057     0     0 W x86/PAT : NPDecoder-CL:13435 map pfn RAM range req write-combining for [mem 0x29162000-0x29162fff], got write-back
02-12 13:06:57.059     0     0 W x86/PAT : NPDecoder-CL:13435 map pfn RAM range req write-combining for [mem 0x292b4000-0x292b4fff], got write-back
02-12 13:06:57.065     0     0 W x86/PAT : .vorbis.decoder:13449 map pfn RAM range req write-combining for [mem 0x29146000-0x29146fff], got write-back
02-12 13:06:57.068     0     0 W x86/PAT : .vorbis.decoder:13449 map pfn RAM range req write-combining for [mem 0x29219000-0x29219fff], got write-back
02-12 13:06:57.079  1081  1098 W System  : A resource failed to call release. 
02-12 13:06:57.069     0     0 W x86/PAT : NPDecoder-CL:13435 map pfn RAM range req write-combining for [mem 0x2915e000-0x2915efff], got write-back
02-12 13:06:57.071     0     0 W x86/PAT : .vorbis.decoder:13449 map pfn RAM range req write-combining for [mem 0x2902f000-0x2902ffff], got write-back
02-12 13:06:57.072     0     0 W x86/PAT : NPDecoder-CL:13435 map pfn RAM range req write-combining for [mem 0x29162000-0x29162fff], got write-back
02-12 13:06:57.078     0     0 W x86/PAT : .vorbis.decoder:13449 map pfn RAM range req write-combining for [mem 0x2929d000-0x2929dfff], got write-back
02-12 13:06:57.081     0     0 W x86/PAT : NPDecoder-CL:13435 map pfn RAM range req write-combining for [mem 0x2915e000-0x2915efff], got write-back
02-12 13:06:57.081     0     0 W x86/PAT : .vorbis.decoder:13449 map pfn RAM range req write-combining for [mem 0x291e2000-0x291e2fff], got write-back
02-12 13:06:57.083     0     0 W x86/PAT : NPDecoder-CL:13435 map pfn RAM range req write-combining for [mem 0x29162000-0x29162fff], got write-back
02-12 13:06:57.086     0     0 W x86/PAT : .vorbis.decoder:13449 map pfn RAM range req write-combining for [mem 0x291d1000-0x291d1fff], got write-back
02-12 13:06:57.090     0     0 W x86/PAT : .vorbis.decoder:13449 map pfn RAM range req write-combining for [mem 0x29353000-0x29353fff], got write-back
02-12 13:06:57.092     0     0 W x86/PAT : .vorbis.decoder:13449 map pfn RAM range req write-combining for [mem 0x2913e000-0x2913efff], got write-back
02-12 13:06:57.095     0     0 W x86/PAT : .vorbis.decoder:13449 map pfn RAM range req write-combining for [mem 0x29291000-0x29291fff], got write-back
02-12 13:06:57.096     0     0 W x86/PAT : NPDecoder-CL:13435 map pfn RAM range req write-combining for [mem 0x2915e000-0x2915efff], got write-back
02-12 13:06:57.099     0     0 W x86/PAT : NPDecoder-CL:13435 map pfn RAM range req write-combining for [mem 0x29162000-0x29162fff], got write-back
02-12 13:06:57.104     0     0 W x86/PAT : NPDecoder-CL:13435 map pfn RAM range req write-combining for [mem 0x292b4000-0x292b4fff], got write-back
02-12 13:06:57.116     0     0 W x86/PAT : NPDecoder-CL:13435 map pfn RAM range req write-combining for [mem 0x29156000-0x29156fff], got write-back
02-12 13:06:57.079  1081  1098 I chatty  : uid=10155(com.google.android.apps.nexuslauncher) FinalizerDaemon identical 1 line
02-12 13:06:57.088  1081  1098 W System  : A resource failed to call release. 
02-12 13:06:57.125     0     0 W x86/PAT : NPDecoder-CL:13435 map pfn RAM range req write-combining for [mem 0x29295000-0x29295fff], got write-back
02-12 13:06:57.131     0     0 W x86/PAT : .vorbis.decoder:13449 map pfn RAM range req write-combining for [mem 0x29146000-0x29146fff], got write-back
02-12 13:06:57.154   330   330 I android.hardware.vibrator-service.example: Vibrator on for timeoutMs: 500
02-12 13:06:57.154   330   330 I android.hardware.vibrator-service.example: Vibrator set amplitude: 0.301961
02-12 13:06:57.133     0     0 W x86/PAT : .vorbis.decoder:13449 map pfn RAM range req write-combining for [mem 0x29219000-0x29219fff], got write-back
02-12 13:06:57.134     0     0 W x86/PAT : NPDecoder-CL:13435 map pfn RAM range req write-combining for [mem 0x2915e000-0x2915efff], got write-back
02-12 13:06:57.136     0     0 W x86/PAT : .vorbis.decoder:13449 map pfn RAM range req write-combining for [mem 0x29211000-0x29211fff], got write-back
02-12 13:06:57.140     0     0 W x86/PAT : NPDecoder-CL:13435 map pfn RAM range req write-combining for [mem 0x29162000-0x29162fff], got write-back
02-12 13:06:57.140     0     0 W x86/PAT : .vorbis.decoder:13449 map pfn RAM range req write-combining for [mem 0x29209000-0x29209fff], got write-back
02-12 13:06:57.142     0     0 W x86/PAT : NPDecoder-CL:13435 map pfn RAM range req write-combining for [mem 0x2915e000-0x2915efff], got write-back
02-12 13:06:57.146     0     0 W x86/PAT : NPDecoder-CL:13435 map pfn RAM range req write-combining for [mem 0x29162000-0x29162fff], got write-back
02-12 13:06:57.146     0     0 W x86/PAT : .vorbis.decoder:13449 map pfn RAM range req write-combining for [mem 0x291e2000-0x291e2fff], got write-back
02-12 13:06:57.151     0     0 W x86/PAT : .vorbis.decoder:13449 map pfn RAM range req write-combining for [mem 0x2902f000-0x2902ffff], got write-back
02-12 13:06:57.154     0     0 W x86/PAT : .vorbis.decoder:13449 map pfn RAM range req write-combining for [mem 0x291d1000-0x291d1fff], got write-back
02-12 13:06:57.154     0     0 W x86/PAT : NPDecoder-CL:13435 map pfn RAM range req write-combining for [mem 0x2915e000-0x2915efff], got write-back
02-12 13:06:57.159     0     0 W x86/PAT : .vorbis.decoder:13449 map pfn RAM range req write-combining for [mem 0x2929d000-0x2929dfff], got write-back
02-12 13:06:57.162     0     0 W x86/PAT : .vorbis.decoder:13449 map pfn RAM range req write-combining for [mem 0x29146000-0x29146fff], got write-back
02-12 13:06:57.164     0     0 W x86/PAT : NPDecoder-CL:13435 map pfn RAM range req write-combining for [mem 0x29162000-0x29162fff], got write-back
02-12 13:06:57.165     0     0 W x86/PAT : .vorbis.decoder:13449 map pfn RAM range req write-combining for [mem 0x29353000-0x29353fff], got write-back
02-12 13:06:57.170     0     0 W x86/PAT : .vorbis.decoder:13449 map pfn RAM range req write-combining for [mem 0x2913e000-0x2913efff], got write-back
02-12 13:06:57.174     0     0 W x86/PAT : .vorbis.decoder:13449 map pfn RAM range req write-combining for [mem 0x29291000-0x29291fff], got write-back
02-12 13:06:57.179   311   311 W EmuHWC2 : validate: layer 41 CompositionType 1, fallback
02-12 13:06:57.182     0     0 W x86/PAT : NPDecoder-CL:13435 map pfn RAM range req write-combining for [mem 0x292b4000-0x292b4fff], got write-back
02-12 13:06:57.184     0     0 W x86/PAT : NPDecoder-CL:13435 map pfn RAM range req write-combining for [mem 0x2915e000-0x2915efff], got write-back
02-12 13:06:57.186     0     0 W x86/PAT : NPDecoder-CL:13435 map pfn RAM range req write-combining for [mem 0x29156000-0x29156fff], got write-back
02-12 13:06:57.188     0     0 W x86/PAT : NPDecoder-CL:13435 map pfn RAM range req write-combining for [mem 0x29162000-0x29162fff], got write-back
02-12 13:06:57.206   330   330 I android.hardware.vibrator-service.example: Vibrator set amplitude: 0.305882
02-12 13:06:57.192     0     0 W x86/PAT : .vorbis.decoder:13449 map pfn RAM range req write-combining for [mem 0x291e2000-0x291e2fff], got write-back
02-12 13:06:57.195     0     0 W x86/PAT : .vorbis.decoder:13449 map pfn RAM range req write-combining for [mem 0x29219000-0x29219fff], got write-back
02-12 13:06:57.214   311   311 W EmuHWC2 : No layers, exit, buffer 0xe7b81910
02-12 13:06:57.198     0     0 W x86/PAT : NPDecoder-CL:13435 map pfn RAM range req write-combining for [mem 0x29295000-0x29295fff], got write-back
02-12 13:06:57.202     0     0 W x86/PAT : .vorbis.decoder:13449 map pfn RAM range req write-combining for [mem 0x29211000-0x29211fff], got write-back
02-12 13:06:57.202     0     0 W x86/PAT : NPDecoder-CL:13435 map pfn RAM range req write-combining for [mem 0x29299000-0x29299fff], got write-back
02-12 13:06:57.205     0     0 W x86/PAT : .vorbis.decoder:13449 map pfn RAM range req write-combining for [mem 0x29209000-0x29209fff], got write-back
02-12 13:06:57.222   311   311 W EmuHWC2 : validate: layer 41 CompositionType 1, fallback
02-12 13:06:57.208     0     0 W x86/PAT : NPDecoder-CL:13435 map pfn RAM range req write-combining for [mem 0x2915e000-0x2915efff], got write-back
02-12 13:06:57.211     0     0 W x86/PAT : NPDecoder-CL:13435 map pfn RAM range req write-combining for [mem 0x29162000-0x29162fff], got write-back
02-12 13:06:57.233   525   885 I system_server: oneway function results will be dropped but finished with status OK and parcel size 4
02-12 13:06:57.245   311   311 W EmuHWC2 : No layers, exit, buffer 0xe7b80b10
02-12 13:06:57.235     0     0 W x86/PAT : NPDecoder-CL:13435 map pfn RAM range req write-combining for [mem 0x292b4000-0x292b4fff], got write-back
02-12 13:06:57.257   330   330 I android.hardware.vibrator-service.example: Vibrator set amplitude: 0.313726
02-12 13:06:57.257   311   311 W EmuHWC2 : validate: layer 41 CompositionType 1, fallback
02-12 13:06:57.244     0     0 W x86/PAT : NPDecoder-CL:13435 map pfn RAM range req write-combining for [mem 0x29156000-0x29156fff], got write-back
02-12 13:06:57.259   311   311 W EmuHWC2 : No layers, exit, buffer 0xe7b81910
