02-12 13:06:36.680 12720 12722 I cmd     : oneway function results will be dropped but finished with status OK and parcel size 4
02-12 13:06:36.952 12747 12749 I cmd     : oneway function results will be dropped but finished with status OK and parcel size 4
02-12 13:06:38.121   525  1838 I system_server: oneway function results will be dropped but finished with status OK and parcel size 4
02-12 13:06:39.269 12778 12780 I cmd     : oneway function results will be dropped but finished with status OK and parcel size 4
02-12 13:06:39.385 12793 12795 I cmd     : oneway function results will be dropped but finished with status OK and parcel size 4
02-12 13:06:39.503 12810 12812 I cmd     : oneway function results will be dropped but finished with status OK and parcel size 4
02-12 13:06:39.618 12825 12827 I cmd     : oneway function results will be dropped but finished with status OK and parcel size 4
02-12 13:06:39.759 12837 12837 E libc    : Access denied finding property "persist.device_config.runtime_native_boot.profilebootclasspath"
02-12 13:06:39.759 12837 12837 E libc    : Access denied finding property "persist.device_config.runtime_native_boot.enable_apex_image"
02-12 13:06:39.759 12837 12837 I AndroidRuntime: Using default boot image
02-12 13:06:39.759 12837 12837 E libc    : Access denied finding property "persist.device_config.runtime_native_boot.disable_lock_profiling"
02-12 13:06:39.759 12837 12837 I AndroidRuntime: Leaving lock profiling enabled
02-12 13:06:39.759 12837 12837 E libc    : Access denied finding property "persist.device_config.runtime_native_boot.enable_generational_cc"
02-12 13:06:39.760 12837 12837 I app_process: Core platform API reporting enabled, enforcing=false
02-12 13:06:39.756 12837 12837 W app_process: type=1400 audit(0.0:311): avc: denied { read } for name="u:object_r:device_config_runtime_native_boot_prop:s0" dev="tmpfs" ino=8279 scontext=u:r:shell:s0 tcontext=u:object_r:device_config_runtime_native_boot_prop:s0 tclass=file permissive=0
02-12 13:06:39.792 12837 12837 W app_process: Unexpected CPU variant for X86 using defaults: x86
02-12 13:06:39.793 12837 12837 I app_process: The ClassLoaderContext is a special shared library.
02-12 13:06:39.800 12837 12837 W app_process: JNI RegisterNativeMethods: attempt to register 0 native methods for android.media.AudioAttributes
02-12 13:06:41.599 12873 12875 I cmd     : oneway function results will be dropped but finished with status OK and parcel size 4
02-12 13:06:41.844 12900 12902 I cmd     : oneway function results will be dropped but finished with status OK and parcel size 4
02-12 13:06:43.929   525  1838 I ActivityManager: Killing 7775:com.android.externalstorage/u0a91 (adj 985): empty #17
02-12 13:06:43.934   294   294 I Zygote  : Process 7775 exited due to signal 9 (Killed)
02-12 13:06:43.958   525   560 I libprocessgroup: Successfully killed process cgroup uid 10091 pid 7775 in 28ms
02-12 13:06:44.281 12946 12948 I cmd     : oneway function results will be dropped but finished with status OK and parcel size 4
02-12 13:06:44.399 12961 12963 I cmd     : oneway function results will be dropped but finished with status OK and parcel size 4
02-12 13:06:44.514 12976 12978 I cmd     : oneway function results will be dropped but finished with status OK and parcel size 4
02-12 13:06:44.652 12988 12988 E libc    : Access denied finding property "persist.device_config.runtime_native_boot.profilebootclasspath"
02-12 13:06:44.653 12988 12988 E libc    : Access denied finding property "persist.device_config.runtime_native_boot.enable_apex_image"
02-12 13:06:44.653 12988 12988 I AndroidRuntime: Using default boot image
02-12 13:06:44.653 12988 12988 E libc    : Access denied finding property "persist.device_config.runtime_native_boot.disable_lock_profiling"
02-12 13:06:44.653 12988 12988 I AndroidRuntime: Leaving lock profiling enabled
02-12 13:06:44.648 12988 12988 W app_process: type=1400 audit(0.0:315): avc: denied { read } for name="u:object_r:device_config_runtime_native_boot_prop:s0" dev="tmpfs" ino=8279 scontext=u:r:shell:s0 tcontext=u:object_r:device_config_runtime_native_boot_prop:s0 tclass=file permissive=0
02-12 13:06:44.653 12988 12988 E libc    : Access denied finding property "persist.device_config.runtime_native_boot.enable_generational_cc"
02-12 13:06:44.654 12988 12988 W app_process: Could not reserve sentinel fault page
02-12 13:06:44.654 12988 12988 I app_process: Core platform API reporting enabled, enforcing=false
02-12 13:06:44.648 12988 12988 W app_process: type=1400 audit(0.0:316): avc: denied { read } for name="u:object_r:device_config_runtime_native_boot_prop:s0" dev="tmpfs" ino=8279 scontext=u:r:shell:s0 tcontext=u:object_r:device_config_runtime_native_boot_prop:s0 tclass=file permissive=0
02-12 13:06:44.652 12988 12988 I chatty  : uid=2000(shell) main identical 1 line
02-12 13:06:44.652 12988 12988 W app_process: type=1400 audit(0.0:318): avc: denied { read } for name="u:object_r:device_config_runtime_native_boot_prop:s0" dev="tmpfs" ino=8279 scontext=u:r:shell:s0 tcontext=u:object_r:device_config_runtime_native_boot_prop:s0 tclass=file permissive=0
02-12 13:06:44.689 12988 12988 W app_process: Unexpected CPU variant for X86 using defaults: x86
02-12 13:06:44.691 12988 12988 I app_process: The ClassLoaderContext is a special shared library.
02-12 13:06:44.701 12988 12988 W app_process: JNI RegisterNativeMethods: attempt to register 0 native methods for android.media.AudioAttributes
02-12 13:06:44.914   525  1339 I system_server: oneway function results will be dropped but finished with status OK and parcel size 4
02-12 13:06:44.915   525  1339 I system_server: oneway function results will be dropped but finished with status OK and parcel size 4
02-12 13:06:44.919 12064 12064 I AlarmClock: Adjusting timer 0 from RESET to RUNNING
02-12 13:06:45.010  2823  2823 I GAv4-SVC: Google Analytics 201.8.17 is starting up.
02-12 13:06:45.151  2823 10965 I Icing   : Indexing com.google.android.deskclock-internal.3p:Timer_cross_device from com.google.android.deskclock [CONTEXT service_id=21 ]
02-12 13:06:45.192  2823 10965 I Icing   : Indexing done com.google.android.deskclock-internal.3p:Timer_cross_device [CONTEXT service_id=21 ]
02-12 13:06:45.196  2823 10965 I Icing   : Indexing com.google.android.deskclock-internal.3p:Alarm_cross_device from com.google.android.deskclock [CONTEXT service_id=21 ]
02-12 13:06:45.199  2823 10965 I Icing   : Indexing com.google.android.deskclock-internal.3p:Timer_cross_device from com.google.android.deskclock [CONTEXT service_id=21 ]
02-12 13:06:45.200  2823 10965 I Icing   : Indexing done com.google.android.deskclock-internal.3p:Timer_cross_device [CONTEXT service_id=21 ]
02-12 13:06:45.202   525  1339 I system_server: oneway function results will be dropped but finished with status OK and parcel size 4
02-12 13:06:45.203  2823 10965 I Icing   : Indexing done com.google.android.deskclock-internal.3p:Alarm_cross_device [CONTEXT service_id=21 ]
02-12 13:06:45.950 13046 13047 I cmd     : oneway function results will be dropped but finished with status OK and parcel size 4
02-12 13:06:46.869 13110 13112 I cmd     : oneway function results will be dropped but finished with status OK and parcel size 4
02-12 13:06:47.959   525  1339 I system_server: oneway function results will be dropped but finished with status OK and parcel size 4
02-12 13:06:47.984 13153 13155 I cmd     : oneway function results will be dropped but finished with status OK and parcel size 4
02-12 13:06:48.988 13180 13182 I cmd     : oneway function results will be dropped but finished with status OK and parcel size 4
02-12 13:06:49.258 13209 13210 I cmd     : oneway function results will be dropped but finished with status OK and parcel size 4
02-12 13:06:49.416 13221 13221 W app_process: type=1400 audit(0.0:319): avc: denied { read } for name="u:object_r:device_config_runtime_native_boot_prop:s0" dev="tmpfs" ino=8279 scontext=u:r:shell:s0 tcontext=u:object_r:device_config_runtime_native_boot_prop:s0 tclass=file permissive=0
02-12 13:06:49.423 13221 13221 E libc    : Access denied finding property "persist.device_config.runtime_native_boot.profilebootclasspath"
02-12 13:06:49.423 13221 13221 E libc    : Access denied finding property "persist.device_config.runtime_native_boot.enable_apex_image"
02-12 13:06:49.423 13221 13221 I AndroidRuntime: Using default boot image
02-12 13:06:49.423 13221 13221 E libc    : Access denied finding property "persist.device_config.runtime_native_boot.disable_lock_profiling"
02-12 13:06:49.423 13221 13221 I AndroidRuntime: Leaving lock profiling enabled
02-12 13:06:49.423 13221 13221 E libc    : Access denied finding property "persist.device_config.runtime_native_boot.enable_generational_cc"
02-12 13:06:49.424 13221 13221 I app_process: Core platform API reporting enabled, enforcing=false
02-12 13:06:49.420 13221 13221 W app_process: type=1400 audit(0.0:320): avc: denied { read } for name="u:object_r:device_config_runtime_native_boot_prop:s0" dev="tmpfs" ino=8279 scontext=u:r:shell:s0 tcontext=u:object_r:device_config_runtime_native_boot_prop:s0 tclass=file permissive=0
02-12 13:06:49.473 13221 13221 W app_process: Unexpected CPU variant for X86 using defaults: x86
02-12 13:06:49.475 13221 13221 I app_process: The ClassLoaderContext is a special shared library.
02-12 13:06:49.485 13221 13221 W app_process: JNI RegisterNativeMethods: attempt to register 0 native methods for android.media.AudioAttributes
02-12 13:06:49.502   525   547 E RemoteAugmentedAutofillService: Bad service name for flags 1048704: com.google.android.as/com.google.android.apps.miphone.aiai.app.AiAiAugmentedAutofillService
02-12 13:06:49.545 12064 12064 I AppLifecycleTracker: onActivityPaused: 
02-12 13:06:49.569   525  1839 W ActivityManager: Unable to start service Intent { act=android.service.appprediction.AppPredictionService cmp=com.google.android.as/com.google.android.apps.miphone.aiai.app.AiAiPredictionService } U=0: not found
02-12 13:06:49.569   525  1839 W RemoteAppPredictionService: could not bind to Intent { act=android.service.appprediction.AppPredictionService cmp=com.google.android.as/com.google.android.apps.miphone.aiai.app.AiAiPredictionService } using flags 67108865
02-12 13:06:49.603   708   734 W ndroid.systemu: Reducing the number of considered missed Gc histogram windows from 207 to 100
02-12 13:06:49.639   181   181 I hwservicemanager: getTransport: Cannot find entry android.hardware.configstore@1.0::ISurfaceFlingerConfigs/default in either framework or device manifest.
02-12 13:06:49.639   525 13238 W OpenGLRenderer: Failed to choose config with EGL_SWAP_BEHAVIOR_PRESERVED, retrying without...
02-12 13:06:49.690   525   548 I DropBoxManagerService: add tag=system_app_strictmode isTagEnabled=true flags=0x2
02-12 13:06:49.741  1400  2174 W ThreadPoolDumper: Queue length for executor EventBus is now 11. Perhaps some tasks are too long, or the pool is too small.
02-12 13:06:49.758  1400  1853 W LocationOracle: No location history returned by ContextManager
02-12 13:06:49.789  1225  2389 W GCoreFlp: No location to return for getLastLocation()
02-12 13:06:49.811  1400  1400 I BgTaskExecutorImpl: Starting EXCLUSIVE background task TNG_MINUS_ONE_SYNC.
02-12 13:06:49.814  1400  1855 E MDD     : DownloadProgressMonitor: Can't find file group for uri: android://com.google.android.googlequicksearchbox/files/sharedminusonemodule/shared/SharedMinusOneData.pb.tmp
02-12 13:06:49.818  1400  2174 I TngMinusOneSync: Syncing TNG:-1
02-12 13:06:50.120   213   216 E android.system.suspend@1.0-service: Error opening kernel wakelock stats for: wakeup36: Permission denied
02-12 13:06:50.123   213   216 E android.system.suspend@1.0-service: Error opening kernel wakelock stats for: wakeup35: Permission denied
02-12 13:06:50.116   213   213 W Binder:213_2: type=1400 audit(0.0:323): avc: denied { read } for name="wakeup36" dev="sysfs" ino=19533 scontext=u:r:system_suspend:s0 tcontext=u:object_r:sysfs:s0 tclass=dir permissive=0
02-12 13:06:50.120   213   213 W Binder:213_2: type=1400 audit(0.0:324): avc: denied { read } for name="wakeup35" dev="sysfs" ino=19470 scontext=u:r:system_suspend:s0 tcontext=u:object_r:sysfs:s0 tclass=dir permissive=0
02-12 13:06:50.465 12064 12064 I AppLifecycleTracker: onActivityStopped: 
02-12 13:06:50.465 12064 12064 I AppLifecycleTracker: App transition to background
02-12 13:06:50.468 12064 12064 I AppLifecycleTracker: onActivityDestroyed: 
02-12 13:06:50.685   525   525 W NotificationHistory: Attempted to add notif for locked/gone/disabled user 0
02-12 13:06:51.054 13302 13306 I cmd     : oneway function results will be dropped but finished with status OK and parcel size 4
02-12 13:06:51.136 13323 13325 I cmd     : oneway function results will be dropped but finished with status OK and parcel size 4
02-12 13:06:51.452 13350 13352 I cmd     : oneway function results will be dropped but finished with status OK and parcel size 4
02-12 13:06:51.701   525   558 W BroadcastQueue: Background execution not allowed: receiving Intent { act=android.intent.action.DROPBOX_ENTRY_ADDED flg=0x10 (has extras) } to com.google.android.gms/.stats.service.DropBoxEntryAddedReceiver
02-12 13:06:51.701   525   558 W BroadcastQueue: Background execution not allowed: receiving Intent { act=android.intent.action.DROPBOX_ENTRY_ADDED flg=0x10 (has extras) } to com.google.android.gms/.chimera.GmsIntentOperationService$PersistentTrustedReceiver
02-12 13:06:51.702 13377 13378 I cmd     : oneway function results will be dropped but finished with status OK and parcel size 4
02-12 13:06:51.818   525  1339 I ActivityTaskManager: START u0 {act=android.intent.action.MAIN cat=[android.intent.category.LAUNCHER] flg=0x10000000 cmp=com.google.android.deskclock/com.android.deskclock.DeskClock} from uid 2000
02-12 13:06:51.820   399   399 I perfetto: ing_service_impl.cc:758 Configured tracing session 11, #sources:1, duration:5000 ms, #buffers:1, total buffer size:4096 KB, total sessions:1, uid:1071 session name: ""
02-12 13:06:51.821   394   394 I perfetto: probes_producer.cc:230  Ftrace setup (target_buf=11)
02-12 13:06:51.826 13395 13397 I cmd     : oneway function results will be dropped but finished with status OK and parcel size 4
02-12 13:06:51.829   525  1848 W ActivityTaskManager: Tried to set launchTime (0) < mLastActivityLaunchTime (2075995)
02-12 13:06:51.843 12064 12064 I AppLifecycleTracker: onActivityCreated: 
02-12 13:06:51.844 12064 12064 I AppCompatDelegate: Failed to instantiate custom view inflater android.support.v7.app.AppCompatViewInflater. Falling back to default.
02-12 13:06:51.844 12064 12064 I AppCompatDelegate: java.lang.ClassNotFoundException: android.support.v7.app.AppCompatViewInflater
02-12 13:06:51.844 12064 12064 I AppCompatDelegate: 	at java.lang.Class.classForName(Native Method)
02-12 13:06:51.844 12064 12064 I AppCompatDelegate: 	at java.lang.Class.forName(Class.java:454)
02-12 13:06:51.844 12064 12064 I AppCompatDelegate: 	at java.lang.Class.forName(Class.java:379)
02-12 13:06:51.844 12064 12064 I AppCompatDelegate: 	at sa.a(PG:449)
02-12 13:06:51.844 12064 12064 I AppCompatDelegate: 	at sa.onCreateView(PG:460)
02-12 13:06:51.844 12064 12064 I AppCompatDelegate: 	at android.view.LayoutInflater.tryCreateView(LayoutInflater.java:1059)
02-12 13:06:51.844 12064 12064 I AppCompatDelegate: 	at android.view.LayoutInflater.createViewFromTag(LayoutInflater.java:995)
02-12 13:06:51.844 12064 12064 I AppCompatDelegate: 	at android.view.LayoutInflater.createViewFromTag(LayoutInflater.java:959)
02-12 13:06:51.844 12064 12064 I AppCompatDelegate: 	at android.view.LayoutInflater.inflate(LayoutInflater.java:657)
02-12 13:06:51.844 12064 12064 I AppCompatDelegate: 	at android.view.LayoutInflater.inflate(LayoutInflater.java:532)
02-12 13:06:51.844 12064 12064 I AppCompatDelegate: 	at android.view.LayoutInflater.inflate(LayoutInflater.java:479)
02-12 13:06:51.844 12064 12064 I AppCompatDelegate: 	at com.android.internal.policy.DecorView.onResourcesLoaded(DecorView.java:2103)
02-12 13:06:51.844 12064 12064 I AppCompatDelegate: 	at com.android.internal.policy.PhoneWindow.generateLayout(PhoneWindow.java:2630)
02-12 13:06:51.844 12064 12064 I AppCompatDelegate: 	at com.android.internal.policy.PhoneWindow.installDecor(PhoneWindow.java:2693)
02-12 13:06:51.844 12064 12064 I AppCompatDelegate: 	at com.android.internal.policy.PhoneWindow.getDecorView(PhoneWindow.java:2116)
02-12 13:06:51.844 12064 12064 I AppCompatDelegate: 	at apq.onCreate(PG:4)
02-12 13:06:51.844 12064 12064 I AppCompatDelegate: 	at com.android.deskclock.DeskClock.onCreate(PG:31)
02-12 13:06:51.844 12064 12064 I AppCompatDelegate: 	at android.app.Activity.performCreate(Activity.java:7994)
02-12 13:06:51.844 12064 12064 I AppCompatDelegate: 	at android.app.Activity.performCreate(Activity.java:7978)
02-12 13:06:51.844 12064 12064 I AppCompatDelegate: 	at android.app.Instrumentation.callActivityOnCreate(Instrumentation.java:1309)
02-12 13:06:51.844 12064 12064 I AppCompatDelegate: 	at android.app.ActivityThread.performLaunchActivity(ActivityThread.java:3422)
02-12 13:06:51.844 12064 12064 I AppCompatDelegate: 	at android.app.ActivityThread.handleLaunchActivity(ActivityThread.java:3601)
02-12 13:06:51.844 12064 12064 I AppCompatDelegate: 	at android.app.servertransaction.LaunchActivityItem.execute(LaunchActivityItem.java:85)
02-12 13:06:51.844 12064 12064 I AppCompatDelegate: 	at android.app.servertransaction.TransactionExecutor.executeCallbacks(TransactionExecutor.java:135)
02-12 13:06:51.844 12064 12064 I AppCompatDelegate: 	at android.app.servertransaction.TransactionExecutor.execute(TransactionExecutor.java:95)
02-12 13:06:51.844 12064 12064 I AppCompatDelegate: 	at android.app.ActivityThread$H.handleMessage(ActivityThread.java:2066)
02-12 13:06:51.844 12064 12064 I AppCompatDelegate: 	at android.os.Handler.dispatchMessage(Handler.java:106)
02-12 13:06:51.844 12064 12064 I AppCompatDelegate: 	at android.os.Looper.loop(Looper.java:223)
02-12 13:06:51.844 12064 12064 I AppCompatDelegate: 	at android.app.ActivityThread.main(ActivityThread.java:7656)
02-12 13:06:51.844 12064 12064 I AppCompatDelegate: 	at java.lang.reflect.Method.invoke(Native Method)
02-12 13:06:51.844 12064 12064 I AppCompatDelegate: 	at com.android.internal.os.RuntimeInit$MethodAndArgsCaller.run(RuntimeInit.java:592)
02-12 13:06:51.844 12064 12064 I AppCompatDelegate: 	at com.android.internal.os.ZygoteInit.main(ZygoteInit.java:947)
02-12 13:06:51.844 12064 12064 I AppCompatDelegate: Caused by: java.lang.ClassNotFoundException: android.support.v7.app.AppCompatViewInflater
02-12 13:06:51.844 12064 12064 I AppCompatDelegate: 	... 32 more
02-12 13:06:51.846 12064 12064 I AppCompatViewInflater: app:theme is now deprecated. Please move to using android:theme instead.
02-12 13:06:51.848   394   394 I perfetto: ftrace_procfs.cc:176    enabled ftrace
02-12 13:06:51.836     0     0 W perfetto: enabled ftrace
02-12 13:06:51.867 12064 12064 I AppLifecycleTracker: onActivityStarted: 
02-12 13:06:51.867 12064 12064 I AppLifecycleTracker: App transition to foreground
02-12 13:06:51.868 12064 12064 I AppLifecycleTracker: onActivityResumed: 
02-12 13:06:51.894   330   330 I android.hardware.vibrator-service.example: Vibrator reporting capabilities
02-12 13:06:51.899 12064 12094 I AlarmClock: Checking if assistant workflow is available
02-12 13:06:51.903   525  1848 W UriGrantsManagerService: No permission grants found for com.google.android.deskclock
02-12 13:06:51.936   525   546 E JobScheduler.Background: App com.google.android.gms became active but still in NEVER bucket
02-12 13:06:51.945   525   558 I DropBoxManagerService: add tag=system_server_wtf isTagEnabled=true flags=0x2
02-12 13:06:52.025   525   557 I ActivityTaskManager: Displayed com.google.android.deskclock/com.android.deskclock.DeskClock: +198ms
02-12 13:06:52.029 12064 12064 I AlarmClock: Adjusting timer 0 from RUNNING to EXPIRED
02-12 13:06:52.029 12064 12064 I AlarmClock: Creating timer state change intent for timer id 0 with firetime 1770901611918 
02-12 13:06:52.070 12064 12064 I AlarmClock: TimerKlaxon.start()
02-12 13:06:52.074 12064 13411 I AlarmClock: RingtonePlayer: Play ringtone via android.media.Ringtone
02-12 13:06:52.075   330   330 I android.hardware.vibrator-service.example: Vibrator reporting capabilities
02-12 13:06:52.076   330   330 I android.hardware.vibrator-service.example: Vibrator off
02-12 13:06:52.077   330   330 I android.hardware.vibrator-service.example: Vibrator on for timeoutMs: 500
02-12 13:06:52.077   330   330 I android.hardware.vibrator-service.example: Vibrator set amplitude: 0.301961
02-12 13:06:52.124 13422 13426 I cmd     : oneway function results will be dropped but finished with status OK and parcel size 4
02-12 13:06:52.128   330   330 I android.hardware.vibrator-service.example: Vibrator set amplitude: 0.305882
02-12 13:06:52.144   525   885 I MediaFocusControl: requestAudioFocus() from uid/pid 10130/12064 clientId=android.media.AudioManager@4da6621 callingPack=com.google.android.deskclock req=4 flags=0x0 sdk=29
02-12 13:06:52.150   435 13424 I GenericSource: start
02-12 13:06:52.152   525  1339 W UriGrantsManagerService: No permission grants found for com.google.android.deskclock
02-12 13:06:52.166  1225  1225 I Wear_Controller: Wear requires a companion app to be installed.
02-12 13:06:52.166  1225  1225 I WearableService: onCreate: Wearable Services not starting. Wear is not available on this device.
02-12 13:06:52.172  2823 10965 I Icing   : Indexing com.google.android.deskclock-internal.3p:Timer_cross_device from com.google.android.deskclock [CONTEXT service_id=21 ]
02-12 13:06:52.180   330   330 I android.hardware.vibrator-service.example: Vibrator set amplitude: 0.313726
02-12 13:06:52.194  2823 10965 I Icing   : Indexing done com.google.android.deskclock-internal.3p:Timer_cross_device [CONTEXT service_id=21 ]
02-12 13:06:52.195  1225  1802 W WearableService: onGetService: Wear is not available on this device.
02-12 13:06:52.196  2823 10965 I Icing   : Indexing com.google.android.deskclock-internal.3p:Alarm_cross_device from com.google.android.deskclock [CONTEXT service_id=21 ]
02-12 13:06:52.200 12064 12094 E AlarmClock: Unable to get CapabilityInfo
02-12 13:06:52.200 12064 12094 E AlarmClock: java.util.concurrent.ExecutionException: bwe: 17: API: Wearable.API is not available on this device. Connection failed with: bve{statusCode=API_UNAVAILABLE, resolution=null, message=null}
02-12 13:06:52.200 12064 12094 E AlarmClock: 	at cir.a(PG:5)
02-12 13:06:52.200 12064 12094 E AlarmClock: 	at blp.a(PG:10)
02-12 13:06:52.200 12064 12094 E AlarmClock: 	at com.android.deskclock.WearableSyncService.a(PG:55)
02-12 13:06:52.200 12064 12094 E AlarmClock: 	at com.android.deskclock.WearableSyncService.a(PG:22)
02-12 13:06:52.200 12064 12094 E AlarmClock: 	at il.doInBackground(PG:7)
02-12 13:06:52.200 12064 12094 E AlarmClock: 	at android.os.AsyncTask$3.call(AsyncTask.java:394)
02-12 13:06:52.200 12064 12094 E AlarmClock: 	at java.util.concurrent.FutureTask.run(FutureTask.java:266)
02-12 13:06:52.200 12064 12094 E AlarmClock: 	at java.util.concurrent.ThreadPoolExecutor.runWorker(ThreadPoolExecutor.java:1167)
02-12 13:06:52.200 12064 12094 E AlarmClock: 	at java.util.concurrent.ThreadPoolExecutor$Worker.run(ThreadPoolExecutor.java:641)
02-12 13:06:52.200 12064 12094 E AlarmClock: 	at java.lang.Thread.run(Thread.java:923)
02-12 13:06:52.200 12064 12094 E AlarmClock: Caused by: bwe: 17: API: Wearable.API is not available on this device. Connection failed with: bve{statusCode=API_UNAVAILABLE, resolution=null, message=null}
02-12 13:06:52.200 12064 12094 E AlarmClock: 	at cbj.a(PG:4)
02-12 13:06:52.200 12064 12094 E AlarmClock: 	at cbk.a(PG:2)
02-12 13:06:52.200 12064 12094 E AlarmClock: 	at cbn.a(PG:5)
02-12 13:06:52.200 12064 12094 E AlarmClock: 	at com.google.android.gms.common.api.internal.BasePendingResult.a(PG:58)
02-12 13:06:52.200 12064 12094 E AlarmClock: 	at bxh.b(PG:12)
02-12 13:06:52.200 12064 12094 E AlarmClock: 	at bwz.a(PG:7)
02-12 13:06:52.200 12064 12094 E AlarmClock: 	at bxy.a(PG:196)
02-12 13:06:52.200 12064 12094 E AlarmClock: 	at bxy.a(PG:116)
02-12 13:06:52.200 12064 12094 E AlarmClock: 	at caq.a(PG:2)
02-12 13:06:52.200 12064 12094 E AlarmClock: 	at bzy.a(PG:6)
02-12 13:06:52.200 12064 12094 E AlarmClock: 	at bzq.c(PG:9)
02-12 13:06:52.200 12064 12094 E AlarmClock: 	at bzv.handleMessage(PG:54)
02-12 13:06:52.200 12064 12094 E AlarmClock: 	at android.os.Handler.dispatchMessage(Handler.java:106)
02-12 13:06:52.200 12064 12094 E AlarmClock: 	at cez.a(PG:5)
02-12 13:06:52.200 12064 12094 E AlarmClock: 	at cez.dispatchMessage(PG:4)
02-12 13:06:52.200 12064 12094 E AlarmClock: 	at android.os.Looper.loop(Looper.java:223)
02-12 13:06:52.200 12064 12094 E AlarmClock: 	at android.os.HandlerThread.run(HandlerThread.java:67)
02-12 13:06:52.217  2823 10965 I Icing   : Indexing done com.google.android.deskclock-internal.3p:Alarm_cross_device [CONTEXT service_id=21 ]
02-12 13:06:52.233   330   330 I android.hardware.vibrator-service.example: Vibrator set amplitude: 0.333333
02-12 13:06:52.271   525   525 W NotificationHistory: Attempted to add notif for locked/gone/disabled user 0
02-12 13:06:52.284   330   330 I android.hardware.vibrator-service.example: Vibrator set amplitude: 0.372549
02-12 13:06:52.289   708   708 W NotifBindPipeline: Row is not set so pipeline will not run. notif = 0|com.google.android.deskclock|2147483640|null|10130
02-12 13:06:52.320  1400 11387 I PBSessionCacheImpl: Deleted sessionId[6159036015085889] from persistence.
02-12 13:06:52.335   330   330 I android.hardware.vibrator-service.example: Vibrator set amplitude: 0.458824
02-12 13:06:52.358  1400  2174 W SearchServiceCore: Abort, client detached.
02-12 13:06:52.373   708   708 W TouchableRegionManager: onHeadsUpPinnedModeChanged
02-12 13:06:52.385   330   330 I android.hardware.vibrator-service.example: Vibrator set amplitude: 0.635294
02-12 13:06:52.436   330   330 I android.hardware.vibrator-service.example: Vibrator set amplitude: 1
02-12 13:06:52.445   435 13435 I CCodec  : Created component [c2.android.vorbis.decoder]
02-12 13:06:52.489   330   330 I android.hardware.vibrator-service.example: Vibrator set amplitude: 1
02-12 13:06:52.491   708  1211 W OpenGLRenderer: Incorrectly called buildLayer on View: LinearLayout, destroying layer...
02-12 13:06:52.512   435 13435 I CCodecConfig: query failed after returning 7 values (BAD_INDEX)
02-12 13:06:52.520   435 13435 W Codec2Client: query -- param skipped: index = 1107298332.
02-12 13:06:52.521   435 13435 I MediaCodec: MediaCodec will operate in async mode
02-12 13:06:52.522   435 13435 W Codec2Client: query -- param skipped: index = 1342179345.
02-12 13:06:52.522   435 13435 W Codec2Client: query -- param skipped: index = 2415921170.
02-12 13:06:52.525   435 13435 E FMQ     : grantorIdx must be less than 3
02-12 13:06:52.525   435 13435 E FMQ     : grantorIdx must be less than 3
02-12 13:06:52.534   445  1072 E FMQ     : grantorIdx must be less than 3
02-12 13:06:52.534   445  1072 E FMQ     : grantorIdx must be less than 3
02-12 13:06:52.535   435 13435 I CCodecBufferChannel: [c2.android.vorbis.decoder#644] Created output block pool with allocatorID 16 => poolID 26 - OK
02-12 13:06:52.536   435 13435 E ion     : ioctl c0044901 failed with code -1: Inappropriate ioctl for device
02-12 13:06:52.544   435 13435 E FMQ     : grantorIdx must be less than 3
02-12 13:06:52.544   445   498 E FMQ     : grantorIdx must be less than 3
02-12 13:06:52.538     0     0 W x86/PAT : .vorbis.decoder:13449 map pfn RAM range req write-combining for [mem 0x291d1000-0x291d1fff], got write-back
02-12 13:06:52.540     0     0 W x86/PAT : .vorbis.decoder:13449 map pfn RAM range req write-combining for [mem 0x29146000-0x29146fff], got write-back
02-12 13:06:52.544     0     0 W x86/PAT : .vorbis.decoder:13449 map pfn RAM range req write-combining for [mem 0x29219000-0x29219fff], got write-back
02-12 13:06:52.547     0     0 W x86/PAT : .vorbis.decoder:13449 map pfn RAM range req write-combining for [mem 0x2902f000-0x2902ffff], got write-back
02-12 13:06:52.560   445 13449 E FMQ     : grantorIdx must be less than 3
02-12 13:06:52.560   435   779 E FMQ     : grantorIdx must be less than 3
02-12 13:06:52.550     0     0 W x86/PAT : .vorbis.decoder:13449 map pfn RAM range req write-combining for [mem 0x291e2000-0x291e2fff], got write-back
02-12 13:06:52.553     0     0 W x86/PAT : .vorbis.decoder:13449 map pfn RAM range req write-combining for [mem 0x29353000-0x29353fff], got write-back
02-12 13:06:52.553     0     0 W x86/PAT : NPDecoder-CL:13435 map pfn RAM range req write-combining for [mem 0x2915e000-0x2915efff], got write-back
02-12 13:06:52.555     0     0 W x86/PAT : .vorbis.decoder:13449 map pfn RAM range req write-combining for [mem 0x2913e000-0x2913efff], got write-back
02-12 13:06:52.560     0     0 W x86/PAT : NPDecoder-CL:13435 map pfn RAM range req write-combining for [mem 0x29162000-0x29162fff], got write-back
02-12 13:06:52.560     0     0 W x86/PAT : .vorbis.decoder:13449 map pfn RAM range req write-combining for [mem 0x29146000-0x29146fff], got write-back
02-12 13:06:52.562     0     0 W x86/PAT : NPDecoder-CL:13435 map pfn RAM range req write-combining for [mem 0x292b4000-0x292b4fff], got write-back
02-12 13:06:52.567     0     0 W x86/PAT : NPDecoder-CL:13435 map pfn RAM range req write-combining for [mem 0x2915e000-0x2915efff], got write-back
02-12 13:06:52.579   525  1339 I system_server: oneway function results will be dropped but finished with status OK and parcel size 4
02-12 13:06:52.571     0     0 W x86/PAT : .vorbis.decoder:13449 map pfn RAM range req write-combining for [mem 0x291d1000-0x291d1fff], got write-back
02-12 13:06:52.579   525  1339 I chatty  : uid=1000(system) Binder:525_D identical 2 lines
02-12 13:06:52.579   525  1339 I system_server: oneway function results will be dropped but finished with status OK and parcel size 4
02-12 13:06:52.576     0     0 W x86/PAT : .vorbis.decoder:13449 map pfn RAM range req write-combining for [mem 0x29291000-0x29291fff], got write-back
02-12 13:06:52.585     0     0 W x86/PAT : .vorbis.decoder:13449 map pfn RAM range req write-combining for [mem 0x29211000-0x29211fff], got write-back
02-12 13:06:52.588     0     0 W x86/PAT : NPDecoder-CL:13435 map pfn RAM range req write-combining for [mem 0x29162000-0x29162fff], got write-back
02-12 13:06:52.588     0     0 W x86/PAT : .vorbis.decoder:13449 map pfn RAM range req write-combining for [mem 0x29209000-0x29209fff], got write-back
02-12 13:06:52.593     0     0 W x86/PAT : NPDecoder-CL:13435 map pfn RAM range req write-combining for [mem 0x2915e000-0x2915efff], got write-back
02-12 13:06:52.606   525  1848 I system_server: oneway function results will be dropped but finished with status OK and parcel size 4
02-12 13:06:52.596     0     0 W x86/PAT : NPDecoder-CL:13435 map pfn RAM range req write-combining for [mem 0x292b4000-0x292b4fff], got write-back
02-12 13:06:52.598     0     0 W x86/PAT : NPDecoder-CL:13435 map pfn RAM range req write-combining for [mem 0x29156000-0x29156fff], got write-back
02-12 13:06:52.601     0     0 W x86/PAT : NPDecoder-CL:13435 map pfn RAM range req write-combining for [mem 0x29162000-0x29162fff], got write-back
02-12 13:06:52.608     0     0 W x86/PAT : .vorbis.decoder:13449 map pfn RAM range req write-combining for [mem 0x291e2000-0x291e2fff], got write-back
02-12 13:06:52.613     0     0 W x86/PAT : .vorbis.decoder:13449 map pfn RAM range req write-combining for [mem 0x29219000-0x29219fff], got write-back
02-12 13:06:52.613     0     0 W x86/PAT : NPDecoder-CL:13435 map pfn RAM range req write-combining for [mem 0x2915e000-0x2915efff], got write-back
02-12 13:06:52.617     0     0 W x86/PAT : .vorbis.decoder:13449 map pfn RAM range req write-combining for [mem 0x2902f000-0x2902ffff], got write-back
02-12 13:06:52.618     0     0 W x86/PAT : NPDecoder-CL:13435 map pfn RAM range req write-combining for [mem 0x29162000-0x29162fff], got write-back
02-12 13:06:52.623     0     0 W x86/PAT : .vorbis.decoder:13449 map pfn RAM range req write-combining for [mem 0x2929d000-0x2929dfff], got write-back
02-12 13:06:52.626     0     0 W x86/PAT : NPDecoder-CL:13435 map pfn RAM range req write-combining for [mem 0x2915e000-0x2915efff], got write-back
02-12 13:06:52.630     0     0 W x86/PAT : .vorbis.decoder:13449 map pfn RAM range req write-combining for [mem 0x29146000-0x29146fff], got write-back
02-12 13:06:52.630     0     0 W x86/PAT : NPDecoder-CL:13435 map pfn RAM range req write-combining for [mem 0x29162000-0x29162fff], got write-back
02-12 13:06:52.636     0     0 W x86/PAT : .vorbis.decoder:13449 map pfn RAM range req write-combining for [mem 0x291d1000-0x291d1fff], got write-back
02-12 13:06:52.639     0     0 W x86/PAT : .vorbis.decoder:13449 map pfn RAM range req write-combining for [mem 0x29291000-0x29291fff], got write-back
02-12 13:06:52.642     0     0 W x86/PAT : NPDecoder-CL:13435 map pfn RAM range req write-combining for [mem 0x2915e000-0x2915efff], got write-back
02-12 13:06:52.642     0     0 W x86/PAT : .vorbis.decoder:13449 map pfn RAM range req write-combining for [mem 0x29211000-0x29211fff], got write-back
02-12 13:06:52.646     0     0 W x86/PAT : NPDecoder-CL:13435 map pfn RAM range req write-combining for [mem 0x29162000-0x29162fff], got write-back
02-12 13:06:52.647     0     0 W x86/PAT : .vorbis.decoder:13449 map pfn RAM range req write-combining for [mem 0x29209000-0x29209fff], got write-back
02-12 13:06:52.651     0     0 W x86/PAT : NPDecoder-CL:13435 map pfn RAM range req write-combining for [mem 0x292b4000-0x292b4fff], got write-back
02-12 13:06:52.658     0     0 W x86/PAT : NPDecoder-CL:13435 map pfn RAM range req write-combining for [mem 0x2915e000-0x2915efff], got write-back
02-12 13:06:52.667     0     0 W x86/PAT : NPDecoder-CL:13435 map pfn RAM range req write-combining for [mem 0x2915e000-0x2915efff], got write-back
02-12 13:06:52.669     0     0 W x86/PAT : .vorbis.decoder:13449 map pfn RAM range req write-combining for [mem 0x29353000-0x29353fff], got write-back
02-12 13:06:52.672     0     0 W x86/PAT : NPDecoder-CL:13435 map pfn RAM range req write-combining for [mem 0x2915e000-0x2915efff], got write-back
02-12 13:06:52.674     0     0 W x86/PAT : .vorbis.decoder:13449 map pfn RAM range req write-combining for [mem 0x291e2000-0x291e2fff], got write-back
02-12 13:06:52.682     0     0 W x86/PAT : .vorbis.decoder:13449 map pfn RAM range req write-combining for [mem 0x29219000-0x29219fff], got write-back
02-12 13:06:52.682     0     0 W x86/PAT : NPDecoder-CL:13435 map pfn RAM range req write-combining for [mem 0x2915e000-0x2915efff], got write-back
02-12 13:06:52.685     0     0 W x86/PAT : .vorbis.decoder:13449 map pfn RAM range req write-combining for [mem 0x2902f000-0x2902ffff], got write-back
02-12 13:06:52.687     0     0 W x86/PAT : NPDecoder-CL:13435 map pfn RAM range req write-combining for [mem 0x29162000-0x29162fff], got write-back
02-12 13:06:52.688     0     0 W x86/PAT : .vorbis.decoder:13449 map pfn RAM range req write-combining for [mem 0x2913e000-0x2913efff], got write-back
02-12 13:06:52.690     0     0 W x86/PAT : NPDecoder-CL:13435 map pfn RAM range req write-combining for [mem 0x2915e000-0x2915efff], got write-back
02-12 13:06:52.694     0     0 W x86/PAT : .vorbis.decoder:13449 map pfn RAM range req write-combining for [mem 0x29291000-0x29291fff], got write-back
02-12 13:06:52.696     0     0 W x86/PAT : NPDecoder-CL:13435 map pfn RAM range req write-combining for [mem 0x29162000-0x29162fff], got write-back
02-12 13:06:52.698     0     0 W x86/PAT : .vorbis.decoder:13449 map pfn RAM range req write-combining for [mem 0x29146000-0x29146fff], got write-back
02-12 13:06:52.701     0     0 W x86/PAT : .vorbis.decoder:13449 map pfn RAM range req write-combining for [mem 0x291d1000-0x291d1fff], got write-back
02-12 13:06:52.705     0     0 W x86/PAT : .vorbis.decoder:13449 map pfn RAM range req write-combining for [mem 0x29211000-0x29211fff], got write-back
02-12 13:06:52.707     0     0 W x86/PAT : NPDecoder-CL:13435 map pfn RAM range req write-combining for [mem 0x2915e000-0x2915efff], got write-back
02-12 13:06:52.707     0     0 W x86/PAT : .vorbis.decoder:13449 map pfn RAM range req write-combining for [mem 0x2929d000-0x2929dfff], got write-back
02-12 13:06:52.713     0     0 W x86/PAT : NPDecoder-CL:13435 map pfn RAM range req write-combining for [mem 0x29162000-0x29162fff], got write-back
02-12 13:06:52.717     0     0 W x86/PAT : NPDecoder-CL:13435 map pfn RAM range req write-combining for [mem 0x292b4000-0x292b4fff], got write-back
02-12 13:06:52.719     0     0 W x86/PAT : NPDecoder-CL:13435 map pfn RAM range req write-combining for [mem 0x29156000-0x29156fff], got write-back
02-12 13:06:52.720     0     0 W x86/PAT : .vorbis.decoder:13449 map pfn RAM range req write-combining for [mem 0x291e2000-0x291e2fff], got write-back
02-12 13:06:52.727     0     0 W x86/PAT : NPDecoder-CL:13435 map pfn RAM range req write-combining for [mem 0x2915e000-0x2915efff], got write-back
02-12 13:06:52.729     0     0 W x86/PAT : NPDecoder-CL:13435 map pfn RAM range req write-combining for [mem 0x29162000-0x29162fff], got write-back
02-12 13:06:52.735     0     0 W x86/PAT : .vorbis.decoder:13449 map pfn RAM range req write-combining for [mem 0x29219000-0x29219fff], got write-back
02-12 13:06:52.738     0     0 W x86/PAT : .vorbis.decoder:13449 map pfn RAM range req write-combining for [mem 0x2902f000-0x2902ffff], got write-back
02-12 13:06:52.739     0     0 W x86/PAT : NPDecoder-CL:13435 map pfn RAM range req write-combining for [mem 0x2915e000-0x2915efff], got write-back
02-12 13:06:52.742     0     0 W x86/PAT : .vorbis.decoder:13449 map pfn RAM range req write-combining for [mem 0x29353000-0x29353fff], got write-back
02-12 13:06:52.746     0     0 W x86/PAT : NPDecoder-CL:13435 map pfn RAM range req write-combining for [mem 0x29162000-0x29162fff], got write-back
02-12 13:06:52.754     0     0 W x86/PAT : .vorbis.decoder:13449 map pfn RAM range req write-combining for [mem 0x29209000-0x29209fff], got write-back
02-12 13:06:52.755     0     0 W x86/PAT : NPDecoder-CL:13435 map pfn RAM range req write-combining for [mem 0x2915e000-0x2915efff], got write-back
02-12 13:06:52.757     0     0 W x86/PAT : .vorbis.decoder:13449 map pfn RAM range req write-combining for [mem 0x29146000-0x29146fff], got write-back
02-12 13:06:52.759     0     0 W x86/PAT : NPDecoder-CL:13435 map pfn RAM range req write-combining for [mem 0x29162000-0x29162fff], got write-back
02-12 13:06:52.761     0     0 W x86/PAT : .vorbis.decoder:13449 map pfn RAM range req write-combining for [mem 0x291d1000-0x291d1fff], got write-back
02-12 13:06:52.763     0     0 W x86/PAT : NPDecoder-CL:13435 map pfn RAM range req write-combining for [mem 0x2915e000-0x2915efff], got write-back
02-12 13:06:52.767     0     0 W x86/PAT : .vorbis.decoder:13449 map pfn RAM range req write-combining for [mem 0x29211000-0x29211fff], got write-back
02-12 13:06:52.768     0     0 W x86/PAT : NPDecoder-CL:13435 map pfn RAM range req write-combining for [mem 0x29162000-0x29162fff], got write-back
02-12 13:06:52.772     0     0 W x86/PAT : .vorbis.decoder:13449 map pfn RAM range req write-combining for [mem 0x291e2000-0x291e2fff], got write-back
02-12 13:06:52.773     0     0 W x86/PAT : NPDecoder-CL:13435 map pfn RAM range req write-combining for [mem 0x2915e000-0x2915efff], got write-back
02-12 13:06:52.775     0     0 W x86/PAT : .vorbis.decoder:13449 map pfn RAM range req write-combining for [mem 0x29219000-0x29219fff], got write-back
02-12 13:06:52.777     0     0 W x86/PAT : NPDecoder-CL:13435 map pfn RAM range req write-combining for [mem 0x29162000-0x29162fff], got write-back
02-12 13:06:52.781     0     0 W x86/PAT : NPDecoder-CL:13435 map pfn RAM range req write-combining for [mem 0x2915e000-0x2915efff], got write-back
02-12 13:06:52.787     0     0 W x86/PAT : .vorbis.decoder:13449 map pfn RAM range req write-combining for [mem 0x2913e000-0x2913efff], got write-back
02-12 13:06:52.792     0     0 W x86/PAT : NPDecoder-CL:13435 map pfn RAM range req write-combining for [mem 0x2915e000-0x2915efff], got write-back
02-12 13:06:52.792     0     0 W x86/PAT : .vorbis.decoder:13449 map pfn RAM range req write-combining for [mem 0x29291000-0x29291fff], got write-back
02-12 13:06:52.798     0     0 W x86/PAT : .vorbis.decoder:13449 map pfn RAM range req write-combining for [mem 0x2929d000-0x2929dfff], got write-back
02-12 13:06:52.798     0     0 W x86/PAT : NPDecoder-CL:13435 map pfn RAM range req write-combining for [mem 0x2915e000-0x2915efff], got write-back
02-12 13:06:52.801     0     0 W x86/PAT : .vorbis.decoder:13449 map pfn RAM range req write-combining for [mem 0x2902f000-0x2902ffff], got write-back
02-12 13:06:52.803     0     0 W x86/PAT : NPDecoder-CL:13435 map pfn RAM range req write-combining for [mem 0x29162000-0x29162fff], got write-back
02-12 13:06:52.806     0     0 W x86/PAT : .vorbis.decoder:13449 map pfn RAM range req write-combining for [mem 0x29146000-0x29146fff], got write-back
02-12 13:06:52.809     0     0 W x86/PAT : NPDecoder-CL:13435 map pfn RAM range req write-combining for [mem 0x2915e000-0x2915efff], got write-back
02-12 13:06:52.813     0     0 W x86/PAT : NPDecoder-CL:13435 map pfn RAM range req write-combining for [mem 0x2915e000-0x2915efff], got write-back
02-12 13:06:52.813     0     0 W x86/PAT : .vorbis.decoder:13449 map pfn RAM range req write-combining for [mem 0x291d1000-0x291d1fff], got write-back
02-12 13:06:52.817     0     0 W x86/PAT : .vorbis.decoder:13449 map pfn RAM range req write-combining for [mem 0x29353000-0x29353fff], got write-back
02-12 13:06:52.817     0     0 W x86/PAT : NPDecoder-CL:13435 map pfn RAM range req write-combining for [mem 0x2915e000-0x2915efff], got write-back
02-12 13:06:52.820     0     0 W x86/PAT : .vorbis.decoder:13449 map pfn RAM range req write-combining for [mem 0x29209000-0x29209fff], got write-back
02-12 13:06:52.823     0     0 W x86/PAT : NPDecoder-CL:13435 map pfn RAM range req write-combining for [mem 0x29162000-0x29162fff], got write-back
02-12 13:06:52.825     0     0 W x86/PAT : .vorbis.decoder:13449 map pfn RAM range req write-combining for [mem 0x291e2000-0x291e2fff], got write-back
02-12 13:06:52.826     0     0 W x86/PAT : NPDecoder-CL:13435 map pfn RAM range req write-combining for [mem 0x2915e000-0x2915efff], got write-back
02-12 13:06:52.830     0     0 W x86/PAT : .vorbis.decoder:13449 map pfn RAM range req write-combining for [mem 0x29219000-0x29219fff], got write-back
02-12 13:06:52.835     0     0 W x86/PAT : NPDecoder-CL:13435 map pfn RAM range req write-combining for [mem 0x29162000-0x29162fff], got write-back
02-12 13:06:52.836     0     0 W x86/PAT : .vorbis.decoder:13449 map pfn RAM range req write-combining for [mem 0x2913e000-0x2913efff], got write-back
02-12 13:06:52.840     0     0 W x86/PAT : NPDecoder-CL:13435 map pfn RAM range req write-combining for [mem 0x2915e000-0x2915efff], got write-back
02-12 13:06:52.840     0     0 W x86/PAT : .vorbis.decoder:13449 map pfn RAM range req write-combining for [mem 0x29211000-0x29211fff], got write-back
02-12 13:06:52.842     0     0 W x86/PAT : NPDecoder-CL:13435 map pfn RAM range req write-combining for [mem 0x29162000-0x29162fff], got write-back
02-12 13:06:52.852     0     0 W x86/PAT : NPDecoder-CL:13435 map pfn RAM range req write-combining for [mem 0x2915e000-0x2915efff], got write-back
02-12 13:06:52.857     0     0 W x86/PAT : .vorbis.decoder:13449 map pfn RAM range req write-combining for [mem 0x29146000-0x29146fff], got write-back
02-12 13:06:52.859     0     0 W x86/PAT : .vorbis.decoder:13449 map pfn RAM range req write-combining for [mem 0x2902f000-0x2902ffff], got write-back
02-12 13:06:52.863     0     0 W x86/PAT : .vorbis.decoder:13449 map pfn RAM range req write-combining for [mem 0x29291000-0x29291fff], got write-back
02-12 13:06:52.865     0     0 W x86/PAT : NPDecoder-CL:13435 map pfn RAM range req write-combining for [mem 0x2915e000-0x2915efff], got write-back
02-12 13:06:52.870     0     0 W x86/PAT : NPDecoder-CL:13435 map pfn RAM range req write-combining for [mem 0x29162000-0x29162fff], got write-back
02-12 13:06:52.870     0     0 W x86/PAT : .vorbis.decoder:13449 map pfn RAM range req write-combining for [mem 0x2929d000-0x2929dfff], got write-back
02-12 13:06:52.872     0     0 W x86/PAT : NPDecoder-CL:13435 map pfn RAM range req write-combining for [mem 0x2915e000-0x2915efff], got write-back
02-12 13:06:52.881   708   708 W View    : couldn't find view with id 2131362152
02-12 13:06:52.876     0     0 W x86/PAT : NPDecoder-CL:13435 map pfn RAM range req write-combining for [mem 0x29162000-0x29162fff], got write-back
02-12 13:06:52.889     0     0 W x86/PAT : .vorbis.decoder:13449 map pfn RAM range req write-combining for [mem 0x291e2000-0x291e2fff], got write-back
02-12 13:06:52.892     0     0 W x86/PAT : .vorbis.decoder:13449 map pfn RAM range req write-combining for [mem 0x291d1000-0x291d1fff], got write-back
02-12 13:06:52.892     0     0 W x86/PAT : NPDecoder-CL:13435 map pfn RAM range req write-combining for [mem 0x2915e000-0x2915efff], got write-back
02-12 13:06:52.896     0     0 W x86/PAT : .vorbis.decoder:13449 map pfn RAM range req write-combining for [mem 0x29353000-0x29353fff], got write-back
02-12 13:06:52.901     0     0 W x86/PAT : .vorbis.decoder:13449 map pfn RAM range req write-combining for [mem 0x29209000-0x29209fff], got write-back
02-12 13:06:52.905     0     0 W x86/PAT : .vorbis.decoder:13449 map pfn RAM range req write-combining for [mem 0x29146000-0x29146fff], got write-back
02-12 13:06:52.908     0     0 W x86/PAT : .vorbis.decoder:13449 map pfn RAM range req write-combining for [mem 0x2902f000-0x2902ffff], got write-back
02-12 13:06:52.910     0     0 W x86/PAT : .vorbis.decoder:13449 map pfn RAM range req write-combining for [mem 0x29291000-0x29291fff], got write-back
02-12 13:06:53.027   708   708 W View    : couldn't find view with id 2131362152
02-12 13:06:53.097   330   330 I android.hardware.vibrator-service.example: Vibrator on for timeoutMs: 500
02-12 13:06:53.097   330   330 I android.hardware.vibrator-service.example: Vibrator set amplitude: 0.301961
02-12 13:06:53.117 13488 13490 I cmd     : oneway function results will be dropped but finished with status OK and parcel size 4
02-12 13:06:53.150   330   330 I android.hardware.vibrator-service.example: Vibrator set amplitude: 0.305882
02-12 13:06:53.143     0     0 W x86/PAT : NPDecoder-CL:13435 map pfn RAM range req write-combining for [mem 0x29162000-0x29162fff], got write-back
02-12 13:06:53.153     0     0 W x86/PAT : NPDecoder-CL:13435 map pfn RAM range req write-combining for [mem 0x2915e000-0x2915efff], got write-back
02-12 13:06:53.156     0     0 W x86/PAT : NPDecoder-CL:13435 map pfn RAM range req write-combining for [mem 0x292b4000-0x292b4fff], got write-back
02-12 13:06:53.159     0     0 W x86/PAT : NPDecoder-CL:13435 map pfn RAM range req write-combining for [mem 0x29156000-0x29156fff], got write-back
02-12 13:06:53.161     0     0 W x86/PAT : NPDecoder-CL:13435 map pfn RAM range req write-combining for [mem 0x29295000-0x29295fff], got write-back
02-12 13:06:53.165     0     0 W x86/PAT : NPDecoder-CL:13435 map pfn RAM range req write-combining for [mem 0x29299000-0x29299fff], got write-back
02-12 13:06:53.169     0     0 W x86/PAT : .vorbis.decoder:13449 map pfn RAM range req write-combining for [mem 0x29219000-0x29219fff], got write-back
02-12 13:06:53.171     0     0 W x86/PAT : .vorbis.decoder:13449 map pfn RAM range req write-combining for [mem 0x2913e000-0x2913efff], got write-back
02-12 13:06:53.171     0     0 W x86/PAT : NPDecoder-CL:13435 map pfn RAM range req write-combining for [mem 0x2915e000-0x2915efff], got write-back
02-12 13:06:53.173     0     0 W x86/PAT : .vorbis.decoder:13449 map pfn RAM range req write-combining for [mem 0x29211000-0x29211fff], got write-back
02-12 13:06:53.175     0     0 W x86/PAT : NPDecoder-CL:13435 map pfn RAM range req write-combining for [mem 0x29162000-0x29162fff], got write-back
02-12 13:06:53.178     0     0 W x86/PAT : .vorbis.decoder:13449 map pfn RAM range req write-combining for [mem 0x2929d000-0x2929dfff], got write-back
02-12 13:06:53.183     0     0 W x86/PAT : .vorbis.decoder:13449 map pfn RAM range req write-combining for [mem 0x291e2000-0x291e2fff], got write-back
02-12 13:06:53.188     0     0 W x86/PAT : .vorbis.decoder:13449 map pfn RAM range req write-combining for [mem 0x291d1000-0x291d1fff], got write-back
02-12 13:06:53.188     0     0 W x86/PAT : NPDecoder-CL:13435 map pfn RAM range req write-combining for [mem 0x2915e000-0x2915efff], got write-back
02-12 13:06:53.201   330   330 I android.hardware.vibrator-service.example: Vibrator set amplitude: 0.313726
02-12 13:06:53.193     0     0 W x86/PAT : NPDecoder-CL:13435 map pfn RAM range req write-combining for [mem 0x29162000-0x29162fff], got write-back
02-12 13:06:53.198     0     0 W x86/PAT : .vorbis.decoder:13449 map pfn RAM range req write-combining for [mem 0x29353000-0x29353fff], got write-back
02-12 13:06:53.202     0     0 W x86/PAT : .vorbis.decoder:13449 map pfn RAM range req write-combining for [mem 0x29146000-0x29146fff], got write-back
02-12 13:06:53.205     0     0 W x86/PAT : NPDecoder-CL:13435 map pfn RAM range req write-combining for [mem 0x292b4000-0x292b4fff], got write-back
