--------- beginning of main
02-12 13:06:13.482 11676 11678 I cmd     : oneway function results will be dropped but finished with status OK and parcel size 4
02-12 13:06:13.499  5386  5386 I abb     : StartCommandInProcess(73657474696e67730067657400676c6f settings.get.glo [truncated])
02-12 13:06:13.501  5386  5390 I abb     : oneway function results will be dropped but finished with status OK and parcel size 4
02-12 13:06:13.504  5386  5386 I abb     : StartCommandInProcess(7061636b61676500696e7374616c6c00 package.install. [truncated])
02-12 13:06:13.496   525   525 W Binder:525_11: type=1400 audit(0.0:280): avc: denied { getopt } for scontext=u:r:system_server:s0 tcontext=u:r:shell:s0 tclass=unix_stream_socket permissive=0
--------- beginning of system
02-12 13:06:13.542   525   546 E JobScheduler.Background: App com.google.android.gms became active but still in NEVER bucket
02-12 13:06:13.542   525   558 I DropBoxManagerService: add tag=system_server_wtf isTagEnabled=true flags=0x2
02-12 13:06:13.549   525   636 W RuleEvaluation: Integrity rule files are not available.
02-12 13:06:13.549   525   579 I PackageManager: Integrity check passed for file:///data/app/vmdl137625238.tmp
02-12 13:06:13.553   525   579 I PackageManager: Permission ownership changed. Updating all permissions.
02-12 13:06:13.500   525   525 I chatty  : uid=1000(system) Binder:525_3 identical 2 lines
02-12 13:06:13.520   525   525 W Binder:525_11: type=1400 audit(0.0:283): avc: denied { getopt } for scontext=u:r:system_server:s0 tcontext=u:r:shell:s0 tclass=unix_stream_socket permissive=0
02-12 13:06:13.586   416   424 E installd: Couldn't opendir /data/app/vmdl137625238.tmp: No such file or directory
02-12 13:06:13.586   416   424 E installd: Failed to delete /data/app/vmdl137625238.tmp: No such file or directory
02-12 13:06:13.587  5386  5390 I abb     : oneway function results will be dropped but finished with status OK and parcel size 4
02-12 13:06:13.589  1373  1373 I MediaProvider: Invalidating LocalCallingIdentity cache for package io.github.ylimit.droidbotapp. Reason: package android.intent.action.PACKAGE_ADDED
02-12 13:06:13.584   525   525 W Binder:525_11: type=1400 audit(0.0:284): avc: denied { getopt } for scontext=u:r:system_server:s0 tcontext=u:r:shell:s0 tclass=unix_stream_socket permissive=0
--------- beginning of kernel
02-12 13:06:13.576     0     0 W audit   : audit_lost=32 audit_rate_limit=5 audit_backlog_limit=64
02-12 13:06:13.579     0     0 E audit   : rate limit exceeded
02-12 13:06:13.600   525   546 I RoleManagerService: Granting default roles...
02-12 13:06:13.584   525   525 W Binder:525_11: type=1400 audit(0.0:285): avc: denied { getopt } for scontext=u:r:system_server:s0 tcontext=u:r:shell:s0 tclass=unix_stream_socket permissive=0
02-12 13:06:13.604  1443  1443 I GsaVoiceInteractionSrv: O received Intent { act=android.intent.action.PACKAGE_ADDED dat=package:io.github.ylimit.droidbotapp flg=0x4000010 (has extras) }
02-12 13:06:13.609   525  3281 W BroadcastQueue: Background execution not allowed: receiving Intent { act=android.intent.action.PACKAGE_ADDED dat=package:io.github.ylimit.droidbotapp flg=0x4000010 (has extras) } to com.google.android.packageinstaller/com.android.packageinstaller.PackageInstalledReceiver
02-12 13:06:13.612   525   627 I InputReader: Reconfiguring input devices, changes=KEYBOARD_LAYOUTS | 
02-12 13:06:13.616   525   558 W BroadcastQueue: Background execution not allowed: receiving Intent { act=android.intent.action.PACKAGE_ADDED dat=package:io.github.ylimit.droidbotapp flg=0x4000010 (has extras) } to com.google.android.gms/.games.chimera.GamesSystemBroadcastReceiverProxy
02-12 13:06:13.616   525   558 W BroadcastQueue: Background execution not allowed: receiving Intent { act=android.intent.action.PACKAGE_ADDED dat=package:io.github.ylimit.droidbotapp flg=0x4000010 (has extras) } to com.google.android.gms/.gass.chimera.PackageChangeBroadcastReceiver
02-12 13:06:13.617   525   558 W BroadcastQueue: Background execution not allowed: receiving Intent { act=android.intent.action.PACKAGE_ADDED dat=package:io.github.ylimit.droidbotapp flg=0x4000010 (has extras) } to com.google.android.gms/.chimera.GmsIntentOperationService$PersistentTrustedReceiver
02-12 13:06:13.618   525   558 W BroadcastQueue: Background execution not allowed: receiving Intent { act=android.intent.action.PACKAGE_ADDED dat=package:io.github.ylimit.droidbotapp flg=0x4000010 (has extras) } to com.google.android.googlequicksearchbox/com.google.android.apps.gsa.googlequicksearchbox.GelStubAppWatcher
02-12 13:06:13.619   525   558 W BroadcastQueue: Background execution not allowed: receiving Intent { act=android.intent.action.PACKAGE_ADDED dat=package:io.github.ylimit.droidbotapp flg=0x4000010 (has extras) } to com.google.android.ims/.receivers.RcsAutoStartReceiver
02-12 13:06:13.667  7751 10968 I ProvidersCache: Provider returned no roots. Possibly naughty: com.google.android.apps.docs.storage
02-12 13:06:13.670   525   525 I Telecom : DefaultDialerCache: Refreshing default dialer for user 0: now com.android.dialer: DDC.oR@AJc
02-12 13:06:13.670  1225 11695 W GCM     : Unexpected forwarded intent: Intent { act=android.intent.action.PACKAGE_ADDED dat=package:io.github.ylimit.droidbotapp flg=0x4000010 cmp=com.google.android.gms/.chimera.PersistentIntentOperationService (has extras) }
02-12 13:06:13.676   525  1846 W ActivityManager: Unable to start service Intent { act=com.google.android.gms.auth.key.retrieval.service.START pkg=com.google.android.gms } U=0: not found
02-12 13:06:13.672  1225 11695 W GCM     : Unexpected forwarded intent: Intent { act=android.intent.action.PACKAGE_ADDED dat=package:io.github.ylimit.droidbotapp flg=0x4000010 cmp=com.google.android.gms/.chimera.PersistentIntentOperationService (has extras) }
02-12 13:06:13.677 11685 11694 I cmd     : oneway function results will be dropped but finished with status OK and parcel size 4
02-12 13:06:13.677   525  1325 W ActivityManager: Unbind failed: could not find connection for android.os.BinderProxy@b7647ce
02-12 13:06:13.678  2823  2993 E GmsClient: unable to connect to service: com.google.android.gms.auth.key.retrieval.service.START on com.google.android.gms
02-12 13:06:13.682  2823 11699 I Auth    : [SupervisedAccountIntentOperation] onHandleIntent(): android.intent.action.PACKAGE_ADDED
02-12 13:06:13.683  2823 11699 I ChromeSync: [Sync,SyncIntentOperation] Handling the intent: Intent { act=android.intent.action.PACKAGE_ADDED dat=package:io.github.ylimit.droidbotapp flg=0x4000010 cmp=com.google.android.gms/.chimera.GmsIntentOperationService (has extras) }.
02-12 13:06:13.684  2823 11700 I FontsPackageChangeOp: Package io.github.ylimit.droidbotapp has no metadata
02-12 13:06:13.701  2823 11699 I ChromeSync: [Persistence,AffiliationManager] One of affiliation or grouping data for android://gbttc-30nINaJL38wzGBzG16tLJsIGpGMovxwiVcS-z_-QQGUJrS3tJUSL94gYlFAj6c8yRXuQFUoAnG-72xwQ==@io.github.ylimit.droidbotapp/ was not found. Marking affiliation data as stale...
02-12 13:06:13.719  3992  4021 I PermissionControllerServiceImpl: Updating user sensitive for uid 10172
02-12 13:06:13.742   525   627 I InputReader: Reconfiguring input devices, changes=KEYBOARD_LAYOUTS | 
02-12 13:06:13.767  1225 11697 I Fitness : OnPackageChangedOperation got intent: Intent { act=android.intent.action.PACKAGE_CHANGED dat=package:io.github.ylimit.droidbotapp flg=0x5000010 cmp=com.google.android.gms/.chimera.PersistentIntentOperationService (has extras) } [CONTEXT service_id=17 ]
02-12 13:06:13.801   525   535 I system_server: Background concurrent copying GC freed 190227(8897KB) AllocSpace objects, 68(3324KB) LOS objects, 49% free, 19MB/39MB, paused 4ms total 214.840ms
02-12 13:06:13.802  2823 11691 E ConfigFileUtils: Failed to read config file: /data/user_de/0/com.google.android.gms/app_chimera/next_container.pb: open failed: ENOENT (No such file or directory)
02-12 13:06:13.809  1225 11692 I Fitness : FitCleanupIntentOperation received Intent android.intent.action.PACKAGE_CHANGED [CONTEXT service_id=17 ]
02-12 13:06:13.809  1225 11697 I Fitness : OnPackageChangedOperation got intent: Intent { act=android.intent.action.PACKAGE_CHANGED dat=package:io.github.ylimit.droidbotapp flg=0x5000010 cmp=com.google.android.gms/.chimera.PersistentIntentOperationService (has extras) } [CONTEXT service_id=17 ]
02-12 13:06:13.811  7751 10968 I ProvidersCache: Provider returned no roots. Possibly naughty: com.google.android.apps.docs.storage
02-12 13:06:13.822  3992  4021 I PermissionControllerServiceImpl: Updating user sensitive for uid 10172
02-12 13:06:13.825 11717 11720 I cmd     : oneway function results will be dropped but finished with status OK and parcel size 4
02-12 13:06:13.829  2823 11691 I ChmraDebugLogger: [73] 1801
02-12 13:06:13.831  2823 11691 I ChmraDebugLogger: [30] [Pay.optional:201817020000] permitMetered=true,
02-12 13:06:13.832  2823  3099 I Icing   : IndexChimeraService.getServiceInterface callingPackage=com.google.android.gms componentName=AppsCorpus serviceId=36 [CONTEXT service_id=21 ]
02-12 13:06:13.838   525   559 I ActivityManager: Start proc 11721:io.github.ylimit.droidbotapp/u0a172 for service {io.github.ylimit.droidbotapp/io.github.privacystreams.accessibility.PSAccessibilityService}
02-12 13:06:13.838  1225 11696 I Fitness : FitCleanupIntentOperation received Intent android.intent.action.PACKAGE_CHANGED [CONTEXT service_id=17 ]
02-12 13:06:13.846  2823 11691 W ChimeraConfigService: Retry attempt was throttled.
02-12 13:06:13.848 11721 11721 I mit.droidbotap: Late-enabling -Xcheck:jni
02-12 13:06:13.854   525   525 I Telecom : DefaultDialerCache: Refreshing default dialer for user 0: now com.android.dialer: DDC.oR@AJg
02-12 13:06:13.862 11721 11721 I mit.droidbotap: Unquickening 12 vdex files!
02-12 13:06:13.863 11721 11721 W mit.droidbotap: Unexpected CPU variant for X86 using defaults: x86
02-12 13:06:13.870   388   415 I adbd    : jdwp connection from 11721
02-12 13:06:13.876  2823  2856 I gle.android.gm: Waiting for a blocking GC ProfileSaver
02-12 13:06:13.882  1081  1488 E FrameEvents: updateAcquireFence: Did not find frame.
02-12 13:06:13.917  2823  2856 I gle.android.gm: WaitForGcToComplete blocked ProfileSaver on ProfileSaver for 40.997ms
02-12 13:06:13.947  2823  3087 I Icing   : IndexChimeraService.getServiceInterface callingPackage=com.google.android.gms componentName=null serviceId=30 [CONTEXT service_id=21 ]
02-12 13:06:13.963  2823  7984 I Icing   : Usage reports ok 1, Failed Usage reports 0, indexed 0, rejected 0 [CONTEXT service_id=21 ]
02-12 13:06:13.980  2823  7984 I Icing   : Usage reports ok 0, Failed Usage reports 0, indexed 0, rejected 0 [CONTEXT service_id=21 ]
02-12 13:06:13.985  2823  7984 I Icing   : Indexing com.google.android.gms-internal.3p:MobileApplication from com.google.android.gms using seqno 88 [CONTEXT service_id=21 ]
02-12 13:06:13.990  2823  7984 I chatty  : uid=10121(com.google.android.gms) lowpool[14] identical 1 line
02-12 13:06:13.991  2823  7984 I Icing   : Indexing com.google.android.gms-internal.3p:MobileApplication from com.google.android.gms using seqno 88 [CONTEXT service_id=21 ]
02-12 13:06:14.008  2823  7984 I Icing   : Indexing com.google.android.gms-apps from com.google.android.gms [CONTEXT service_id=21 ]
02-12 13:06:14.031  2823  3087 I Icing   : IndexChimeraService.getServiceInterface callingPackage=com.google.android.gms componentName=null serviceId=36 [CONTEXT service_id=21 ]
02-12 13:06:14.032  2823  7984 I Icing   : Indexing done com.google.android.gms-apps [CONTEXT service_id=21 ]
02-12 13:06:14.033  2823  7984 I Icing   : Indexing com.google.android.gms-apps from com.google.android.gms [CONTEXT service_id=21 ]
02-12 13:06:14.034  2823  7984 I Icing   : Indexing done com.google.android.gms-apps [CONTEXT service_id=21 ]
02-12 13:06:14.045  2823  7984 I Icing   : Usage reports ok 0, Failed Usage reports 0, indexed 0, rejected 0 [CONTEXT service_id=21 ]
02-12 13:06:14.073  2823  7984 I Icing   : Indexing com.google.android.gms-apps from com.google.android.gms [CONTEXT service_id=21 ]
02-12 13:06:14.089  2823  7984 I Icing   : Indexing done com.google.android.gms-apps [CONTEXT service_id=21 ]
02-12 13:06:14.212 11775 11777 I cmd     : oneway function results will be dropped but finished with status OK and parcel size 4
02-12 13:06:14.346   181   181 I hwservicemanager: getTransport: Cannot find entry android.hardware.graphics.mapper@4.0::IMapper/default in either framework or device manifest.
02-12 13:06:14.346 11789 11792 I Gralloc4: mapper 4.x is not supported
02-12 13:06:14.377   181   181 I hwservicemanager: getTransport: Cannot find entry android.hardware.graphics.allocator@4.0::IAllocator/default in either framework or device manifest.
02-12 13:06:14.377 11789 11792 W Gralloc4: allocator 3.x is not supported
02-12 13:06:15.548   525   558 W BroadcastQueue: Background execution not allowed: receiving Intent { act=android.intent.action.DROPBOX_ENTRY_ADDED flg=0x10 (has extras) } to com.google.android.gms/.stats.service.DropBoxEntryAddedReceiver
02-12 13:06:15.548   525   558 W BroadcastQueue: Background execution not allowed: receiving Intent { act=android.intent.action.DROPBOX_ENTRY_ADDED flg=0x10 (has extras) } to com.google.android.gms/.chimera.GmsIntentOperationService$PersistentTrustedReceiver
02-12 13:06:16.427 11810 11815 I cmd     : oneway function results will be dropped but finished with status OK and parcel size 4
02-12 13:06:16.440  1271  1271 W KeyboardModeManager: KeyboardModeManager.setInputView():302 setInputView() : inputView = null
02-12 13:06:16.442  1271 11819 I JapaneseMozcExtension: JapaneseMozcExtension.onDestroyServiceInternal():81 onDestroyServiceInternal()
02-12 13:06:16.446  1271  1271 I ProactiveSuggestionsHolderManager: ProactiveSuggestionsHolderManager.destroy():263 trying to destroy ProactiveSuggestionsHolderManager when keyboardViewController is null
02-12 13:06:16.462  1271  1271 E MaestroExtensionImpl: MaestroExtensionImpl.disconnectFromAssistant():478 disconnectFromAssistant() : Client unexpectedly null.
02-12 13:06:16.483   525  1839 W ActivityTaskManager: Current config: {1.0 310mcc260mnc [en_US] ldltr sw392dp w392dp h750dp 440dpi nrml long port finger qwerty/v/v dpad/v winConfig={ mBounds=Rect(0, 0 - 1080, 2340) mAppBounds=Rect(0, 136 - 1080, 2208) mWindowingMode=fullscreen mDisplayWindowingMode=fullscreen mActivityType=undefined mAlwaysOnTop=undefined mRotation=ROTATION_0} s.31} unchanged for IME proc io.github.ylimit.droidbotapp
02-12 13:06:16.571 11839 11841 I cmd     : oneway function results will be dropped but finished with status OK and parcel size 4
02-12 13:06:16.684 11849 11849 E libc    : Access denied finding property "persist.device_config.runtime_native_boot.profilebootclasspath"
02-12 13:06:16.684 11849 11849 E libc    : Access denied finding property "persist.device_config.runtime_native_boot.enable_apex_image"
02-12 13:06:16.684 11849 11849 I AndroidRuntime: Using default boot image
02-12 13:06:16.684 11849 11849 E libc    : Access denied finding property "persist.device_config.runtime_native_boot.disable_lock_profiling"
02-12 13:06:16.684 11849 11849 I AndroidRuntime: Leaving lock profiling enabled
02-12 13:06:16.684 11849 11849 E libc    : Access denied finding property "persist.device_config.runtime_native_boot.enable_generational_cc"
02-12 13:06:16.685 11849 11849 I app_process: Core platform API reporting enabled, enforcing=false
02-12 13:06:16.680 11849 11849 W app_process: type=1400 audit(0.0:287): avc: denied { read } for name="u:object_r:device_config_runtime_native_boot_prop:s0" dev="tmpfs" ino=8279 scontext=u:r:shell:s0 tcontext=u:object_r:device_config_runtime_native_boot_prop:s0 tclass=file permissive=0
02-12 13:06:16.717 11849 11849 W app_process: Unexpected CPU variant for X86 using defaults: x86
02-12 13:06:16.718 11849 11849 I app_process: The ClassLoaderContext is a special shared library.
02-12 13:06:16.725 11849 11849 W app_process: JNI RegisterNativeMethods: attempt to register 0 native methods for android.media.AudioAttributes
02-12 13:06:16.483   525  1839 W ActivityTaskManager: Current config: {1.0 310mcc260mnc [en_US] ldltr sw392dp w392dp h750dp 440dpi nrml long port finger qwerty/v/v dpad/v winConfig={ mBounds=Rect(0, 0 - 1080, 2340) mAppBounds=Rect(0, 136 - 1080, 2208) mWindowingMode=fullscreen mDisplayWindowingMode=fullscreen mActivityType=undefined mAlwaysOnTop=undefined mRotation=ROTATION_0} s.31} unchanged for IME proc io.github.ylimit.droidbotapp
02-12 13:06:17.204 11869 11869 E libc    : Access denied finding property "persist.device_config.runtime_native_boot.profilebootclasspath"
02-12 13:06:17.205 11869 11869 E libc    : Access denied finding property "persist.device_config.runtime_native_boot.enable_apex_image"
02-12 13:06:17.205 11869 11869 I AndroidRuntime: Using default boot image
02-12 13:06:17.205 11869 11869 E libc    : Access denied finding property "persist.device_config.runtime_native_boot.disable_lock_profiling"
02-12 13:06:17.205 11869 11869 I AndroidRuntime: Leaving lock profiling enabled
02-12 13:06:17.205 11869 11869 E libc    : Access denied finding property "persist.device_config.runtime_native_boot.enable_generational_cc"
02-12 13:06:17.206 11869 11869 I app_process: Core platform API reporting enabled, enforcing=false
02-12 13:06:17.200 11869 11869 W app_process: type=1400 audit(0.0:291): avc: denied { read } for name="u:object_r:device_config_runtime_native_boot_prop:s0" dev="tmpfs" ino=8279 scontext=u:r:shell:s0 tcontext=u:object_r:device_config_runtime_native_boot_prop:s0 tclass=file permissive=0
02-12 13:06:17.193     0     0 W audit   : audit_lost=33 audit_rate_limit=5 audit_backlog_limit=64
02-12 13:06:17.195     0     0 E audit   : rate limit exceeded
02-12 13:06:17.240 11869 11869 W app_process: Unexpected CPU variant for X86 using defaults: x86
02-12 13:06:17.240 11869 11869 I app_process: The ClassLoaderContext is a special shared library.
02-12 13:06:17.248 11869 11869 W app_process: JNI RegisterNativeMethods: attempt to register 0 native methods for android.media.AudioAttributes
02-12 13:06:17.254   525   547 E RemoteAugmentedAutofillService: Bad service name for flags 1048704: com.google.android.as/com.google.android.apps.miphone.aiai.app.AiAiAugmentedAutofillService
02-12 13:06:17.714 11907 11909 I cmd     : oneway function results will be dropped but finished with status OK and parcel size 4
02-12 13:06:17.739   179   179 I servicemanager: Since 'apexservice' could not be found, trying to start it as a lazy AIDL service
02-12 13:06:17.729     0     0 I init    : starting service 'apexd'...
02-12 13:06:17.732     0     0 I init    : Control message: Processed ctl.interface_start for 'aidl/apexservice' from pid: 179 (/system/bin/servicemanager)
02-12 13:06:17.740     0     0 I apexd   : Scanning /system/apex for preinstalled data
02-12 13:06:17.743     0     0 I apexd   : Scanning /system_ext/apex for preinstalled data
02-12 13:06:17.744     0     0 I apexd   : ... does not exist. Skipping
02-12 13:06:17.744     0     0 I apexd   : Scanning /product/apex for preinstalled data
02-12 13:06:17.745     0     0 I apexd   : ... does not exist. Skipping
02-12 13:06:17.746     0     0 I apexd   : Scanning /vendor/apex for preinstalled data
02-12 13:06:17.747     0     0 I apexd   : ... does not exist. Skipping
02-12 13:06:17.748     0     0 I apexd   : Populating APEX database from mounts...
02-12 13:06:17.749     0     0 I apexd   : Found "/apex/com.android.tethering@300900700" backed by file /system/apex/com.google.android.tethering.apex
02-12 13:06:17.750     0     0 I apexd   : Found "/apex/com.android.conscrypt@300900703" backed by file /system/apex/com.google.android.conscrypt.apex
02-12 13:06:17.752     0     0 I apexd   : Found "/apex/com.android.tzdata@300900700" backed by file /system/apex/com.google.android.tzdata2.apex
02-12 13:06:17.754     0     0 I apexd   : Found "/apex/com.android.ipsec@300900700" backed by file /system/apex/com.google.android.ipsec.apex
02-12 13:06:17.756     0     0 I apexd   : Found "/apex/com.android.telephony@1" backed by file /system/apex/com.google.android.telephony.apex
02-12 13:06:17.758     0     0 I apexd   : Found "/apex/com.android.os.statsd@300900700" backed by file /system/apex/com.google.android.os.statsd.apex
02-12 13:06:17.759     0     0 I apexd   : Found "/apex/com.android.runtime@1" backed by file /system/apex/com.android.runtime.apex
02-12 13:06:17.761     0     0 I apexd   : Found "/apex/com.android.media.swcodec@300900714" backed by file /system/apex/com.google.android.media.swcodec.apex
02-12 13:06:17.763     0     0 I apexd   : Found "/apex/com.android.wifi@300900711" backed by file /system/apex/com.google.android.wifi.apex
02-12 13:06:17.765     0     0 I apexd   : Found "/apex/com.android.resolv@300900700" backed by file /system/apex/com.google.android.resolv.apex
02-12 13:06:17.766     0     0 I apexd   : Found "/apex/com.android.sdkext@300900700" backed by file /system/apex/com.google.android.sdkext.apex
02-12 13:06:17.768     0     0 I apexd   : Found "/apex/com.android.adbd@300900700" backed by file /system/apex/com.google.android.adbd.apex
02-12 13:06:17.769     0     0 I apexd   : Found "/apex/com.android.vndk.v30@1" backed by file /system/apex/com.android.vndk.current.apex
02-12 13:06:17.771     0     0 I apexd   : Found "/apex/com.android.art@1" backed by file /system/apex/com.android.art.debug.apex
02-12 13:06:17.773     0     0 I apexd   : Found "/apex/com.android.cellbroadcast@300900720" backed by file /system/apex/com.google.android.cellbroadcast.apex
02-12 13:06:17.774     0     0 I apexd   : Found "/apex/com.android.mediaprovider@300900719" backed by file /system/apex/com.google.android.mediaprovider.apex
02-12 13:06:17.776     0     0 I apexd   : Found "/apex/com.android.i18n@1" backed by file /system/apex/com.android.i18n.apex
02-12 13:06:17.778     0     0 I apexd   : Found "/apex/com.android.extservices@300900700" backed by file /system/apex/com.google.android.extservices.apex
02-12 13:06:17.779     0     0 I apexd   : Found "/apex/com.android.media@300900700" backed by file /system/apex/com.google.android.media.apex
02-12 13:06:17.781     0     0 I apexd   : Found "/apex/com.android.permission@300900706" backed by file /system/apex/com.google.android.permission.apex
02-12 13:06:17.782     0     0 I apexd   : Found "/apex/com.android.apex.cts.shim@1" backed by file /system/apex/com.android.apex.cts.shim.apex
02-12 13:06:17.784     0     0 I apexd   : Found "/apex/com.android.neuralnetworks@300900700" backed by file /system/apex/com.google.android.neuralnetworks.apex
02-12 13:06:17.799   179   179 I BpBinder: onLastStrongRef automatically unlinking death recipients: <uncached descriptor>
02-12 13:06:17.786     0     0 I apexd   : 22 packages restored.
02-12 13:06:17.787     0     0 I AidlLazyServiceRegistrar: Registering service apexservice
02-12 13:06:17.788     0     0 I AidlLazyServiceRegistrar: Trying to shut down the service. No clients in use for any service in process.
02-12 13:06:17.801   179   179 I servicemanager: Tried to unregister apexservice, but there is about to be a client.
02-12 13:06:17.791     0     0 I AidlLazyServiceRegistrar: Failed to unregister service apexservice
02-12 13:06:17.972 11934 11936 I cmd     : oneway function results will be dropped but finished with status OK and parcel size 4
02-12 13:06:18.065   525  1839 I ActivityManager: Force stopping com.google.android.deskclock appid=10130 user=0: from pid 11946
02-12 13:06:18.068 11946 11948 I cmd     : oneway function results will be dropped but finished with status OK and parcel size 4
02-12 13:06:18.120 11949 11949 E libc    : Access denied finding property "persist.device_config.runtime_native_boot.profilebootclasspath"
02-12 13:06:18.120 11949 11949 E libc    : Access denied finding property "persist.device_config.runtime_native_boot.enable_apex_image"
02-12 13:06:18.120 11949 11949 I AndroidRuntime: Using default boot image
02-12 13:06:18.120 11949 11949 E libc    : Access denied finding property "persist.device_config.runtime_native_boot.disable_lock_profiling"
02-12 13:06:18.120 11949 11949 I AndroidRuntime: Leaving lock profiling enabled
02-12 13:06:18.120 11949 11949 E libc    : Access denied finding property "persist.device_config.runtime_native_boot.enable_generational_cc"
02-12 13:06:18.121 11949 11949 W app_process: Could not reserve sentinel fault page
02-12 13:06:18.121 11949 11949 I app_process: Core platform API reporting enabled, enforcing=false
02-12 13:06:18.116 11949 11949 W app_process: type=1400 audit(0.0:295): avc: denied { read } for name="u:object_r:device_config_runtime_native_boot_prop:s0" dev="tmpfs" ino=8279 scontext=u:r:shell:s0 tcontext=u:object_r:device_config_runtime_native_boot_prop:s0 tclass=file permissive=0
02-12 13:06:18.153 11949 11949 W app_process: Unexpected CPU variant for X86 using defaults: x86
02-12 13:06:18.154 11949 11949 I app_process: The ClassLoaderContext is a special shared library.
02-12 13:06:18.162 11949 11949 W app_process: JNI RegisterNativeMethods: attempt to register 0 native methods for android.media.AudioAttributes
02-12 13:06:18.170   525   547 I ActivityTaskManager: START u0 {act=android.intent.action.MAIN cat=[android.intent.category.HOME] flg=0x10000100 cmp=com.google.android.apps.nexuslauncher/.NexusLauncherActivity (has extras)} from uid 0
02-12 13:06:18.173   525  1840 W ActivityManager: Unable to start service Intent { act=android.service.appprediction.AppPredictionService cmp=com.google.android.as/com.google.android.apps.miphone.aiai.app.AiAiPredictionService } U=0: not found
02-12 13:06:18.173   525  1840 W RemoteAppPredictionService: could not bind to Intent { act=android.service.appprediction.AppPredictionService cmp=com.google.android.as/com.google.android.apps.miphone.aiai.app.AiAiPredictionService } using flags 67108865
02-12 13:06:18.175   399   399 I perfetto: ing_service_impl.cc:758 Configured tracing session 9, #sources:1, duration:5000 ms, #buffers:1, total buffer size:4096 KB, total sessions:1, uid:1071 session name: ""
02-12 13:06:18.175   394   394 I perfetto: probes_producer.cc:230  Ftrace setup (target_buf=9)
02-12 13:06:18.207   394   394 I perfetto: ftrace_procfs.cc:176    enabled ftrace
02-12 13:06:18.195     0     0 W perfetto: enabled ftrace
02-12 13:06:19.760 11990 11992 I cmd     : oneway function results will be dropped but finished with status OK and parcel size 4
02-12 13:06:19.992 12017 12019 I cmd     : oneway function results will be dropped but finished with status OK and parcel size 4
02-12 13:06:20.230 12044 12046 I cmd     : oneway function results will be dropped but finished with status OK and parcel size 4
02-12 13:06:20.323   525  1839 I ActivityTaskManager: START u0 {act=android.intent.action.MAIN cat=[android.intent.category.LAUNCHER] flg=0x10000000 cmp=com.google.android.deskclock/com.android.deskclock.DeskClock} from uid 2000
02-12 13:06:20.325   399   399 I perfetto: ing_service_impl.cc:758 Configured tracing session 10, #sources:1, duration:5000 ms, #buffers:1, total buffer size:4096 KB, total sessions:2, uid:1071 session name: ""
02-12 13:06:20.326   394   394 I perfetto: probes_producer.cc:230  Ftrace setup (target_buf=10)
02-12 13:06:20.370   525   559 I ActivityManager: Start proc 12064:com.google.android.deskclock/u0a130 for pre-top-activity {com.google.android.deskclock/com.android.deskclock.DeskClock}
02-12 13:06:20.374 12064 12064 W droid.deskcloc: Unexpected CPU variant for X86 using defaults: x86
02-12 13:06:20.384   388   415 I adbd    : jdwp connection from 12064
02-12 13:06:20.403 12064 12064 I droid.deskcloc: The ClassLoaderContext is a special shared library.
02-12 13:06:20.404   179   179 I servicemanager: Notifying apexservice they have clients: 1
02-12 13:06:20.404   179   179 I servicemanager: Notifying apexservice they have clients: 0
02-12 13:06:20.405 12064 12064 I droid.deskcloc: The ClassLoaderContext is a special shared library.
02-12 13:06:20.394     0     0 I AidlLazyServiceRegistrar: Process has 1 (of 1 available) client(s) in use after notification android.apex.IApexService has clients: 1
02-12 13:06:20.397     0     0 I AidlLazyServiceRegistrar: Process has 0 (of 1 available) client(s) in use after notification android.apex.IApexService has clients: 0
02-12 13:06:20.401     0     0 I AidlLazyServiceRegistrar: Trying to shut down the service. No clients in use for any service in process.
02-12 13:06:20.415   179   179 I BpBinder: onLastStrongRef automatically unlinking death recipients: <uncached descriptor>
02-12 13:06:20.404     0     0 I AidlLazyServiceRegistrar: Unregistered all clients and exiting
02-12 13:06:20.407     0     0 I init    : Service 'apexd' (pid 11914) exited with status 0 oneshot service took 2.676000 seconds in background
02-12 13:06:20.409     0     0 I init    : Sending signal 9 to service 'apexd' (pid 11914) process group...
02-12 13:06:20.422 12064 12064 W PrimesInit: Primes instant initialization
02-12 13:06:20.423 12064 12093 W Primes  : background initialization
02-12 13:06:20.411     0     0 I libprocessgroup: Successfully killed process cgroup uid 0 pid 11914 in 0ms
02-12 13:06:20.428 12064 12094 I GAv4    : Google Analytics 18.5.89 is starting up. To enable debug logging on a device run:
02-12 13:06:20.428 12064 12094 I GAv4    :   adb shell setprop log.tag.GAv4 DEBUG
02-12 13:06:20.428 12064 12094 I GAv4    :   adb logcat -s GAv4
02-12 13:06:20.457  2823  6597 I FontsContentProvider: Received query Google Sans:500, URI content://com.google.android.gms.fonts
02-12 13:06:20.457  2823  6597 I FontsContentProvider: Query [Google Sans:500] resolved to {Google Sans, wdth 100.0, wght 500, ital 0.0, bestEffort false}
02-12 13:06:20.461  2823  6597 I FontsContentProvider: Fetch {Google Sans, wdth 100.0, wght 500, ital 0.0, bestEffort false} end status Status{statusCode=SUCCESS, resolution=null}
02-12 13:06:20.462 12064 12103 W GAv4    : AnalyticsReceiver is not registered or is disabled. Register the receiver for reliable dispatching on non-Google Play devices. See http://goo.gl/8Rd3yj for instructions.
02-12 13:06:20.463 12064 12103 W GAv4    : CampaignTrackingReceiver is not registered, not exported or is disabled. Installation campaign tracking is not possible. See http://goo.gl/8Rd3yj for instructions.
02-12 13:06:20.466 12064 12103 W GAv4    : AnalyticsService not registered in the app manifest. Hits might not be delivered reliably. See http://goo.gl/8Rd3yj for instructions.
02-12 13:06:20.473  2823  6597 I FontsContentProvider: Pulling font file for id = 23, cache size = 6
02-12 13:06:20.480 12064 12093 I PrimesTesting: GserviceFlagsSupplier.get()
02-12 13:06:20.483  2823  6597 I FontsContentProvider: Received query Google Sans, URI content://com.google.android.gms.fonts
02-12 13:06:20.483  2823  6597 I FontsContentProvider: Query [Google Sans] resolved to {Google Sans, wdth 100.0, wght 400, ital 0.0, bestEffort false}
02-12 13:06:20.484  2823  6597 I FontsContentProvider: Fetch {Google Sans, wdth 100.0, wght 400, ital 0.0, bestEffort false} end status Status{statusCode=SUCCESS, resolution=null}
02-12 13:06:20.493  2823  6597 I FontsContentProvider: Pulling font file for id = 24, cache size = 6
02-12 13:06:20.511 12064 12064 I AppLifecycleTracker: onActivityCreated: 
02-12 13:06:20.517 12064 12064 I AppCompatDelegate: Failed to instantiate custom view inflater android.support.v7.app.AppCompatViewInflater. Falling back to default.
02-12 13:06:20.517 12064 12064 I AppCompatDelegate: java.lang.ClassNotFoundException: android.support.v7.app.AppCompatViewInflater
02-12 13:06:20.517 12064 12064 I AppCompatDelegate: 	at java.lang.Class.classForName(Native Method)
02-12 13:06:20.517 12064 12064 I AppCompatDelegate: 	at java.lang.Class.forName(Class.java:454)
02-12 13:06:20.517 12064 12064 I AppCompatDelegate: 	at java.lang.Class.forName(Class.java:379)
02-12 13:06:20.517 12064 12064 I AppCompatDelegate: 	at sa.a(PG:449)
02-12 13:06:20.517 12064 12064 I AppCompatDelegate: 	at sa.onCreateView(PG:460)
02-12 13:06:20.517 12064 12064 I AppCompatDelegate: 	at android.view.LayoutInflater.tryCreateView(LayoutInflater.java:1059)
02-12 13:06:20.517 12064 12064 I AppCompatDelegate: 	at android.view.LayoutInflater.createViewFromTag(LayoutInflater.java:995)
02-12 13:06:20.517 12064 12064 I AppCompatDelegate: 	at android.view.LayoutInflater.createViewFromTag(LayoutInflater.java:959)
02-12 13:06:20.517 12064 12064 I AppCompatDelegate: 	at android.view.LayoutInflater.inflate(LayoutInflater.java:657)
02-12 13:06:20.517 12064 12064 I AppCompatDelegate: 	at android.view.LayoutInflater.inflate(LayoutInflater.java:532)
02-12 13:06:20.517 12064 12064 I AppCompatDelegate: 	at android.view.LayoutInflater.inflate(LayoutInflater.java:479)
02-12 13:06:20.517 12064 12064 I AppCompatDelegate: 	at com.android.internal.policy.DecorView.onResourcesLoaded(DecorView.java:2103)
02-12 13:06:20.517 12064 12064 I AppCompatDelegate: 	at com.android.internal.policy.PhoneWindow.generateLayout(PhoneWindow.java:2630)
02-12 13:06:20.517 12064 12064 I AppCompatDelegate: 	at com.android.internal.policy.PhoneWindow.installDecor(PhoneWindow.java:2693)
02-12 13:06:20.517 12064 12064 I AppCompatDelegate: 	at com.android.internal.policy.PhoneWindow.getDecorView(PhoneWindow.java:2116)
02-12 13:06:20.517 12064 12064 I AppCompatDelegate: 	at apq.onCreate(PG:4)
02-12 13:06:20.517 12064 12064 I AppCompatDelegate: 	at com.android.deskclock.DeskClock.onCreate(PG:31)
02-12 13:06:20.517 12064 12064 I AppCompatDelegate: 	at android.app.Activity.performCreate(Activity.java:7994)
02-12 13:06:20.517 12064 12064 I AppCompatDelegate: 	at android.app.Activity.performCreate(Activity.java:7978)
02-12 13:06:20.517 12064 12064 I AppCompatDelegate: 	at android.app.Instrumentation.callActivityOnCreate(Instrumentation.java:1309)
02-12 13:06:20.517 12064 12064 I AppCompatDelegate: 	at android.app.ActivityThread.performLaunchActivity(ActivityThread.java:3422)
02-12 13:06:20.517 12064 12064 I AppCompatDelegate: 	at android.app.ActivityThread.handleLaunchActivity(ActivityThread.java:3601)
02-12 13:06:20.517 12064 12064 I AppCompatDelegate: 	at android.app.servertransaction.LaunchActivityItem.execute(LaunchActivityItem.java:85)
02-12 13:06:20.517 12064 12064 I AppCompatDelegate: 	at android.app.servertransaction.TransactionExecutor.executeCallbacks(TransactionExecutor.java:135)
02-12 13:06:20.517 12064 12064 I AppCompatDelegate: 	at android.app.servertransaction.TransactionExecutor.execute(TransactionExecutor.java:95)
02-12 13:06:20.517 12064 12064 I AppCompatDelegate: 	at android.app.ActivityThread$H.handleMessage(ActivityThread.java:2066)
02-12 13:06:20.517 12064 12064 I AppCompatDelegate: 	at android.os.Handler.dispatchMessage(Handler.java:106)
02-12 13:06:20.517 12064 12064 I AppCompatDelegate: 	at android.os.Looper.loop(Looper.java:223)
02-12 13:06:20.517 12064 12064 I AppCompatDelegate: 	at android.app.ActivityThread.main(ActivityThread.java:7656)
02-12 13:06:20.517 12064 12064 I AppCompatDelegate: 	at java.lang.reflect.Method.invoke(Native Method)
02-12 13:06:20.517 12064 12064 I AppCompatDelegate: 	at com.android.internal.os.RuntimeInit$MethodAndArgsCaller.run(RuntimeInit.java:592)
02-12 13:06:20.517 12064 12064 I AppCompatDelegate: 	at com.android.internal.os.ZygoteInit.main(ZygoteInit.java:947)
02-12 13:06:20.517 12064 12064 I AppCompatDelegate: Caused by: java.lang.ClassNotFoundException: android.support.v7.app.AppCompatViewInflater
02-12 13:06:20.517 12064 12064 I AppCompatDelegate: 	... 32 more
02-12 13:06:20.524 12064 12064 I AppCompatViewInflater: app:theme is now deprecated. Please move to using android:theme instead.
02-12 13:06:20.546  2823  6597 I FontsContentProvider: Received query Google Sans:500, URI content://com.google.android.gms.fonts
02-12 13:06:20.546  2823  6597 I FontsContentProvider: Query [Google Sans:500] resolved to {Google Sans, wdth 100.0, wght 500, ital 0.0, bestEffort false}
02-12 13:06:20.548  2823  6597 I FontsContentProvider: Fetch {Google Sans, wdth 100.0, wght 500, ital 0.0, bestEffort false} end status Status{statusCode=SUCCESS, resolution=null}
02-12 13:06:20.575  2823  6597 I FontsContentProvider: Pulling font file for id = 25, cache size = 6
02-12 13:06:20.595 12064 12064 I AppLifecycleTracker: onActivityStarted: 
02-12 13:06:20.597 12064 12064 I AppLifecycleTracker: App transition to foreground
02-12 13:06:20.599 12064 12064 I AppLifecycleTracker: onActivityResumed: 
02-12 13:06:20.632  2823  6597 I FontsContentProvider: Received query Google Sans, URI content://com.google.android.gms.fonts
02-12 13:06:20.632  2823  6597 I FontsContentProvider: Query [Google Sans] resolved to {Google Sans, wdth 100.0, wght 400, ital 0.0, bestEffort false}
02-12 13:06:20.635  2823  6597 I FontsContentProvider: Fetch {Google Sans, wdth 100.0, wght 400, ital 0.0, bestEffort false} end status Status{statusCode=SUCCESS, resolution=null}
02-12 13:06:20.641  2823  6597 I FontsContentProvider: Pulling font file for id = 26, cache size = 7
02-12 13:06:20.662   330   330 I android.hardware.vibrator-service.example: Vibrator reporting capabilities
02-12 13:06:20.667 12064 12094 I AlarmClock: Checking if assistant workflow is available
02-12 13:06:20.668 12064 12102 I AlarmClock: Priming ringtone title cache
02-12 13:06:20.693   181   181 I hwservicemanager: getTransport: Cannot find entry android.hardware.configstore@1.0::ISurfaceFlingerConfigs/default in either framework or device manifest.
02-12 13:06:20.701 12064 12110 W OpenGLRenderer: Failed to choose config with EGL_SWAP_BEHAVIOR_PRESERVED, retrying without...
02-12 13:06:20.766   181   181 I hwservicemanager: getTransport: Cannot find entry android.hardware.graphics.mapper@4.0::IMapper/default in either framework or device manifest.
02-12 13:06:20.766 12064 12110 I Gralloc4: mapper 4.x is not supported
02-12 13:06:20.829   525   557 I ActivityTaskManager: Displayed com.google.android.deskclock/com.android.deskclock.DeskClock: +500ms
02-12 13:06:20.846   525   557 I ActivityTaskManager: Fully drawn com.google.android.deskclock/com.android.deskclock.DeskClock: +524ms
02-12 13:06:20.847 12064 12090 I droid.deskcloc: Waiting for a blocking GC ProfileSaver
02-12 13:06:20.909  1400 11387 I PBSessionCacheImpl: Deleted sessionId[6159036015085877] from persistence.
02-12 13:06:20.919  1400  2174 W SearchServiceCore: Abort, client detached.
02-12 13:06:20.933   525  1840 I system_server: oneway function results will be dropped but finished with status OK and parcel size 4
02-12 13:06:20.933   525  1840 I chatty  : uid=1000(system) Binder:525_13 identical 2 lines
02-12 13:06:20.933   525  1840 I system_server: oneway function results will be dropped but finished with status OK and parcel size 4
02-12 13:06:20.985   525  1339 W UriGrantsManagerService: No permission grants found for com.google.android.deskclock
02-12 13:06:21.509 12158 12160 I cmd     : oneway function results will be dropped but finished with status OK and parcel size 4
02-12 13:06:23.178   394   394 I perfetto: probes_producer.cc:329  Producer stop (id=9)
02-12 13:06:23.179   399   399 I perfetto: ng_service_impl.cc:1948 Tracing session 9 ended, total sessions:1
02-12 13:06:23.936   525  1848 I system_server: oneway function results will be dropped but finished with status OK and parcel size 4
02-12 13:06:23.937   525  1848 I system_server: oneway function results will be dropped but finished with status OK and parcel size 4
02-12 13:06:24.255 12250 12252 I cmd     : oneway function results will be dropped but finished with status OK and parcel size 4
02-12 13:06:24.373 12265 12267 I cmd     : oneway function results will be dropped but finished with status OK and parcel size 4
02-12 13:06:24.489 12280 12282 I cmd     : oneway function results will be dropped but finished with status OK and parcel size 4
02-12 13:06:24.627 12292 12292 E libc    : Access denied finding property "persist.device_config.runtime_native_boot.profilebootclasspath"
02-12 13:06:24.627 12292 12292 E libc    : Access denied finding property "persist.device_config.runtime_native_boot.enable_apex_image"
02-12 13:06:24.627 12292 12292 I AndroidRuntime: Using default boot image
02-12 13:06:24.620 12292 12292 W app_process: type=1400 audit(0.0:299): avc: denied { read } for name="u:object_r:device_config_runtime_native_boot_prop:s0" dev="tmpfs" ino=8279 scontext=u:r:shell:s0 tcontext=u:object_r:device_config_runtime_native_boot_prop:s0 tclass=file permissive=0
02-12 13:06:24.627 12292 12292 E libc    : Access denied finding property "persist.device_config.runtime_native_boot.disable_lock_profiling"
02-12 13:06:24.627 12292 12292 I AndroidRuntime: Leaving lock profiling enabled
02-12 13:06:24.627 12292 12292 E libc    : Access denied finding property "persist.device_config.runtime_native_boot.enable_generational_cc"
02-12 13:06:24.629 12292 12292 I app_process: Core platform API reporting enabled, enforcing=false
02-12 13:06:24.624 12292 12292 W app_process: type=1400 audit(0.0:300): avc: denied { read } for name="u:object_r:device_config_runtime_native_boot_prop:s0" dev="tmpfs" ino=8279 scontext=u:r:shell:s0 tcontext=u:object_r:device_config_runtime_native_boot_prop:s0 tclass=file permissive=0
02-12 13:06:24.668 12292 12292 W app_process: Unexpected CPU variant for X86 using defaults: x86
02-12 13:06:24.669 12292 12292 I app_process: The ClassLoaderContext is a special shared library.
02-12 13:06:24.680 12292 12292 W app_process: JNI RegisterNativeMethods: attempt to register 0 native methods for android.media.AudioAttributes
02-12 13:06:24.910   395  1551 W AudioFlinger: createTrack_l(): mismatch between requested flags (00000004) and output flags (00000002)
02-12 13:06:24.939   525  1840 I system_server: oneway function results will be dropped but finished with status OK and parcel size 4
02-12 13:06:24.940   525  1840 I system_server: oneway function results will be dropped but finished with status OK and parcel size 4
02-12 13:06:24.971   525  1848 I system_server: oneway function results will be dropped but finished with status OK and parcel size 4
02-12 13:06:24.982   299   471 E FMQ     : grantorIdx must be less than 3
02-12 13:06:24.982   299   471 E FMQ     : grantorIdx must be less than 3
02-12 13:06:24.998   395   467 E FMQ     : grantorIdx must be less than 3
02-12 13:06:24.998   395   467 E FMQ     : grantorIdx must be less than 3
02-12 13:06:25.330   394   394 I perfetto: probes_producer.cc:329  Producer stop (id=10)
02-12 13:06:25.332   394   394 I perfetto: ftrace_procfs.cc:183    disabled ftrace
02-12 13:06:25.320     0     0 W perfetto: disabled ftrace
02-12 13:06:25.335   399   399 I perfetto: ng_service_impl.cc:1948 Tracing session 10 ended, total sessions:0
02-12 13:06:25.338   419 12060 I iorapd  : Perfetto TraceBuffer saved to file: /data/misc/iorapd/com.google.android.deskclock/62000712/com.android.deskclock.DeskClock/raw_traces/1770901585337832500.perfetto_trace.pb
02-12 13:06:25.327     0     0 I snd_hda_intel 0000: 00:02.0: IRQ timing workaround is activated for card #0. Suggest a bigger bdl_pos_adj.
02-12 13:06:25.422   525  1840 I system_server: oneway function results will be dropped but finished with status OK and parcel size 4
02-12 13:06:26.676 12354 12356 I cmd     : oneway function results will be dropped but finished with status OK and parcel size 4
02-12 13:06:26.726 12367 12369 I cmd     : oneway function results will be dropped but finished with status OK and parcel size 4
02-12 13:06:27.098 12398 12400 I cmd     : oneway function results will be dropped but finished with status OK and parcel size 4
02-12 13:06:28.373   525  1839 I system_server: oneway function results will be dropped but finished with status OK and parcel size 4
02-12 13:06:29.435 12429 12431 I cmd     : oneway function results will be dropped but finished with status OK and parcel size 4
02-12 13:06:29.551 12444 12446 I cmd     : oneway function results will be dropped but finished with status OK and parcel size 4
02-12 13:06:29.670 12459 12461 I cmd     : oneway function results will be dropped but finished with status OK and parcel size 4
02-12 13:06:29.787 12474 12476 I cmd     : oneway function results will be dropped but finished with status OK and parcel size 4
02-12 13:06:29.927 12486 12486 E libc    : Access denied finding property "persist.device_config.runtime_native_boot.profilebootclasspath"
02-12 13:06:29.927 12486 12486 E libc    : Access denied finding property "persist.device_config.runtime_native_boot.enable_apex_image"
02-12 13:06:29.927 12486 12486 I AndroidRuntime: Using default boot image
02-12 13:06:29.927 12486 12486 E libc    : Access denied finding property "persist.device_config.runtime_native_boot.disable_lock_profiling"
02-12 13:06:29.927 12486 12486 I AndroidRuntime: Leaving lock profiling enabled
02-12 13:06:29.928 12486 12486 E libc    : Access denied finding property "persist.device_config.runtime_native_boot.enable_generational_cc"
02-12 13:06:29.929 12486 12486 I app_process: Core platform API reporting enabled, enforcing=false
02-12 13:06:29.924 12486 12486 W app_process: type=1400 audit(0.0:303): avc: denied { read } for name="u:object_r:device_config_runtime_native_boot_prop:s0" dev="tmpfs" ino=8279 scontext=u:r:shell:s0 tcontext=u:object_r:device_config_runtime_native_boot_prop:s0 tclass=file permissive=0
02-12 13:06:29.962 12486 12486 W app_process: Unexpected CPU variant for X86 using defaults: x86
02-12 13:06:29.964 12486 12486 I app_process: The ClassLoaderContext is a special shared library.
02-12 13:06:29.970 12486 12486 W app_process: JNI RegisterNativeMethods: attempt to register 0 native methods for android.media.AudioAttributes
02-12 13:06:30.192   525  1848 I system_server: oneway function results will be dropped but finished with status OK and parcel size 4
02-12 13:06:30.192   525  1848 I chatty  : uid=1000(system) Binder:525_19 identical 1 line
02-12 13:06:30.193   525  1848 I system_server: oneway function results will be dropped but finished with status OK and parcel size 4
02-12 13:06:30.200 12509 12511 I cmd     : oneway function results will be dropped but finished with status OK and parcel size 4
02-12 13:06:30.376   525  1848 I system_server: oneway function results will be dropped but finished with status OK and parcel size 4
02-12 13:06:30.572   525   546 E JobScheduler.Background: App com.google.android.gms became active but still in NEVER bucket
02-12 13:06:30.573   525   558 I DropBoxManagerService: add tag=system_server_wtf isTagEnabled=true flags=0x2
02-12 13:06:31.778 12541 12543 I cmd     : oneway function results will be dropped but finished with status OK and parcel size 4
02-12 13:06:32.026 12568 12570 I cmd     : oneway function results will be dropped but finished with status OK and parcel size 4
02-12 13:06:32.580   525   558 W BroadcastQueue: Background execution not allowed: receiving Intent { act=android.intent.action.DROPBOX_ENTRY_ADDED flg=0x10 (has extras) } to com.google.android.gms/.stats.service.DropBoxEntryAddedReceiver
02-12 13:06:32.580   525   558 W BroadcastQueue: Background execution not allowed: receiving Intent { act=android.intent.action.DROPBOX_ENTRY_ADDED flg=0x10 (has extras) } to com.google.android.gms/.chimera.GmsIntentOperationService$PersistentTrustedReceiver
02-12 13:06:33.240   525  1839 I system_server: oneway function results will be dropped but finished with status OK and parcel size 4
02-12 13:06:34.689 12652 12653 I cmd     : oneway function results will be dropped but finished with status OK and parcel size 4
02-12 13:06:34.826 12665 12665 E libc    : Access denied finding property "persist.device_config.runtime_native_boot.profilebootclasspath"
02-12 13:06:34.826 12665 12665 E libc    : Access denied finding property "persist.device_config.runtime_native_boot.enable_apex_image"
02-12 13:06:34.826 12665 12665 I AndroidRuntime: Using default boot image
02-12 13:06:34.827 12665 12665 E libc    : Access denied finding property "persist.device_config.runtime_native_boot.disable_lock_profiling"
02-12 13:06:34.827 12665 12665 I AndroidRuntime: Leaving lock profiling enabled
02-12 13:06:34.827 12665 12665 E libc    : Access denied finding property "persist.device_config.runtime_native_boot.enable_generational_cc"
02-12 13:06:34.828 12665 12665 I app_process: Core platform API reporting enabled, enforcing=false
02-12 13:06:34.824 12665 12665 W app_process: type=1400 audit(0.0:307): avc: denied { read } for name="u:object_r:device_config_runtime_native_boot_prop:s0" dev="tmpfs" ino=8279 scontext=u:r:shell:s0 tcontext=u:object_r:device_config_runtime_native_boot_prop:s0 tclass=file permissive=0
02-12 13:06:34.860 12665 12665 W app_process: Unexpected CPU variant for X86 using defaults: x86
02-12 13:06:34.861 12665 12665 I app_process: The ClassLoaderContext is a special shared library.
02-12 13:06:34.868 12665 12665 W app_process: JNI RegisterNativeMethods: attempt to register 0 native methods for android.media.AudioAttributes
02-12 13:06:35.076   525  1839 I system_server: oneway function results will be dropped but finished with status OK and parcel size 4
02-12 13:06:35.077   525  1839 I system_server: oneway function results will be dropped but finished with status OK and parcel size 4
02-12 13:06:35.312   525  1838 I system_server: oneway function results will be dropped but finished with status OK and parcel size 4
