--------- beginning of main
02-12 14:14:37.266 27603 27605 I cmd     : oneway function results will be dropped but finished with status OK and parcel size 4
02-12 14:14:37.283  5386  5386 I abb     : StartCommandInProcess(73657474696e67730067657400676c6f settings.get.glo [truncated])
02-12 14:14:37.285  5386  7979 I abb     : oneway function results will be dropped but finished with status OK and parcel size 4
02-12 14:14:37.280   525   525 W Binder:525_1: type=1400 audit(0.0:726): avc: denied { getopt } for scontext=u:r:system_server:s0 tcontext=u:r:shell:s0 tclass=unix_stream_socket permissive=0
02-12 14:14:37.284   525   525 W Binder:525_1: type=1400 audit(0.0:727): avc: denied { getopt } for scontext=u:r:system_server:s0 tcontext=u:r:shell:s0 tclass=unix_stream_socket permissive=0
02-12 14:14:37.291  5386  5386 I abb     : StartCommandInProcess(7061636b61676500696e7374616c6c00 package.install. [truncated])
02-12 14:14:37.284   525   525 W Binder:525_1: type=1400 audit(0.0:728): avc: denied { getopt } for scontext=u:r:system_server:s0 tcontext=u:r:shell:s0 tclass=unix_stream_socket permissive=0
--------- beginning of system
02-12 14:14:37.369   525   546 E JobScheduler.Background: App com.google.android.gms became active but still in NEVER bucket
02-12 14:14:37.370   525   558 I DropBoxManagerService: add tag=system_server_wtf isTagEnabled=true flags=0x2
02-12 14:14:37.375   525   636 W RuleEvaluation: Integrity rule files are not available.
02-12 14:14:37.375   525   579 I PackageManager: Integrity check passed for file:///data/app/vmdl1561684237.tmp
02-12 14:14:37.379   525   579 I PackageManager: Permission ownership changed. Updating all permissions.
02-12 14:14:37.410   525   579 I AppsFilter: interaction: PackageSetting{85f7069 com.cetacea/10173} -> PackageSetting{423ec78 io.github.ylimit.droidbotapp/10176} BLOCKED
02-12 14:14:37.348   525   525 W Binder:525_1: type=1400 audit(0.0:729): avc: denied { getopt } for scontext=u:r:system_server:s0 tcontext=u:r:shell:s0 tclass=unix_stream_socket permissive=0
02-12 14:14:37.411   416   424 E installd: Couldn't opendir /data/app/vmdl1561684237.tmp: No such file or directory
02-12 14:14:37.411   416   424 E installd: Failed to delete /data/app/vmdl1561684237.tmp: No such file or directory
02-12 14:14:37.415  5386  7979 I abb     : oneway function results will be dropped but finished with status OK and parcel size 4
02-12 14:14:37.417  1373  1373 I MediaProvider: Invalidating LocalCallingIdentity cache for package io.github.ylimit.droidbotapp. Reason: package android.intent.action.PACKAGE_ADDED
02-12 14:14:37.420   525   546 I RoleManagerService: Granting default roles...
02-12 14:14:37.412   525   525 W Binder:525_1: type=1400 audit(0.0:730): avc: denied { getopt } for scontext=u:r:system_server:s0 tcontext=u:r:shell:s0 tclass=unix_stream_socket permissive=0
02-12 14:14:37.412   525   525 W Binder:525_1: type=1400 audit(0.0:731): avc: denied { getopt } for scontext=u:r:system_server:s0 tcontext=u:r:shell:s0 tclass=unix_stream_socket permissive=0
02-12 14:14:37.432  1443  1443 I GsaVoiceInteractionSrv: O received Intent { act=android.intent.action.PACKAGE_ADDED dat=package:io.github.ylimit.droidbotapp flg=0x4000010 (has extras) }
02-12 14:14:37.412   525   525 W Binder:525_1: type=1400 audit(0.0:732): avc: denied { getopt } for scontext=u:r:system_server:s0 tcontext=u:r:shell:s0 tclass=unix_stream_socket permissive=0
02-12 14:14:37.434   525   558 W BroadcastQueue: Background execution not allowed: receiving Intent { act=android.intent.action.PACKAGE_ADDED dat=package:io.github.ylimit.droidbotapp flg=0x4000010 (has extras) } to com.google.android.packageinstaller/com.android.packageinstaller.PackageInstalledReceiver
02-12 14:14:37.436   525   558 W BroadcastQueue: Background execution not allowed: receiving Intent { act=android.intent.action.PACKAGE_ADDED dat=package:io.github.ylimit.droidbotapp flg=0x4000010 (has extras) } to com.google.android.gms/.games.chimera.GamesSystemBroadcastReceiverProxy
02-12 14:14:37.437   525   558 W BroadcastQueue: Background execution not allowed: receiving Intent { act=android.intent.action.PACKAGE_ADDED dat=package:io.github.ylimit.droidbotapp flg=0x4000010 (has extras) } to com.google.android.gms/.gass.chimera.PackageChangeBroadcastReceiver
02-12 14:14:37.439   525   558 W BroadcastQueue: Background execution not allowed: receiving Intent { act=android.intent.action.PACKAGE_ADDED dat=package:io.github.ylimit.droidbotapp flg=0x4000010 (has extras) } to com.google.android.gms/.chimera.GmsIntentOperationService$PersistentTrustedReceiver
02-12 14:14:37.439   525   558 W BroadcastQueue: Background execution not allowed: receiving Intent { act=android.intent.action.PACKAGE_ADDED dat=package:io.github.ylimit.droidbotapp flg=0x4000010 (has extras) } to com.google.android.googlequicksearchbox/com.google.android.apps.gsa.googlequicksearchbox.GelStubAppWatcher
02-12 14:14:37.439   525   558 W BroadcastQueue: Background execution not allowed: receiving Intent { act=android.intent.action.PACKAGE_ADDED dat=package:io.github.ylimit.droidbotapp flg=0x4000010 (has extras) } to com.google.android.ims/.receivers.RcsAutoStartReceiver
02-12 14:14:37.441   525   627 I InputReader: Reconfiguring input devices, changes=KEYBOARD_LAYOUTS | 
02-12 14:14:37.466   525   525 I Telecom : DefaultDialerCache: Refreshing default dialer for user 0: now com.android.dialer: DDC.oR@ALg
02-12 14:14:37.488  1225 27623 W GCM     : Unexpected forwarded intent: Intent { act=android.intent.action.PACKAGE_ADDED dat=package:io.github.ylimit.droidbotapp flg=0x4000010 cmp=com.google.android.gms/.chimera.PersistentIntentOperationService (has extras) }
02-12 14:14:37.490  1300  1319 W .apps.wellbein: Reducing the number of considered missed Gc histogram windows from 116 to 100
02-12 14:14:37.491  3992 20034 I PermissionControllerServiceImpl: Updating user sensitive for uid 10176
02-12 14:14:37.498   525  1847 W ActivityManager: Unable to start service Intent { act=com.google.android.gms.auth.key.retrieval.service.START pkg=com.google.android.gms } U=0: not found
02-12 14:14:37.499   525  1847 W ActivityManager: Unbind failed: could not find connection for android.os.BinderProxy@cc25867
02-12 14:14:37.500  2823 27628 I Auth    : [SupervisedAccountIntentOperation] onHandleIntent(): android.intent.action.PACKAGE_ADDED
02-12 14:14:37.502  1225 27618 W GCM     : Unexpected forwarded intent: Intent { act=android.intent.action.PACKAGE_ADDED dat=package:io.github.ylimit.droidbotapp flg=0x4000010 cmp=com.google.android.gms/.chimera.PersistentIntentOperationService (has extras) }
02-12 14:14:37.505  2823  2993 E GmsClient: unable to connect to service: com.google.android.gms.auth.key.retrieval.service.START on com.google.android.gms
02-12 14:14:37.506  2823 27631 I ChromeSync: [Sync,SyncIntentOperation] Handling the intent: Intent { act=android.intent.action.PACKAGE_ADDED dat=package:io.github.ylimit.droidbotapp flg=0x4000010 cmp=com.google.android.gms/.chimera.GmsIntentOperationService (has extras) }.
02-12 14:14:37.506  2823 27621 I FontsPackageChangeOp: Package io.github.ylimit.droidbotapp has no metadata
02-12 14:14:37.519 19843 19865 I ProvidersCache: Provider returned no roots. Possibly naughty: com.google.android.apps.docs.storage
02-12 14:14:37.527  2823 27631 I ChromeSync: [Persistence,AffiliationManager] One of affiliation or grouping data for android://gbttc-30nINaJL38wzGBzG16tLJsIGpGMovxwiVcS-z_-QQGUJrS3tJUSL94gYlFAj6c8yRXuQFUoAnG-72xwQ==@io.github.ylimit.droidbotapp/ was not found. Marking affiliation data as stale...
02-12 14:14:37.536  2823 27622 E ConfigFileUtils: Failed to read config file: /data/user_de/0/com.google.android.gms/app_chimera/next_container.pb: open failed: ENOENT (No such file or directory)
02-12 14:14:37.545   525   535 I system_server: Background concurrent copying GC freed 290788(13MB) AllocSpace objects, 43(2308KB) LOS objects, 49% free, 16MB/32MB, paused 345us total 133.251ms
02-12 14:14:37.545  1225  1239 W .gms.persisten: Reducing the number of considered missed Gc histogram windows from 131 to 100
02-12 14:14:37.592  2823  3099 I Icing   : IndexChimeraService.getServiceInterface callingPackage=com.google.android.gms componentName=AppsCorpus serviceId=36 [CONTEXT service_id=21 ]
02-12 14:14:37.599   525   643 W system_server: Long monitor contention with owner android.bg (557) at boolean com.android.server.usage.AppStandbyController.isCarrierApp(java.lang.String)(AppStandbyController.java:1571) waiters=0 in boolean com.android.server.usage.AppStandbyController.isCarrierApp(java.lang.String) for 177ms
02-12 14:14:37.600   525   644 W system_server: Long monitor contention with owner NetworkPolicy (643) at boolean com.android.server.net.NetworkPolicyManagerService.isUidIdle(int)(NetworkPolicyManagerService.java:4150) waiters=0 in void com.android.server.net.NetworkPolicyManagerService.handleUidChanged(int, int, long) for 148ms
02-12 14:14:37.602   525   525 W Looper  : Slow dispatch took 135ms main h=android.app.ActivityThread$H c=android.app.-$$Lambda$LoadedApk$ReceiverDispatcher$Args$_BumDX2UKsnxLVrE6UJsJZkotuA@bc1ce77 m=0
02-12 14:14:37.602   525   525 I AppsFilter: interaction: PackageSetting{85f7069 com.cetacea/10173} -> PackageSetting{423ec78 io.github.ylimit.droidbotapp/10176} BLOCKED
02-12 14:14:37.607   525   627 I InputReader: Reconfiguring input devices, changes=KEYBOARD_LAYOUTS | 
02-12 14:14:37.609  2823 27622 I ChmraDebugLogger: [73] 1801
02-12 14:14:37.611  2823 27622 I ChmraDebugLogger: [30] [Pay.optional:201817020000] permitMetered=true,
02-12 14:14:37.613  2823 27622 W ChimeraConfigService: Retry attempt was throttled.
02-12 14:14:37.619  1225 27618 I Fitness : OnPackageChangedOperation got intent: Intent { act=android.intent.action.PACKAGE_CHANGED dat=package:io.github.ylimit.droidbotapp flg=0x5000010 cmp=com.google.android.gms/.chimera.PersistentIntentOperationService (has extras) } [CONTEXT service_id=17 ]
02-12 14:14:37.632 27647 27648 I cmd     : oneway function results will be dropped but finished with status OK and parcel size 4
02-12 14:14:37.636   525   559 I ActivityManager: Start proc 27650:io.github.ylimit.droidbotapp/u0a176 for service {io.github.ylimit.droidbotapp/io.github.privacystreams.accessibility.PSAccessibilityService}
02-12 14:14:37.648 27650 27650 I mit.droidbotap: Late-enabling -Xcheck:jni
02-12 14:14:37.653  3992 20034 I PermissionControllerServiceImpl: Updating user sensitive for uid 10176
02-12 14:14:37.658  1225 27626 I Fitness : FitCleanupIntentOperation received Intent android.intent.action.PACKAGE_CHANGED [CONTEXT service_id=17 ]
02-12 14:14:37.658 27650 27650 I mit.droidbotap: Unquickening 12 vdex files!
02-12 14:14:37.659 27650 27650 W mit.droidbotap: Unexpected CPU variant for X86 using defaults: x86
02-12 14:14:37.660   525   525 I Telecom : DefaultDialerCache: Refreshing default dialer for user 0: now com.android.dialer: DDC.oR@ALs
02-12 14:14:37.683  1081  1488 E FrameEvents: updateAcquireFence: Did not find frame.
02-12 14:14:37.685  2823  2856 I gle.android.gm: Waiting for a blocking GC ProfileSaver
02-12 14:14:37.694   388   415 I adbd    : jdwp connection from 27650
02-12 14:14:37.706  1225 27626 I Fitness : OnPackageChangedOperation got intent: Intent { act=android.intent.action.PACKAGE_CHANGED dat=package:io.github.ylimit.droidbotapp flg=0x5000010 cmp=com.google.android.gms/.chimera.PersistentIntentOperationService (has extras) } [CONTEXT service_id=17 ]
02-12 14:14:37.708 19843 19865 I ProvidersCache: Provider returned no roots. Possibly naughty: com.google.android.apps.docs.storage
02-12 14:14:37.756  1225 27626 I Fitness : FitCleanupIntentOperation received Intent android.intent.action.PACKAGE_CHANGED [CONTEXT service_id=17 ]
02-12 14:14:37.774  2823  2841 I gle.android.gm: Background concurrent copying GC freed 37086(2066KB) AllocSpace objects, 10(456KB) LOS objects, 49% free, 8474KB/16MB, paused 732us total 108.721ms
02-12 14:14:37.774  2823  2856 I gle.android.gm: WaitForGcToComplete blocked ProfileSaver on HeapTrim for 89.384ms
02-12 14:14:37.804  2823  3141 I Icing   : IndexChimeraService.getServiceInterface callingPackage=com.google.android.gms componentName=null serviceId=30 [CONTEXT service_id=21 ]
02-12 14:14:37.805  2823  2959 I Icing   : Usage reports ok 0, Failed Usage reports 0, indexed 0, rejected 0 [CONTEXT service_id=21 ]
02-12 14:14:37.810 27684 27686 I cmd     : oneway function results will be dropped but finished with status OK and parcel size 4
02-12 14:14:37.812  2823  3141 I Icing   : IndexChimeraService.getServiceInterface callingPackage=com.google.android.gms componentName=null serviceId=36 [CONTEXT service_id=21 ]
02-12 14:14:37.844  2823  2959 I Icing   : Usage reports ok 0, Failed Usage reports 0, indexed 0, rejected 0 [CONTEXT service_id=21 ]
02-12 14:14:37.845  2823  2959 I Icing   : Indexing com.google.android.gms-internal.3p:MobileApplication from com.google.android.gms using seqno 88 [CONTEXT service_id=21 ]
02-12 14:14:37.847  2823  2959 I Icing   : Indexing com.google.android.gms-internal.3p:MobileApplication from com.google.android.gms using seqno 88 [CONTEXT service_id=21 ]
02-12 14:14:37.848  2823  2959 I Icing   : Indexing com.google.android.gms-internal.3p:MobileApplication from com.google.android.gms using seqno 88 [CONTEXT service_id=21 ]
02-12 14:14:37.849   388   388 E adbd    : failed to connect to socket 'tcp:7336': Connection refused
02-12 14:14:37.871  2823  2959 I Icing   : Usage reports ok 0, Failed Usage reports 0, indexed 0, rejected 0 [CONTEXT service_id=21 ]
02-12 14:14:37.873  2823  2959 I Icing   : Indexing com.google.android.gms-apps from com.google.android.gms [CONTEXT service_id=21 ]
--------- beginning of kernel
02-12 14:14:37.921 27699 27705 I cmd     : oneway function results will be dropped but finished with status OK and parcel size 4
02-12 14:14:37.963  1271  1271 W KeyboardModeManager: KeyboardModeManager.setInputView():302 setInputView() : inputView = null
02-12 14:14:37.966  1271  1271 I ProactiveSuggestionsHolderManager: ProactiveSuggestionsHolderManager.destroy():263 trying to destroy ProactiveSuggestionsHolderManager when keyboardViewController is null
02-12 14:14:37.969  2823  2959 I Icing   : Indexing done com.google.android.gms-apps [CONTEXT service_id=21 ]
02-12 14:14:37.974  1271 27714 I JapaneseMozcExtension: JapaneseMozcExtension.onDestroyServiceInternal():81 onDestroyServiceInternal()
02-12 14:14:37.979  2823  2959 I Icing   : Indexing com.google.android.gms-apps from com.google.android.gms [CONTEXT service_id=21 ]
02-12 14:14:37.981  2823  2959 I Icing   : Indexing done com.google.android.gms-apps [CONTEXT service_id=21 ]
02-12 14:14:37.982  1271  1271 E MaestroExtensionImpl: MaestroExtensionImpl.disconnectFromAssistant():478 disconnectFromAssistant() : Client unexpectedly null.
02-12 14:14:38.011   525  1839 W ActivityTaskManager: Current config: {1.0 310mcc260mnc [en_US] ldltr sw392dp w392dp h750dp 440dpi nrml long port finger qwerty/v/v dpad/v winConfig={ mBounds=Rect(0, 0 - 1080, 2340) mAppBounds=Rect(0, 136 - 1080, 2208) mWindowingMode=fullscreen mDisplayWindowingMode=fullscreen mActivityType=undefined mAlwaysOnTop=undefined mRotation=ROTATION_0} s.31} unchanged for IME proc io.github.ylimit.droidbotapp
02-12 14:14:38.090 27727 27729 I cmd     : oneway function results will be dropped but finished with status OK and parcel size 4
02-12 14:14:38.208 27737 27737 E libc    : Access denied finding property "persist.device_config.runtime_native_boot.profilebootclasspath"
02-12 14:14:38.208 27737 27737 E libc    : Access denied finding property "persist.device_config.runtime_native_boot.enable_apex_image"
02-12 14:14:38.209 27737 27737 I AndroidRuntime: Using default boot image
02-12 14:14:38.204 27737 27737 W app_process: type=1400 audit(0.0:733): avc: denied { read } for name="u:object_r:device_config_runtime_native_boot_prop:s0" dev="tmpfs" ino=8279 scontext=u:r:shell:s0 tcontext=u:object_r:device_config_runtime_native_boot_prop:s0 tclass=file permissive=0
02-12 14:14:38.198     0     0 W audit   : audit_lost=46 audit_rate_limit=5 audit_backlog_limit=64
02-12 14:14:38.204     0     0 E audit   : rate limit exceeded
02-12 14:14:38.208 27737 27737 W app_process: type=1400 audit(0.0:734): avc: denied { read } for name="u:object_r:device_config_runtime_native_boot_prop:s0" dev="tmpfs" ino=8279 scontext=u:r:shell:s0 tcontext=u:object_r:device_config_runtime_native_boot_prop:s0 tclass=file permissive=0
02-12 14:14:38.219 27737 27737 E libc    : Access denied finding property "persist.device_config.runtime_native_boot.disable_lock_profiling"
02-12 14:14:38.219 27737 27737 I AndroidRuntime: Leaving lock profiling enabled
02-12 14:14:38.219 27737 27737 E libc    : Access denied finding property "persist.device_config.runtime_native_boot.enable_generational_cc"
02-12 14:14:38.220 27737 27737 I app_process: Core platform API reporting enabled, enforcing=false
02-12 14:14:38.254 27737 27737 W app_process: Unexpected CPU variant for X86 using defaults: x86
02-12 14:14:38.255 27737 27737 I app_process: The ClassLoaderContext is a special shared library.
02-12 14:14:38.263 27737 27737 W app_process: JNI RegisterNativeMethods: attempt to register 0 native methods for android.media.AudioAttributes
02-12 14:14:38.736 27752 27752 W app_process: type=1400 audit(0.0:737): avc: denied { read } for name="u:object_r:device_config_runtime_native_boot_prop:s0" dev="tmpfs" ino=8279 scontext=u:r:shell:s0 tcontext=u:object_r:device_config_runtime_native_boot_prop:s0 tclass=file permissive=0
02-12 14:14:38.741 27752 27752 E libc    : Access denied finding property "persist.device_config.runtime_native_boot.profilebootclasspath"
02-12 14:14:38.741 27752 27752 E libc    : Access denied finding property "persist.device_config.runtime_native_boot.enable_apex_image"
02-12 14:14:38.741 27752 27752 I AndroidRuntime: Using default boot image
02-12 14:14:38.742 27752 27752 E libc    : Access denied finding property "persist.device_config.runtime_native_boot.disable_lock_profiling"
02-12 14:14:38.742 27752 27752 I AndroidRuntime: Leaving lock profiling enabled
02-12 14:14:38.742 27752 27752 E libc    : Access denied finding property "persist.device_config.runtime_native_boot.enable_generational_cc"
02-12 14:14:38.745 27752 27752 I app_process: Core platform API reporting enabled, enforcing=false
02-12 14:14:38.740 27752 27752 W app_process: type=1400 audit(0.0:738): avc: denied { read } for name="u:object_r:device_config_runtime_native_boot_prop:s0" dev="tmpfs" ino=8279 scontext=u:r:shell:s0 tcontext=u:object_r:device_config_runtime_native_boot_prop:s0 tclass=file permissive=0
02-12 14:14:38.779 27752 27752 W app_process: Unexpected CPU variant for X86 using defaults: x86
02-12 14:14:38.780 27752 27752 I app_process: The ClassLoaderContext is a special shared library.
02-12 14:14:38.789 27752 27752 W app_process: JNI RegisterNativeMethods: attempt to register 0 native methods for android.media.AudioAttributes
02-12 14:14:38.011   525  1839 W ActivityTaskManager: Current config: {1.0 310mcc260mnc [en_US] ldltr sw392dp w392dp h750dp 440dpi nrml long port finger qwerty/v/v dpad/v winConfig={ mBounds=Rect(0, 0 - 1080, 2340) mAppBounds=Rect(0, 136 - 1080, 2208) mWindowingMode=fullscreen mDisplayWindowingMode=fullscreen mActivityType=undefined mAlwaysOnTop=undefined mRotation=ROTATION_0} s.31} unchanged for IME proc io.github.ylimit.droidbotapp
02-12 14:14:38.796   525   547 E RemoteAugmentedAutofillService: Bad service name for flags 1048704: com.google.android.as/com.google.android.apps.miphone.aiai.app.AiAiAugmentedAutofillService
02-12 14:14:39.156  1081  1081 I chatty  : uid=10155(com.google.android.apps.nexuslauncher) identical 2 lines
02-12 14:14:39.255 27778 27780 I cmd     : oneway function results will be dropped but finished with status OK and parcel size 4
02-12 14:14:39.280   179   179 I servicemanager: Since 'apexservice' could not be found, trying to start it as a lazy AIDL service
02-12 14:14:39.270     0     0 I init    : starting service 'apexd'...
02-12 14:14:39.272     0     0 I init    : Control message: Processed ctl.interface_start for 'aidl/apexservice' from pid: 179 (/system/bin/servicemanager)
02-12 14:14:39.278     0     0 I apexd   : Scanning /system/apex for preinstalled data
02-12 14:14:39.281     0     0 I apexd   : Scanning /system_ext/apex for preinstalled data
02-12 14:14:39.282     0     0 I apexd   : ... does not exist. Skipping
02-12 14:14:39.282     0     0 I apexd   : Scanning /product/apex for preinstalled data
02-12 14:14:39.283     0     0 I apexd   : ... does not exist. Skipping
02-12 14:14:39.284     0     0 I apexd   : Scanning /vendor/apex for preinstalled data
02-12 14:14:39.286     0     0 I apexd   : ... does not exist. Skipping
02-12 14:14:39.287     0     0 I apexd   : Populating APEX database from mounts...
02-12 14:14:39.288     0     0 I apexd   : Found "/apex/com.android.tethering@300900700" backed by file /system/apex/com.google.android.tethering.apex
02-12 14:14:39.289     0     0 I apexd   : Found "/apex/com.android.conscrypt@300900703" backed by file /system/apex/com.google.android.conscrypt.apex
02-12 14:14:39.291     0     0 I apexd   : Found "/apex/com.android.tzdata@300900700" backed by file /system/apex/com.google.android.tzdata2.apex
02-12 14:14:39.293     0     0 I apexd   : Found "/apex/com.android.ipsec@300900700" backed by file /system/apex/com.google.android.ipsec.apex
02-12 14:14:39.295     0     0 I apexd   : Found "/apex/com.android.telephony@1" backed by file /system/apex/com.google.android.telephony.apex
02-12 14:14:39.297     0     0 I apexd   : Found "/apex/com.android.os.statsd@300900700" backed by file /system/apex/com.google.android.os.statsd.apex
02-12 14:14:39.299     0     0 I apexd   : Found "/apex/com.android.runtime@1" backed by file /system/apex/com.android.runtime.apex
02-12 14:14:39.300     0     0 I apexd   : Found "/apex/com.android.media.swcodec@300900714" backed by file /system/apex/com.google.android.media.swcodec.apex
02-12 14:14:39.302     0     0 I apexd   : Found "/apex/com.android.wifi@300900711" backed by file /system/apex/com.google.android.wifi.apex
02-12 14:14:39.304     0     0 I apexd   : Found "/apex/com.android.resolv@300900700" backed by file /system/apex/com.google.android.resolv.apex
02-12 14:14:39.306     0     0 I apexd   : Found "/apex/com.android.sdkext@300900700" backed by file /system/apex/com.google.android.sdkext.apex
02-12 14:14:39.308     0     0 I apexd   : Found "/apex/com.android.adbd@300900700" backed by file /system/apex/com.google.android.adbd.apex
02-12 14:14:39.309     0     0 I apexd   : Found "/apex/com.android.vndk.v30@1" backed by file /system/apex/com.android.vndk.current.apex
02-12 14:14:39.311     0     0 I apexd   : Found "/apex/com.android.art@1" backed by file /system/apex/com.android.art.debug.apex
02-12 14:14:39.313     0     0 I apexd   : Found "/apex/com.android.cellbroadcast@300900720" backed by file /system/apex/com.google.android.cellbroadcast.apex
02-12 14:14:39.315     0     0 I apexd   : Found "/apex/com.android.mediaprovider@300900719" backed by file /system/apex/com.google.android.mediaprovider.apex
02-12 14:14:39.317     0     0 I apexd   : Found "/apex/com.android.i18n@1" backed by file /system/apex/com.android.i18n.apex
02-12 14:14:39.319     0     0 I apexd   : Found "/apex/com.android.extservices@300900700" backed by file /system/apex/com.google.android.extservices.apex
02-12 14:14:39.321     0     0 I apexd   : Found "/apex/com.android.media@300900700" backed by file /system/apex/com.google.android.media.apex
02-12 14:14:39.323     0     0 I apexd   : Found "/apex/com.android.permission@300900706" backed by file /system/apex/com.google.android.permission.apex
02-12 14:14:39.325     0     0 I apexd   : Found "/apex/com.android.apex.cts.shim@1" backed by file /system/apex/com.android.apex.cts.shim.apex
02-12 14:14:39.327     0     0 I apexd   : Found "/apex/com.android.neuralnetworks@300900700" backed by file /system/apex/com.google.android.neuralnetworks.apex
02-12 14:14:39.329     0     0 I apexd   : 22 packages restored.
02-12 14:14:39.342   179   179 I BpBinder: onLastStrongRef automatically unlinking death recipients: <uncached descriptor>
02-12 14:14:39.344   179   179 I servicemanager: Tried to unregister apexservice, but there is about to be a client.
02-12 14:14:39.330     0     0 I AidlLazyServiceRegistrar: Registering service apexservice
02-12 14:14:39.332     0     0 I AidlLazyServiceRegistrar: Trying to shut down the service. No clients in use for any service in process.
02-12 14:14:39.334     0     0 I AidlLazyServiceRegistrar: Failed to unregister service apexservice
02-12 14:14:39.375   525   558 W BroadcastQueue: Background execution not allowed: receiving Intent { act=android.intent.action.DROPBOX_ENTRY_ADDED flg=0x10 (has extras) } to com.google.android.gms/.stats.service.DropBoxEntryAddedReceiver
02-12 14:14:39.375   525   558 W BroadcastQueue: Background execution not allowed: receiving Intent { act=android.intent.action.DROPBOX_ENTRY_ADDED flg=0x10 (has extras) } to com.google.android.gms/.chimera.GmsIntentOperationService$PersistentTrustedReceiver
02-12 14:14:39.642   181   181 I hwservicemanager: getTransport: Cannot find entry android.hardware.graphics.mapper@4.0::IMapper/default in either framework or device manifest.
02-12 14:14:39.642 27802 27802 I Gralloc4: mapper 4.x is not supported
02-12 14:14:39.953 27807 27809 I cmd     : oneway function results will be dropped but finished with status OK and parcel size 4
02-12 14:14:39.954  1373  4515 I MediaProvider: Begin Intent { act=android.intent.action.MEDIA_SCANNER_SCAN_FILE dat=file:///sdcard/screen_2026-02-12_151440.png flg=0x1400010 cmp=com.google.android.providers.media.module/com.android.providers.media.MediaService }
02-12 14:14:39.952  1373  1373 W com.google.android.providers.media.module: type=1400 audit(0.0:741): avc: denied { read } for comm=4173796E635461736B202331 name="primary" dev="tmpfs" ino=16956 scontext=u:r:mediaprovider_app:s0:c160,c256,c512,c768 tcontext=u:object_r:mnt_pass_through_file:s0 tclass=lnk_file permissive=0 app=com.google.android.providers.media.module
02-12 14:14:39.956  1373  1373 W com.google.android.providers.media.module: type=1400 audit(0.0:742): avc: denied { read } for comm=4173796E635461736B202331 name="primary" dev="tmpfs" ino=16956 scontext=u:r:mediaprovider_app:s0:c160,c256,c512,c768 tcontext=u:object_r:mnt_pass_through_file:s0 tclass=lnk_file permissive=0 app=com.google.android.providers.media.module
02-12 14:14:39.968  1373  4515 W ModernMediaScanner: Failed to visit /sdcard/screen_2026-02-12_151440.png: java.nio.file.AccessDeniedException: /sdcard/screen_2026-02-12_151440.png
02-12 14:14:39.971  1373  4515 I MediaProvider: Scanned internal due to REASON_DEMAND, found 0 items in 8ms, 0 inserts 0 updates 0 deletes
02-12 14:14:39.960  1373  1373 W com.google.android.providers.media.module: type=1400 audit(0.0:743): avc: denied { read } for comm=4173796E635461736B202331 name="primary" dev="tmpfs" ino=16956 scontext=u:r:mediaprovider_app:s0:c160,c256,c512,c768 tcontext=u:object_r:mnt_pass_through_file:s0 tclass=lnk_file permissive=0 app=com.google.android.providers.media.module
02-12 14:14:39.980  1373  4515 I MediaProvider: End Intent { act=android.intent.action.MEDIA_SCANNER_SCAN_FILE dat=file:///sdcard/screen_2026-02-12_151440.png flg=0x1400010 cmp=com.google.android.providers.media.module/com.android.providers.media.MediaService }
02-12 14:14:39.960  1373  1373 W com.google.android.providers.media.module: type=1400 audit(0.0:745): avc: denied { read } for comm=4173796E635461736B202331 name="primary" dev="tmpfs" ino=16956 scontext=u:r:mediaprovider_app:s0:c160,c256,c512,c768 tcontext=u:object_r:mnt_pass_through_file:s0 tclass=lnk_file permissive=0 app=com.google.android.providers.media.module
02-12 14:14:39.964  1373  1373 W com.google.android.providers.media.module: type=1400 audit(0.0:746): avc: denied { read } for comm=4173796E635461736B202331 name="primary" dev="tmpfs" ino=16956 scontext=u:r:mediaprovider_app:s0:c160,c256,c512,c768 tcontext=u:object_r:mnt_pass_through_file:s0 tclass=lnk_file permissive=0 app=com.google.android.providers.media.module
02-12 14:14:40.072  1373  1772 I MediaProvider: Deleted 1 items on external_primary due to com.android.shell
02-12 14:14:40.238   525   889 I ActivityManager: Force stopping com.cetacea appid=10173 user=0: from pid 27832
02-12 14:14:40.285     0     0 W audit   : audit_lost=48 audit_rate_limit=5 audit_backlog_limit=64
02-12 14:14:40.286     0     0 E audit   : rate limit exceeded
02-12 14:14:40.297 27835 27835 E libc    : Access denied finding property "persist.device_config.runtime_native_boot.profilebootclasspath"
02-12 14:14:40.297 27835 27835 E libc    : Access denied finding property "persist.device_config.runtime_native_boot.enable_apex_image"
02-12 14:14:40.297 27835 27835 I AndroidRuntime: Using default boot image
02-12 14:14:40.297 27835 27835 E libc    : Access denied finding property "persist.device_config.runtime_native_boot.disable_lock_profiling"
02-12 14:14:40.297 27835 27835 I AndroidRuntime: Leaving lock profiling enabled
02-12 14:14:40.298 27835 27835 E libc    : Access denied finding property "persist.device_config.runtime_native_boot.enable_generational_cc"
02-12 14:14:40.299 27835 27835 I app_process: Core platform API reporting enabled, enforcing=false
02-12 14:14:40.332 27835 27835 W app_process: Unexpected CPU variant for X86 using defaults: x86
02-12 14:14:40.333 27835 27835 I app_process: The ClassLoaderContext is a special shared library.
02-12 14:14:40.340 27835 27835 W app_process: JNI RegisterNativeMethods: attempt to register 0 native methods for android.media.AudioAttributes
02-12 14:14:40.349   525   547 I ActivityTaskManager: START u0 {act=android.intent.action.MAIN cat=[android.intent.category.HOME] flg=0x10000100 cmp=com.google.android.apps.nexuslauncher/.NexusLauncherActivity (has extras)} from uid 0
02-12 14:14:40.355   525  1811 W ActivityManager: Unable to start service Intent { act=android.service.appprediction.AppPredictionService cmp=com.google.android.as/com.google.android.apps.miphone.aiai.app.AiAiPredictionService } U=0: not found
02-12 14:14:40.355   525  1811 W RemoteAppPredictionService: could not bind to Intent { act=android.service.appprediction.AppPredictionService cmp=com.google.android.as/com.google.android.apps.miphone.aiai.app.AiAiPredictionService } using flags 67108865
02-12 14:14:40.404   179   179 I servicemanager: Notifying apexservice they have clients: 1
02-12 14:14:40.404   179   179 I servicemanager: Notifying apexservice they have clients: 0
02-12 14:14:40.394     0     0 I AidlLazyServiceRegistrar: Process has 1 (of 1 available) client(s) in use after notification android.apex.IApexService has clients: 1
02-12 14:14:40.396     0     0 I AidlLazyServiceRegistrar: Process has 0 (of 1 available) client(s) in use after notification android.apex.IApexService has clients: 0
02-12 14:14:40.398     0     0 I AidlLazyServiceRegistrar: Trying to shut down the service. No clients in use for any service in process.
02-12 14:14:40.411   179   179 I BpBinder: onLastStrongRef automatically unlinking death recipients: <uncached descriptor>
02-12 14:14:40.401     0     0 I AidlLazyServiceRegistrar: Unregistered all clients and exiting
02-12 14:14:40.404     0     0 I init    : Service 'apexd' (pid 27786) exited with status 0 oneshot service took 1.132000 seconds in background
02-12 14:14:40.405     0     0 I init    : Sending signal 9 to service 'apexd' (pid 27786) process group...
02-12 14:14:40.407     0     0 I libprocessgroup: Successfully killed process cgroup uid 0 pid 27786 in 0ms
02-12 14:14:41.970   181   181 I hwservicemanager: getTransport: Cannot find entry android.hardware.graphics.mapper@4.0::IMapper/default in either framework or device manifest.
02-12 14:14:41.971 27870 27870 I Gralloc4: mapper 4.x is not supported
02-12 14:14:42.321  1373  4515 I MediaProvider: Begin Intent { act=android.intent.action.MEDIA_SCANNER_SCAN_FILE dat=file:///sdcard/screen_2026-02-12_151442.png flg=0x1400010 cmp=com.google.android.providers.media.module/com.android.providers.media.MediaService }
02-12 14:14:42.320  1373  1373 W com.google.android.providers.media.module: type=1400 audit(0.0:751): avc: denied { read } for comm=4173796E635461736B202331 name="primary" dev="tmpfs" ino=16956 scontext=u:r:mediaprovider_app:s0:c160,c256,c512,c768 tcontext=u:object_r:mnt_pass_through_file:s0 tclass=lnk_file permissive=0 app=com.google.android.providers.media.module
02-12 14:14:42.312     0     0 W audit   : audit_lost=52 audit_rate_limit=5 audit_backlog_limit=64
02-12 14:14:42.316     0     0 E audit   : rate limit exceeded
02-12 14:14:42.320  1373  1373 W com.google.android.providers.media.module: type=1400 audit(0.0:752): avc: denied { read } for comm=4173796E635461736B202331 name="primary" dev="tmpfs" ino=16956 scontext=u:r:mediaprovider_app:s0:c160,c256,c512,c768 tcontext=u:object_r:mnt_pass_through_file:s0 tclass=lnk_file permissive=0 app=com.google.android.providers.media.module
02-12 14:14:42.333  1373  4515 W ModernMediaScanner: Failed to visit /sdcard/screen_2026-02-12_151442.png: java.nio.file.AccessDeniedException: /sdcard/screen_2026-02-12_151442.png
02-12 14:14:42.334  1373  4515 I MediaProvider: Scanned internal due to REASON_DEMAND, found 0 items in 12ms, 0 inserts 0 updates 0 deletes
02-12 14:14:42.335  1373  4515 I MediaProvider: End Intent { act=android.intent.action.MEDIA_SCANNER_SCAN_FILE dat=file:///sdcard/screen_2026-02-12_151442.png flg=0x1400010 cmp=com.google.android.providers.media.module/com.android.providers.media.MediaService }
02-12 14:14:42.320  1373  1373 W com.google.android.providers.media.module: type=1400 audit(0.0:753): avc: denied { read } for comm=4173796E635461736B202331 name="primary" dev="tmpfs" ino=16956 scontext=u:r:mediaprovider_app:s0:c160,c256,c512,c768 tcontext=u:object_r:mnt_pass_through_file:s0 tclass=lnk_file permissive=0 app=com.google.android.providers.media.module
02-12 14:14:42.401  1373  1762 I MediaProvider: Deleted 1 items on external_primary due to com.android.shell
02-12 14:14:42.459 27887 27889 I cmd     : oneway function results will be dropped but finished with status OK and parcel size 4
02-12 14:14:42.715   181   181 I hwservicemanager: getTransport: Cannot find entry android.hardware.graphics.mapper@4.0::IMapper/default in either framework or device manifest.
02-12 14:14:42.715 27909 27909 I Gralloc4: mapper 4.x is not supported
02-12 14:14:43.004 27913 27915 I cmd     : oneway function results will be dropped but finished with status OK and parcel size 4
02-12 14:14:43.006  1373  4515 I MediaProvider: Begin Intent { act=android.intent.action.MEDIA_SCANNER_SCAN_FILE dat=file:///sdcard/screen_2026-02-12_151443.png flg=0x1400010 cmp=com.google.android.providers.media.module/com.android.providers.media.MediaService }
02-12 14:14:43.008  1373  4515 W ModernMediaScanner: Failed to visit /sdcard/screen_2026-02-12_151443.png: java.nio.file.AccessDeniedException: /sdcard/screen_2026-02-12_151443.png
02-12 14:14:43.008  1373  4515 I MediaProvider: Scanned internal due to REASON_DEMAND, found 0 items in 1ms, 0 inserts 0 updates 0 deletes
02-12 14:14:43.010  1373  4515 I MediaProvider: End Intent { act=android.intent.action.MEDIA_SCANNER_SCAN_FILE dat=file:///sdcard/screen_2026-02-12_151443.png flg=0x1400010 cmp=com.google.android.providers.media.module/com.android.providers.media.MediaService }
02-12 14:14:43.150  1373  1767 I MediaProvider: Deleted 1 items on external_primary due to com.android.shell
02-12 14:14:43.206 27924 27926 I cmd     : oneway function results will be dropped but finished with status OK and parcel size 4
02-12 14:14:43.460   181   181 I hwservicemanager: getTransport: Cannot find entry android.hardware.graphics.mapper@4.0::IMapper/default in either framework or device manifest.
02-12 14:14:43.460 27948 27948 I Gralloc4: mapper 4.x is not supported
02-12 14:14:43.760 27952 27954 I cmd     : oneway function results will be dropped but finished with status OK and parcel size 4
02-12 14:14:43.760  1373  4515 I MediaProvider: Begin Intent { act=android.intent.action.MEDIA_SCANNER_SCAN_FILE dat=file:///sdcard/screen_2026-02-12_151443.png flg=0x1400010 cmp=com.google.android.providers.media.module/com.android.providers.media.MediaService }
02-12 14:14:43.756  1373  1373 W com.google.android.providers.media.module: type=1400 audit(0.0:763): avc: denied { read } for comm=4173796E635461736B202331 name="primary" dev="tmpfs" ino=16956 scontext=u:r:mediaprovider_app:s0:c160,c256,c512,c768 tcontext=u:object_r:mnt_pass_through_file:s0 tclass=lnk_file permissive=0 app=com.google.android.providers.media.module
02-12 14:14:43.756     0     0 W audit   : audit_lost=59 audit_rate_limit=5 audit_backlog_limit=64
02-12 14:14:43.764  1373  1373 W com.google.android.providers.media.module: type=1400 audit(0.0:764): avc: denied { read } for comm=4173796E635461736B202331 name="primary" dev="tmpfs" ino=16956 scontext=u:r:mediaprovider_app:s0:c160,c256,c512,c768 tcontext=u:object_r:mnt_pass_through_file:s0 tclass=lnk_file permissive=0 app=com.google.android.providers.media.module
02-12 14:14:43.773  1373  4515 W ModernMediaScanner: Failed to visit /sdcard/screen_2026-02-12_151443.png: java.nio.file.AccessDeniedException: /sdcard/screen_2026-02-12_151443.png
02-12 14:14:43.774  1373  4515 I MediaProvider: Scanned internal due to REASON_DEMAND, found 0 items in 7ms, 0 inserts 0 updates 0 deletes
02-12 14:14:43.774  1373  4515 I MediaProvider: End Intent { act=android.intent.action.MEDIA_SCANNER_SCAN_FILE dat=file:///sdcard/screen_2026-02-12_151443.png flg=0x1400010 cmp=com.google.android.providers.media.module/com.android.providers.media.MediaService }
02-12 14:14:43.761     0     0 E audit   : rate limit exceeded
02-12 14:14:43.764  1373  1373 W com.google.android.providers.media.module: type=1400 audit(0.0:765): avc: denied { read } for comm=4173796E635461736B202331 name="primary" dev="tmpfs" ino=16956 scontext=u:r:mediaprovider_app:s0:c160,c256,c512,c768 tcontext=u:object_r:mnt_pass_through_file:s0 tclass=lnk_file permissive=0 app=com.google.android.providers.media.module
02-12 14:14:43.833  1373  1762 I MediaProvider: Deleted 1 items on external_primary due to com.android.shell
02-12 14:14:43.887 27963 27965 I cmd     : oneway function results will be dropped but finished with status OK and parcel size 4
02-12 14:14:43.977   525  1811 I ActivityTaskManager: START u0 {act=android.intent.action.MAIN cat=[android.intent.category.LAUNCHER] flg=0x10000000 cmp=com.cetacea/.MainActivity} from uid 2000
02-12 14:14:43.980   399   399 I perfetto: ing_service_impl.cc:758 Configured tracing session 24, #sources:1, duration:5000 ms, #buffers:1, total buffer size:4096 KB, total sessions:1, uid:1071 session name: ""
02-12 14:14:43.980   394   394 I perfetto: probes_producer.cc:230  Ftrace setup (target_buf=24)
02-12 14:14:43.983 27975 27977 I cmd     : oneway function results will be dropped but finished with status OK and parcel size 4
02-12 14:14:44.006   394   394 I perfetto: ftrace_procfs.cc:176    enabled ftrace
02-12 14:14:43.995     0     0 W perfetto: enabled ftrace
02-12 14:14:44.012   525   559 I ActivityManager: Start proc 27983:com.cetacea/u0a173 for pre-top-activity {com.cetacea/com.cetacea.MainActivity}
02-12 14:14:44.013 27983 27983 I com.cetacea: Late-enabling -Xcheck:jni
02-12 14:14:44.022 27983 27983 I com.cetacea: Unquickening 12 vdex files!
02-12 14:14:44.023 27983 27983 W com.cetacea: Unexpected CPU variant for X86 using defaults: x86
02-12 14:14:44.030   388   415 I adbd    : jdwp connection from 27983
02-12 14:14:44.815 27983 27983 W com.cetacea: Accessing hidden method Landroid/os/SystemProperties;->addChangeCallback(Ljava/lang/Runnable;)V (greylist, reflection, allowed)
02-12 14:14:45.211   181   181 I hwservicemanager: getTransport: Cannot find entry android.hardware.graphics.mapper@4.0::IMapper/default in either framework or device manifest.
02-12 14:14:45.213 28025 28025 I Gralloc4: mapper 4.x is not supported
02-12 14:14:45.389 28031 28033 I cmd     : oneway function results will be dropped but finished with status OK and parcel size 4
02-12 14:14:45.391  1373  4515 I MediaProvider: Begin Intent { act=android.intent.action.MEDIA_SCANNER_SCAN_FILE dat=file:///sdcard/screen_2026-02-12_151445.png flg=0x1400010 cmp=com.google.android.providers.media.module/com.android.providers.media.MediaService }
02-12 14:14:45.388  1373  1373 W com.google.android.providers.media.module: type=1400 audit(0.0:769): avc: denied { read } for comm=4173796E635461736B202331 name="primary" dev="tmpfs" ino=16956 scontext=u:r:mediaprovider_app:s0:c160,c256,c512,c768 tcontext=u:object_r:mnt_pass_through_file:s0 tclass=lnk_file permissive=0 app=com.google.android.providers.media.module
02-12 14:14:45.381     0     0 W audit   : audit_lost=60 audit_rate_limit=5 audit_backlog_limit=64
02-12 14:14:45.398  1373  4515 W ModernMediaScanner: Failed to visit /sdcard/screen_2026-02-12_151445.png: java.nio.file.AccessDeniedException: /sdcard/screen_2026-02-12_151445.png
02-12 14:14:45.387     0     0 E audit   : rate limit exceeded
02-12 14:14:45.399  1373  4515 I MediaProvider: Scanned internal due to REASON_DEMAND, found 0 items in 7ms, 0 inserts 0 updates 0 deletes
02-12 14:14:45.399  1373  4515 I MediaProvider: End Intent { act=android.intent.action.MEDIA_SCANNER_SCAN_FILE dat=file:///sdcard/screen_2026-02-12_151445.png flg=0x1400010 cmp=com.google.android.providers.media.module/com.android.providers.media.MediaService }
02-12 14:14:45.388  1373  1373 W com.google.android.providers.media.module: type=1400 audit(0.0:770): avc: denied { read } for comm=4173796E635461736B202331 name="primary" dev="tmpfs" ino=16956 scontext=u:r:mediaprovider_app:s0:c160,c256,c512,c768 tcontext=u:object_r:mnt_pass_through_file:s0 tclass=lnk_file permissive=0 app=com.google.android.providers.media.module
02-12 14:14:45.456   181   181 I hwservicemanager: getTransport: Cannot find entry android.hardware.configstore@1.0::ISurfaceFlingerConfigs/default in either framework or device manifest.
02-12 14:14:45.456 27983 28010 W OpenGLRenderer: Failed to choose config with EGL_SWAP_BEHAVIOR_PRESERVED, retrying without...
02-12 14:14:45.475  1373  1767 I MediaProvider: Deleted 1 items on external_primary due to com.android.shell
02-12 14:14:45.514   181   181 I hwservicemanager: getTransport: Cannot find entry android.hardware.graphics.mapper@4.0::IMapper/default in either framework or device manifest.
02-12 14:14:45.515 27983 28010 I Gralloc4: mapper 4.x is not supported
02-12 14:14:45.593 28042 28044 I cmd     : oneway function results will be dropped but finished with status OK and parcel size 4
02-12 14:14:45.663 27983 28010 I OpenGLRenderer: Davey! duration=1355ms; Flags=1, IntendedVsync=6179902418563, Vsync=6180002418559, OldestInputEvent=9223372036854775807, NewestInputEvent=0, HandleInputStart=6180011493100, AnimationStart=6180011509200, PerformTraversalsStart=6180011815000, DrawStart=6181138236900, SyncQueued=6181151330000, SyncStart=6181156149400, IssueDrawCommandsStart=6181156213100, SwapBuffers=6181258463800, FrameCompleted=6181262495600, DequeueBufferDuration=299000, QueueBufferDuration=886300, GpuCompleted=0, 
02-12 14:14:45.672   525   557 I ActivityTaskManager: Displayed com.cetacea/.MainActivity: +1s691ms
02-12 14:14:45.697 27983 27983 I Choreographer: Skipped 70 frames!  The application may be doing too much work on its main thread.
02-12 14:14:45.703 27983 28010 I OpenGLRenderer: Davey! duration=1183ms; Flags=0, IntendedVsync=6180119139630, Vsync=6181285806250, OldestInputEvent=9223372036854775807, NewestInputEvent=0, HandleInputStart=6181296960600, AnimationStart=6181296976600, PerformTraversalsStart=6181297002300, DrawStart=6181298067400, SyncQueued=6181298379800, SyncStart=6181298994100, IssueDrawCommandsStart=6181300555400, SwapBuffers=6181301173200, FrameCompleted=6181303079900, DequeueBufferDuration=540200, QueueBufferDuration=408900, GpuCompleted=0, 
02-12 14:14:45.802  1400 28060 I PBSessionCacheImpl: Deleted sessionId[6159036015085931] from persistence.
02-12 14:14:45.803  1400  2174 W SearchServiceCore: Abort, client detached.
02-12 14:14:45.964   181   181 I hwservicemanager: getTransport: Cannot find entry android.hardware.graphics.mapper@4.0::IMapper/default in either framework or device manifest.
02-12 14:14:45.965 28080 28080 I Gralloc4: mapper 4.x is not supported
02-12 14:14:45.979 27650 27650 E AccessibilityInteractionClient: 1 Disconnected nodes.
02-12 14:14:46.149 28094 28096 I cmd     : oneway function results will be dropped but finished with status OK and parcel size 4
02-12 14:14:46.151  1373  4515 I MediaProvider: Begin Intent { act=android.intent.action.MEDIA_SCANNER_SCAN_FILE dat=file:///sdcard/screen_2026-02-12_151446.png flg=0x1400010 cmp=com.google.android.providers.media.module/com.android.providers.media.MediaService }
02-12 14:14:46.152  1373  4515 W ModernMediaScanner: Failed to visit /sdcard/screen_2026-02-12_151446.png: java.nio.file.AccessDeniedException: /sdcard/screen_2026-02-12_151446.png
02-12 14:14:46.153  1373  4515 I MediaProvider: Scanned internal due to REASON_DEMAND, found 0 items in 1ms, 0 inserts 0 updates 0 deletes
02-12 14:14:46.154  1373  4515 I MediaProvider: End Intent { act=android.intent.action.MEDIA_SCANNER_SCAN_FILE dat=file:///sdcard/screen_2026-02-12_151446.png flg=0x1400010 cmp=com.google.android.providers.media.module/com.android.providers.media.MediaService }
02-12 14:14:46.216  1373  1762 I MediaProvider: Deleted 1 items on external_primary due to com.android.shell
02-12 14:14:46.275 28105 28107 I cmd     : oneway function results will be dropped but finished with status OK and parcel size 4
02-12 14:14:48.639   181   181 I hwservicemanager: getTransport: Cannot find entry android.hardware.graphics.mapper@4.0::IMapper/default in either framework or device manifest.
02-12 14:14:48.639 28135 28135 I Gralloc4: mapper 4.x is not supported
02-12 14:14:48.815 28139 28141 I cmd     : oneway function results will be dropped but finished with status OK and parcel size 4
02-12 14:14:48.816  1373  4515 I MediaProvider: Begin Intent { act=android.intent.action.MEDIA_SCANNER_SCAN_FILE dat=file:///sdcard/screen_2026-02-12_151449.png flg=0x1400010 cmp=com.google.android.providers.media.module/com.android.providers.media.MediaService }
02-12 14:14:48.816  1373  1373 W com.google.android.providers.media.module: type=1400 audit(0.0:781): avc: denied { read } for comm=4173796E635461736B202331 name="primary" dev="tmpfs" ino=16956 scontext=u:r:mediaprovider_app:s0:c160,c256,c512,c768 tcontext=u:object_r:mnt_pass_through_file:s0 tclass=lnk_file permissive=0 app=com.google.android.providers.media.module
02-12 14:14:48.807     0     0 W audit   : audit_lost=67 audit_rate_limit=5 audit_backlog_limit=64
02-12 14:14:48.812     0     0 E audit   : rate limit exceeded
02-12 14:14:48.816  1373  1373 W com.google.android.providers.media.module: type=1400 audit(0.0:782): avc: denied { read } for comm=4173796E635461736B202331 name="primary" dev="tmpfs" ino=16956 scontext=u:r:mediaprovider_app:s0:c160,c256,c512,c768 tcontext=u:object_r:mnt_pass_through_file:s0 tclass=lnk_file permissive=0 app=com.google.android.providers.media.module
02-12 14:14:48.828  1373  4515 W ModernMediaScanner: Failed to visit /sdcard/screen_2026-02-12_151449.png: java.nio.file.AccessDeniedException: /sdcard/screen_2026-02-12_151449.png
02-12 14:14:48.828  1373  4515 I MediaProvider: Scanned internal due to REASON_DEMAND, found 0 items in 11ms, 0 inserts 0 updates 0 deletes
02-12 14:14:48.829  1373  4515 I MediaProvider: End Intent { act=android.intent.action.MEDIA_SCANNER_SCAN_FILE dat=file:///sdcard/screen_2026-02-12_151449.png flg=0x1400010 cmp=com.google.android.providers.media.module/com.android.providers.media.MediaService }
02-12 14:14:48.816  1373  1373 W com.google.android.providers.media.module: type=1400 audit(0.0:783): avc: denied { read } for comm=4173796E635461736B202331 name="primary" dev="tmpfs" ino=16956 scontext=u:r:mediaprovider_app:s0:c160,c256,c512,c768 tcontext=u:object_r:mnt_pass_through_file:s0 tclass=lnk_file permissive=0 app=com.google.android.providers.media.module
02-12 14:14:48.894  1373  1767 I MediaProvider: Deleted 1 items on external_primary due to com.android.shell
02-12 14:14:48.987   394   394 I perfetto: probes_producer.cc:329  Producer stop (id=24)
02-12 14:14:48.989   399   399 I perfetto: ng_service_impl.cc:1948 Tracing session 24 ended, total sessions:0
02-12 14:14:48.989   394   394 I perfetto: ftrace_procfs.cc:183    disabled ftrace
02-12 14:14:48.992   419 27979 I iorapd  : Perfetto TraceBuffer saved to file: /data/misc/iorapd/com.cetacea/1/com.cetacea.MainActivity/raw_traces/1770905688991884200.perfetto_trace.pb
02-12 14:14:48.978     0     0 W perfetto: disabled ftrace
02-12 14:14:49.070 28165 28167 I cmd     : oneway function results will be dropped but finished with status OK and parcel size 4
02-12 14:14:49.306 28195 28197 I cmd     : oneway function results will be dropped but finished with status OK and parcel size 4
02-12 14:14:49.463 28207 28207 E libc    : Access denied finding property "persist.device_config.runtime_native_boot.profilebootclasspath"
02-12 14:14:49.463 28207 28207 E libc    : Access denied finding property "persist.device_config.runtime_native_boot.enable_apex_image"
