02-12 14:14:49.463 28207 28207 I AndroidRuntime: Using default boot image
02-12 14:14:49.463 28207 28207 E libc    : Access denied finding property "persist.device_config.runtime_native_boot.disable_lock_profiling"
02-12 14:14:49.463 28207 28207 I AndroidRuntime: Leaving lock profiling enabled
02-12 14:14:49.463 28207 28207 E libc    : Access denied finding property "persist.device_config.runtime_native_boot.enable_generational_cc"
02-12 14:14:49.467 28207 28207 I app_process: Core platform API reporting enabled, enforcing=false
02-12 14:14:49.487   345   345 E Layer   : [Surface(name=Task=28)/@0x89b27d8 - animation-leash#0] No local sync point found
02-12 14:14:49.521 28207 28207 W app_process: Unexpected CPU variant for X86 using defaults: x86
02-12 14:14:49.522 28207 28207 I app_process: The ClassLoaderContext is a special shared library.
02-12 14:14:49.523   708 28218 W RingtonePlayer: STOP command without a player
02-12 14:14:49.530 28207 28207 W app_process: JNI RegisterNativeMethods: attempt to register 0 native methods for android.media.AudioAttributes
02-12 14:14:49.543   708   708 W View    : couldn't find view with id 2131362152
02-12 14:14:49.665   708   708 W View    : couldn't find view with id 2131362152
02-12 14:14:50.056   525  1839 W InputManager: Input event injection from pid 28207 failed.
02-12 14:14:50.063   525  1839 I chatty  : uid=1000(system) Binder:525_12 identical 8 lines
02-12 14:14:50.063   525  1839 W InputManager: Input event injection from pid 28207 failed.
02-12 14:14:50.064   525  1844 W InputManager: Input event injection from pid 28207 failed.
02-12 14:14:50.065   525  1844 W InputManager: Input event injection from pid 28207 failed.
02-12 14:14:50.066   525  1839 W InputManager: Input event injection from pid 28207 failed.
02-12 14:14:50.067   525  1844 W InputManager: Input event injection from pid 28207 failed.
02-12 14:14:50.069   525  1844 I chatty  : uid=1000(system) Binder:525_16 identical 4 lines
02-12 14:14:50.070   525  1844 W InputManager: Input event injection from pid 28207 failed.
02-12 14:14:50.072   525  1839 W InputManager: Input event injection from pid 28207 failed.
02-12 14:14:50.073   525  1844 W InputManager: Input event injection from pid 28207 failed.
02-12 14:14:50.086   525  1844 I chatty  : uid=1000(system) Binder:525_16 identical 13 lines
02-12 14:14:50.088   525  1844 W InputManager: Input event injection from pid 28207 failed.
02-12 14:14:50.089   525  1339 W InputManager: Input event injection from pid 28207 failed.
02-12 14:14:50.091   525  1339 I chatty  : uid=1000(system) Binder:525_D identical 3 lines
02-12 14:14:50.092   525  1339 W InputManager: Input event injection from pid 28207 failed.
02-12 14:14:50.093   525  1844 W InputManager: Input event injection from pid 28207 failed.
02-12 14:14:50.093   525  1844 I chatty  : uid=1000(system) Binder:525_16 identical 1 line
02-12 14:14:50.094   525  1844 W InputManager: Input event injection from pid 28207 failed.
02-12 14:14:50.097   525  1339 W InputManager: Input event injection from pid 28207 failed.
02-12 14:14:49.917   708   708 I chatty  : uid=10157(com.android.systemui) identical 7 lines
02-12 14:14:50.046   708   708 W View    : couldn't find view with id 2131362152
02-12 14:14:50.106   525  1339 I chatty  : uid=1000(system) Binder:525_D identical 15 lines
02-12 14:14:50.106   525  1339 W InputManager: Input event injection from pid 28207 failed.
02-12 14:14:50.107   525  1844 W InputManager: Input event injection from pid 28207 failed.
02-12 14:14:50.117 19843 19843 I ProvidersCache: Updating roots due to change on user 0at content://com.android.providers.media.documents/root
02-12 14:14:50.117   525  1844 I chatty  : uid=1000(system) Binder:525_16 identical 14 lines
02-12 14:14:50.118   525  1844 W InputManager: Input event injection from pid 28207 failed.
02-12 14:14:50.119   525  1339 W InputManager: Input event injection from pid 28207 failed.
02-12 14:14:50.120   525  1844 W InputManager: Input event injection from pid 28207 failed.
02-12 14:14:50.124   525  1844 I chatty  : uid=1000(system) Binder:525_16 identical 4 lines
02-12 14:14:50.125   525  1844 W InputManager: Input event injection from pid 28207 failed.
02-12 14:14:50.129   525  1339 W InputManager: Input event injection from pid 28207 failed.
02-12 14:14:50.131   525  1339 W InputManager: Input event injection from pid 28207 failed.
02-12 14:14:50.131   525  1844 W InputManager: Input event injection from pid 28207 failed.
02-12 14:14:50.133   525  1844 I chatty  : uid=1000(system) Binder:525_16 identical 2 lines
02-12 14:14:50.134   525  1844 W InputManager: Input event injection from pid 28207 failed.
02-12 14:14:50.135   525  1339 W InputManager: Input event injection from pid 28207 failed.
02-12 14:14:50.142   525  1339 I chatty  : uid=1000(system) Binder:525_D identical 10 lines
02-12 14:14:50.143   525  1339 W InputManager: Input event injection from pid 28207 failed.
02-12 14:14:50.143   525  1844 W InputManager: Input event injection from pid 28207 failed.
02-12 14:14:50.144   525  1339 W InputManager: Input event injection from pid 28207 failed.
02-12 14:14:50.145   525  1339 W InputManager: Input event injection from pid 28207 failed.
02-12 14:14:50.145   525  1844 W InputManager: Input event injection from pid 28207 failed.
02-12 14:14:50.146   525  1339 W InputManager: Input event injection from pid 28207 failed.
02-12 14:14:50.149 27650 27669 I mit.droidbotap: Background concurrent copying GC freed 235533(9208KB) AllocSpace objects, 254(15MB) LOS objects, 49% free, 4713KB/9426KB, paused 1.081ms total 131.822ms
02-12 14:14:50.148   525  1339 I chatty  : uid=1000(system) Binder:525_D identical 4 lines
02-12 14:14:50.149   525  1339 W InputManager: Input event injection from pid 28207 failed.
02-12 14:14:50.149   525  1844 W InputManager: Input event injection from pid 28207 failed.
02-12 14:14:50.150 19843 19865 I ProvidersCache: Provider returned no roots. Possibly naughty: com.google.android.apps.docs.storage
02-12 14:14:50.150   525  1339 W InputManager: Input event injection from pid 28207 failed.
02-12 14:14:50.150   708   708 W View    : couldn't find view with id 2131362152
02-12 14:14:50.152   525  1339 I chatty  : uid=1000(system) Binder:525_D identical 3 lines
02-12 14:14:50.152   525  1339 W InputManager: Input event injection from pid 28207 failed.
02-12 14:14:50.153   525  1844 W InputManager: Input event injection from pid 28207 failed.
02-12 14:14:50.154   525  1844 I chatty  : uid=1000(system) Binder:525_16 identical 1 line
02-12 14:14:50.156   525  1844 W InputManager: Input event injection from pid 28207 failed.
02-12 14:14:50.157   525  1339 W InputManager: Input event injection from pid 28207 failed.
02-12 14:14:50.158   525  1844 W InputManager: Input event injection from pid 28207 failed.
02-12 14:14:50.159   525  1844 W InputManager: Input event injection from pid 28207 failed.
02-12 14:14:50.159   525  1339 W InputManager: Input event injection from pid 28207 failed.
02-12 14:14:50.165   525  1339 I chatty  : uid=1000(system) Binder:525_D identical 13 lines
02-12 14:14:50.165   525  1339 W InputManager: Input event injection from pid 28207 failed.
02-12 14:14:50.165   525  1844 W InputManager: Input event injection from pid 28207 failed.
02-12 14:14:50.166   525  1844 W InputManager: Input event injection from pid 28207 failed.
02-12 14:14:50.167   525  1339 W InputManager: Input event injection from pid 28207 failed.
02-12 14:14:50.168   525  1844 W InputManager: Input event injection from pid 28207 failed.
02-12 14:14:50.169   525  1844 I chatty  : uid=1000(system) Binder:525_16 identical 1 line
02-12 14:14:50.171   525  1844 W InputManager: Input event injection from pid 28207 failed.
02-12 14:14:50.171   525  1339 W InputManager: Input event injection from pid 28207 failed.
02-12 14:14:50.172   525  1339 I chatty  : uid=1000(system) Binder:525_D identical 1 line
02-12 14:14:50.173   525  1339 W InputManager: Input event injection from pid 28207 failed.
02-12 14:14:50.173   525  1844 W InputManager: Input event injection from pid 28207 failed.
02-12 14:14:50.174   525  1339 W InputManager: Input event injection from pid 28207 failed.
02-12 14:14:50.174   525  1339 I chatty  : uid=1000(system) Binder:525_D identical 1 line
02-12 14:14:50.175   525  1339 W InputManager: Input event injection from pid 28207 failed.
02-12 14:14:50.175   525  1844 W InputManager: Input event injection from pid 28207 failed.
02-12 14:14:50.175   525  1339 W InputManager: Input event injection from pid 28207 failed.
02-12 14:14:50.176   525  1339 I chatty  : uid=1000(system) Binder:525_D identical 1 line
02-12 14:14:50.177   525  1339 W InputManager: Input event injection from pid 28207 failed.
02-12 14:14:50.177   525  1844 W InputManager: Input event injection from pid 28207 failed.
02-12 14:14:50.178   525  1339 W InputManager: Input event injection from pid 28207 failed.
02-12 14:14:50.184   525  1339 I chatty  : uid=1000(system) Binder:525_D identical 17 lines
02-12 14:14:50.184   525  1339 W InputManager: Input event injection from pid 28207 failed.
02-12 14:14:50.185   525  1844 W InputManager: Input event injection from pid 28207 failed.
02-12 14:14:50.189   525  1844 I chatty  : uid=1000(system) Binder:525_16 identical 4 lines
02-12 14:14:50.190   525  1844 W InputManager: Input event injection from pid 28207 failed.
02-12 14:14:50.190   525  1339 W InputManager: Input event injection from pid 28207 failed.
02-12 14:14:50.191   525  1339 W InputManager: Input event injection from pid 28207 failed.
02-12 14:14:50.192   525  1839 W InputManager: Input event injection from pid 28207 failed.
02-12 14:14:50.196   525  1839 I chatty  : uid=1000(system) Binder:525_12 identical 4 lines
02-12 14:14:50.197   525  1839 W InputManager: Input event injection from pid 28207 failed.
02-12 14:14:50.199   525  1339 W InputManager: Input event injection from pid 28207 failed.
02-12 14:14:50.200   525  1839 W InputManager: Input event injection from pid 28207 failed.
02-12 14:14:50.201   525  1839 I chatty  : uid=1000(system) Binder:525_12 identical 1 line
02-12 14:14:50.202   525  1839 W InputManager: Input event injection from pid 28207 failed.
02-12 14:14:50.203   525  1339 W InputManager: Input event injection from pid 28207 failed.
02-12 14:14:50.210   525  1339 I chatty  : uid=1000(system) Binder:525_D identical 10 lines
02-12 14:14:50.211   525  1339 W InputManager: Input event injection from pid 28207 failed.
02-12 14:14:50.213   525  1839 W InputManager: Input event injection from pid 28207 failed.
02-12 14:14:50.219   525  1839 I chatty  : uid=1000(system) Binder:525_12 identical 7 lines
02-12 14:14:50.220   525  1839 W InputManager: Input event injection from pid 28207 failed.
02-12 14:14:50.222   525  1339 W InputManager: Input event injection from pid 28207 failed.
02-12 14:14:50.238   525  1339 I chatty  : uid=1000(system) Binder:525_D identical 20 lines
02-12 14:14:50.240   525  1339 W InputManager: Input event injection from pid 28207 failed.
02-12 14:14:50.241   525  1839 W InputManager: Input event injection from pid 28207 failed.
02-12 14:14:50.241   525  1839 I chatty  : uid=1000(system) Binder:525_12 identical 1 line
02-12 14:14:50.242   525  1839 W InputManager: Input event injection from pid 28207 failed.
02-12 14:14:50.244   525  1339 W InputManager: Input event injection from pid 28207 failed.
02-12 14:14:50.256   525  1339 I chatty  : uid=1000(system) Binder:525_D identical 13 lines
02-12 14:14:50.257   525  1339 W InputManager: Input event injection from pid 28207 failed.
02-12 14:14:50.258   525  1839 W InputManager: Input event injection from pid 28207 failed.
02-12 14:14:50.259   525  1844 W InputManager: Input event injection from pid 28207 failed.
02-12 14:14:50.260   525  1844 W InputManager: Input event injection from pid 28207 failed.
02-12 14:14:50.261   525  1339 W InputManager: Input event injection from pid 28207 failed.
02-12 14:14:50.261   525  1844 W InputManager: Input event injection from pid 28207 failed.
02-12 14:14:50.568   525  1844 I chatty  : uid=1000(system) Binder:525_16 identical 593 lines
02-12 14:14:50.568   525  1844 W InputManager: Input event injection from pid 28207 failed.
02-12 14:14:50.569   525  1339 W InputManager: Input event injection from pid 28207 failed.
02-12 14:14:50.576   525  1339 I chatty  : uid=1000(system) Binder:525_D identical 4 lines
02-12 14:14:50.577   525  1339 W InputManager: Input event injection from pid 28207 failed.
02-12 14:14:50.578   525  1844 W InputManager: Input event injection from pid 28207 failed.
02-12 14:14:50.595   525  1844 I chatty  : uid=1000(system) Binder:525_16 identical 20 lines
02-12 14:14:50.596   525  1844 W InputManager: Input event injection from pid 28207 failed.
02-12 14:14:50.597   525  1339 W InputManager: Input event injection from pid 28207 failed.
02-12 14:14:50.757   525  1339 I chatty  : uid=1000(system) Binder:525_D identical 275 lines
02-12 14:14:50.758   525  1339 W InputManager: Input event injection from pid 28207 failed.
02-12 14:14:50.758   525  1844 W InputManager: Input event injection from pid 28207 failed.
02-12 14:14:50.775   525  1844 I chatty  : uid=1000(system) Binder:525_16 identical 28 lines
02-12 14:14:50.776   525  1844 W InputManager: Input event injection from pid 28207 failed.
02-12 14:14:50.776   525  1339 W InputManager: Input event injection from pid 28207 failed.
02-12 14:14:50.817   525  1339 I chatty  : uid=1000(system) Binder:525_D identical 92 lines
02-12 14:14:50.818   525  1339 W InputManager: Input event injection from pid 28207 failed.
02-12 14:14:50.818   525  1844 W InputManager: Input event injection from pid 28207 failed.
02-12 14:14:50.253   708   708 I chatty  : uid=10157(com.android.systemui) identical 4 lines
02-12 14:14:50.573   708   708 W View    : couldn't find view with id 2131362152
02-12 14:14:50.821  1400  1418 W earchbox:searc: Reducing the number of considered missed Gc histogram windows from 116 to 100
02-12 14:14:50.835   525  1844 I chatty  : uid=1000(system) Binder:525_16 identical 30 lines
02-12 14:14:50.835   525  1844 W InputManager: Input event injection from pid 28207 failed.
02-12 14:14:50.836   525  1339 W InputManager: Input event injection from pid 28207 failed.
02-12 14:14:50.837   525  1844 W InputManager: Input event injection from pid 28207 failed.
02-12 14:14:50.838   525  1339 W InputManager: Input event injection from pid 28207 failed.
02-12 14:14:50.847   525  1339 I chatty  : uid=1000(system) Binder:525_D identical 15 lines
02-12 14:14:50.847   525  1339 W InputManager: Input event injection from pid 28207 failed.
02-12 14:14:50.848   525  1844 W InputManager: Input event injection from pid 28207 failed.
02-12 14:14:50.947   525  1844 I chatty  : uid=1000(system) Binder:525_16 identical 186 lines
02-12 14:14:50.948   525  1844 W InputManager: Input event injection from pid 28207 failed.
02-12 14:14:50.949   525  1839 W InputManager: Input event injection from pid 28207 failed.
02-12 14:14:50.949   525  1339 W InputManager: Input event injection from pid 28207 failed.
02-12 14:14:50.966   525  1339 I chatty  : uid=1000(system) Binder:525_D identical 30 lines
02-12 14:14:50.967   525  1339 W InputManager: Input event injection from pid 28207 failed.
02-12 14:14:50.967   525  1839 W InputManager: Input event injection from pid 28207 failed.
02-12 14:14:51.186   525  1839 I chatty  : uid=1000(system) Binder:525_12 identical 346 lines
02-12 14:14:51.187   525  1839 W InputManager: Input event injection from pid 28207 failed.
02-12 14:14:51.192   525  1339 W InputManager: Input event injection from pid 28207 failed.
02-12 14:14:51.229   525  1339 I chatty  : uid=1000(system) Binder:525_D identical 72 lines
02-12 14:14:51.229   525  1339 W InputManager: Input event injection from pid 28207 failed.
02-12 14:14:51.230   525  1839 W InputManager: Input event injection from pid 28207 failed.
02-12 14:14:51.332   525  1839 I chatty  : uid=1000(system) Binder:525_12 identical 146 lines
02-12 14:14:51.332   525  1839 W InputManager: Input event injection from pid 28207 failed.
02-12 14:14:51.332   525  1339 W InputManager: Input event injection from pid 28207 failed.
02-12 14:14:51.527   525  1339 I chatty  : uid=1000(system) Binder:525_D identical 416 lines
02-12 14:14:51.527   525  1339 W InputManager: Input event injection from pid 28207 failed.
02-12 14:14:51.528   525  1839 W InputManager: Input event injection from pid 28207 failed.
02-12 14:14:51.577   708   708 W View    : couldn't find view with id 2131362152
02-12 14:14:52.445 19843 19843 I ProvidersCache: Updating roots due to change on user 0at content://com.android.providers.media.documents/root
02-12 14:14:52.453 19843 19865 I ProvidersCache: Provider returned no roots. Possibly naughty: com.google.android.apps.docs.storage
02-12 14:14:52.464 19843 19857 W oid.documentsu: Reducing the number of considered missed Gc histogram windows from 140 to 100
02-12 14:14:52.591   708   708 W View    : couldn't find view with id 2131362152
02-12 14:14:53.155   181   181 I hwservicemanager: getTransport: Cannot find entry android.hardware.graphics.mapper@4.0::IMapper/default in either framework or device manifest.
02-12 14:14:53.155 28268 28268 I Gralloc4: mapper 4.x is not supported
02-12 14:14:53.188 19843 19843 I ProvidersCache: Updating roots due to change on user 0at content://com.android.providers.media.documents/root
02-12 14:14:53.198 19843 19865 I ProvidersCache: Provider returned no roots. Possibly naughty: com.google.android.apps.docs.storage
02-12 14:14:53.317  1373  4515 I MediaProvider: Begin Intent { act=android.intent.action.MEDIA_SCANNER_SCAN_FILE dat=file:///sdcard/screen_2026-02-12_151453.png flg=0x1400010 cmp=com.google.android.providers.media.module/com.android.providers.media.MediaService }
02-12 14:14:53.316  1373  1373 W com.google.android.providers.media.module: type=1400 audit(0.0:791): avc: denied { read } for comm=4173796E635461736B202331 name="primary" dev="tmpfs" ino=16956 scontext=u:r:mediaprovider_app:s0:c160,c256,c512,c768 tcontext=u:object_r:mnt_pass_through_file:s0 tclass=lnk_file permissive=0 app=com.google.android.providers.media.module
02-12 14:14:53.313     0     0 W audit   : audit_lost=72 audit_rate_limit=5 audit_backlog_limit=64
02-12 14:14:53.318     0     0 E audit   : rate limit exceeded
02-12 14:14:53.320  1373  1373 I chatty  : uid=10160(com.google.android.providers.media.module) identical 1 line
02-12 14:14:53.320  1373  1373 W com.google.android.providers.media.module: type=1400 audit(0.0:793): avc: denied { read } for comm=4173796E635461736B202331 name="primary" dev="tmpfs" ino=16956 scontext=u:r:mediaprovider_app:s0:c160,c256,c512,c768 tcontext=u:object_r:mnt_pass_through_file:s0 tclass=lnk_file permissive=0 app=com.google.android.providers.media.module
02-12 14:14:53.334  1373  4515 W ModernMediaScanner: Failed to visit /sdcard/screen_2026-02-12_151453.png: java.nio.file.AccessDeniedException: /sdcard/screen_2026-02-12_151453.png
02-12 14:14:53.335  1373  4515 I MediaProvider: Scanned internal due to REASON_DEMAND, found 0 items in 12ms, 0 inserts 0 updates 0 deletes
02-12 14:14:53.337  1373  4515 I MediaProvider: End Intent { act=android.intent.action.MEDIA_SCANNER_SCAN_FILE dat=file:///sdcard/screen_2026-02-12_151453.png flg=0x1400010 cmp=com.google.android.providers.media.module/com.android.providers.media.MediaService }
02-12 14:14:53.320  1373  1373 W com.google.android.providers.media.module: type=1400 audit(0.0:794): avc: denied { read } for comm=4173796E635461736B202331 name="primary" dev="tmpfs" ino=16956 scontext=u:r:mediaprovider_app:s0:c160,c256,c512,c768 tcontext=u:object_r:mnt_pass_through_file:s0 tclass=lnk_file permissive=0 app=com.google.android.providers.media.module
02-12 14:14:53.378  1373  1762 I MediaProvider: Deleted 1 items on external_primary due to com.android.shell
02-12 14:14:53.474 28283 28285 I cmd     : oneway function results will be dropped but finished with status OK and parcel size 4
02-12 14:14:53.591   708   708 W View    : couldn't find view with id 2131362152
02-12 14:14:53.790   181   181 I hwservicemanager: getTransport: Cannot find entry android.hardware.graphics.mapper@4.0::IMapper/default in either framework or device manifest.
02-12 14:14:53.790 28306 28306 I Gralloc4: mapper 4.x is not supported
02-12 14:14:53.854 19843 19843 I ProvidersCache: Updating roots due to change on user 0at content://com.android.providers.media.documents/root
02-12 14:14:53.868 19843 19865 I ProvidersCache: Provider returned no roots. Possibly naughty: com.google.android.apps.docs.storage
02-12 14:14:53.962  1373  4515 I MediaProvider: Begin Intent { act=android.intent.action.MEDIA_SCANNER_SCAN_FILE dat=file:///sdcard/screen_2026-02-12_151454.png flg=0x1400010 cmp=com.google.android.providers.media.module/com.android.providers.media.MediaService }
02-12 14:14:53.963  1373  4515 W ModernMediaScanner: Failed to visit /sdcard/screen_2026-02-12_151454.png: java.nio.file.AccessDeniedException: /sdcard/screen_2026-02-12_151454.png
02-12 14:14:53.964  1373  4515 I MediaProvider: Scanned internal due to REASON_DEMAND, found 0 items in 2ms, 0 inserts 0 updates 0 deletes
02-12 14:14:53.965  1373  4515 I MediaProvider: End Intent { act=android.intent.action.MEDIA_SCANNER_SCAN_FILE dat=file:///sdcard/screen_2026-02-12_151454.png flg=0x1400010 cmp=com.google.android.providers.media.module/com.android.providers.media.MediaService }
02-12 14:14:54.026  1373  1772 I MediaProvider: Deleted 1 items on external_primary due to com.android.shell
02-12 14:14:54.111 28323 28325 I cmd     : oneway function results will be dropped but finished with status OK and parcel size 4
02-12 14:14:51.533   525  1839 I chatty  : uid=1000(system) Binder:525_12 identical 13 lines
02-12 14:14:51.534   525  1839 W InputManager: Input event injection from pid 28207 failed.
02-12 14:14:54.388   525   546 E JobScheduler.Background: App com.google.android.gms became active but still in NEVER bucket
02-12 14:14:54.390   525   558 I DropBoxManagerService: add tag=system_server_wtf isTagEnabled=true flags=0x2
02-12 14:14:54.590   708   708 W View    : couldn't find view with id 2131362152
02-12 14:14:55.159   708   708 W View    : couldn't find view with id 2131362152
02-12 14:14:55.353   708   708 W View    : couldn't find view with id 2131362152
02-12 14:14:55.517 19843 19843 I ProvidersCache: Updating roots due to change on user 0at content://com.android.providers.media.documents/root
02-12 14:14:55.529 19843 19865 I ProvidersCache: Provider returned no roots. Possibly naughty: com.google.android.apps.docs.storage
02-12 14:14:56.237 19843 19843 I ProvidersCache: Updating roots due to change on user 0at content://com.android.providers.media.documents/root
02-12 14:14:56.244 19843 19865 I ProvidersCache: Provider returned no roots. Possibly naughty: com.google.android.apps.docs.storage
02-12 14:14:56.279  1373  1391 W FuseDaemon: Reducing the number of considered missed Gc histogram windows from 428 to 100
02-12 14:14:56.397   525   558 W BroadcastQueue: Background execution not allowed: receiving Intent { act=android.intent.action.DROPBOX_ENTRY_ADDED flg=0x10 (has extras) } to com.google.android.gms/.stats.service.DropBoxEntryAddedReceiver
02-12 14:14:56.398   525   558 W BroadcastQueue: Background execution not allowed: receiving Intent { act=android.intent.action.DROPBOX_ENTRY_ADDED flg=0x10 (has extras) } to com.google.android.gms/.chimera.GmsIntentOperationService$PersistentTrustedReceiver
02-12 14:14:56.483   181   181 I hwservicemanager: getTransport: Cannot find entry android.hardware.graphics.mapper@4.0::IMapper/default in either framework or device manifest.
02-12 14:14:56.483 28365 28365 I Gralloc4: mapper 4.x is not supported
02-12 14:14:56.657 28373 28375 I cmd     : oneway function results will be dropped but finished with status OK and parcel size 4
02-12 14:14:56.659  1373  4515 I MediaProvider: Begin Intent { act=android.intent.action.MEDIA_SCANNER_SCAN_FILE dat=file:///sdcard/screen_2026-02-12_151456.png flg=0x1400010 cmp=com.google.android.providers.media.module/com.android.providers.media.MediaService }
02-12 14:14:56.656  1373  1373 W com.google.android.providers.media.module: type=1400 audit(0.0:803): avc: denied { read } for comm=4173796E635461736B202331 name="primary" dev="tmpfs" ino=16956 scontext=u:r:mediaprovider_app:s0:c160,c256,c512,c768 tcontext=u:object_r:mnt_pass_through_file:s0 tclass=lnk_file permissive=0 app=com.google.android.providers.media.module
02-12 14:14:56.651     0     0 W audit   : audit_lost=79 audit_rate_limit=5 audit_backlog_limit=64
02-12 14:14:56.654     0     0 E audit   : rate limit exceeded
02-12 14:14:56.660  1373  1373 W com.google.android.providers.media.module: type=1400 audit(0.0:804): avc: denied { read } for comm=4173796E635461736B202331 name="primary" dev="tmpfs" ino=16956 scontext=u:r:mediaprovider_app:s0:c160,c256,c512,c768 tcontext=u:object_r:mnt_pass_through_file:s0 tclass=lnk_file permissive=0 app=com.google.android.providers.media.module
02-12 14:14:56.670  1373  4515 W ModernMediaScanner: Failed to visit /sdcard/screen_2026-02-12_151456.png: java.nio.file.AccessDeniedException: /sdcard/screen_2026-02-12_151456.png
02-12 14:14:56.671  1373  4515 I MediaProvider: Scanned internal due to REASON_DEMAND, found 0 items in 10ms, 0 inserts 0 updates 0 deletes
02-12 14:14:56.672  1373  4515 I MediaProvider: End Intent { act=android.intent.action.MEDIA_SCANNER_SCAN_FILE dat=file:///sdcard/screen_2026-02-12_151456.png flg=0x1400010 cmp=com.google.android.providers.media.module/com.android.providers.media.MediaService }
02-12 14:14:56.660  1373  1373 W com.google.android.providers.media.module: type=1400 audit(0.0:805): avc: denied { read } for comm=4173796E635461736B202331 name="primary" dev="tmpfs" ino=16956 scontext=u:r:mediaprovider_app:s0:c160,c256,c512,c768 tcontext=u:object_r:mnt_pass_through_file:s0 tclass=lnk_file permissive=0 app=com.google.android.providers.media.module
02-12 14:14:56.724  1373  1767 I MediaProvider: Deleted 1 items on external_primary due to com.android.shell
02-12 14:14:56.830 28384 28386 I cmd     : oneway function results will be dropped but finished with status OK and parcel size 4
02-12 14:14:57.068 28416 28418 I cmd     : oneway function results will be dropped but finished with status OK and parcel size 4
02-12 14:14:57.189 28431 28433 I cmd     : oneway function results will be dropped but finished with status OK and parcel size 4
02-12 14:14:57.327 28443 28443 E libc    : Access denied finding property "persist.device_config.runtime_native_boot.profilebootclasspath"
02-12 14:14:57.327 28443 28443 E libc    : Access denied finding property "persist.device_config.runtime_native_boot.enable_apex_image"
02-12 14:14:57.327 28443 28443 I AndroidRuntime: Using default boot image
02-12 14:14:57.327 28443 28443 E libc    : Access denied finding property "persist.device_config.runtime_native_boot.disable_lock_profiling"
02-12 14:14:57.327 28443 28443 I AndroidRuntime: Leaving lock profiling enabled
02-12 14:14:57.328 28443 28443 E libc    : Access denied finding property "persist.device_config.runtime_native_boot.enable_generational_cc"
02-12 14:14:57.329 28443 28443 I app_process: Core platform API reporting enabled, enforcing=false
02-12 14:14:57.362 28443 28443 W app_process: Unexpected CPU variant for X86 using defaults: x86
02-12 14:14:57.364 28443 28443 I app_process: The ClassLoaderContext is a special shared library.
02-12 14:14:57.370 28443 28443 W app_process: JNI RegisterNativeMethods: attempt to register 0 native methods for android.media.AudioAttributes
02-12 14:14:57.738  3992  4008 W ssioncontrolle: Reducing the number of considered missed Gc histogram windows from 116 to 100
02-12 14:14:58.937 19843 19843 I ProvidersCache: Updating roots due to change on user 0at content://com.android.providers.media.documents/root
02-12 14:14:58.945 19843 19865 I ProvidersCache: Provider returned no roots. Possibly naughty: com.google.android.apps.docs.storage
02-12 14:14:59.202   181   181 I hwservicemanager: getTransport: Cannot find entry android.hardware.graphics.mapper@4.0::IMapper/default in either framework or device manifest.
02-12 14:14:59.202 28474 28474 I Gralloc4: mapper 4.x is not supported
02-12 14:14:59.381 28478 28480 I cmd     : oneway function results will be dropped but finished with status OK and parcel size 4
02-12 14:14:59.383  1373  4515 I MediaProvider: Begin Intent { act=android.intent.action.MEDIA_SCANNER_SCAN_FILE dat=file:///sdcard/screen_2026-02-12_151459.png flg=0x1400010 cmp=com.google.android.providers.media.module/com.android.providers.media.MediaService }
02-12 14:14:59.380  1373  1373 W com.google.android.providers.media.module: type=1400 audit(0.0:813): avc: denied { read } for comm=4173796E635461736B202331 name="primary" dev="tmpfs" ino=16956 scontext=u:r:mediaprovider_app:s0:c160,c256,c512,c768 tcontext=u:object_r:mnt_pass_through_file:s0 tclass=lnk_file permissive=0 app=com.google.android.providers.media.module
02-12 14:14:59.391  1373  4515 W ModernMediaScanner: Failed to visit /sdcard/screen_2026-02-12_151459.png: java.nio.file.AccessDeniedException: /sdcard/screen_2026-02-12_151459.png
02-12 14:14:59.373     0     0 W audit   : audit_lost=84 audit_rate_limit=5 audit_backlog_limit=64
02-12 14:14:59.379     0     0 E audit   : rate limit exceeded
02-12 14:14:59.393  1373  4515 I MediaProvider: Scanned internal due to REASON_DEMAND, found 0 items in 9ms, 0 inserts 0 updates 0 deletes
02-12 14:14:59.394  1373  4515 I MediaProvider: End Intent { act=android.intent.action.MEDIA_SCANNER_SCAN_FILE dat=file:///sdcard/screen_2026-02-12_151459.png flg=0x1400010 cmp=com.google.android.providers.media.module/com.android.providers.media.MediaService }
02-12 14:14:59.380  1373  1373 W com.google.android.providers.media.module: type=1400 audit(0.0:814): avc: denied { read } for comm=4173796E635461736B202331 name="primary" dev="tmpfs" ino=16956 scontext=u:r:mediaprovider_app:s0:c160,c256,c512,c768 tcontext=u:object_r:mnt_pass_through_file:s0 tclass=lnk_file permissive=0 app=com.google.android.providers.media.module
02-12 14:14:59.442  1373  1762 I MediaProvider: Deleted 1 items on external_primary due to com.android.shell
02-12 14:14:59.520 28489 28491 I cmd     : oneway function results will be dropped but finished with status OK and parcel size 4
02-12 14:14:59.785   181   181 I hwservicemanager: getTransport: Cannot find entry android.hardware.graphics.mapper@4.0::IMapper/default in either framework or device manifest.
02-12 14:14:59.785 28511 28511 I Gralloc4: mapper 4.x is not supported
02-12 14:14:59.964 28515 28517 I cmd     : oneway function results will be dropped but finished with status OK and parcel size 4
02-12 14:14:59.966  1373  4515 I MediaProvider: Begin Intent { act=android.intent.action.MEDIA_SCANNER_SCAN_FILE dat=file:///sdcard/screen_2026-02-12_151500.png flg=0x1400010 cmp=com.google.android.providers.media.module/com.android.providers.media.MediaService }
02-12 14:14:59.968  1373  4515 W ModernMediaScanner: Failed to visit /sdcard/screen_2026-02-12_151500.png: java.nio.file.AccessDeniedException: /sdcard/screen_2026-02-12_151500.png
02-12 14:14:59.969  1373  4515 I MediaProvider: Scanned internal due to REASON_DEMAND, found 0 items in 1ms, 0 inserts 0 updates 0 deletes
02-12 14:14:59.969  1373  4515 I MediaProvider: End Intent { act=android.intent.action.MEDIA_SCANNER_SCAN_FILE dat=file:///sdcard/screen_2026-02-12_151500.png flg=0x1400010 cmp=com.google.android.providers.media.module/com.android.providers.media.MediaService }
02-12 14:15:00.023  1373  1767 I MediaProvider: Deleted 1 items on external_primary due to com.android.shell
02-12 14:15:00.100 28527 28529 I cmd     : oneway function results will be dropped but finished with status OK and parcel size 4
02-12 14:15:02.406   181   181 I hwservicemanager: getTransport: Cannot find entry android.hardware.graphics.mapper@4.0::IMapper/default in either framework or device manifest.
02-12 14:15:02.406 28556 28556 I Gralloc4: mapper 4.x is not supported
02-12 14:15:02.579 28560 28562 I cmd     : oneway function results will be dropped but finished with status OK and parcel size 4
02-12 14:15:02.581  1373  4515 I MediaProvider: Begin Intent { act=android.intent.action.MEDIA_SCANNER_SCAN_FILE dat=file:///sdcard/screen_2026-02-12_151502.png flg=0x1400010 cmp=com.google.android.providers.media.module/com.android.providers.media.MediaService }
02-12 14:15:02.580  1373  1373 W com.google.android.providers.media.module: type=1400 audit(0.0:825): avc: denied { read } for comm=4173796E635461736B202331 name="primary" dev="tmpfs" ino=16956 scontext=u:r:mediaprovider_app:s0:c160,c256,c512,c768 tcontext=u:object_r:mnt_pass_through_file:s0 tclass=lnk_file permissive=0 app=com.google.android.providers.media.module
02-12 14:15:02.587  1373  4515 W ModernMediaScanner: Failed to visit /sdcard/screen_2026-02-12_151502.png: java.nio.file.AccessDeniedException: /sdcard/screen_2026-02-12_151502.png
02-12 14:15:02.588  1373  4515 I MediaProvider: Scanned internal due to REASON_DEMAND, found 0 items in 5ms, 0 inserts 0 updates 0 deletes
02-12 14:15:02.589  1373  4515 I MediaProvider: End Intent { act=android.intent.action.MEDIA_SCANNER_SCAN_FILE dat=file:///sdcard/screen_2026-02-12_151502.png flg=0x1400010 cmp=com.google.android.providers.media.module/com.android.providers.media.MediaService }
02-12 14:15:02.580  1373  1373 W com.google.android.providers.media.module: type=1400 audit(0.0:826): avc: denied { read } for comm=4173796E635461736B202331 name="primary" dev="tmpfs" ino=16956 scontext=u:r:mediaprovider_app:s0:c160,c256,c512,c768 tcontext=u:object_r:mnt_pass_through_file:s0 tclass=lnk_file permissive=0 app=com.google.android.providers.media.module
02-12 14:15:02.572     0     0 W audit   : audit_lost=91 audit_rate_limit=5 audit_backlog_limit=64
02-12 14:15:02.577     0     0 E audit   : rate limit exceeded
02-12 14:15:02.580  1373  1373 I chatty  : uid=10160(com.google.android.providers.media.module) identical 2 lines
02-12 14:15:02.580  1373  1373 W com.google.android.providers.media.module: type=1400 audit(0.0:829): avc: denied { read } for comm=4173796E635461736B202331 name="primary" dev="tmpfs" ino=16956 scontext=u:r:mediaprovider_app:s0:c160,c256,c512,c768 tcontext=u:object_r:mnt_pass_through_file:s0 tclass=lnk_file permissive=0 app=com.google.android.providers.media.module
02-12 14:15:02.654  1373  1762 I MediaProvider: Deleted 1 items on external_primary due to com.android.shell
02-12 14:15:02.721 28571 28573 I cmd     : oneway function results will be dropped but finished with status OK and parcel size 4
02-12 14:15:02.952 28601 28603 I cmd     : oneway function results will be dropped but finished with status OK and parcel size 4
02-12 14:15:03.069 28616 28618 I cmd     : oneway function results will be dropped but finished with status OK and parcel size 4
02-12 14:15:03.210 28628 28628 E libc    : Access denied finding property "persist.device_config.runtime_native_boot.profilebootclasspath"
02-12 14:15:03.210 28628 28628 E libc    : Access denied finding property "persist.device_config.runtime_native_boot.enable_apex_image"
02-12 14:15:03.210 28628 28628 I AndroidRuntime: Using default boot image
02-12 14:15:03.210 28628 28628 E libc    : Access denied finding property "persist.device_config.runtime_native_boot.disable_lock_profiling"
02-12 14:15:03.210 28628 28628 I AndroidRuntime: Leaving lock profiling enabled
02-12 14:15:03.210 28628 28628 E libc    : Access denied finding property "persist.device_config.runtime_native_boot.enable_generational_cc"
02-12 14:15:03.212 28628 28628 I app_process: Core platform API reporting enabled, enforcing=false
02-12 14:15:03.245 28628 28628 W app_process: Unexpected CPU variant for X86 using defaults: x86
02-12 14:15:03.246 28628 28628 I app_process: The ClassLoaderContext is a special shared library.
02-12 14:15:03.254 28628 28628 W app_process: JNI RegisterNativeMethods: attempt to register 0 native methods for android.media.AudioAttributes
02-12 14:15:03.381 27650 27650 E AccessibilityInteractionClient: 2 Disconnected nodes.
02-12 14:15:03.421 19843 19843 I ProvidersCache: Updating roots due to change on user 0at content://com.android.providers.media.documents/root
02-12 14:15:03.436 19843 19865 I ProvidersCache: Provider returned no roots. Possibly naughty: com.google.android.apps.docs.storage
02-12 14:15:03.591 27983 27983 I ExoPlayerImpl: Init 7fed1b4 [AndroidXMedia3/1.9.0] [generic_x86_arm, sdk_gphone_x86, Google, 30]
02-12 14:15:03.687   525   889 I system_server: oneway function results will be dropped but finished with status OK and parcel size 4
02-12 14:15:03.687   525  1071 I system_server: oneway function results will be dropped but finished with status OK and parcel size 4
02-12 14:15:03.687   525   889 I system_server: oneway function results will be dropped but finished with status OK and parcel size 4
02-12 14:15:03.687   525   889 I system_server: oneway function results will be dropped but finished with status OK and parcel size 4
02-12 14:15:03.736   213   216 E android.system.suspend@1.0-service: Error opening kernel wakelock stats for: wakeup36: Permission denied
02-12 14:15:03.739   213   216 E android.system.suspend@1.0-service: Error opening kernel wakelock stats for: wakeup35: Permission denied
02-12 14:15:03.732   213   213 W Binder:213_2: type=1400 audit(0.0:835): avc: denied { read } for name="wakeup36" dev="sysfs" ino=19533 scontext=u:r:system_suspend:s0 tcontext=u:object_r:sysfs:s0 tclass=dir permissive=0
02-12 14:15:03.736   213   213 W Binder:213_2: type=1400 audit(0.0:836): avc: denied { read } for name="wakeup35" dev="sysfs" ino=19470 scontext=u:r:system_suspend:s0 tcontext=u:object_r:sysfs:s0 tclass=dir permissive=0
02-12 14:15:03.827 27983 27983 I ExoPlayerImpl: Init 8850b85 [AndroidXMedia3/1.9.0] [generic_x86_arm, sdk_gphone_x86, Google, 30]
02-12 14:15:03.940 27983 28647 I TetheringManager: registerTetheringEventCallback:com.cetacea
02-12 14:15:03.949 27650 27650 E AccessibilityInteractionClient: Duplicate node.
02-12 14:15:04.037 27650 27650 I chatty  : uid=10176(io.github.ylimit.droidbotapp) identical 2 lines
02-12 14:15:04.061 27650 27650 E AccessibilityInteractionClient: Duplicate node.
02-12 14:15:04.074 19843 19843 I ProvidersCache: Updating roots due to change on user 0at content://com.android.providers.media.documents/root
02-12 14:15:04.086 27650 27650 E AccessibilityInteractionClient: Duplicate node.
02-12 14:15:04.092 19843 19865 I ProvidersCache: Provider returned no roots. Possibly naughty: com.google.android.apps.docs.storage
02-12 14:15:04.115 27650 27650 E AccessibilityInteractionClient: Duplicate node.
02-12 14:15:04.633 27650 27650 I chatty  : uid=10176(io.github.ylimit.droidbotapp) identical 14 lines
02-12 14:15:04.729 27650 27650 E AccessibilityInteractionClient: Duplicate node.
02-12 14:15:04.965 27983 28653 E ExoPlayerImplInternal: Playback error
02-12 14:15:04.965 27983 28653 E ExoPlayerImplInternal:   androidx.media3.exoplayer.ExoPlaybackException: Source error
02-12 14:15:04.965 27983 28653 E ExoPlayerImplInternal:       at androidx.media3.exoplayer.ExoPlayerImplInternal.handleIoException(ExoPlayerImplInternal.java:937)
02-12 14:15:04.965 27983 28653 E ExoPlayerImplInternal:       at androidx.media3.exoplayer.ExoPlayerImplInternal.handleMessage(ExoPlayerImplInternal.java:907)
02-12 14:15:04.965 27983 28653 E ExoPlayerImplInternal:       at android.os.Handler.dispatchMessage(Handler.java:102)
02-12 14:15:04.965 27983 28653 E ExoPlayerImplInternal:       at android.os.Looper.loop(Looper.java:223)
02-12 14:15:04.965 27983 28653 E ExoPlayerImplInternal:       at android.os.HandlerThread.run(HandlerThread.java:67)
02-12 14:15:04.965 27983 28653 E ExoPlayerImplInternal:   Caused by: androidx.media3.exoplayer.source.UnrecognizedInputFormatException: None of the available extractors (FlvExtractor, FlacExtractor, WavExtractor, FragmentedMp4Extractor, Mp4Extractor, AmrExtractor, PsExtractor, OggExtractor, TsExtractor, MatroskaExtractor, AdtsExtractor, Ac3Extractor, Ac4Extractor, Mp3Extractor, AviExtractor, JpegExtractor, PngExtractor, WebpExtractor, BmpExtractor, HeifExtractor, AvifExtractor) could read the stream. {contentIsMalformed=false, dataType=1}
02-12 14:15:04.965 27983 28653 E ExoPlayerImplInternal:   sniff failures: [NoDeclaredBrand, NoDeclaredBrand]
02-12 14:15:04.965 27983 28653 E ExoPlayerImplInternal:       at androidx.media3.exoplayer.source.BundledExtractorsAdapter.init(BundledExtractorsAdapter.java:110)
02-12 14:15:04.965 27983 28653 E ExoPlayerImplInternal:       at androidx.media3.exoplayer.source.ProgressiveMediaPeriod$ExtractingLoadable.load(ProgressiveMediaPeriod.java:1169)
02-12 14:15:04.965 27983 28653 E ExoPlayerImplInternal:       at androidx.media3.exoplayer.upstream.Loader$LoadTask.run(Loader.java:453)
02-12 14:15:04.965 27983 28653 E ExoPlayerImplInternal:       at java.util.concurrent.ThreadPoolExecutor.runWorker(ThreadPoolExecutor.java:1167)
02-12 14:15:04.965 27983 28653 E ExoPlayerImplInternal:       at java.util.concurrent.ThreadPoolExecutor$Worker.run(ThreadPoolExecutor.java:641)
02-12 14:15:04.965 27983 28653 E ExoPlayerImplInternal:       at java.lang.Thread.run(Thread.java:923)
02-12 14:15:04.985 27650 27650 E AccessibilityInteractionClient: Duplicate node.
02-12 14:15:05.052 27650 27650 E AccessibilityInteractionClient: Duplicate node.
02-12 14:15:05.113   181   181 I hwservicemanager: getTransport: Cannot find entry android.hardware.graphics.mapper@4.0::IMapper/default in either framework or device manifest.
02-12 14:15:05.114 28698 28698 I Gralloc4: mapper 4.x is not supported
02-12 14:15:05.256 28703 28705 I cmd     : oneway function results will be dropped but finished with status OK and parcel size 4
02-12 14:15:05.258  1373  4515 I MediaProvider: Begin Intent { act=android.intent.action.MEDIA_SCANNER_SCAN_FILE dat=file:///sdcard/screen_2026-02-12_151505.png flg=0x1400010 cmp=com.google.android.providers.media.module/com.android.providers.media.MediaService }
02-12 14:15:05.258  1373  4515 W ModernMediaScanner: Failed to visit /sdcard/screen_2026-02-12_151505.png: java.nio.file.AccessDeniedException: /sdcard/screen_2026-02-12_151505.png
02-12 14:15:05.259  1373  4515 I MediaProvider: Scanned internal due to REASON_DEMAND, found 0 items in 1ms, 0 inserts 0 updates 0 deletes
02-12 14:15:05.259  1373  4515 I MediaProvider: End Intent { act=android.intent.action.MEDIA_SCANNER_SCAN_FILE dat=file:///sdcard/screen_2026-02-12_151505.png flg=0x1400010 cmp=com.google.android.providers.media.module/com.android.providers.media.MediaService }
02-12 14:15:05.256  1373  1373 W com.google.android.providers.media.module: type=1400 audit(0.0:837): avc: denied { read } for comm=4173796E635461736B202331 name="primary" dev="tmpfs" ino=16956 scontext=u:r:mediaprovider_app:s0:c160,c256,c512,c768 tcontext=u:object_r:mnt_pass_through_file:s0 tclass=lnk_file permissive=0 app=com.google.android.providers.media.module
02-12 14:15:05.335  1373  1767 I MediaProvider: Deleted 1 items on external_primary due to com.android.shell
02-12 14:15:05.410 28716 28718 I cmd     : oneway function results will be dropped but finished with status OK and parcel size 4
02-12 14:15:05.674   181   181 I hwservicemanager: getTransport: Cannot find entry android.hardware.graphics.mapper@4.0::IMapper/default in either framework or device manifest.
02-12 14:15:05.674 28738 28738 I Gralloc4: mapper 4.x is not supported
02-12 14:15:05.820 28742 28744 I cmd     : oneway function results will be dropped but finished with status OK and parcel size 4
02-12 14:15:05.821  1373  4515 I MediaProvider: Begin Intent { act=android.intent.action.MEDIA_SCANNER_SCAN_FILE dat=file:///sdcard/screen_2026-02-12_151506.png flg=0x1400010 cmp=com.google.android.providers.media.module/com.android.providers.media.MediaService }
02-12 14:15:05.820  1373  1373 W com.google.android.providers.media.module: type=1400 audit(0.0:843): avc: denied { read } for comm=4173796E635461736B202331 name="primary" dev="tmpfs" ino=16956 scontext=u:r:mediaprovider_app:s0:c160,c256,c512,c768 tcontext=u:object_r:mnt_pass_through_file:s0 tclass=lnk_file permissive=0 app=com.google.android.providers.media.module
02-12 14:15:05.811     0     0 W audit   : audit_lost=96 audit_rate_limit=5 audit_backlog_limit=64
02-12 14:15:05.812     0     0 E audit   : rate limit exceeded
02-12 14:15:05.820  1373  1373 W com.google.android.providers.media.module: type=1400 audit(0.0:844): avc: denied { read } for comm=4173796E635461736B202331 name="primary" dev="tmpfs" ino=16956 scontext=u:r:mediaprovider_app:s0:c160,c256,c512,c768 tcontext=u:object_r:mnt_pass_through_file:s0 tclass=lnk_file permissive=0 app=com.google.android.providers.media.module
02-12 14:15:05.835  1373  4515 W ModernMediaScanner: Failed to visit /sdcard/screen_2026-02-12_151506.png: java.nio.file.AccessDeniedException: /sdcard/screen_2026-02-12_151506.png
02-12 14:15:05.836  1373  4515 I MediaProvider: Scanned internal due to REASON_DEMAND, found 0 items in 2ms, 0 inserts 0 updates 0 deletes
02-12 14:15:05.837  1373  4515 I MediaProvider: End Intent { act=android.intent.action.MEDIA_SCANNER_SCAN_FILE dat=file:///sdcard/screen_2026-02-12_151506.png flg=0x1400010 cmp=com.google.android.providers.media.module/com.android.providers.media.MediaService }
02-12 14:15:05.882  1373  1762 I MediaProvider: Deleted 1 items on external_primary due to com.android.shell
02-12 14:15:05.964 27650 27650 E AccessibilityInteractionClient: Duplicate node.
02-12 14:15:05.967 28753 28755 I cmd     : oneway function results will be dropped but finished with status OK and parcel size 4
02-12 14:15:06.053 27650 27650 E AccessibilityInteractionClient: Duplicate node.
02-12 14:15:06.056 27650 27650 E AccessibilityInteractionClient: 6 Disconnected nodes.
02-12 14:15:06.688   525  1847 I system_server: oneway function results will be dropped but finished with status OK and parcel size 4
02-12 14:15:06.690   525  1847 I system_server: oneway function results will be dropped but finished with status OK and parcel size 4
02-12 14:15:06.737 19843 19843 I ProvidersCache: Updating roots due to change on user 0at content://com.android.providers.media.documents/root
02-12 14:15:06.751 19843 19865 I ProvidersCache: Provider returned no roots. Possibly naughty: com.google.android.apps.docs.storage
02-12 14:15:06.964 27650 27650 E AccessibilityInteractionClient: Duplicate node.
02-12 14:15:07.055 27650 27650 E AccessibilityInteractionClient: Duplicate node.
02-12 14:15:07.057 27650 27650 E AccessibilityInteractionClient: 6 Disconnected nodes.
02-12 14:15:07.660 27983 28648 E ExoPlayerImplInternal: Playback error
02-12 14:15:07.660 27983 28648 E ExoPlayerImplInternal:   androidx.media3.exoplayer.ExoPlaybackException: Source error
02-12 14:15:07.660 27983 28648 E ExoPlayerImplInternal:       at androidx.media3.exoplayer.ExoPlayerImplInternal.handleIoException(ExoPlayerImplInternal.java:937)
02-12 14:15:07.660 27983 28648 E ExoPlayerImplInternal:       at androidx.media3.exoplayer.ExoPlayerImplInternal.handleMessage(ExoPlayerImplInternal.java:909)
02-12 14:15:07.660 27983 28648 E ExoPlayerImplInternal:       at android.os.Handler.dispatchMessage(Handler.java:102)
02-12 14:15:07.660 27983 28648 E ExoPlayerImplInternal:       at android.os.Looper.loop(Looper.java:223)
02-12 14:15:07.660 27983 28648 E ExoPlayerImplInternal:       at android.os.HandlerThread.run(HandlerThread.java:67)
02-12 14:15:07.660 27983 28648 E ExoPlayerImplInternal:   Caused by: androidx.media3.datasource.HttpDataSource$InvalidResponseCodeException: Response code: 403
02-12 14:15:07.660 27983 28648 E ExoPlayerImplInternal:       at androidx.media3.datasource.DefaultHttpDataSource.open(DefaultHttpDataSource.java:400)
02-12 14:15:07.660 27983 28648 E ExoPlayerImplInternal:       at androidx.media3.datasource.DefaultDataSource.open(DefaultDataSource.java:277)
02-12 14:15:07.660 27983 28648 E ExoPlayerImplInternal:       at androidx.media3.datasource.StatsDataSource.open(StatsDataSource.java:89)
02-12 14:15:07.660 27983 28648 E ExoPlayerImplInternal:       at androidx.media3.exoplayer.source.ProgressiveMediaPeriod$ExtractingLoadable.load(ProgressiveMediaPeriod.java:1152)
02-12 14:15:07.660 27983 28648 E ExoPlayerImplInternal:       at androidx.media3.exoplayer.upstream.Loader$LoadTask.run(Loader.java:453)
02-12 14:15:07.660 27983 28648 E ExoPlayerImplInternal:       at java.util.concurrent.ThreadPoolExecutor.runWorker(ThreadPoolExecutor.java:1167)
02-12 14:15:07.660 27983 28648 E ExoPlayerImplInternal:       at java.util.concurrent.ThreadPoolExecutor$Worker.run(ThreadPoolExecutor.java:641)
02-12 14:15:07.660 27983 28648 E ExoPlayerImplInternal:       at java.lang.Thread.run(Thread.java:923)
02-12 14:15:07.682 27650 27650 E AccessibilityInteractionClient: Duplicate node.
02-12 14:15:07.772 27650 27650 E AccessibilityInteractionClient: Duplicate node.
02-12 14:15:07.774 27650 27650 E AccessibilityInteractionClient: 6 Disconnected nodes.
02-12 14:15:08.298   181   181 I hwservicemanager: getTransport: Cannot find entry android.hardware.graphics.mapper@4.0::IMapper/default in either framework or device manifest.
02-12 14:15:08.298 28786 28786 I Gralloc4: mapper 4.x is not supported
