02-12 14:15:35.730 29704 29706 I cmd     : oneway function results will be dropped but finished with status OK and parcel size 4
02-12 14:15:35.733  1373  4515 I MediaProvider: Begin Intent { act=android.intent.action.MEDIA_SCANNER_SCAN_FILE dat=file:///sdcard/screen_2026-02-12_151536.png flg=0x1400010 cmp=com.google.android.providers.media.module/com.android.providers.media.MediaService }
02-12 14:15:35.732  1373  1373 W com.google.android.providers.media.module: type=1400 audit(0.0:947): avc: denied { read } for comm=4173796E635461736B202331 name="primary" dev="tmpfs" ino=16956 scontext=u:r:mediaprovider_app:s0:c160,c256,c512,c768 tcontext=u:object_r:mnt_pass_through_file:s0 tclass=lnk_file permissive=0 app=com.google.android.providers.media.module
02-12 14:15:35.724     0     0 W audit   : audit_lost=153 audit_rate_limit=5 audit_backlog_limit=64
02-12 14:15:35.729     0     0 E audit   : rate limit exceeded
02-12 14:15:35.732  1373  1373 W com.google.android.providers.media.module: type=1400 audit(0.0:948): avc: denied { read } for comm=4173796E635461736B202331 name="primary" dev="tmpfs" ino=16956 scontext=u:r:mediaprovider_app:s0:c160,c256,c512,c768 tcontext=u:object_r:mnt_pass_through_file:s0 tclass=lnk_file permissive=0 app=com.google.android.providers.media.module
02-12 14:15:35.744  1373  4515 W ModernMediaScanner: Failed to visit /sdcard/screen_2026-02-12_151536.png: java.nio.file.AccessDeniedException: /sdcard/screen_2026-02-12_151536.png
02-12 14:15:35.746  1373  4515 I MediaProvider: Scanned internal due to REASON_DEMAND, found 0 items in 12ms, 0 inserts 0 updates 0 deletes
02-12 14:15:35.746  1373  4515 I MediaProvider: End Intent { act=android.intent.action.MEDIA_SCANNER_SCAN_FILE dat=file:///sdcard/screen_2026-02-12_151536.png flg=0x1400010 cmp=com.google.android.providers.media.module/com.android.providers.media.MediaService }
02-12 14:15:35.732  1373  1373 W com.google.android.providers.media.module: type=1400 audit(0.0:949): avc: denied { read } for comm=4173796E635461736B202331 name="primary" dev="tmpfs" ino=16956 scontext=u:r:mediaprovider_app:s0:c160,c256,c512,c768 tcontext=u:object_r:mnt_pass_through_file:s0 tclass=lnk_file permissive=0 app=com.google.android.providers.media.module
02-12 14:15:35.803  1373  1772 I MediaProvider: Deleted 1 items on external_primary due to com.android.shell
02-12 14:15:36.230   181   181 I hwservicemanager: getTransport: Cannot find entry android.hardware.graphics.mapper@4.0::IMapper/default in either framework or device manifest.
02-12 14:15:36.231 29739 29739 I Gralloc4: mapper 4.x is not supported
02-12 14:15:36.245 19843 19843 I ProvidersCache: Updating roots due to change on user 0at content://com.android.providers.media.documents/root
02-12 14:15:36.259 19843 19865 I ProvidersCache: Provider returned no roots. Possibly naughty: com.google.android.apps.docs.storage
02-12 14:15:36.394 29743 29745 I cmd     : oneway function results will be dropped but finished with status OK and parcel size 4
02-12 14:15:36.396  1373  4515 I MediaProvider: Begin Intent { act=android.intent.action.MEDIA_SCANNER_SCAN_FILE dat=file:///sdcard/screen_2026-02-12_151536.png flg=0x1400010 cmp=com.google.android.providers.media.module/com.android.providers.media.MediaService }
02-12 14:15:36.397  1373  4515 W ModernMediaScanner: Failed to visit /sdcard/screen_2026-02-12_151536.png: java.nio.file.AccessDeniedException: /sdcard/screen_2026-02-12_151536.png
02-12 14:15:36.399  1373  4515 I MediaProvider: Scanned internal due to REASON_DEMAND, found 0 items in 3ms, 0 inserts 0 updates 0 deletes
02-12 14:15:36.400  1373  4515 I MediaProvider: End Intent { act=android.intent.action.MEDIA_SCANNER_SCAN_FILE dat=file:///sdcard/screen_2026-02-12_151536.png flg=0x1400010 cmp=com.google.android.providers.media.module/com.android.providers.media.MediaService }
02-12 14:15:36.451  1373  1767 I MediaProvider: Deleted 1 items on external_primary due to com.android.shell
02-12 14:15:36.516 29754 29756 I cmd     : oneway function results will be dropped but finished with status OK and parcel size 4
02-12 14:15:38.859   181   181 I hwservicemanager: getTransport: Cannot find entry android.hardware.graphics.mapper@4.0::IMapper/default in either framework or device manifest.
02-12 14:15:38.860 29780 29780 I Gralloc4: mapper 4.x is not supported
02-12 14:15:39.008 19843 19843 I ProvidersCache: Updating roots due to change on user 0at content://com.android.providers.media.documents/root
02-12 14:15:39.016 19843 19865 I ProvidersCache: Provider returned no roots. Possibly naughty: com.google.android.apps.docs.storage
02-12 14:15:39.028  1373  4515 I MediaProvider: Begin Intent { act=android.intent.action.MEDIA_SCANNER_SCAN_FILE dat=file:///sdcard/screen_2026-02-12_151539.png flg=0x1400010 cmp=com.google.android.providers.media.module/com.android.providers.media.MediaService }
02-12 14:15:39.024  1373  1373 W com.google.android.providers.media.module: type=1400 audit(0.0:959): avc: denied { read } for comm=4173796E635461736B202331 name="primary" dev="tmpfs" ino=16956 scontext=u:r:mediaprovider_app:s0:c160,c256,c512,c768 tcontext=u:object_r:mnt_pass_through_file:s0 tclass=lnk_file permissive=0 app=com.google.android.providers.media.module
02-12 14:15:39.021     0     0 W audit   : audit_lost=160 audit_rate_limit=5 audit_backlog_limit=64
02-12 14:15:39.025     0     0 E audit   : rate limit exceeded
02-12 14:15:39.024  1373  1373 W com.google.android.providers.media.module: type=1400 audit(0.0:960): avc: denied { read } for comm=4173796E635461736B202331 name="primary" dev="tmpfs" ino=16956 scontext=u:r:mediaprovider_app:s0:c160,c256,c512,c768 tcontext=u:object_r:mnt_pass_through_file:s0 tclass=lnk_file permissive=0 app=com.google.android.providers.media.module
02-12 14:15:39.041  1373  4515 W ModernMediaScanner: Failed to visit /sdcard/screen_2026-02-12_151539.png: java.nio.file.AccessDeniedException: /sdcard/screen_2026-02-12_151539.png
02-12 14:15:39.042  1373  4515 I MediaProvider: Scanned internal due to REASON_DEMAND, found 0 items in 11ms, 0 inserts 0 updates 0 deletes
02-12 14:15:39.043  1373  4515 I MediaProvider: End Intent { act=android.intent.action.MEDIA_SCANNER_SCAN_FILE dat=file:///sdcard/screen_2026-02-12_151539.png flg=0x1400010 cmp=com.google.android.providers.media.module/com.android.providers.media.MediaService }
02-12 14:15:39.028  1373  1373 W com.google.android.providers.media.module: type=1400 audit(0.0:961): avc: denied { read } for comm=4173796E635461736B202331 name="primary" dev="tmpfs" ino=16956 scontext=u:r:mediaprovider_app:s0:c160,c256,c512,c768 tcontext=u:object_r:mnt_pass_through_file:s0 tclass=lnk_file permissive=0 app=com.google.android.providers.media.module
02-12 14:15:39.086  1373  1772 I MediaProvider: Deleted 1 items on external_primary due to com.android.shell
02-12 14:15:39.161 29797 29799 I cmd     : oneway function results will be dropped but finished with status OK and parcel size 4
02-12 14:15:39.282 29807 29807 E libc    : Access denied finding property "persist.device_config.runtime_native_boot.profilebootclasspath"
02-12 14:15:39.282 29807 29807 E libc    : Access denied finding property "persist.device_config.runtime_native_boot.enable_apex_image"
02-12 14:15:39.282 29807 29807 I AndroidRuntime: Using default boot image
02-12 14:15:39.282 29807 29807 E libc    : Access denied finding property "persist.device_config.runtime_native_boot.disable_lock_profiling"
02-12 14:15:39.282 29807 29807 I AndroidRuntime: Leaving lock profiling enabled
02-12 14:15:39.282 29807 29807 E libc    : Access denied finding property "persist.device_config.runtime_native_boot.enable_generational_cc"
02-12 14:15:39.284 29807 29807 I app_process: Core platform API reporting enabled, enforcing=false
02-12 14:15:39.538 19843 19843 I ProvidersCache: Updating roots due to change on user 0at content://com.android.providers.media.documents/root
02-12 14:15:39.558 19843 19865 I ProvidersCache: Provider returned no roots. Possibly naughty: com.google.android.apps.docs.storage
02-12 14:15:39.578 29807 29807 W app_process: Unexpected CPU variant for X86 using defaults: x86
02-12 14:15:39.579 29807 29807 I app_process: The ClassLoaderContext is a special shared library.
02-12 14:15:39.587 29807 29807 W app_process: JNI RegisterNativeMethods: attempt to register 0 native methods for android.media.AudioAttributes
02-12 14:15:39.598   525   547 E RemoteAugmentedAutofillService: Bad service name for flags 1048704: com.google.android.as/com.google.android.apps.miphone.aiai.app.AiAiAugmentedAutofillService
