02-12 14:15:08.443 28790 28792 I cmd     : oneway function results will be dropped but finished with status OK and parcel size 4
02-12 14:15:08.444  1373  4515 I MediaProvider: Begin Intent { act=android.intent.action.MEDIA_SCANNER_SCAN_FILE dat=file:///sdcard/screen_2026-02-12_151508.png flg=0x1400010 cmp=com.google.android.providers.media.module/com.android.providers.media.MediaService }
02-12 14:15:08.447  1373  4515 W ModernMediaScanner: Failed to visit /sdcard/screen_2026-02-12_151508.png: java.nio.file.AccessDeniedException: /sdcard/screen_2026-02-12_151508.png
02-12 14:15:08.448  1373  4515 I MediaProvider: Scanned internal due to REASON_DEMAND, found 0 items in 3ms, 0 inserts 0 updates 0 deletes
02-12 14:15:08.449  1373  4515 I MediaProvider: End Intent { act=android.intent.action.MEDIA_SCANNER_SCAN_FILE dat=file:///sdcard/screen_2026-02-12_151508.png flg=0x1400010 cmp=com.google.android.providers.media.module/com.android.providers.media.MediaService }
02-12 14:15:08.434     0     0 W audit   : audit_lost=100 audit_rate_limit=5 audit_backlog_limit=64
02-12 14:15:08.435     0     0 E audit   : rate limit exceeded
02-12 14:15:08.440  1373  1373 W com.google.android.providers.media.module: type=1400 audit(0.0:849): avc: denied { read } for comm=4173796E635461736B202331 name="primary" dev="tmpfs" ino=16956 scontext=u:r:mediaprovider_app:s0:c160,c256,c512,c768 tcontext=u:object_r:mnt_pass_through_file:s0 tclass=lnk_file permissive=0 app=com.google.android.providers.media.module
02-12 14:15:08.444  1373  1373 I chatty  : uid=10160(com.google.android.providers.media.module) identical 3 lines
02-12 14:15:08.444  1373  1373 W com.google.android.providers.media.module: type=1400 audit(0.0:853): avc: denied { read } for comm=4173796E635461736B202331 name="primary" dev="tmpfs" ino=16956 scontext=u:r:mediaprovider_app:s0:c160,c256,c512,c768 tcontext=u:object_r:mnt_pass_through_file:s0 tclass=lnk_file permissive=0 app=com.google.android.providers.media.module
02-12 14:15:08.501  1373  1767 I MediaProvider: Deleted 1 items on external_primary due to com.android.shell
02-12 14:15:08.578 28803 28805 I cmd     : oneway function results will be dropped but finished with status OK and parcel size 4
02-12 14:15:08.693 28818 28820 I cmd     : oneway function results will be dropped but finished with status OK and parcel size 4
02-12 14:15:08.811 28833 28835 I cmd     : oneway function results will be dropped but finished with status OK and parcel size 4
02-12 14:15:08.926 28848 28850 I cmd     : oneway function results will be dropped but finished with status OK and parcel size 4
02-12 14:15:09.065 28860 28860 E libc    : Access denied finding property "persist.device_config.runtime_native_boot.profilebootclasspath"
02-12 14:15:09.065 28860 28860 E libc    : Access denied finding property "persist.device_config.runtime_native_boot.enable_apex_image"
02-12 14:15:09.065 28860 28860 I AndroidRuntime: Using default boot image
02-12 14:15:09.065 28860 28860 E libc    : Access denied finding property "persist.device_config.runtime_native_boot.disable_lock_profiling"
02-12 14:15:09.065 28860 28860 I AndroidRuntime: Leaving lock profiling enabled
02-12 14:15:09.065 28860 28860 E libc    : Access denied finding property "persist.device_config.runtime_native_boot.enable_generational_cc"
02-12 14:15:09.067 28860 28860 W app_process: Could not reserve sentinel fault page
02-12 14:15:09.067 28860 28860 I app_process: Core platform API reporting enabled, enforcing=false
02-12 14:15:09.097 28860 28860 W app_process: Unexpected CPU variant for X86 using defaults: x86
02-12 14:15:09.099 28860 28860 I app_process: The ClassLoaderContext is a special shared library.
02-12 14:15:09.105 28860 28860 W app_process: JNI RegisterNativeMethods: attempt to register 0 native methods for android.media.AudioAttributes
02-12 14:15:09.330   525  1071 I system_server: oneway function results will be dropped but finished with status OK and parcel size 4
02-12 14:15:09.331   525  1071 I system_server: oneway function results will be dropped but finished with status OK and parcel size 4
02-12 14:15:09.351 27650 27650 E AccessibilityInteractionClient: Duplicate node.
02-12 14:15:09.362 27650 27650 I chatty  : uid=10176(io.github.ylimit.droidbotapp) identical 1 line
02-12 14:15:09.442 27650 27650 E AccessibilityInteractionClient: Duplicate node.
02-12 14:15:09.446 27650 27650 E AccessibilityInteractionClient: 6 Disconnected nodes.
02-12 14:15:09.477 19843 19843 I ProvidersCache: Updating roots due to change on user 0at content://com.android.providers.media.documents/root
02-12 14:15:09.485 19843 19865 I ProvidersCache: Provider returned no roots. Possibly naughty: com.google.android.apps.docs.storage
02-12 14:15:09.691  2823 28882 I GmscoreIpa: Starting mediastore instant index
02-12 14:15:10.038 19843 19843 I ProvidersCache: Updating roots due to change on user 0at content://com.android.providers.media.documents/root
02-12 14:15:10.047 19843 19865 I ProvidersCache: Provider returned no roots. Possibly naughty: com.google.android.apps.docs.storage
02-12 14:15:10.936   181   181 I hwservicemanager: getTransport: Cannot find entry android.hardware.graphics.mapper@4.0::IMapper/default in either framework or device manifest.
02-12 14:15:10.937 28897 28897 I Gralloc4: mapper 4.x is not supported
02-12 14:15:11.086 28901 28903 I cmd     : oneway function results will be dropped but finished with status OK and parcel size 4
02-12 14:15:11.088  1373  4515 I MediaProvider: Begin Intent { act=android.intent.action.MEDIA_SCANNER_SCAN_FILE dat=file:///sdcard/screen_2026-02-12_151511.png flg=0x1400010 cmp=com.google.android.providers.media.module/com.android.providers.media.MediaService }
02-12 14:15:11.084  1373  1373 W com.google.android.providers.media.module: type=1400 audit(0.0:859): avc: denied { read } for comm=4173796E635461736B202331 name="primary" dev="tmpfs" ino=16956 scontext=u:r:mediaprovider_app:s0:c160,c256,c512,c768 tcontext=u:object_r:mnt_pass_through_file:s0 tclass=lnk_file permissive=0 app=com.google.android.providers.media.module
02-12 14:15:11.094  1373  4515 W ModernMediaScanner: Failed to visit /sdcard/screen_2026-02-12_151511.png: java.nio.file.AccessDeniedException: /sdcard/screen_2026-02-12_151511.png
02-12 14:15:11.095  1373  4515 I MediaProvider: Scanned internal due to REASON_DEMAND, found 0 items in 6ms, 0 inserts 0 updates 0 deletes
02-12 14:15:11.096  1373  4515 I MediaProvider: End Intent { act=android.intent.action.MEDIA_SCANNER_SCAN_FILE dat=file:///sdcard/screen_2026-02-12_151511.png flg=0x1400010 cmp=com.google.android.providers.media.module/com.android.providers.media.MediaService }
02-12 14:15:11.078     0     0 W audit   : audit_lost=105 audit_rate_limit=5 audit_backlog_limit=64
02-12 14:15:11.083     0     0 E audit   : rate limit exceeded
02-12 14:15:11.084  1373  1373 W com.google.android.providers.media.module: type=1400 audit(0.0:860): avc: denied { read } for comm=4173796E635461736B202331 name="primary" dev="tmpfs" ino=16956 scontext=u:r:mediaprovider_app:s0:c160,c256,c512,c768 tcontext=u:object_r:mnt_pass_through_file:s0 tclass=lnk_file permissive=0 app=com.google.android.providers.media.module
02-12 14:15:11.088  1373  1373 I chatty  : uid=10160(com.google.android.providers.media.module) identical 2 lines
02-12 14:15:11.088  1373  1373 W com.google.android.providers.media.module: type=1400 audit(0.0:863): avc: denied { read } for comm=4173796E635461736B202331 name="primary" dev="tmpfs" ino=16956 scontext=u:r:mediaprovider_app:s0:c160,c256,c512,c768 tcontext=u:object_r:mnt_pass_through_file:s0 tclass=lnk_file permissive=0 app=com.google.android.providers.media.module
02-12 14:15:11.157  1373  1772 I MediaProvider: Deleted 1 items on external_primary due to com.android.shell
02-12 14:15:11.337   525  3704 I system_server: oneway function results will be dropped but finished with status OK and parcel size 4
02-12 14:15:11.513   181   181 I hwservicemanager: getTransport: Cannot find entry android.hardware.graphics.mapper@4.0::IMapper/default in either framework or device manifest.
02-12 14:15:11.513 28934 28934 I Gralloc4: mapper 4.x is not supported
02-12 14:15:11.661 28938 28940 I cmd     : oneway function results will be dropped but finished with status OK and parcel size 4
02-12 14:15:11.662  1373  4515 I MediaProvider: Begin Intent { act=android.intent.action.MEDIA_SCANNER_SCAN_FILE dat=file:///sdcard/screen_2026-02-12_151512.png flg=0x1400010 cmp=com.google.android.providers.media.module/com.android.providers.media.MediaService }
02-12 14:15:11.663  1373  4515 W ModernMediaScanner: Failed to visit /sdcard/screen_2026-02-12_151512.png: java.nio.file.AccessDeniedException: /sdcard/screen_2026-02-12_151512.png
02-12 14:15:11.665  1373  4515 I MediaProvider: Scanned internal due to REASON_DEMAND, found 0 items in 2ms, 0 inserts 0 updates 0 deletes
02-12 14:15:11.666  1373  4515 I MediaProvider: End Intent { act=android.intent.action.MEDIA_SCANNER_SCAN_FILE dat=file:///sdcard/screen_2026-02-12_151512.png flg=0x1400010 cmp=com.google.android.providers.media.module/com.android.providers.media.MediaService }
02-12 14:15:11.727  1373  1762 I MediaProvider: Deleted 1 items on external_primary due to com.android.shell
02-12 14:15:11.802 28951 28953 I cmd     : oneway function results will be dropped but finished with status OK and parcel size 4
02-12 14:15:12.379   525  1071 I system_server: oneway function results will be dropped but finished with status OK and parcel size 4
02-12 14:15:12.668 19843 19843 I ProvidersCache: Updating roots due to change on user 0at content://com.android.providers.media.documents/root
02-12 14:15:12.678 19843 19865 I ProvidersCache: Provider returned no roots. Possibly naughty: com.google.android.apps.docs.storage
02-12 14:15:14.120   181   181 I hwservicemanager: getTransport: Cannot find entry android.hardware.graphics.mapper@4.0::IMapper/default in either framework or device manifest.
02-12 14:15:14.120 28977 28977 I Gralloc4: mapper 4.x is not supported
02-12 14:15:14.263 28981 28983 I cmd     : oneway function results will be dropped but finished with status OK and parcel size 4
02-12 14:15:14.266  1373  4515 I MediaProvider: Begin Intent { act=android.intent.action.MEDIA_SCANNER_SCAN_FILE dat=file:///sdcard/screen_2026-02-12_151514.png flg=0x1400010 cmp=com.google.android.providers.media.module/com.android.providers.media.MediaService }
02-12 14:15:14.272  1373  4515 W ModernMediaScanner: Failed to visit /sdcard/screen_2026-02-12_151514.png: java.nio.file.AccessDeniedException: /sdcard/screen_2026-02-12_151514.png
02-12 14:15:14.272  1373  4515 I MediaProvider: Scanned internal due to REASON_DEMAND, found 0 items in 1ms, 0 inserts 0 updates 0 deletes
02-12 14:15:14.273  1373  4515 I MediaProvider: End Intent { act=android.intent.action.MEDIA_SCANNER_SCAN_FILE dat=file:///sdcard/screen_2026-02-12_151514.png flg=0x1400010 cmp=com.google.android.providers.media.module/com.android.providers.media.MediaService }
02-12 14:15:14.261     0     0 W audit   : audit_lost=112 audit_rate_limit=5 audit_backlog_limit=64
02-12 14:15:14.261     0     0 E audit   : rate limit exceeded
02-12 14:15:14.264  1373  1373 W com.google.android.providers.media.module: type=1400 audit(0.0:871): avc: denied { read } for comm=4173796E635461736B202331 name="primary" dev="tmpfs" ino=16956 scontext=u:r:mediaprovider_app:s0:c160,c256,c512,c768 tcontext=u:object_r:mnt_pass_through_file:s0 tclass=lnk_file permissive=0 app=com.google.android.providers.media.module
02-12 14:15:14.268  1373  1373 I chatty  : uid=10160(com.google.android.providers.media.module) identical 3 lines
02-12 14:15:14.268  1373  1373 W com.google.android.providers.media.module: type=1400 audit(0.0:875): avc: denied { read } for comm=4173796E635461736B202331 name="primary" dev="tmpfs" ino=16956 scontext=u:r:mediaprovider_app:s0:c160,c256,c512,c768 tcontext=u:object_r:mnt_pass_through_file:s0 tclass=lnk_file permissive=0 app=com.google.android.providers.media.module
02-12 14:15:14.319  1373  1767 I MediaProvider: Deleted 1 items on external_primary due to com.android.shell
02-12 14:15:14.402 28992 28994 I cmd     : oneway function results will be dropped but finished with status OK and parcel size 4
02-12 14:15:14.523 29007 29009 I cmd     : oneway function results will be dropped but finished with status OK and parcel size 4
02-12 14:15:14.641 29022 29024 I cmd     : oneway function results will be dropped but finished with status OK and parcel size 4
02-12 14:15:14.757 29037 29039 I cmd     : oneway function results will be dropped but finished with status OK and parcel size 4
02-12 14:15:14.897 29051 29051 E libc    : Access denied finding property "persist.device_config.runtime_native_boot.profilebootclasspath"
02-12 14:15:14.898 29051 29051 E libc    : Access denied finding property "persist.device_config.runtime_native_boot.enable_apex_image"
02-12 14:15:14.898 29051 29051 I AndroidRuntime: Using default boot image
02-12 14:15:14.898 29051 29051 E libc    : Access denied finding property "persist.device_config.runtime_native_boot.disable_lock_profiling"
02-12 14:15:14.898 29051 29051 I AndroidRuntime: Leaving lock profiling enabled
02-12 14:15:14.898 29051 29051 E libc    : Access denied finding property "persist.device_config.runtime_native_boot.enable_generational_cc"
02-12 14:15:14.899 29051 29051 I app_process: Core platform API reporting enabled, enforcing=false
02-12 14:15:14.930 29051 29051 W app_process: Unexpected CPU variant for X86 using defaults: x86
02-12 14:15:14.932 29051 29051 I app_process: The ClassLoaderContext is a special shared library.
02-12 14:15:14.940 29051 29051 W app_process: JNI RegisterNativeMethods: attempt to register 0 native methods for android.media.AudioAttributes
02-12 14:15:15.163   525  3281 I system_server: oneway function results will be dropped but finished with status OK and parcel size 4
02-12 14:15:15.164   525  3281 I system_server: oneway function results will be dropped but finished with status OK and parcel size 4
02-12 14:15:15.184 27650 27650 E AccessibilityInteractionClient: Duplicate node.
02-12 14:15:15.198 27650 27650 I chatty  : uid=10176(io.github.ylimit.droidbotapp) identical 1 line
02-12 14:15:15.268 27650 27650 E AccessibilityInteractionClient: Duplicate node.
02-12 14:15:15.270 27650 27650 E AccessibilityInteractionClient: 6 Disconnected nodes.
02-12 14:15:15.377 19843 19843 I ProvidersCache: Updating roots due to change on user 0at content://com.android.providers.media.documents/root
02-12 14:15:15.386 19843 19865 I ProvidersCache: Provider returned no roots. Possibly naughty: com.google.android.apps.docs.storage
02-12 14:15:15.827 27983 28653 E ExoPlayerImplInternal: Playback error
02-12 14:15:15.827 27983 28653 E ExoPlayerImplInternal:   androidx.media3.exoplayer.ExoPlaybackException: Source error
02-12 14:15:15.827 27983 28653 E ExoPlayerImplInternal:       at androidx.media3.exoplayer.ExoPlayerImplInternal.handleIoException(ExoPlayerImplInternal.java:937)
02-12 14:15:15.827 27983 28653 E ExoPlayerImplInternal:       at androidx.media3.exoplayer.ExoPlayerImplInternal.handleMessage(ExoPlayerImplInternal.java:907)
02-12 14:15:15.827 27983 28653 E ExoPlayerImplInternal:       at android.os.Handler.dispatchMessage(Handler.java:102)
02-12 14:15:15.827 27983 28653 E ExoPlayerImplInternal:       at android.os.Looper.loop(Looper.java:223)
02-12 14:15:15.827 27983 28653 E ExoPlayerImplInternal:       at android.os.HandlerThread.run(HandlerThread.java:67)
02-12 14:15:15.827 27983 28653 E ExoPlayerImplInternal:   Caused by: androidx.media3.exoplayer.source.UnrecognizedInputFormatException: None of the available extractors (FlvExtractor, FlacExtractor, WavExtractor, FragmentedMp4Extractor, Mp4Extractor, AmrExtractor, PsExtractor, OggExtractor, TsExtractor, MatroskaExtractor, AdtsExtractor, Ac3Extractor, Ac4Extractor, Mp3Extractor, AviExtractor, JpegExtractor, PngExtractor, WebpExtractor, BmpExtractor, HeifExtractor, AvifExtractor) could read the stream. {contentIsMalformed=false, dataType=1}
02-12 14:15:15.827 27983 28653 E ExoPlayerImplInternal:   sniff failures: [NoDeclaredBrand, NoDeclaredBrand]
02-12 14:15:15.827 27983 28653 E ExoPlayerImplInternal:       at androidx.media3.exoplayer.source.BundledExtractorsAdapter.init(BundledExtractorsAdapter.java:110)
02-12 14:15:15.827 27983 28653 E ExoPlayerImplInternal:       at androidx.media3.exoplayer.source.ProgressiveMediaPeriod$ExtractingLoadable.load(ProgressiveMediaPeriod.java:1169)
02-12 14:15:15.827 27983 28653 E ExoPlayerImplInternal:       at androidx.media3.exoplayer.upstream.Loader$LoadTask.run(Loader.java:453)
02-12 14:15:15.827 27983 28653 E ExoPlayerImplInternal:       at java.util.concurrent.ThreadPoolExecutor.runWorker(ThreadPoolExecutor.java:1167)
02-12 14:15:15.827 27983 28653 E ExoPlayerImplInternal:       at java.util.concurrent.ThreadPoolExecutor$Worker.run(ThreadPoolExecutor.java:641)
02-12 14:15:15.827 27983 28653 E ExoPlayerImplInternal:       at java.lang.Thread.run(Thread.java:923)
02-12 14:15:15.847 27650 27650 E AccessibilityInteractionClient: Duplicate node.
02-12 14:15:15.930 19843 19843 I ProvidersCache: Updating roots due to change on user 0at content://com.android.providers.media.documents/root
02-12 14:15:15.939 27650 27650 E AccessibilityInteractionClient: Duplicate node.
02-12 14:15:15.942 27650 27650 E AccessibilityInteractionClient: 6 Disconnected nodes.
02-12 14:15:15.942 19843 19865 I ProvidersCache: Provider returned no roots. Possibly naughty: com.google.android.apps.docs.storage
02-12 14:15:16.767   181   181 I hwservicemanager: getTransport: Cannot find entry android.hardware.graphics.mapper@4.0::IMapper/default in either framework or device manifest.
02-12 14:15:16.767 29088 29088 I Gralloc4: mapper 4.x is not supported
02-12 14:15:16.918 29092 29094 I cmd     : oneway function results will be dropped but finished with status OK and parcel size 4
02-12 14:15:16.919  1373  4515 I MediaProvider: Begin Intent { act=android.intent.action.MEDIA_SCANNER_SCAN_FILE dat=file:///sdcard/screen_2026-02-12_151517.png flg=0x1400010 cmp=com.google.android.providers.media.module/com.android.providers.media.MediaService }
02-12 14:15:16.916  1373  1373 W com.google.android.providers.media.module: type=1400 audit(0.0:881): avc: denied { read } for comm=4173796E635461736B202331 name="primary" dev="tmpfs" ino=16956 scontext=u:r:mediaprovider_app:s0:c160,c256,c512,c768 tcontext=u:object_r:mnt_pass_through_file:s0 tclass=lnk_file permissive=0 app=com.google.android.providers.media.module
02-12 14:15:16.911     0     0 W audit   : audit_lost=117 audit_rate_limit=5 audit_backlog_limit=64
02-12 14:15:16.921     0     0 E audit   : rate limit exceeded
02-12 14:15:16.920  1373  1373 I chatty  : uid=10160(com.google.android.providers.media.module) identical 1 line
02-12 14:15:16.920  1373  1373 W com.google.android.providers.media.module: type=1400 audit(0.0:883): avc: denied { read } for comm=4173796E635461736B202331 name="primary" dev="tmpfs" ino=16956 scontext=u:r:mediaprovider_app:s0:c160,c256,c512,c768 tcontext=u:object_r:mnt_pass_through_file:s0 tclass=lnk_file permissive=0 app=com.google.android.providers.media.module
02-12 14:15:16.931  1373  4515 W ModernMediaScanner: Failed to visit /sdcard/screen_2026-02-12_151517.png: java.nio.file.AccessDeniedException: /sdcard/screen_2026-02-12_151517.png
02-12 14:15:16.932  1373  4515 I MediaProvider: Scanned internal due to REASON_DEMAND, found 0 items in 11ms, 0 inserts 0 updates 0 deletes
02-12 14:15:16.933  1373  4515 I MediaProvider: End Intent { act=android.intent.action.MEDIA_SCANNER_SCAN_FILE dat=file:///sdcard/screen_2026-02-12_151517.png flg=0x1400010 cmp=com.google.android.providers.media.module/com.android.providers.media.MediaService }
02-12 14:15:16.920  1373  1373 W com.google.android.providers.media.module: type=1400 audit(0.0:884): avc: denied { read } for comm=4173796E635461736B202331 name="primary" dev="tmpfs" ino=16956 scontext=u:r:mediaprovider_app:s0:c160,c256,c512,c768 tcontext=u:object_r:mnt_pass_through_file:s0 tclass=lnk_file permissive=0 app=com.google.android.providers.media.module
02-12 14:15:16.990  1373  1762 I MediaProvider: Deleted 1 items on external_primary due to com.android.shell
02-12 14:15:17.067 29105 29107 I cmd     : oneway function results will be dropped but finished with status OK and parcel size 4
02-12 14:15:17.216   525  1071 I system_server: oneway function results will be dropped but finished with status OK and parcel size 4
02-12 14:15:17.344   181   181 I hwservicemanager: getTransport: Cannot find entry android.hardware.graphics.mapper@4.0::IMapper/default in either framework or device manifest.
02-12 14:15:17.344 29127 29127 I Gralloc4: mapper 4.x is not supported
02-12 14:15:17.489 29131 29133 I cmd     : oneway function results will be dropped but finished with status OK and parcel size 4
02-12 14:15:17.493  1373  4515 I MediaProvider: Begin Intent { act=android.intent.action.MEDIA_SCANNER_SCAN_FILE dat=file:///sdcard/screen_2026-02-12_151517.png flg=0x1400010 cmp=com.google.android.providers.media.module/com.android.providers.media.MediaService }
02-12 14:15:17.493  1373  4515 W ModernMediaScanner: Failed to visit /sdcard/screen_2026-02-12_151517.png: java.nio.file.AccessDeniedException: /sdcard/screen_2026-02-12_151517.png
02-12 14:15:17.494  1373  4515 I MediaProvider: Scanned internal due to REASON_DEMAND, found 0 items in 1ms, 0 inserts 0 updates 0 deletes
02-12 14:15:17.494  1373  4515 I MediaProvider: End Intent { act=android.intent.action.MEDIA_SCANNER_SCAN_FILE dat=file:///sdcard/screen_2026-02-12_151517.png flg=0x1400010 cmp=com.google.android.providers.media.module/com.android.providers.media.MediaService }
02-12 14:15:17.543  1373  1772 I MediaProvider: Deleted 1 items on external_primary due to com.android.shell
02-12 14:15:17.619 29142 29144 I cmd     : oneway function results will be dropped but finished with status OK and parcel size 4
02-12 14:15:18.211   525  1860 I system_server: oneway function results will be dropped but finished with status OK and parcel size 4
02-12 14:15:18.523 19843 19843 I ProvidersCache: Updating roots due to change on user 0at content://com.android.providers.media.documents/root
02-12 14:15:18.532 19843 19865 I ProvidersCache: Provider returned no roots. Possibly naughty: com.google.android.apps.docs.storage
02-12 14:15:19.947   181   181 I hwservicemanager: getTransport: Cannot find entry android.hardware.graphics.mapper@4.0::IMapper/default in either framework or device manifest.
02-12 14:15:19.947 29168 29168 I Gralloc4: mapper 4.x is not supported
02-12 14:15:20.085   525  1839 W UriGrantsManagerService: No permission grants found for com.google.android.apps.photos
02-12 14:15:20.085   525  1839 W UriGrantsManagerService: No permission grants found for com.google.android.apps.photos
02-12 14:15:20.115 29176 29178 I cmd     : oneway function results will be dropped but finished with status OK and parcel size 4
02-12 14:15:20.121  1373  4515 I MediaProvider: Begin Intent { act=android.intent.action.MEDIA_SCANNER_SCAN_FILE dat=file:///sdcard/screen_2026-02-12_151520.png flg=0x1400010 cmp=com.google.android.providers.media.module/com.android.providers.media.MediaService }
02-12 14:15:20.120  1373  1373 W com.google.android.providers.media.module: type=1400 audit(0.0:893): avc: denied { read } for comm=4173796E635461736B202331 name="primary" dev="tmpfs" ino=16956 scontext=u:r:mediaprovider_app:s0:c160,c256,c512,c768 tcontext=u:object_r:mnt_pass_through_file:s0 tclass=lnk_file permissive=0 app=com.google.android.providers.media.module
02-12 14:15:20.128  1373  4515 W ModernMediaScanner: Failed to visit /sdcard/screen_2026-02-12_151520.png: java.nio.file.AccessDeniedException: /sdcard/screen_2026-02-12_151520.png
02-12 14:15:20.130  1373  4515 I MediaProvider: Scanned internal due to REASON_DEMAND, found 0 items in 4ms, 0 inserts 0 updates 0 deletes
02-12 14:15:20.130  1373  4515 I MediaProvider: End Intent { act=android.intent.action.MEDIA_SCANNER_SCAN_FILE dat=file:///sdcard/screen_2026-02-12_151520.png flg=0x1400010 cmp=com.google.android.providers.media.module/com.android.providers.media.MediaService }
02-12 14:15:20.115     0     0 W audit   : audit_lost=124 audit_rate_limit=5 audit_backlog_limit=64
02-12 14:15:20.118     0     0 E audit   : rate limit exceeded
02-12 14:15:20.120  1373  1373 W com.google.android.providers.media.module: type=1400 audit(0.0:894): avc: denied { read } for comm=4173796E635461736B202331 name="primary" dev="tmpfs" ino=16956 scontext=u:r:mediaprovider_app:s0:c160,c256,c512,c768 tcontext=u:object_r:mnt_pass_through_file:s0 tclass=lnk_file permissive=0 app=com.google.android.providers.media.module
02-12 14:15:20.160   525  1846 W UriGrantsManagerService: No permission grants found for com.google.android.apps.photos
02-12 14:15:20.124  1373  1373 I chatty  : uid=10160(com.google.android.providers.media.module) identical 2 lines
02-12 14:15:20.124  1373  1373 W com.google.android.providers.media.module: type=1400 audit(0.0:897): avc: denied { read } for comm=4173796E635461736B202331 name="primary" dev="tmpfs" ino=16956 scontext=u:r:mediaprovider_app:s0:c160,c256,c512,c768 tcontext=u:object_r:mnt_pass_through_file:s0 tclass=lnk_file permissive=0 app=com.google.android.providers.media.module
02-12 14:15:20.178  1373  1772 I MediaProvider: Deleted 1 items on external_primary due to com.android.shell
02-12 14:15:20.161   525  1846 W UriGrantsManagerService: No permission grants found for com.google.android.apps.photos
02-12 14:15:20.208   525  1860 W UriGrantsManagerService: No permission grants found for com.google.android.apps.photos
02-12 14:15:20.254 19788 19802 W oid.apps.photo: Reducing the number of considered missed Gc histogram windows from 143 to 100
02-12 14:15:20.282 29188 29190 I cmd     : oneway function results will be dropped but finished with status OK and parcel size 4
02-12 14:15:20.519 29218 29220 I cmd     : oneway function results will be dropped but finished with status OK and parcel size 4
02-12 14:15:20.637 29233 29235 I cmd     : oneway function results will be dropped but finished with status OK and parcel size 4
02-12 14:15:20.776 29245 29245 E libc    : Access denied finding property "persist.device_config.runtime_native_boot.profilebootclasspath"
02-12 14:15:20.776 29245 29245 E libc    : Access denied finding property "persist.device_config.runtime_native_boot.enable_apex_image"
02-12 14:15:20.776 29245 29245 I AndroidRuntime: Using default boot image
02-12 14:15:20.776 29245 29245 E libc    : Access denied finding property "persist.device_config.runtime_native_boot.disable_lock_profiling"
02-12 14:15:20.776 29245 29245 I AndroidRuntime: Leaving lock profiling enabled
02-12 14:15:20.776 29245 29245 E libc    : Access denied finding property "persist.device_config.runtime_native_boot.enable_generational_cc"
02-12 14:15:20.777 29245 29245 W app_process: Could not reserve sentinel fault page
02-12 14:15:20.777 29245 29245 I app_process: Core platform API reporting enabled, enforcing=false
02-12 14:15:20.822 29245 29245 W app_process: Unexpected CPU variant for X86 using defaults: x86
02-12 14:15:20.823 29245 29245 I app_process: The ClassLoaderContext is a special shared library.
02-12 14:15:20.829 29245 29245 W app_process: JNI RegisterNativeMethods: attempt to register 0 native methods for android.media.AudioAttributes
02-12 14:15:20.853  1400 28247 W GmsLocationProvider: Error removing location updates: 16
02-12 14:15:21.205 19843 19843 I ProvidersCache: Updating roots due to change on user 0at content://com.android.providers.media.documents/root
02-12 14:15:21.214 19843 19865 I ProvidersCache: Provider returned no roots. Possibly naughty: com.google.android.apps.docs.storage
02-12 14:15:21.256 27650 27650 E AccessibilityInteractionClient: Duplicate node.
02-12 14:15:21.261 27983 27983 W AccessibilityDelegate: Drawing order is not available, was AccessibilityNodeInfo requested for a child node before its parent?
02-12 14:15:21.418 27650 27650 E AccessibilityInteractionClient: Duplicate node.
02-12 14:15:21.460 27650 27685 I mit.droidbotap: Waiting for a blocking GC ProfileSaver
02-12 14:15:21.465 27650 27669 I mit.droidbotap: Background young concurrent copying GC freed 18425(706KB) AllocSpace objects, 21(1416KB) LOS objects, 42% free, 2696KB/4691KB, paused 8.022ms total 23.792ms
02-12 14:15:21.465 27650 27685 I mit.droidbotap: WaitForGcToComplete blocked ProfileSaver on HeapTrim for 5.190ms
02-12 14:15:21.485 27650 27650 E AccessibilityInteractionClient: Duplicate node.
02-12 14:15:21.515 27650 27650 E AccessibilityInteractionClient: Duplicate node.
02-12 14:15:21.580 27650 27669 I mit.droidbotap: Background concurrent copying GC freed 18419(722KB) AllocSpace objects, 21(1368KB) LOS objects, 49% free, 3007KB/6014KB, paused 5.384ms total 49.210ms
02-12 14:15:21.599 27650 27650 E AccessibilityInteractionClient: Duplicate node.
02-12 14:15:21.732 27650 27650 I chatty  : uid=10176(io.github.ylimit.droidbotapp) identical 3 lines
02-12 14:15:21.765 27650 27650 E AccessibilityInteractionClient: Duplicate node.
02-12 14:15:21.773 19843 19843 I ProvidersCache: Updating roots due to change on user 0at content://com.android.providers.media.documents/root
02-12 14:15:21.790 19843 19865 I ProvidersCache: Provider returned no roots. Possibly naughty: com.google.android.apps.docs.storage
02-12 14:15:21.800 27650 27650 E AccessibilityInteractionClient: Duplicate node.
02-12 14:15:21.831 27650 27650 E AccessibilityInteractionClient: Duplicate node.
02-12 14:15:21.964 27983 27983 I ExoPlayerImpl: Release 8850b85 [AndroidXMedia3/1.9.0] [generic_x86_arm, sdk_gphone_x86, Google, 30] [media3.common, media3.exoplayer, media3.decoder, media3.datasource, media3.ui, media3.extractor]
02-12 14:15:21.966 27983 27983 I ExoPlayerImpl: Release 7fed1b4 [AndroidXMedia3/1.9.0] [generic_x86_arm, sdk_gphone_x86, Google, 30] [media3.common, media3.exoplayer, media3.decoder, media3.datasource, media3.ui, media3.extractor]
02-12 14:15:22.063 27650 27650 E AccessibilityInteractionClient: 1 Disconnected nodes.
02-12 14:15:22.656   181   181 I hwservicemanager: getTransport: Cannot find entry android.hardware.graphics.mapper@4.0::IMapper/default in either framework or device manifest.
02-12 14:15:22.656 29294 29294 I Gralloc4: mapper 4.x is not supported
02-12 14:15:22.919 29298 29300 I cmd     : oneway function results will be dropped but finished with status OK and parcel size 4
02-12 14:15:22.921  1373  4515 I MediaProvider: Begin Intent { act=android.intent.action.MEDIA_SCANNER_SCAN_FILE dat=file:///sdcard/screen_2026-02-12_151523.png flg=0x1400010 cmp=com.google.android.providers.media.module/com.android.providers.media.MediaService }
02-12 14:15:22.920  1373  1373 W com.google.android.providers.media.module: type=1400 audit(0.0:903): avc: denied { read } for comm=4173796E635461736B202331 name="primary" dev="tmpfs" ino=16956 scontext=u:r:mediaprovider_app:s0:c160,c256,c512,c768 tcontext=u:object_r:mnt_pass_through_file:s0 tclass=lnk_file permissive=0 app=com.google.android.providers.media.module
02-12 14:15:22.911     0     0 W audit   : audit_lost=129 audit_rate_limit=5 audit_backlog_limit=64
02-12 14:15:22.917     0     0 E audit   : rate limit exceeded
02-12 14:15:22.920  1373  1373 W com.google.android.providers.media.module: type=1400 audit(0.0:904): avc: denied { read } for comm=4173796E635461736B202331 name="primary" dev="tmpfs" ino=16956 scontext=u:r:mediaprovider_app:s0:c160,c256,c512,c768 tcontext=u:object_r:mnt_pass_through_file:s0 tclass=lnk_file permissive=0 app=com.google.android.providers.media.module
02-12 14:15:22.932  1373  4515 W ModernMediaScanner: Failed to visit /sdcard/screen_2026-02-12_151523.png: java.nio.file.AccessDeniedException: /sdcard/screen_2026-02-12_151523.png
02-12 14:15:22.934  1373  4515 I MediaProvider: Scanned internal due to REASON_DEMAND, found 0 items in 12ms, 0 inserts 0 updates 0 deletes
02-12 14:15:22.934  1373  4515 I MediaProvider: End Intent { act=android.intent.action.MEDIA_SCANNER_SCAN_FILE dat=file:///sdcard/screen_2026-02-12_151523.png flg=0x1400010 cmp=com.google.android.providers.media.module/com.android.providers.media.MediaService }
02-12 14:15:22.920  1373  1373 W com.google.android.providers.media.module: type=1400 audit(0.0:905): avc: denied { read } for comm=4173796E635461736B202331 name="primary" dev="tmpfs" ino=16956 scontext=u:r:mediaprovider_app:s0:c160,c256,c512,c768 tcontext=u:object_r:mnt_pass_through_file:s0 tclass=lnk_file permissive=0 app=com.google.android.providers.media.module
02-12 14:15:23.000  1373  1767 I MediaProvider: Deleted 1 items on external_primary due to com.android.shell
02-12 14:15:23.351   181   181 I hwservicemanager: getTransport: Cannot find entry android.hardware.graphics.mapper@4.0::IMapper/default in either framework or device manifest.
02-12 14:15:23.351 29333 29333 I Gralloc4: mapper 4.x is not supported
02-12 14:15:23.539 29337 29339 I cmd     : oneway function results will be dropped but finished with status OK and parcel size 4
02-12 14:15:23.541  1373  4515 I MediaProvider: Begin Intent { act=android.intent.action.MEDIA_SCANNER_SCAN_FILE dat=file:///sdcard/screen_2026-02-12_151523.png flg=0x1400010 cmp=com.google.android.providers.media.module/com.android.providers.media.MediaService }
02-12 14:15:23.542  1373  4515 W ModernMediaScanner: Failed to visit /sdcard/screen_2026-02-12_151523.png: java.nio.file.AccessDeniedException: /sdcard/screen_2026-02-12_151523.png
02-12 14:15:23.542  1373  4515 I MediaProvider: Scanned internal due to REASON_DEMAND, found 0 items in 1ms, 0 inserts 0 updates 0 deletes
02-12 14:15:23.543  1373  4515 I MediaProvider: End Intent { act=android.intent.action.MEDIA_SCANNER_SCAN_FILE dat=file:///sdcard/screen_2026-02-12_151523.png flg=0x1400010 cmp=com.google.android.providers.media.module/com.android.providers.media.MediaService }
02-12 14:15:23.600  1373  1762 I MediaProvider: Deleted 1 items on external_primary due to com.android.shell
02-12 14:15:23.681 29348 29350 I cmd     : oneway function results will be dropped but finished with status OK and parcel size 4
02-12 14:15:24.339 19843 19843 I ProvidersCache: Updating roots due to change on user 0at content://com.android.providers.media.documents/root
02-12 14:15:24.349 19843 19865 I ProvidersCache: Provider returned no roots. Possibly naughty: com.google.android.apps.docs.storage
02-12 14:15:25.988   181   181 I hwservicemanager: getTransport: Cannot find entry android.hardware.graphics.mapper@4.0::IMapper/default in either framework or device manifest.
02-12 14:15:25.989 29375 29375 I Gralloc4: mapper 4.x is not supported
02-12 14:15:26.160 29379 29381 I cmd     : oneway function results will be dropped but finished with status OK and parcel size 4
02-12 14:15:26.160  1373  1373 W com.google.android.providers.media.module: type=1400 audit(0.0:915): avc: denied { read } for comm=4173796E635461736B202331 name="primary" dev="tmpfs" ino=16956 scontext=u:r:mediaprovider_app:s0:c160,c256,c512,c768 tcontext=u:object_r:mnt_pass_through_file:s0 tclass=lnk_file permissive=0 app=com.google.android.providers.media.module
02-12 14:15:26.162  1373  4515 I MediaProvider: Begin Intent { act=android.intent.action.MEDIA_SCANNER_SCAN_FILE dat=file:///sdcard/screen_2026-02-12_151526.png flg=0x1400010 cmp=com.google.android.providers.media.module/com.android.providers.media.MediaService }
02-12 14:15:26.152     0     0 W audit   : audit_lost=136 audit_rate_limit=5 audit_backlog_limit=64
02-12 14:15:26.157     0     0 E audit   : rate limit exceeded
02-12 14:15:26.160  1373  1373 W com.google.android.providers.media.module: type=1400 audit(0.0:916): avc: denied { read } for comm=4173796E635461736B202331 name="primary" dev="tmpfs" ino=16956 scontext=u:r:mediaprovider_app:s0:c160,c256,c512,c768 tcontext=u:object_r:mnt_pass_through_file:s0 tclass=lnk_file permissive=0 app=com.google.android.providers.media.module
02-12 14:15:26.173  1373  4515 W ModernMediaScanner: Failed to visit /sdcard/screen_2026-02-12_151526.png: java.nio.file.AccessDeniedException: /sdcard/screen_2026-02-12_151526.png
02-12 14:15:26.173  1373  4515 I MediaProvider: Scanned internal due to REASON_DEMAND, found 0 items in 10ms, 0 inserts 0 updates 0 deletes
02-12 14:15:26.174  1373  4515 I MediaProvider: End Intent { act=android.intent.action.MEDIA_SCANNER_SCAN_FILE dat=file:///sdcard/screen_2026-02-12_151526.png flg=0x1400010 cmp=com.google.android.providers.media.module/com.android.providers.media.MediaService }
02-12 14:15:26.160  1373  1373 W com.google.android.providers.media.module: type=1400 audit(0.0:917): avc: denied { read } for comm=4173796E635461736B202331 name="primary" dev="tmpfs" ino=16956 scontext=u:r:mediaprovider_app:s0:c160,c256,c512,c768 tcontext=u:object_r:mnt_pass_through_file:s0 tclass=lnk_file permissive=0 app=com.google.android.providers.media.module
02-12 14:15:26.232  1373  1772 I MediaProvider: Deleted 1 items on external_primary due to com.android.shell
02-12 14:15:26.425 29407 29409 I cmd     : oneway function results will be dropped but finished with status OK and parcel size 4
02-12 14:15:26.537 29422 29424 I cmd     : oneway function results will be dropped but finished with status OK and parcel size 4
02-12 14:15:26.654 29437 29439 I cmd     : oneway function results will be dropped but finished with status OK and parcel size 4
02-12 14:15:26.792 29449 29449 E libc    : Access denied finding property "persist.device_config.runtime_native_boot.profilebootclasspath"
02-12 14:15:26.792 29449 29449 E libc    : Access denied finding property "persist.device_config.runtime_native_boot.enable_apex_image"
02-12 14:15:26.792 29449 29449 I AndroidRuntime: Using default boot image
02-12 14:15:26.792 29449 29449 E libc    : Access denied finding property "persist.device_config.runtime_native_boot.disable_lock_profiling"
02-12 14:15:26.792 29449 29449 I AndroidRuntime: Leaving lock profiling enabled
02-12 14:15:26.792 29449 29449 E libc    : Access denied finding property "persist.device_config.runtime_native_boot.enable_generational_cc"
02-12 14:15:26.794 29449 29449 I app_process: Core platform API reporting enabled, enforcing=false
02-12 14:15:26.933 29449 29449 W app_process: Unexpected CPU variant for X86 using defaults: x86
02-12 14:15:26.935 29449 29449 I app_process: The ClassLoaderContext is a special shared library.
02-12 14:15:26.942 29449 29449 W app_process: JNI RegisterNativeMethods: attempt to register 0 native methods for android.media.AudioAttributes
02-12 14:15:27.036 19843 19843 I ProvidersCache: Updating roots due to change on user 0at content://com.android.providers.media.documents/root
02-12 14:15:27.047 19843 19865 I ProvidersCache: Provider returned no roots. Possibly naughty: com.google.android.apps.docs.storage
02-12 14:15:27.190   435  1045 E AudioSystem: invalid attributes { Content type: AUDIO_CONTENT_TYPE_UNKNOWN Usage: AUDIO_USAGE_UNKNOWN Source: -1 Flags: 0x800 Tags:  } when converting to stream
02-12 14:15:20.209   525  1860 W UriGrantsManagerService: No permission grants found for com.google.android.apps.photos
02-12 14:15:27.589 19843 19843 I ProvidersCache: Updating roots due to change on user 0at content://com.android.providers.media.documents/root
02-12 14:15:27.609 19843 19865 I ProvidersCache: Provider returned no roots. Possibly naughty: com.google.android.apps.docs.storage
02-12 14:15:28.310   181   181 I hwservicemanager: getTransport: Cannot find entry android.hardware.graphics.allocator@4.0::IAllocator/default in either framework or device manifest.
02-12 14:15:28.310 27983 29470 W Gralloc4: allocator 3.x is not supported
02-12 14:15:28.335 27983 29499 W OpenGLRenderer: Failed to choose config with EGL_SWAP_BEHAVIOR_PRESERVED, retrying without...
02-12 14:15:28.753   181   181 I hwservicemanager: getTransport: Cannot find entry android.hardware.graphics.mapper@4.0::IMapper/default in either framework or device manifest.
02-12 14:15:28.754 29514 29514 I Gralloc4: mapper 4.x is not supported
02-12 14:15:28.908 29518 29520 I cmd     : oneway function results will be dropped but finished with status OK and parcel size 4
02-12 14:15:28.914  1373  4515 I MediaProvider: Begin Intent { act=android.intent.action.MEDIA_SCANNER_SCAN_FILE dat=file:///sdcard/screen_2026-02-12_151529.png flg=0x1400010 cmp=com.google.android.providers.media.module/com.android.providers.media.MediaService }
02-12 14:15:28.912  1373  1373 W com.google.android.providers.media.module: type=1400 audit(0.0:925): avc: denied { read } for comm=4173796E635461736B202331 name="primary" dev="tmpfs" ino=16956 scontext=u:r:mediaprovider_app:s0:c160,c256,c512,c768 tcontext=u:object_r:mnt_pass_through_file:s0 tclass=lnk_file permissive=0 app=com.google.android.providers.media.module
02-12 14:15:28.904     0     0 W audit   : audit_lost=141 audit_rate_limit=5 audit_backlog_limit=64
02-12 14:15:28.911     0     0 E audit   : rate limit exceeded
02-12 14:15:28.912  1373  1373 W com.google.android.providers.media.module: type=1400 audit(0.0:926): avc: denied { read } for comm=4173796E635461736B202331 name="primary" dev="tmpfs" ino=16956 scontext=u:r:mediaprovider_app:s0:c160,c256,c512,c768 tcontext=u:object_r:mnt_pass_through_file:s0 tclass=lnk_file permissive=0 app=com.google.android.providers.media.module
02-12 14:15:28.927  1373  4515 W ModernMediaScanner: Failed to visit /sdcard/screen_2026-02-12_151529.png: java.nio.file.AccessDeniedException: /sdcard/screen_2026-02-12_151529.png
02-12 14:15:28.928  1373  4515 I MediaProvider: Scanned internal due to REASON_DEMAND, found 0 items in 13ms, 0 inserts 0 updates 0 deletes
02-12 14:15:28.930  1373  4515 I MediaProvider: End Intent { act=android.intent.action.MEDIA_SCANNER_SCAN_FILE dat=file:///sdcard/screen_2026-02-12_151529.png flg=0x1400010 cmp=com.google.android.providers.media.module/com.android.providers.media.MediaService }
02-12 14:15:28.912  1373  1373 W com.google.android.providers.media.module: type=1400 audit(0.0:927): avc: denied { read } for comm=4173796E635461736B202331 name="primary" dev="tmpfs" ino=16956 scontext=u:r:mediaprovider_app:s0:c160,c256,c512,c768 tcontext=u:object_r:mnt_pass_through_file:s0 tclass=lnk_file permissive=0 app=com.google.android.providers.media.module
02-12 14:15:28.972  1373  1762 I MediaProvider: Deleted 1 items on external_primary due to com.android.shell
02-12 14:15:29.028 29529 29531 I cmd     : oneway function results will be dropped but finished with status OK and parcel size 4
02-12 14:15:29.293   181   181 I hwservicemanager: getTransport: Cannot find entry android.hardware.graphics.mapper@4.0::IMapper/default in either framework or device manifest.
02-12 14:15:29.293 29551 29551 I Gralloc4: mapper 4.x is not supported
02-12 14:15:29.459 29555 29557 I cmd     : oneway function results will be dropped but finished with status OK and parcel size 4
02-12 14:15:29.463  1373  4515 I MediaProvider: Begin Intent { act=android.intent.action.MEDIA_SCANNER_SCAN_FILE dat=file:///sdcard/screen_2026-02-12_151529.png flg=0x1400010 cmp=com.google.android.providers.media.module/com.android.providers.media.MediaService }
02-12 14:15:29.463  1373  4515 W ModernMediaScanner: Failed to visit /sdcard/screen_2026-02-12_151529.png: java.nio.file.AccessDeniedException: /sdcard/screen_2026-02-12_151529.png
02-12 14:15:29.465  1373  4515 I MediaProvider: Scanned internal due to REASON_DEMAND, found 0 items in 2ms, 0 inserts 0 updates 0 deletes
02-12 14:15:29.466  1373  4515 I MediaProvider: End Intent { act=android.intent.action.MEDIA_SCANNER_SCAN_FILE dat=file:///sdcard/screen_2026-02-12_151529.png flg=0x1400010 cmp=com.google.android.providers.media.module/com.android.providers.media.MediaService }
02-12 14:15:29.524  1373  1772 I MediaProvider: Deleted 1 items on external_primary due to com.android.shell
02-12 14:15:29.616 29568 29570 I cmd     : oneway function results will be dropped but finished with status OK and parcel size 4
02-12 14:15:30.224 19843 19843 I ProvidersCache: Updating roots due to change on user 0at content://com.android.providers.media.documents/root
02-12 14:15:30.235 19843 19865 I ProvidersCache: Provider returned no roots. Possibly naughty: com.google.android.apps.docs.storage
02-12 14:15:31.947   181   181 I hwservicemanager: getTransport: Cannot find entry android.hardware.graphics.mapper@4.0::IMapper/default in either framework or device manifest.
02-12 14:15:31.947 29594 29594 I Gralloc4: mapper 4.x is not supported
02-12 14:15:32.115 29598 29600 I cmd     : oneway function results will be dropped but finished with status OK and parcel size 4
02-12 14:15:32.116  1373  4515 I MediaProvider: Begin Intent { act=android.intent.action.MEDIA_SCANNER_SCAN_FILE dat=file:///sdcard/screen_2026-02-12_151532.png flg=0x1400010 cmp=com.google.android.providers.media.module/com.android.providers.media.MediaService }
02-12 14:15:32.106     0     0 W audit   : audit_lost=148 audit_rate_limit=5 audit_backlog_limit=64
02-12 14:15:32.112  1373  1373 W com.google.android.providers.media.module: type=1400 audit(0.0:937): avc: denied { read } for comm=4173796E635461736B202331 name="primary" dev="tmpfs" ino=16956 scontext=u:r:mediaprovider_app:s0:c160,c256,c512,c768 tcontext=u:object_r:mnt_pass_through_file:s0 tclass=lnk_file permissive=0 app=com.google.android.providers.media.module
02-12 14:15:32.108     0     0 E audit   : rate limit exceeded
02-12 14:15:32.124  1373  4515 W ModernMediaScanner: Failed to visit /sdcard/screen_2026-02-12_151532.png: java.nio.file.AccessDeniedException: /sdcard/screen_2026-02-12_151532.png
02-12 14:15:32.125  1373  4515 I MediaProvider: Scanned internal due to REASON_DEMAND, found 0 items in 8ms, 0 inserts 0 updates 0 deletes
02-12 14:15:32.126  1373  4515 I MediaProvider: End Intent { act=android.intent.action.MEDIA_SCANNER_SCAN_FILE dat=file:///sdcard/screen_2026-02-12_151532.png flg=0x1400010 cmp=com.google.android.providers.media.module/com.android.providers.media.MediaService }
02-12 14:15:32.112  1373  1373 W com.google.android.providers.media.module: type=1400 audit(0.0:938): avc: denied { read } for comm=4173796E635461736B202331 name="primary" dev="tmpfs" ino=16956 scontext=u:r:mediaprovider_app:s0:c160,c256,c512,c768 tcontext=u:object_r:mnt_pass_through_file:s0 tclass=lnk_file permissive=0 app=com.google.android.providers.media.module
02-12 14:15:32.116  1373  1373 W com.google.android.providers.media.module: type=1400 audit(0.0:941): avc: denied { read } for comm=4173796E635461736B202331 name="primary" dev="tmpfs" ino=16956 scontext=u:r:mediaprovider_app:s0:c160,c256,c512,c768 tcontext=u:object_r:mnt_pass_through_file:s0 tclass=lnk_file permissive=0 app=com.google.android.providers.media.module
02-12 14:15:32.194  1373  1762 I MediaProvider: Deleted 1 items on external_primary due to com.android.shell
02-12 14:15:32.261 29609 29611 I cmd     : oneway function results will be dropped but finished with status OK and parcel size 4
02-12 14:15:32.381 29624 29626 I cmd     : oneway function results will be dropped but finished with status OK and parcel size 4
02-12 14:15:32.622 29654 29656 I cmd     : oneway function results will be dropped but finished with status OK and parcel size 4
02-12 14:15:32.766 29666 29666 E libc    : Access denied finding property "persist.device_config.runtime_native_boot.profilebootclasspath"
02-12 14:15:32.766 29666 29666 E libc    : Access denied finding property "persist.device_config.runtime_native_boot.enable_apex_image"
02-12 14:15:32.766 29666 29666 I AndroidRuntime: Using default boot image
02-12 14:15:32.767 29666 29666 E libc    : Access denied finding property "persist.device_config.runtime_native_boot.disable_lock_profiling"
02-12 14:15:32.767 29666 29666 I AndroidRuntime: Leaving lock profiling enabled
02-12 14:15:32.767 29666 29666 E libc    : Access denied finding property "persist.device_config.runtime_native_boot.enable_generational_cc"
02-12 14:15:32.768 29666 29666 W app_process: Could not reserve sentinel fault page
02-12 14:15:32.769 29666 29666 I app_process: Core platform API reporting enabled, enforcing=false
02-12 14:15:33.037 19843 19843 I ProvidersCache: Updating roots due to change on user 0at content://com.android.providers.media.documents/root
02-12 14:15:33.054 19843 19865 I ProvidersCache: Provider returned no roots. Possibly naughty: com.google.android.apps.docs.storage
02-12 14:15:33.064 19871 19887 W droid.apps.doc: Reducing the number of considered missed Gc histogram windows from 144 to 100
02-12 14:15:33.412 29666 29666 W app_process: Unexpected CPU variant for X86 using defaults: x86
02-12 14:15:33.413 29666 29666 I app_process: The ClassLoaderContext is a special shared library.
02-12 14:15:33.422 29666 29666 W app_process: JNI RegisterNativeMethods: attempt to register 0 native methods for android.media.AudioAttributes
02-12 14:15:33.611 19843 19843 I ProvidersCache: Updating roots due to change on user 0at content://com.android.providers.media.documents/root
02-12 14:15:33.619 19843 19865 I ProvidersCache: Provider returned no roots. Possibly naughty: com.google.android.apps.docs.storage
02-12 14:15:35.558   181   181 I hwservicemanager: getTransport: Cannot find entry android.hardware.graphics.mapper@4.0::IMapper/default in either framework or device manifest.
02-12 14:15:35.558 29700 29700 I Gralloc4: mapper 4.x is not supported
