02-12 13:53:02.640 20393 20393 W InputEventReceiver: Attempted to finish an input event but the input event receiver has already been disposed.
02-12 13:53:02.727 20883 20885 I cmd     : oneway function results will be dropped but finished with status OK and parcel size 4
02-12 13:53:02.846   525  1840 I system_server: oneway function results will be dropped but finished with status OK and parcel size 4
02-12 13:53:02.846   525  1840 I chatty  : uid=1000(system) Binder:525_13 identical 1 line
02-12 13:53:02.846   525  1840 I system_server: oneway function results will be dropped but finished with status OK and parcel size 4
02-12 13:53:02.897 20038 20057 I mit.droidbotap: Background young concurrent copying GC freed 19610(724KB) AllocSpace objects, 30(2208KB) LOS objects, 54% free, 2624KB/5761KB, paused 5.310ms total 11.380ms
02-12 13:53:03.182   525   546 E JobScheduler.Background: App com.google.android.gms became active but still in NEVER bucket
02-12 13:53:03.183   525   558 I DropBoxManagerService: add tag=system_server_wtf isTagEnabled=true flags=0x2
02-12 13:53:03.725 20918 20920 I cmd     : oneway function results will be dropped but finished with status OK and parcel size 4
02-12 13:53:03.970   525  1840 I system_server: oneway function results will be dropped but finished with status OK and parcel size 4
02-12 13:53:04.446 20947 20949 I cmd     : oneway function results will be dropped but finished with status OK and parcel size 4
02-12 13:53:04.696 20974 20976 I cmd     : oneway function results will be dropped but finished with status OK and parcel size 4
02-12 13:53:05.188   525   558 W BroadcastQueue: Background execution not allowed: receiving Intent { act=android.intent.action.DROPBOX_ENTRY_ADDED flg=0x10 (has extras) } to com.google.android.gms/.stats.service.DropBoxEntryAddedReceiver
02-12 13:53:05.188   525   558 W BroadcastQueue: Background execution not allowed: receiving Intent { act=android.intent.action.DROPBOX_ENTRY_ADDED flg=0x10 (has extras) } to com.google.android.gms/.chimera.GmsIntentOperationService$PersistentTrustedReceiver
02-12 13:53:05.894   525  3281 I system_server: oneway function results will be dropped but finished with status OK and parcel size 4
02-12 13:53:07.036 21012 21013 I cmd     : oneway function results will be dropped but finished with status OK and parcel size 4
02-12 13:53:07.153 21028 21030 I cmd     : oneway function results will be dropped but finished with status OK and parcel size 4
02-12 13:53:07.273 21043 21045 I cmd     : oneway function results will be dropped but finished with status OK and parcel size 4
02-12 13:53:07.392 21058 21060 I cmd     : oneway function results will be dropped but finished with status OK and parcel size 4
02-12 13:53:07.530 21070 21070 E libc    : Access denied finding property "persist.device_config.runtime_native_boot.profilebootclasspath"
02-12 13:53:07.530 21070 21070 E libc    : Access denied finding property "persist.device_config.runtime_native_boot.enable_apex_image"
02-12 13:53:07.530 21070 21070 I AndroidRuntime: Using default boot image
02-12 13:53:07.530 21070 21070 E libc    : Access denied finding property "persist.device_config.runtime_native_boot.disable_lock_profiling"
02-12 13:53:07.530 21070 21070 I AndroidRuntime: Leaving lock profiling enabled
02-12 13:53:07.531 21070 21070 E libc    : Access denied finding property "persist.device_config.runtime_native_boot.enable_generational_cc"
02-12 13:53:07.531 21070 21070 W app_process: Could not reserve sentinel fault page
02-12 13:53:07.531 21070 21070 I app_process: Core platform API reporting enabled, enforcing=false
02-12 13:53:07.528 21070 21070 W app_process: type=1400 audit(0.0:556): avc: denied { read } for name="u:object_r:device_config_runtime_native_boot_prop:s0" dev="tmpfs" ino=8279 scontext=u:r:shell:s0 tcontext=u:object_r:device_config_runtime_native_boot_prop:s0 tclass=file permissive=0
02-12 13:53:07.563 21070 21070 W app_process: Unexpected CPU variant for X86 using defaults: x86
02-12 13:53:07.564 21070 21070 I app_process: The ClassLoaderContext is a special shared library.
02-12 13:53:07.572 21070 21070 W app_process: JNI RegisterNativeMethods: attempt to register 0 native methods for android.media.AudioAttributes
02-12 13:53:07.792 21090 21092 I cmd     : oneway function results will be dropped but finished with status OK and parcel size 4
02-12 13:53:07.800   525  1838 I system_server: oneway function results will be dropped but finished with status OK and parcel size 4
02-12 13:53:07.800   525  1838 I chatty  : uid=1000(system) Binder:525_11 identical 1 line
02-12 13:53:07.800   525  1838 I system_server: oneway function results will be dropped but finished with status OK and parcel size 4
02-12 13:53:08.817 21119 21121 I cmd     : oneway function results will be dropped but finished with status OK and parcel size 4
02-12 13:53:08.964   525  1838 I system_server: oneway function results will be dropped but finished with status OK and parcel size 4
02-12 13:53:09.396 21148 21150 I cmd     : oneway function results will be dropped but finished with status OK and parcel size 4
02-12 13:53:09.652 21175 21177 I cmd     : oneway function results will be dropped but finished with status OK and parcel size 4
02-12 13:53:10.845   525  3281 I system_server: oneway function results will be dropped but finished with status OK and parcel size 4
02-12 13:53:11.969 21206 21208 I cmd     : oneway function results will be dropped but finished with status OK and parcel size 4
02-12 13:53:12.089 21221 21223 I cmd     : oneway function results will be dropped but finished with status OK and parcel size 4
02-12 13:53:12.212 21236 21238 I cmd     : oneway function results will be dropped but finished with status OK and parcel size 4
02-12 13:53:12.333 21253 21255 I cmd     : oneway function results will be dropped but finished with status OK and parcel size 4
02-12 13:53:12.471 21265 21265 E libc    : Access denied finding property "persist.device_config.runtime_native_boot.profilebootclasspath"
02-12 13:53:12.471 21265 21265 E libc    : Access denied finding property "persist.device_config.runtime_native_boot.enable_apex_image"
02-12 13:53:12.471 21265 21265 I AndroidRuntime: Using default boot image
02-12 13:53:12.471 21265 21265 E libc    : Access denied finding property "persist.device_config.runtime_native_boot.disable_lock_profiling"
02-12 13:53:12.471 21265 21265 I AndroidRuntime: Leaving lock profiling enabled
02-12 13:53:12.471 21265 21265 E libc    : Access denied finding property "persist.device_config.runtime_native_boot.enable_generational_cc"
02-12 13:53:12.472 21265 21265 I app_process: Core platform API reporting enabled, enforcing=false
02-12 13:53:12.464 21265 21265 W app_process: type=1400 audit(0.0:560): avc: denied { read } for name="u:object_r:device_config_runtime_native_boot_prop:s0" dev="tmpfs" ino=8279 scontext=u:r:shell:s0 tcontext=u:object_r:device_config_runtime_native_boot_prop:s0 tclass=file permissive=0
02-12 13:53:12.468 21265 21265 I chatty  : uid=2000(shell) main identical 2 lines
02-12 13:53:12.468 21265 21265 W app_process: type=1400 audit(0.0:563): avc: denied { read } for name="u:object_r:device_config_runtime_native_boot_prop:s0" dev="tmpfs" ino=8279 scontext=u:r:shell:s0 tcontext=u:object_r:device_config_runtime_native_boot_prop:s0 tclass=file permissive=0
02-12 13:53:12.505 21265 21265 W app_process: Unexpected CPU variant for X86 using defaults: x86
02-12 13:53:12.506 21265 21265 I app_process: The ClassLoaderContext is a special shared library.
02-12 13:53:12.515 21265 21265 W app_process: JNI RegisterNativeMethods: attempt to register 0 native methods for android.media.AudioAttributes
02-12 13:53:12.733   525  3704 I system_server: oneway function results will be dropped but finished with status OK and parcel size 4
02-12 13:53:12.734   525  3704 I system_server: oneway function results will be dropped but finished with status OK and parcel size 4
02-12 13:53:12.735 21285 21286 I cmd     : oneway function results will be dropped but finished with status OK and parcel size 4
02-12 13:53:13.953   525  1838 I system_server: oneway function results will be dropped but finished with status OK and parcel size 4
02-12 13:53:14.337 21341 21343 I cmd     : oneway function results will be dropped but finished with status OK and parcel size 4
02-12 13:53:14.591 21370 21372 I cmd     : oneway function results will be dropped but finished with status OK and parcel size 4
02-12 13:53:15.782   525  3704 I system_server: oneway function results will be dropped but finished with status OK and parcel size 4
02-12 13:53:16.553  2823 19240 I Checkin : [EventLogChimeraService] Opted in for usage reporting: false
02-12 13:53:16.553  2823 19240 I Checkin : [EventLogChimeraService] Aggregate from 1770903152810 (log), 1770903152810 (data)
02-12 13:53:16.561   525  3704 I DropBoxManagerService: add tag=event_data isTagEnabled=true flags=0x2
02-12 13:53:16.565   525   558 W BroadcastQueue: Background execution not allowed: receiving Intent { act=android.intent.action.DROPBOX_ENTRY_ADDED flg=0x10 (has extras) } to com.google.android.gms/.stats.service.DropBoxEntryAddedReceiver
02-12 13:53:16.565   525   558 W BroadcastQueue: Background execution not allowed: receiving Intent { act=android.intent.action.DROPBOX_ENTRY_ADDED flg=0x10 (has extras) } to com.google.android.gms/.chimera.GmsIntentOperationService$PersistentTrustedReceiver
02-12 13:53:16.920 21407 21409 I cmd     : oneway function results will be dropped but finished with status OK and parcel size 4
02-12 13:53:17.040 21422 21424 I cmd     : oneway function results will be dropped but finished with status OK and parcel size 4
02-12 13:53:17.158 21437 21439 I cmd     : oneway function results will be dropped but finished with status OK and parcel size 4
02-12 13:53:17.279 21452 21454 I cmd     : oneway function results will be dropped but finished with status OK and parcel size 4
02-12 13:53:17.419 21464 21464 E libc    : Access denied finding property "persist.device_config.runtime_native_boot.profilebootclasspath"
02-12 13:53:17.419 21464 21464 E libc    : Access denied finding property "persist.device_config.runtime_native_boot.enable_apex_image"
02-12 13:53:17.419 21464 21464 I AndroidRuntime: Using default boot image
02-12 13:53:17.419 21464 21464 E libc    : Access denied finding property "persist.device_config.runtime_native_boot.disable_lock_profiling"
02-12 13:53:17.419 21464 21464 I AndroidRuntime: Leaving lock profiling enabled
02-12 13:53:17.419 21464 21464 E libc    : Access denied finding property "persist.device_config.runtime_native_boot.enable_generational_cc"
02-12 13:53:17.421 21464 21464 I app_process: Core platform API reporting enabled, enforcing=false
02-12 13:53:17.416 21464 21464 W app_process: type=1400 audit(0.0:564): avc: denied { read } for name="u:object_r:device_config_runtime_native_boot_prop:s0" dev="tmpfs" ino=8279 scontext=u:r:shell:s0 tcontext=u:object_r:device_config_runtime_native_boot_prop:s0 tclass=file permissive=0
02-12 13:53:17.453 21464 21464 W app_process: Unexpected CPU variant for X86 using defaults: x86
02-12 13:53:17.454 21464 21464 I app_process: The ClassLoaderContext is a special shared library.
02-12 13:53:17.461 21464 21464 W app_process: JNI RegisterNativeMethods: attempt to register 0 native methods for android.media.AudioAttributes
02-12 13:53:17.675 20393 20393 I AlarmClock: Adjusting timer 0 from RESET to RUNNING
02-12 13:53:17.682   525  1840 I system_server: oneway function results will be dropped but finished with status OK and parcel size 4
02-12 13:53:17.682   525  1840 I system_server: oneway function results will be dropped but finished with status OK and parcel size 4
02-12 13:53:17.696 21488 21490 I cmd     : oneway function results will be dropped but finished with status OK and parcel size 4
02-12 13:53:17.816  2823 19240 I Icing   : Indexing com.google.android.deskclock-internal.3p:Timer_cross_device from com.google.android.deskclock [CONTEXT service_id=21 ]
02-12 13:53:17.828  2823 19240 I Icing   : Indexing com.google.android.deskclock-internal.3p:Alarm_cross_device from com.google.android.deskclock [CONTEXT service_id=21 ]
02-12 13:53:17.832  2823 19240 I Icing   : Indexing done com.google.android.deskclock-internal.3p:Timer_cross_device [CONTEXT service_id=21 ]
02-12 13:53:17.834  2823 19240 I Icing   : Indexing done com.google.android.deskclock-internal.3p:Alarm_cross_device [CONTEXT service_id=21 ]
02-12 13:53:18.959   525  3281 I system_server: oneway function results will be dropped but finished with status OK and parcel size 4
02-12 13:53:19.596 20038 20057 I mit.droidbotap: Background concurrent copying GC freed 19783(756KB) AllocSpace objects, 28(2008KB) LOS objects, 49% free, 2099KB/4198KB, paused 6.306ms total 13.987ms
02-12 13:53:19.708 21595 21596 I cmd     : oneway function results will be dropped but finished with status OK and parcel size 4
02-12 13:53:20.727   525  1833 I system_server: oneway function results will be dropped but finished with status OK and parcel size 4
02-12 13:53:20.741 21627 21629 I cmd     : oneway function results will be dropped but finished with status OK and parcel size 4
02-12 13:53:21.740 21651 21652 I cmd     : oneway function results will be dropped but finished with status OK and parcel size 4
02-12 13:53:22.030 21683 21685 I cmd     : oneway function results will be dropped but finished with status OK and parcel size 4
02-12 13:53:22.166 21699 21701 I cmd     : oneway function results will be dropped but finished with status OK and parcel size 4
02-12 13:53:22.453 21732 21734 I cmd     : oneway function results will be dropped but finished with status OK and parcel size 4
02-12 13:53:22.628 21745 21745 W app_process: type=1400 audit(0.0:568): avc: denied { read } for name="u:object_r:device_config_runtime_native_boot_prop:s0" dev="tmpfs" ino=8279 scontext=u:r:shell:s0 tcontext=u:object_r:device_config_runtime_native_boot_prop:s0 tclass=file permissive=0
02-12 13:53:22.630 21745 21745 E libc    : Access denied finding property "persist.device_config.runtime_native_boot.profilebootclasspath"
02-12 13:53:22.631 21745 21745 E libc    : Access denied finding property "persist.device_config.runtime_native_boot.enable_apex_image"
02-12 13:53:22.631 21745 21745 I AndroidRuntime: Using default boot image
02-12 13:53:22.631 21745 21745 E libc    : Access denied finding property "persist.device_config.runtime_native_boot.disable_lock_profiling"
02-12 13:53:22.631 21745 21745 I AndroidRuntime: Leaving lock profiling enabled
02-12 13:53:22.631 21745 21745 E libc    : Access denied finding property "persist.device_config.runtime_native_boot.enable_generational_cc"
02-12 13:53:22.632 21745 21745 I app_process: Core platform API reporting enabled, enforcing=false
02-12 13:53:22.628 21745 21745 W app_process: type=1400 audit(0.0:569): avc: denied { read } for name="u:object_r:device_config_runtime_native_boot_prop:s0" dev="tmpfs" ino=8279 scontext=u:r:shell:s0 tcontext=u:object_r:device_config_runtime_native_boot_prop:s0 tclass=file permissive=0
02-12 13:53:22.682 21745 21745 W app_process: Unexpected CPU variant for X86 using defaults: x86
02-12 13:53:22.682 21745 21745 I app_process: The ClassLoaderContext is a special shared library.
02-12 13:53:22.700 21745 21745 W app_process: JNI RegisterNativeMethods: attempt to register 0 native methods for android.media.AudioAttributes
02-12 13:53:22.732   213   216 E android.system.suspend@1.0-service: Error opening kernel wakelock stats for: wakeup36: Permission denied
02-12 13:53:22.728   213   213 W Binder:213_2: type=1400 audit(0.0:572): avc: denied { read } for name="wakeup36" dev="sysfs" ino=19533 scontext=u:r:system_suspend:s0 tcontext=u:object_r:sysfs:s0 tclass=dir permissive=0
02-12 13:53:22.735   213   216 E android.system.suspend@1.0-service: Error opening kernel wakelock stats for: wakeup35: Permission denied
02-12 13:53:22.732   213   213 W Binder:213_2: type=1400 audit(0.0:573): avc: denied { read } for name="wakeup35" dev="sysfs" ino=19470 scontext=u:r:system_suspend:s0 tcontext=u:object_r:sysfs:s0 tclass=dir permissive=0
02-12 13:53:22.758 21768 21770 I cmd     : oneway function results will be dropped but finished with status OK and parcel size 4
02-12 13:53:22.934   525  1840 I system_server: oneway function results will be dropped but finished with status OK and parcel size 4
02-12 13:53:22.934   525  1840 I system_server: oneway function results will be dropped but finished with status OK and parcel size 4
02-12 13:53:24.264   525  3281 I system_server: oneway function results will be dropped but finished with status OK and parcel size 4
02-12 13:53:24.532 21842 21844 I cmd     : oneway function results will be dropped but finished with status OK and parcel size 4
02-12 13:53:24.677   525   546 E JobScheduler.Background: App com.google.android.gms became active but still in NEVER bucket
02-12 13:53:24.679   525   558 I DropBoxManagerService: add tag=system_server_wtf isTagEnabled=true flags=0x2
02-12 13:53:24.683 20393 20393 I AlarmClock: Adjusting timer 0 from RUNNING to EXPIRED
02-12 13:53:24.684 20393 20393 I AlarmClock: Creating timer state change intent for timer id 0 with firetime 1770904404673 
02-12 13:53:24.693 20393 20393 I AlarmClock: TimerKlaxon.start()
02-12 13:53:24.695   330   330 I android.hardware.vibrator-service.example: Vibrator reporting capabilities
02-12 13:53:24.695   330   330 I android.hardware.vibrator-service.example: Vibrator off
02-12 13:53:24.696 20393 21861 I AlarmClock: RingtonePlayer: Play ringtone via android.media.Ringtone
02-12 13:53:24.697   330   330 I android.hardware.vibrator-service.example: Vibrator on for timeoutMs: 500
02-12 13:53:24.698   330   330 I android.hardware.vibrator-service.example: Vibrator set amplitude: 0.301961
02-12 13:53:24.732  1225  1225 I Wear_Controller: Wear requires a companion app to be installed.
02-12 13:53:24.732  1225  1225 I WearableService: onCreate: Wearable Services not starting. Wear is not available on this device.
02-12 13:53:24.742  1225  2101 W WearableService: onGetService: Wear is not available on this device.
02-12 13:53:24.747 20393 21487 E AlarmClock: Unable to get CapabilityInfo
02-12 13:53:24.747 20393 21487 E AlarmClock: java.util.concurrent.ExecutionException: bwe: 17: API: Wearable.API is not available on this device. Connection failed with: bve{statusCode=API_UNAVAILABLE, resolution=null, message=null}
02-12 13:53:24.747 20393 21487 E AlarmClock: 	at cir.a(PG:5)
02-12 13:53:24.747 20393 21487 E AlarmClock: 	at blp.a(PG:10)
02-12 13:53:24.747 20393 21487 E AlarmClock: 	at com.android.deskclock.WearableSyncService.a(PG:55)
02-12 13:53:24.747 20393 21487 E AlarmClock: 	at com.android.deskclock.WearableSyncService.a(PG:22)
02-12 13:53:24.747 20393 21487 E AlarmClock: 	at il.doInBackground(PG:7)
02-12 13:53:24.747 20393 21487 E AlarmClock: 	at android.os.AsyncTask$3.call(AsyncTask.java:394)
02-12 13:53:24.747 20393 21487 E AlarmClock: 	at java.util.concurrent.FutureTask.run(FutureTask.java:266)
02-12 13:53:24.747 20393 21487 E AlarmClock: 	at java.util.concurrent.ThreadPoolExecutor.runWorker(ThreadPoolExecutor.java:1167)
02-12 13:53:24.747 20393 21487 E AlarmClock: 	at java.util.concurrent.ThreadPoolExecutor$Worker.run(ThreadPoolExecutor.java:641)
02-12 13:53:24.747 20393 21487 E AlarmClock: 	at java.lang.Thread.run(Thread.java:923)
02-12 13:53:24.747 20393 21487 E AlarmClock: Caused by: bwe: 17: API: Wearable.API is not available on this device. Connection failed with: bve{statusCode=API_UNAVAILABLE, resolution=null, message=null}
02-12 13:53:24.747 20393 21487 E AlarmClock: 	at cbj.a(PG:4)
02-12 13:53:24.747 20393 21487 E AlarmClock: 	at cbk.a(PG:2)
02-12 13:53:24.747 20393 21487 E AlarmClock: 	at cbn.a(PG:5)
02-12 13:53:24.747 20393 21487 E AlarmClock: 	at com.google.android.gms.common.api.internal.BasePendingResult.a(PG:58)
02-12 13:53:24.747 20393 21487 E AlarmClock: 	at bxh.b(PG:12)
02-12 13:53:24.747 20393 21487 E AlarmClock: 	at bwz.a(PG:7)
02-12 13:53:24.747 20393 21487 E AlarmClock: 	at bxy.a(PG:196)
02-12 13:53:24.747 20393 21487 E AlarmClock: 	at bxy.a(PG:116)
02-12 13:53:24.747 20393 21487 E AlarmClock: 	at caq.a(PG:2)
02-12 13:53:24.747 20393 21487 E AlarmClock: 	at bzy.a(PG:6)
02-12 13:53:24.747 20393 21487 E AlarmClock: 	at bzq.c(PG:9)
02-12 13:53:24.747 20393 21487 E AlarmClock: 	at bzv.handleMessage(PG:54)
02-12 13:53:24.747 20393 21487 E AlarmClock: 	at android.os.Handler.dispatchMessage(Handler.java:106)
02-12 13:53:24.747 20393 21487 E AlarmClock: 	at cez.a(PG:5)
02-12 13:53:24.747 20393 21487 E AlarmClock: 	at cez.dispatchMessage(PG:4)
02-12 13:53:24.747 20393 21487 E AlarmClock: 	at android.os.Looper.loop(Looper.java:223)
02-12 13:53:24.747 20393 21487 E AlarmClock: 	at android.os.HandlerThread.run(HandlerThread.java:67)
02-12 13:53:24.749   330   330 I android.hardware.vibrator-service.example: Vibrator set amplitude: 0.305882
02-12 13:53:24.769   525  1840 I MediaFocusControl: requestAudioFocus() from uid/pid 10130/20393 clientId=android.media.AudioManager@78e1b67 callingPack=com.google.android.deskclock req=4 flags=0x0 sdk=29
02-12 13:53:24.775   435 21870 I GenericSource: start
02-12 13:53:24.776   525  1840 W UriGrantsManagerService: No permission grants found for com.google.android.deskclock
02-12 13:53:24.785  2823 19240 I Icing   : Indexing com.google.android.deskclock-internal.3p:Timer_cross_device from com.google.android.deskclock [CONTEXT service_id=21 ]
02-12 13:53:24.789   435 21882 I CCodec  : Created component [c2.android.vorbis.decoder]
02-12 13:53:24.797   435 21882 I CCodecConfig: query failed after returning 7 values (BAD_INDEX)
02-12 13:53:24.799   435 21882 W Codec2Client: query -- param skipped: index = 1107298332.
02-12 13:53:24.799   330   330 I android.hardware.vibrator-service.example: Vibrator set amplitude: 0.313726
02-12 13:53:24.799   435 21882 I MediaCodec: MediaCodec will operate in async mode
02-12 13:53:24.801   435 21882 W Codec2Client: query -- param skipped: index = 1342179345.
02-12 13:53:24.801   435 21882 W Codec2Client: query -- param skipped: index = 2415921170.
02-12 13:53:24.801   435 21882 E FMQ     : grantorIdx must be less than 3
02-12 13:53:24.801   435 21882 E FMQ     : grantorIdx must be less than 3
02-12 13:53:24.802   445   498 E FMQ     : grantorIdx must be less than 3
02-12 13:53:24.802   445   498 E FMQ     : grantorIdx must be less than 3
02-12 13:53:24.803   435 21882 I CCodecBufferChannel: [c2.android.vorbis.decoder#563] Created output block pool with allocatorID 16 => poolID 29 - OK
02-12 13:53:24.805   435 21882 E FMQ     : grantorIdx must be less than 3
02-12 13:53:24.805   445  1040 E FMQ     : grantorIdx must be less than 3
02-12 13:53:24.806  2823 19240 I Icing   : Indexing done com.google.android.deskclock-internal.3p:Timer_cross_device [CONTEXT service_id=21 ]
02-12 13:53:24.806  2823 19240 I Icing   : Indexing com.google.android.deskclock-internal.3p:Alarm_cross_device from com.google.android.deskclock [CONTEXT service_id=21 ]
02-12 13:53:24.795     0     0 W x86/PAT : .vorbis.decoder:21883 map pfn RAM range req write-combining for [mem 0x29349000-0x29349fff], got write-back
02-12 13:53:24.798     0     0 W x86/PAT : .vorbis.decoder:21883 map pfn RAM range req write-combining for [mem 0x2910a000-0x2910afff], got write-back
02-12 13:53:24.817  2823 19240 I Icing   : Indexing done com.google.android.deskclock-internal.3p:Alarm_cross_device [CONTEXT service_id=21 ]
02-12 13:53:24.805     0     0 W x86/PAT : .vorbis.decoder:21883 map pfn RAM range req write-combining for [mem 0x29353000-0x29353fff], got write-back
02-12 13:53:24.808     0     0 W x86/PAT : .vorbis.decoder:21883 map pfn RAM range req write-combining for [mem 0x29211000-0x29211fff], got write-back
02-12 13:53:24.822   445 21883 E FMQ     : grantorIdx must be less than 3
02-12 13:53:24.823   435   749 E FMQ     : grantorIdx must be less than 3
02-12 13:53:24.826 21889 21892 I cmd     : oneway function results will be dropped but finished with status OK and parcel size 4
02-12 13:53:24.812     0     0 W x86/PAT : .vorbis.decoder:21883 map pfn RAM range req write-combining for [mem 0x29226000-0x29226fff], got write-back
02-12 13:53:24.817     0     0 W x86/PAT : .vorbis.decoder:21883 map pfn RAM range req write-combining for [mem 0x29118000-0x29118fff], got write-back
02-12 13:53:24.818     0     0 W x86/PAT : NPDecoder-CL:21882 map pfn RAM range req write-combining for [mem 0x29100000-0x29100fff], got write-back
02-12 13:53:24.820     0     0 W x86/PAT : .vorbis.decoder:21883 map pfn RAM range req write-combining for [mem 0x29349000-0x29349fff], got write-back
02-12 13:53:24.821     0     0 W x86/PAT : NPDecoder-CL:21882 map pfn RAM range req write-combining for [mem 0x29104000-0x29104fff], got write-back
02-12 13:53:24.824     0     0 W x86/PAT : .vorbis.decoder:21883 map pfn RAM range req write-combining for [mem 0x2910a000-0x2910afff], got write-back
02-12 13:53:24.826     0     0 W x86/PAT : NPDecoder-CL:21882 map pfn RAM range req write-combining for [mem 0x29215000-0x29215fff], got write-back
02-12 13:53:24.828     0     0 W x86/PAT : .vorbis.decoder:21883 map pfn RAM range req write-combining for [mem 0x2936f000-0x2936ffff], got write-back
02-12 13:53:24.830     0     0 W x86/PAT : NPDecoder-CL:21882 map pfn RAM range req write-combining for [mem 0x29100000-0x29100fff], got write-back
02-12 13:53:24.850   330   330 I android.hardware.vibrator-service.example: Vibrator set amplitude: 0.333333
02-12 13:53:24.836     0     0 W x86/PAT : .vorbis.decoder:21883 map pfn RAM range req write-combining for [mem 0x29038000-0x29038fff], got write-back
02-12 13:53:24.840     0     0 W x86/PAT : .vorbis.decoder:21883 map pfn RAM range req write-combining for [mem 0x2923a000-0x2923afff], got write-back
02-12 13:53:24.843     0     0 W x86/PAT : .vorbis.decoder:21883 map pfn RAM range req write-combining for [mem 0x2924f000-0x2924ffff], got write-back
02-12 13:53:24.845     0     0 W x86/PAT : NPDecoder-CL:21882 map pfn RAM range req write-combining for [mem 0x29104000-0x29104fff], got write-back
02-12 13:53:24.845     0     0 W x86/PAT : .vorbis.decoder:21883 map pfn RAM range req write-combining for [mem 0x2922e000-0x2922efff], got write-back
02-12 13:53:24.849     0     0 W x86/PAT : NPDecoder-CL:21882 map pfn RAM range req write-combining for [mem 0x29215000-0x29215fff], got write-back
02-12 13:53:24.862   525  1840 I system_server: oneway function results will be dropped but finished with status OK and parcel size 4
02-12 13:53:24.852     0     0 W x86/PAT : NPDecoder-CL:21882 map pfn RAM range req write-combining for [mem 0x29100000-0x29100fff], got write-back
02-12 13:53:24.854     0     0 W x86/PAT : NPDecoder-CL:21882 map pfn RAM range req write-combining for [mem 0x29033000-0x29033fff], got write-back
02-12 13:53:24.857     0     0 W x86/PAT : NPDecoder-CL:21882 map pfn RAM range req write-combining for [mem 0x2913e000-0x2913efff], got write-back
02-12 13:53:24.859     0     0 W x86/PAT : NPDecoder-CL:21882 map pfn RAM range req write-combining for [mem 0x29104000-0x29104fff], got write-back
02-12 13:53:24.864     0     0 W x86/PAT : .vorbis.decoder:21883 map pfn RAM range req write-combining for [mem 0x29226000-0x29226fff], got write-back
02-12 13:53:24.867     0     0 W x86/PAT : .vorbis.decoder:21883 map pfn RAM range req write-combining for [mem 0x29353000-0x29353fff], got write-back
02-12 13:53:24.867     0     0 W x86/PAT : NPDecoder-CL:21882 map pfn RAM range req write-combining for [mem 0x29100000-0x29100fff], got write-back
02-12 13:53:24.872     0     0 W x86/PAT : .vorbis.decoder:21883 map pfn RAM range req write-combining for [mem 0x29211000-0x29211fff], got write-back
02-12 13:53:24.872     0     0 W x86/PAT : NPDecoder-CL:21882 map pfn RAM range req write-combining for [mem 0x29104000-0x29104fff], got write-back
02-12 13:53:24.876     0     0 W x86/PAT : .vorbis.decoder:21883 map pfn RAM range req write-combining for [mem 0x29118000-0x29118fff], got write-back
02-12 13:53:24.879     0     0 W x86/PAT : NPDecoder-CL:21882 map pfn RAM range req write-combining for [mem 0x29100000-0x29100fff], got write-back
02-12 13:53:24.881     0     0 W x86/PAT : NPDecoder-CL:21882 map pfn RAM range req write-combining for [mem 0x29104000-0x29104fff], got write-back
02-12 13:53:24.895   525   525 W NotificationHistory: Attempted to add notif for locked/gone/disabled user 0
02-12 13:53:24.902   330   330 I android.hardware.vibrator-service.example: Vibrator set amplitude: 0.372549
02-12 13:53:24.888     0     0 W x86/PAT : .vorbis.decoder:21883 map pfn RAM range req write-combining for [mem 0x29349000-0x29349fff], got write-back
02-12 13:53:24.896     0     0 W x86/PAT : NPDecoder-CL:21882 map pfn RAM range req write-combining for [mem 0x29100000-0x29100fff], got write-back
02-12 13:53:24.899     0     0 W x86/PAT : .vorbis.decoder:21883 map pfn RAM range req write-combining for [mem 0x2910a000-0x2910afff], got write-back
02-12 13:53:24.901     0     0 W x86/PAT : .vorbis.decoder:21883 map pfn RAM range req write-combining for [mem 0x29038000-0x29038fff], got write-back
02-12 13:53:24.902     0     0 W x86/PAT : NPDecoder-CL:21882 map pfn RAM range req write-combining for [mem 0x29100000-0x29100fff], got write-back
02-12 13:53:24.904     0     0 W x86/PAT : .vorbis.decoder:21883 map pfn RAM range req write-combining for [mem 0x29226000-0x29226fff], got write-back
02-12 13:53:24.906     0     0 W x86/PAT : NPDecoder-CL:21882 map pfn RAM range req write-combining for [mem 0x29104000-0x29104fff], got write-back
02-12 13:53:24.910     0     0 W x86/PAT : .vorbis.decoder:21883 map pfn RAM range req write-combining for [mem 0x2923a000-0x2923afff], got write-back
02-12 13:53:24.911     0     0 W x86/PAT : NPDecoder-CL:21882 map pfn RAM range req write-combining for [mem 0x29100000-0x29100fff], got write-back
02-12 13:53:24.914     0     0 W x86/PAT : .vorbis.decoder:21883 map pfn RAM range req write-combining for [mem 0x2924f000-0x2924ffff], got write-back
02-12 13:53:24.926   708   708 W NotifBindPipeline: Row is not set so pipeline will not run. notif = 0|com.google.android.deskclock|2147483640|null|10130
02-12 13:53:24.915     0     0 W x86/PAT : NPDecoder-CL:21882 map pfn RAM range req write-combining for [mem 0x29104000-0x29104fff], got write-back
02-12 13:53:24.922     0     0 W x86/PAT : .vorbis.decoder:21883 map pfn RAM range req write-combining for [mem 0x2922e000-0x2922efff], got write-back
02-12 13:53:24.924     0     0 W x86/PAT : NPDecoder-CL:21882 map pfn RAM range req write-combining for [mem 0x29100000-0x29100fff], got write-back
02-12 13:53:24.924     0     0 W x86/PAT : .vorbis.decoder:21883 map pfn RAM range req write-combining for [mem 0x29353000-0x29353fff], got write-back
02-12 13:53:24.926     0     0 W x86/PAT : NPDecoder-CL:21882 map pfn RAM range req write-combining for [mem 0x29104000-0x29104fff], got write-back
02-12 13:53:24.928     0     0 W x86/PAT : .vorbis.decoder:21883 map pfn RAM range req write-combining for [mem 0x29211000-0x29211fff], got write-back
02-12 13:53:24.929     0     0 W x86/PAT : NPDecoder-CL:21882 map pfn RAM range req write-combining for [mem 0x29100000-0x29100fff], got write-back
02-12 13:53:24.931     0     0 W x86/PAT : .vorbis.decoder:21883 map pfn RAM range req write-combining for [mem 0x29118000-0x29118fff], got write-back
02-12 13:53:24.934     0     0 W x86/PAT : NPDecoder-CL:21882 map pfn RAM range req write-combining for [mem 0x29104000-0x29104fff], got write-back
02-12 13:53:24.935     0     0 W x86/PAT : .vorbis.decoder:21883 map pfn RAM range req write-combining for [mem 0x2936f000-0x2936ffff], got write-back
02-12 13:53:24.937     0     0 W x86/PAT : NPDecoder-CL:21882 map pfn RAM range req write-combining for [mem 0x29100000-0x29100fff], got write-back
02-12 13:53:24.939     0     0 W x86/PAT : .vorbis.decoder:21883 map pfn RAM range req write-combining for [mem 0x29038000-0x29038fff], got write-back
02-12 13:53:24.940     0     0 W x86/PAT : NPDecoder-CL:21882 map pfn RAM range req write-combining for [mem 0x29104000-0x29104fff], got write-back
02-12 13:53:24.945     0     0 W x86/PAT : .vorbis.decoder:21883 map pfn RAM range req write-combining for [mem 0x29226000-0x29226fff], got write-back
02-12 13:53:24.946     0     0 W x86/PAT : NPDecoder-CL:21882 map pfn RAM range req write-combining for [mem 0x29100000-0x29100fff], got write-back
02-12 13:53:24.947     0     0 W x86/PAT : .vorbis.decoder:21883 map pfn RAM range req write-combining for [mem 0x2910a000-0x2910afff], got write-back
02-12 13:53:24.950     0     0 W x86/PAT : .vorbis.decoder:21883 map pfn RAM range req write-combining for [mem 0x29349000-0x29349fff], got write-back
02-12 13:53:24.955   330   330 I android.hardware.vibrator-service.example: Vibrator set amplitude: 0.458824
02-12 13:53:24.951     0     0 W x86/PAT : NPDecoder-CL:21882 map pfn RAM range req write-combining for [mem 0x29104000-0x29104fff], got write-back
02-12 13:53:24.954     0     0 W x86/PAT : .vorbis.decoder:21883 map pfn RAM range req write-combining for [mem 0x2923a000-0x2923afff], got write-back
02-12 13:53:24.955     0     0 W x86/PAT : NPDecoder-CL:21882 map pfn RAM range req write-combining for [mem 0x29100000-0x29100fff], got write-back
02-12 13:53:24.964   708   708 W TouchableRegionManager: onHeadsUpPinnedModeChanged
02-12 13:53:24.958     0     0 W x86/PAT : NPDecoder-CL:21882 map pfn RAM range req write-combining for [mem 0x29215000-0x29215fff], got write-back
02-12 13:53:24.960     0     0 W x86/PAT : NPDecoder-CL:21882 map pfn RAM range req write-combining for [mem 0x29104000-0x29104fff], got write-back
02-12 13:53:24.963     0     0 W x86/PAT : .vorbis.decoder:21883 map pfn RAM range req write-combining for [mem 0x29353000-0x29353fff], got write-back
02-12 13:53:24.968     0     0 W x86/PAT : .vorbis.decoder:21883 map pfn RAM range req write-combining for [mem 0x29211000-0x29211fff], got write-back
02-12 13:53:24.968     0     0 W x86/PAT : NPDecoder-CL:21882 map pfn RAM range req write-combining for [mem 0x29100000-0x29100fff], got write-back
02-12 13:53:24.970     0     0 W x86/PAT : .vorbis.decoder:21883 map pfn RAM range req write-combining for [mem 0x2924f000-0x2924ffff], got write-back
02-12 13:53:24.972     0     0 W x86/PAT : NPDecoder-CL:21882 map pfn RAM range req write-combining for [mem 0x29104000-0x29104fff], got write-back
02-12 13:53:24.977     0     0 W x86/PAT : .vorbis.decoder:21883 map pfn RAM range req write-combining for [mem 0x2922e000-0x2922efff], got write-back
02-12 13:53:24.980     0     0 W x86/PAT : .vorbis.decoder:21883 map pfn RAM range req write-combining for [mem 0x29226000-0x29226fff], got write-back
02-12 13:53:24.981     0     0 W x86/PAT : NPDecoder-CL:21882 map pfn RAM range req write-combining for [mem 0x29100000-0x29100fff], got write-back
02-12 13:53:24.983     0     0 W x86/PAT : .vorbis.decoder:21883 map pfn RAM range req write-combining for [mem 0x29038000-0x29038fff], got write-back
02-12 13:53:24.985     0     0 W x86/PAT : NPDecoder-CL:21882 map pfn RAM range req write-combining for [mem 0x29104000-0x29104fff], got write-back
02-12 13:53:24.987     0     0 W x86/PAT : .vorbis.decoder:21883 map pfn RAM range req write-combining for [mem 0x29118000-0x29118fff], got write-back
02-12 13:53:24.989     0     0 W x86/PAT : NPDecoder-CL:21882 map pfn RAM range req write-combining for [mem 0x29215000-0x29215fff], got write-back
02-12 13:53:24.992     0     0 W x86/PAT : NPDecoder-CL:21882 map pfn RAM range req write-combining for [mem 0x29100000-0x29100fff], got write-back
02-12 13:53:25.008   330   330 I android.hardware.vibrator-service.example: Vibrator set amplitude: 0.635294
02-12 13:53:25.000     0     0 W x86/PAT : .vorbis.decoder:21883 map pfn RAM range req write-combining for [mem 0x2910a000-0x2910afff], got write-back
02-12 13:53:25.003     0     0 W x86/PAT : .vorbis.decoder:21883 map pfn RAM range req write-combining for [mem 0x29349000-0x29349fff], got write-back
02-12 13:53:25.008     0     0 W x86/PAT : .vorbis.decoder:21883 map pfn RAM range req write-combining for [mem 0x2936f000-0x2936ffff], got write-back
02-12 13:53:25.012     0     0 W x86/PAT : NPDecoder-CL:21882 map pfn RAM range req write-combining for [mem 0x29104000-0x29104fff], got write-back
02-12 13:53:25.023     0     0 W x86/PAT : .vorbis.decoder:21883 map pfn RAM range req write-combining for [mem 0x2923a000-0x2923afff], got write-back
02-12 13:53:25.028     0     0 W x86/PAT : NPDecoder-CL:21882 map pfn RAM range req write-combining for [mem 0x29100000-0x29100fff], got write-back
02-12 13:53:25.031     0     0 W x86/PAT : NPDecoder-CL:21882 map pfn RAM range req write-combining for [mem 0x29215000-0x29215fff], got write-back
02-12 13:53:25.033     0     0 W x86/PAT : NPDecoder-CL:21882 map pfn RAM range req write-combining for [mem 0x29033000-0x29033fff], got write-back
02-12 13:53:25.034     0     0 W x86/PAT : NPDecoder-CL:21882 map pfn RAM range req write-combining for [mem 0x29104000-0x29104fff], got write-back
02-12 13:53:25.059   330   330 I android.hardware.vibrator-service.example: Vibrator set amplitude: 1
02-12 13:53:25.050     0     0 W x86/PAT : .vorbis.decoder:21883 map pfn RAM range req write-combining for [mem 0x29353000-0x29353fff], got write-back
02-12 13:53:25.053     0     0 W x86/PAT : .vorbis.decoder:21883 map pfn RAM range req write-combining for [mem 0x29211000-0x29211fff], got write-back
02-12 13:53:25.054     0     0 W x86/PAT : NPDecoder-CL:21882 map pfn RAM range req write-combining for [mem 0x29100000-0x29100fff], got write-back
02-12 13:53:25.056     0     0 W x86/PAT : .vorbis.decoder:21883 map pfn RAM range req write-combining for [mem 0x2924f000-0x2924ffff], got write-back
02-12 13:53:25.057     0     0 W x86/PAT : NPDecoder-CL:21882 map pfn RAM range req write-combining for [mem 0x29104000-0x29104fff], got write-back
02-12 13:53:25.059     0     0 W x86/PAT : .vorbis.decoder:21883 map pfn RAM range req write-combining for [mem 0x2922e000-0x2922efff], got write-back
02-12 13:53:25.061     0     0 W x86/PAT : NPDecoder-CL:21882 map pfn RAM range req write-combining for [mem 0x29100000-0x29100fff], got write-back
02-12 13:53:25.063     0     0 W x86/PAT : .vorbis.decoder:21883 map pfn RAM range req write-combining for [mem 0x2910a000-0x2910afff], got write-back
02-12 13:53:25.065     0     0 W x86/PAT : NPDecoder-CL:21882 map pfn RAM range req write-combining for [mem 0x29104000-0x29104fff], got write-back
02-12 13:53:25.067     0     0 W x86/PAT : .vorbis.decoder:21883 map pfn RAM range req write-combining for [mem 0x29226000-0x29226fff], got write-back
02-12 13:53:25.069     0     0 W x86/PAT : NPDecoder-CL:21882 map pfn RAM range req write-combining for [mem 0x29100000-0x29100fff], got write-back
02-12 13:53:25.072     0     0 W x86/PAT : .vorbis.decoder:21883 map pfn RAM range req write-combining for [mem 0x29349000-0x29349fff], got write-back
02-12 13:53:25.075     0     0 W x86/PAT : .vorbis.decoder:21883 map pfn RAM range req write-combining for [mem 0x29118000-0x29118fff], got write-back
02-12 13:53:25.078     0     0 W x86/PAT : .vorbis.decoder:21883 map pfn RAM range req write-combining for [mem 0x2936f000-0x2936ffff], got write-back
02-12 13:53:25.083     0     0 W x86/PAT : NPDecoder-CL:21882 map pfn RAM range req write-combining for [mem 0x29104000-0x29104fff], got write-back
02-12 13:53:25.085     0     0 W x86/PAT : NPDecoder-CL:21882 map pfn RAM range req write-combining for [mem 0x29100000-0x29100fff], got write-back
02-12 13:53:25.087     0     0 W x86/PAT : .vorbis.decoder:21883 map pfn RAM range req write-combining for [mem 0x29038000-0x29038fff], got write-back
02-12 13:53:25.087     0     0 W x86/PAT : NPDecoder-CL:21882 map pfn RAM range req write-combining for [mem 0x29215000-0x29215fff], got write-back
02-12 13:53:25.090     0     0 W x86/PAT : .vorbis.decoder:21883 map pfn RAM range req write-combining for [mem 0x2923a000-0x2923afff], got write-back
02-12 13:53:25.091     0     0 W x86/PAT : NPDecoder-CL:21882 map pfn RAM range req write-combining for [mem 0x29033000-0x29033fff], got write-back
02-12 13:53:25.094     0     0 W x86/PAT : .vorbis.decoder:21883 map pfn RAM range req write-combining for [mem 0x29353000-0x29353fff], got write-back
02-12 13:53:25.096     0     0 W x86/PAT : NPDecoder-CL:21882 map pfn RAM range req write-combining for [mem 0x29100000-0x29100fff], got write-back
02-12 13:53:25.111   330   330 I android.hardware.vibrator-service.example: Vibrator set amplitude: 1
02-12 13:53:25.100     0     0 W x86/PAT : NPDecoder-CL:21882 map pfn RAM range req write-combining for [mem 0x29104000-0x29104fff], got write-back
02-12 13:53:25.103     0     0 W x86/PAT : NPDecoder-CL:21882 map pfn RAM range req write-combining for [mem 0x29215000-0x29215fff], got write-back
02-12 13:53:25.118   708   708 W View    : couldn't find view with id 2131362152
02-12 13:53:25.106     0     0 W x86/PAT : .vorbis.decoder:21883 map pfn RAM range req write-combining for [mem 0x2910a000-0x2910afff], got write-back
02-12 13:53:25.111     0     0 W x86/PAT : .vorbis.decoder:21883 map pfn RAM range req write-combining for [mem 0x29211000-0x29211fff], got write-back
02-12 13:53:25.113     0     0 W x86/PAT : .vorbis.decoder:21883 map pfn RAM range req write-combining for [mem 0x2924f000-0x2924ffff], got write-back
02-12 13:53:25.117     0     0 W x86/PAT : NPDecoder-CL:21882 map pfn RAM range req write-combining for [mem 0x29100000-0x29100fff], got write-back
02-12 13:53:25.117     0     0 W x86/PAT : .vorbis.decoder:21883 map pfn RAM range req write-combining for [mem 0x2922e000-0x2922efff], got write-back
02-12 13:53:25.119     0     0 W x86/PAT : NPDecoder-CL:21882 map pfn RAM range req write-combining for [mem 0x29104000-0x29104fff], got write-back
02-12 13:53:25.121     0     0 W x86/PAT : .vorbis.decoder:21883 map pfn RAM range req write-combining for [mem 0x29118000-0x29118fff], got write-back
02-12 13:53:25.125     0     0 W x86/PAT : .vorbis.decoder:21883 map pfn RAM range req write-combining for [mem 0x2936f000-0x2936ffff], got write-back
02-12 13:53:25.128     0     0 W x86/PAT : .vorbis.decoder:21883 map pfn RAM range req write-combining for [mem 0x29038000-0x29038fff], got write-back
02-12 13:53:25.350   708   708 W View    : couldn't find view with id 2131362152
02-12 13:53:25.363     0     0 W x86/PAT : NPDecoder-CL:21882 map pfn RAM range req write-combining for [mem 0x29215000-0x29215fff], got write-back
02-12 13:53:25.365     0     0 W x86/PAT : NPDecoder-CL:21882 map pfn RAM range req write-combining for [mem 0x29100000-0x29100fff], got write-back
02-12 13:53:25.368     0     0 W x86/PAT : NPDecoder-CL:21882 map pfn RAM range req write-combining for [mem 0x29104000-0x29104fff], got write-back
02-12 13:53:25.371     0     0 W x86/PAT : NPDecoder-CL:21882 map pfn RAM range req write-combining for [mem 0x29033000-0x29033fff], got write-back
02-12 13:53:25.374     0     0 W x86/PAT : NPDecoder-CL:21882 map pfn RAM range req write-combining for [mem 0x2913e000-0x2913efff], got write-back
02-12 13:53:25.381     0     0 W x86/PAT : .vorbis.decoder:21883 map pfn RAM range req write-combining for [mem 0x29226000-0x29226fff], got write-back
02-12 13:53:25.384     0     0 W x86/PAT : .vorbis.decoder:21883 map pfn RAM range req write-combining for [mem 0x29353000-0x29353fff], got write-back
02-12 13:53:25.384     0     0 W x86/PAT : NPDecoder-CL:21882 map pfn RAM range req write-combining for [mem 0x29100000-0x29100fff], got write-back
02-12 13:53:25.386     0     0 W x86/PAT : .vorbis.decoder:21883 map pfn RAM range req write-combining for [mem 0x29349000-0x29349fff], got write-back
02-12 13:53:25.388     0     0 W x86/PAT : NPDecoder-CL:21882 map pfn RAM range req write-combining for [mem 0x29104000-0x29104fff], got write-back
02-12 13:53:25.391     0     0 W x86/PAT : .vorbis.decoder:21883 map pfn RAM range req write-combining for [mem 0x2923a000-0x2923afff], got write-back
02-12 13:53:25.392     0     0 W x86/PAT : NPDecoder-CL:21882 map pfn RAM range req write-combining for [mem 0x29100000-0x29100fff], got write-back
02-12 13:53:25.395     0     0 W x86/PAT : .vorbis.decoder:21883 map pfn RAM range req write-combining for [mem 0x2910a000-0x2910afff], got write-back
02-12 13:53:25.397     0     0 W x86/PAT : NPDecoder-CL:21882 map pfn RAM range req write-combining for [mem 0x29104000-0x29104fff], got write-back
02-12 13:53:25.400     0     0 W x86/PAT : .vorbis.decoder:21883 map pfn RAM range req write-combining for [mem 0x29211000-0x29211fff], got write-back
02-12 13:53:25.401     0     0 W x86/PAT : NPDecoder-CL:21882 map pfn RAM range req write-combining for [mem 0x29100000-0x29100fff], got write-back
02-12 13:53:25.403     0     0 W x86/PAT : .vorbis.decoder:21883 map pfn RAM range req write-combining for [mem 0x2924f000-0x2924ffff], got write-back
02-12 13:53:25.405     0     0 W x86/PAT : NPDecoder-CL:21882 map pfn RAM range req write-combining for [mem 0x29104000-0x29104fff], got write-back
02-12 13:53:25.410     0     0 W x86/PAT : .vorbis.decoder:21883 map pfn RAM range req write-combining for [mem 0x29118000-0x29118fff], got write-back
02-12 13:53:25.410     0     0 W x86/PAT : NPDecoder-CL:21882 map pfn RAM range req write-combining for [mem 0x29100000-0x29100fff], got write-back
02-12 13:53:25.416     0     0 W x86/PAT : .vorbis.decoder:21883 map pfn RAM range req write-combining for [mem 0x2936f000-0x2936ffff], got write-back
02-12 13:53:25.418     0     0 W x86/PAT : NPDecoder-CL:21882 map pfn RAM range req write-combining for [mem 0x29104000-0x29104fff], got write-back
02-12 13:53:25.419     0     0 W x86/PAT : .vorbis.decoder:21883 map pfn RAM range req write-combining for [mem 0x29038000-0x29038fff], got write-back
02-12 13:53:25.422     0     0 W x86/PAT : NPDecoder-CL:21882 map pfn RAM range req write-combining for [mem 0x29100000-0x29100fff], got write-back
02-12 13:53:25.422     0     0 W x86/PAT : .vorbis.decoder:21883 map pfn RAM range req write-combining for [mem 0x2922e000-0x2922efff], got write-back
02-12 13:53:25.424     0     0 W x86/PAT : NPDecoder-CL:21882 map pfn RAM range req write-combining for [mem 0x29104000-0x29104fff], got write-back
02-12 13:53:25.427     0     0 W x86/PAT : .vorbis.decoder:21883 map pfn RAM range req write-combining for [mem 0x29226000-0x29226fff], got write-back
02-12 13:53:25.429     0     0 W x86/PAT : NPDecoder-CL:21882 map pfn RAM range req write-combining for [mem 0x29100000-0x29100fff], got write-back
02-12 13:53:25.434     0     0 W x86/PAT : .vorbis.decoder:21883 map pfn RAM range req write-combining for [mem 0x2910a000-0x2910afff], got write-back
02-12 13:53:25.435     0     0 W x86/PAT : NPDecoder-CL:21882 map pfn RAM range req write-combining for [mem 0x29104000-0x29104fff], got write-back
02-12 13:53:25.439     0     0 W x86/PAT : .vorbis.decoder:21883 map pfn RAM range req write-combining for [mem 0x29353000-0x29353fff], got write-back
02-12 13:53:25.439     0     0 W x86/PAT : NPDecoder-CL:21882 map pfn RAM range req write-combining for [mem 0x29100000-0x29100fff], got write-back
02-12 13:53:25.450     0     0 W x86/PAT : .vorbis.decoder:21883 map pfn RAM range req write-combining for [mem 0x29349000-0x29349fff], got write-back
02-12 13:53:25.450     0     0 W x86/PAT : NPDecoder-CL:21882 map pfn RAM range req write-combining for [mem 0x29104000-0x29104fff], got write-back
02-12 13:53:25.455     0     0 W x86/PAT : .vorbis.decoder:21883 map pfn RAM range req write-combining for [mem 0x2923a000-0x2923afff], got write-back
02-12 13:53:25.455     0     0 W x86/PAT : NPDecoder-CL:21882 map pfn RAM range req write-combining for [mem 0x29100000-0x29100fff], got write-back
02-12 13:53:25.459     0     0 W x86/PAT : .vorbis.decoder:21883 map pfn RAM range req write-combining for [mem 0x29118000-0x29118fff], got write-back
02-12 13:53:25.460     0     0 W x86/PAT : NPDecoder-CL:21882 map pfn RAM range req write-combining for [mem 0x29104000-0x29104fff], got write-back
02-12 13:53:25.462     0     0 W x86/PAT : .vorbis.decoder:21883 map pfn RAM range req write-combining for [mem 0x2936f000-0x2936ffff], got write-back
02-12 13:53:25.463     0     0 W x86/PAT : NPDecoder-CL:21882 map pfn RAM range req write-combining for [mem 0x29100000-0x29100fff], got write-back
02-12 13:53:25.468     0     0 W x86/PAT : .vorbis.decoder:21883 map pfn RAM range req write-combining for [mem 0x29038000-0x29038fff], got write-back
02-12 13:53:25.547   708   708 W View    : couldn't find view with id 2131362152
02-12 13:53:25.623   708   708 W View    : couldn't find view with id 2131362152
02-12 13:53:25.712   330   330 I android.hardware.vibrator-service.example: Vibrator on for timeoutMs: 500
02-12 13:53:25.713   330   330 I android.hardware.vibrator-service.example: Vibrator set amplitude: 0.301961
02-12 13:53:25.716     0     0 W x86/PAT : NPDecoder-CL:21882 map pfn RAM range req write-combining for [mem 0x29100000-0x29100fff], got write-back
02-12 13:53:25.717     0     0 W x86/PAT : NPDecoder-CL:21882 map pfn RAM range req write-combining for [mem 0x29104000-0x29104fff], got write-back
02-12 13:53:25.721     0     0 W x86/PAT : .vorbis.decoder:21883 map pfn RAM range req write-combining for [mem 0x29226000-0x29226fff], got write-back
02-12 13:53:25.723     0     0 W x86/PAT : .vorbis.decoder:21883 map pfn RAM range req write-combining for [mem 0x2910a000-0x2910afff], got write-back
