02-12 13:54:36.670 25370 25370 E libc    : Access denied finding property "persist.device_config.runtime_native_boot.profilebootclasspath"
02-12 13:54:36.670 25370 25370 E libc    : Access denied finding property "persist.device_config.runtime_native_boot.enable_apex_image"
02-12 13:54:36.670 25370 25370 I AndroidRuntime: Using default boot image
02-12 13:54:36.670 25370 25370 E libc    : Access denied finding property "persist.device_config.runtime_native_boot.disable_lock_profiling"
02-12 13:54:36.670 25370 25370 I AndroidRuntime: Leaving lock profiling enabled
02-12 13:54:36.670 25370 25370 E libc    : Access denied finding property "persist.device_config.runtime_native_boot.enable_generational_cc"
02-12 13:54:36.671 25370 25370 I app_process: Core platform API reporting enabled, enforcing=false
02-12 13:54:36.668 25370 25370 W app_process: type=1400 audit(0.0:632): avc: denied { read } for name="u:object_r:device_config_runtime_native_boot_prop:s0" dev="tmpfs" ino=8279 scontext=u:r:shell:s0 tcontext=u:object_r:device_config_runtime_native_boot_prop:s0 tclass=file permissive=0
02-12 13:54:36.704 25370 25370 W app_process: Unexpected CPU variant for X86 using defaults: x86
02-12 13:54:36.705 25370 25370 I app_process: The ClassLoaderContext is a special shared library.
02-12 13:54:36.713 25370 25370 W app_process: JNI RegisterNativeMethods: attempt to register 0 native methods for android.media.AudioAttributes
02-12 13:54:36.927   525  3281 I system_server: oneway function results will be dropped but finished with status OK and parcel size 4
02-12 13:54:36.927   525  3281 I chatty  : uid=1000(system) Binder:525_20 identical 1 line
02-12 13:54:36.927   525  3281 I system_server: oneway function results will be dropped but finished with status OK and parcel size 4
02-12 13:54:36.940 20393 20393 W ListPreference: Setting a summary with a String formatting marker is no longer supported. You should use a SummaryProvider instead.
02-12 13:54:36.946 20393 20393 W ListPreference: Setting a summary with a String formatting marker is no longer supported. You should use a SummaryProvider instead.
02-12 13:54:36.950 25391 25393 I cmd     : oneway function results will be dropped but finished with status OK and parcel size 4
02-12 13:54:38.525 25427 25429 I cmd     : oneway function results will be dropped but finished with status OK and parcel size 4
02-12 13:54:38.756   525  1846 I system_server: oneway function results will be dropped but finished with status OK and parcel size 4
02-12 13:54:38.863 25469 25471 I cmd     : oneway function results will be dropped but finished with status OK and parcel size 4
02-12 13:54:39.212   525   546 E JobScheduler.Background: App com.google.android.gms became active but still in NEVER bucket
02-12 13:54:39.213   525   558 I DropBoxManagerService: add tag=system_server_wtf isTagEnabled=true flags=0x2
02-12 13:54:39.214 20393 20393 I AlarmClock: Adjusting timer 0 from RUNNING to EXPIRED
02-12 13:54:39.214 20393 20393 I AlarmClock: Creating timer state change intent for timer id 0 with firetime 1770904479208 
02-12 13:54:39.227 20393 20393 I AlarmClock: TimerKlaxon.start()
02-12 13:54:39.227 20393 21861 I AlarmClock: RingtonePlayer: Play ringtone via android.media.Ringtone
02-12 13:54:39.228   330   330 I android.hardware.vibrator-service.example: Vibrator reporting capabilities
02-12 13:54:39.229   330   330 I android.hardware.vibrator-service.example: Vibrator off
02-12 13:54:39.231   330   330 I android.hardware.vibrator-service.example: Vibrator on for timeoutMs: 500
02-12 13:54:39.231   330   330 I android.hardware.vibrator-service.example: Vibrator set amplitude: 0.301961
02-12 13:54:39.244  1225  1225 I Wear_Controller: Wear requires a companion app to be installed.
02-12 13:54:39.244  1225  1225 I WearableService: onCreate: Wearable Services not starting. Wear is not available on this device.
02-12 13:54:39.248  1225  1243 W WearableService: onGetService: Wear is not available on this device.
02-12 13:54:39.250 20393 22709 E AlarmClock: Unable to get CapabilityInfo
02-12 13:54:39.250 20393 22709 E AlarmClock: java.util.concurrent.ExecutionException: bwe: 17: API: Wearable.API is not available on this device. Connection failed with: bve{statusCode=API_UNAVAILABLE, resolution=null, message=null}
02-12 13:54:39.250 20393 22709 E AlarmClock: 	at cir.a(PG:5)
02-12 13:54:39.250 20393 22709 E AlarmClock: 	at blp.a(PG:10)
02-12 13:54:39.250 20393 22709 E AlarmClock: 	at com.android.deskclock.WearableSyncService.a(PG:55)
02-12 13:54:39.250 20393 22709 E AlarmClock: 	at com.android.deskclock.WearableSyncService.a(PG:22)
02-12 13:54:39.250 20393 22709 E AlarmClock: 	at il.doInBackground(PG:7)
02-12 13:54:39.250 20393 22709 E AlarmClock: 	at android.os.AsyncTask$3.call(AsyncTask.java:394)
02-12 13:54:39.250 20393 22709 E AlarmClock: 	at java.util.concurrent.FutureTask.run(FutureTask.java:266)
02-12 13:54:39.250 20393 22709 E AlarmClock: 	at java.util.concurrent.ThreadPoolExecutor.runWorker(ThreadPoolExecutor.java:1167)
02-12 13:54:39.250 20393 22709 E AlarmClock: 	at java.util.concurrent.ThreadPoolExecutor$Worker.run(ThreadPoolExecutor.java:641)
02-12 13:54:39.250 20393 22709 E AlarmClock: 	at java.lang.Thread.run(Thread.java:923)
02-12 13:54:39.250 20393 22709 E AlarmClock: Caused by: bwe: 17: API: Wearable.API is not available on this device. Connection failed with: bve{statusCode=API_UNAVAILABLE, resolution=null, message=null}
02-12 13:54:39.250 20393 22709 E AlarmClock: 	at cbj.a(PG:4)
02-12 13:54:39.250 20393 22709 E AlarmClock: 	at cbk.a(PG:2)
02-12 13:54:39.250 20393 22709 E AlarmClock: 	at cbn.a(PG:5)
02-12 13:54:39.250 20393 22709 E AlarmClock: 	at com.google.android.gms.common.api.internal.BasePendingResult.a(PG:58)
02-12 13:54:39.250 20393 22709 E AlarmClock: 	at bxh.b(PG:12)
02-12 13:54:39.250 20393 22709 E AlarmClock: 	at bwz.a(PG:7)
02-12 13:54:39.250 20393 22709 E AlarmClock: 	at bxy.a(PG:196)
02-12 13:54:39.250 20393 22709 E AlarmClock: 	at bxy.a(PG:116)
02-12 13:54:39.250 20393 22709 E AlarmClock: 	at caq.a(PG:2)
02-12 13:54:39.250 20393 22709 E AlarmClock: 	at bzy.a(PG:6)
02-12 13:54:39.250 20393 22709 E AlarmClock: 	at bzq.c(PG:9)
02-12 13:54:39.250 20393 22709 E AlarmClock: 	at bzv.handleMessage(PG:54)
02-12 13:54:39.250 20393 22709 E AlarmClock: 	at android.os.Handler.dispatchMessage(Handler.java:106)
02-12 13:54:39.250 20393 22709 E AlarmClock: 	at cez.a(PG:5)
02-12 13:54:39.250 20393 22709 E AlarmClock: 	at cez.dispatchMessage(PG:4)
02-12 13:54:39.250 20393 22709 E AlarmClock: 	at android.os.Looper.loop(Looper.java:223)
02-12 13:54:39.250 20393 22709 E AlarmClock: 	at android.os.HandlerThread.run(HandlerThread.java:67)
02-12 13:54:39.279  2823 19240 I Icing   : Indexing com.google.android.deskclock-internal.3p:Timer_cross_device from com.google.android.deskclock [CONTEXT service_id=21 ]
02-12 13:54:39.282   330   330 I android.hardware.vibrator-service.example: Vibrator set amplitude: 0.305882
02-12 13:54:39.294  2823 19240 I Icing   : Indexing done com.google.android.deskclock-internal.3p:Timer_cross_device [CONTEXT service_id=21 ]
02-12 13:54:39.297  2823 19240 I Icing   : Indexing com.google.android.deskclock-internal.3p:Alarm_cross_device from com.google.android.deskclock [CONTEXT service_id=21 ]
02-12 13:54:39.297   525  3704 I MediaFocusControl: requestAudioFocus() from uid/pid 10130/20393 clientId=android.media.AudioManager@78e1b67 callingPack=com.google.android.deskclock req=4 flags=0x0 sdk=29
02-12 13:54:39.300   435 25486 I GenericSource: start
02-12 13:54:39.300   525  3704 W UriGrantsManagerService: No permission grants found for com.google.android.deskclock
02-12 13:54:39.305   435 25491 I CCodec  : Created component [c2.android.vorbis.decoder]
02-12 13:54:39.307  2823 19240 I Icing   : Indexing com.google.android.deskclock-internal.3p:Stopwatch_cross_device from com.google.android.deskclock [CONTEXT service_id=21 ]
02-12 13:54:39.312   435 25491 I CCodecConfig: query failed after returning 7 values (BAD_INDEX)
02-12 13:54:39.314  2823 19240 I Icing   : Indexing done com.google.android.deskclock-internal.3p:Alarm_cross_device [CONTEXT service_id=21 ]
02-12 13:54:39.315   435 25491 W Codec2Client: query -- param skipped: index = 1107298332.
02-12 13:54:39.315  2823 19240 I Icing   : Indexing done com.google.android.deskclock-internal.3p:Stopwatch_cross_device [CONTEXT service_id=21 ]
02-12 13:54:39.316   435 25491 I MediaCodec: MediaCodec will operate in async mode
02-12 13:54:39.317   435 25491 W Codec2Client: query -- param skipped: index = 1342179345.
02-12 13:54:39.317   435 25491 W Codec2Client: query -- param skipped: index = 2415921170.
02-12 13:54:39.318   435 25491 E FMQ     : grantorIdx must be less than 3
02-12 13:54:39.318   435 25491 E FMQ     : grantorIdx must be less than 3
02-12 13:54:39.319   445  1040 E FMQ     : grantorIdx must be less than 3
02-12 13:54:39.320   445  1040 E FMQ     : grantorIdx must be less than 3
02-12 13:54:39.320   435 25491 I CCodecBufferChannel: [c2.android.vorbis.decoder#328] Created output block pool with allocatorID 16 => poolID 30 - OK
02-12 13:54:39.321   435 25491 E FMQ     : grantorIdx must be less than 3
02-12 13:54:39.322   445  1040 E FMQ     : grantorIdx must be less than 3
02-12 13:54:39.313     0     0 W x86/PAT : .vorbis.decoder:25492 map pfn RAM range req write-combining for [mem 0x292b4000-0x292b4fff], got write-back
02-12 13:54:39.315     0     0 W x86/PAT : .vorbis.decoder:25492 map pfn RAM range req write-combining for [mem 0x29232000-0x29232fff], got write-back
02-12 13:54:39.333   330   330 I android.hardware.vibrator-service.example: Vibrator set amplitude: 0.313726
02-12 13:54:39.319     0     0 W x86/PAT : .vorbis.decoder:25492 map pfn RAM range req write-combining for [mem 0x2929d000-0x2929dfff], got write-back
02-12 13:54:39.321     0     0 W x86/PAT : .vorbis.decoder:25492 map pfn RAM range req write-combining for [mem 0x29146000-0x29146fff], got write-back
02-12 13:54:39.335   445 25492 E FMQ     : grantorIdx must be less than 3
02-12 13:54:39.336   435   755 E FMQ     : grantorIdx must be less than 3
02-12 13:54:39.325     0     0 W x86/PAT : .vorbis.decoder:25492 map pfn RAM range req write-combining for [mem 0x29295000-0x29295fff], got write-back
02-12 13:54:39.328     0     0 W x86/PAT : NPDecoder-CL:25491 map pfn RAM range req write-combining for [mem 0x291da000-0x291dafff], got write-back
02-12 13:54:39.328     0     0 W x86/PAT : .vorbis.decoder:25492 map pfn RAM range req write-combining for [mem 0x292b0000-0x292b0fff], got write-back
02-12 13:54:39.331     0     0 W x86/PAT : NPDecoder-CL:25491 map pfn RAM range req write-combining for [mem 0x2928b000-0x2928bfff], got write-back
02-12 13:54:39.332     0     0 W x86/PAT : .vorbis.decoder:25492 map pfn RAM range req write-combining for [mem 0x2921d000-0x2921dfff], got write-back
02-12 13:54:39.334     0     0 W x86/PAT : NPDecoder-CL:25491 map pfn RAM range req write-combining for [mem 0x291da000-0x291dafff], got write-back
02-12 13:54:39.336     0     0 W x86/PAT : .vorbis.decoder:25492 map pfn RAM range req write-combining for [mem 0x29232000-0x29232fff], got write-back
02-12 13:54:39.338     0     0 W x86/PAT : NPDecoder-CL:25491 map pfn RAM range req write-combining for [mem 0x2928b000-0x2928bfff], got write-back
02-12 13:54:39.339     0     0 W x86/PAT : .vorbis.decoder:25492 map pfn RAM range req write-combining for [mem 0x292b4000-0x292b4fff], got write-back
02-12 13:54:39.343     0     0 W x86/PAT : NPDecoder-CL:25491 map pfn RAM range req write-combining for [mem 0x291da000-0x291dafff], got write-back
02-12 13:54:39.346     0     0 W x86/PAT : .vorbis.decoder:25492 map pfn RAM range req write-combining for [mem 0x29291000-0x29291fff], got write-back
02-12 13:54:39.346     0     0 W x86/PAT : NPDecoder-CL:25491 map pfn RAM range req write-combining for [mem 0x291da000-0x291dafff], got write-back
02-12 13:54:39.348     0     0 W x86/PAT : .vorbis.decoder:25492 map pfn RAM range req write-combining for [mem 0x29209000-0x29209fff], got write-back
02-12 13:54:39.350     0     0 W x86/PAT : NPDecoder-CL:25491 map pfn RAM range req write-combining for [mem 0x2928b000-0x2928bfff], got write-back
02-12 13:54:39.364   525  3281 I system_server: oneway function results will be dropped but finished with status OK and parcel size 4
02-12 13:54:39.353     0     0 W x86/PAT : .vorbis.decoder:25492 map pfn RAM range req write-combining for [mem 0x2929d000-0x2929dfff], got write-back
02-12 13:54:39.356     0     0 W x86/PAT : NPDecoder-CL:25491 map pfn RAM range req write-combining for [mem 0x291da000-0x291dafff], got write-back
02-12 13:54:39.357     0     0 W x86/PAT : .vorbis.decoder:25492 map pfn RAM range req write-combining for [mem 0x29146000-0x29146fff], got write-back
02-12 13:54:39.360     0     0 W x86/PAT : NPDecoder-CL:25491 map pfn RAM range req write-combining for [mem 0x2928b000-0x2928bfff], got write-back
02-12 13:54:39.361     0     0 W x86/PAT : .vorbis.decoder:25492 map pfn RAM range req write-combining for [mem 0x291d5000-0x291d5fff], got write-back
02-12 13:54:39.364     0     0 W x86/PAT : NPDecoder-CL:25491 map pfn RAM range req write-combining for [mem 0x291da000-0x291dafff], got write-back
02-12 13:54:39.364     0     0 W x86/PAT : .vorbis.decoder:25492 map pfn RAM range req write-combining for [mem 0x29299000-0x29299fff], got write-back
02-12 13:54:39.366     0     0 W x86/PAT : NPDecoder-CL:25491 map pfn RAM range req write-combining for [mem 0x2928b000-0x2928bfff], got write-back
02-12 13:54:39.368     0     0 W x86/PAT : .vorbis.decoder:25492 map pfn RAM range req write-combining for [mem 0x29295000-0x29295fff], got write-back
02-12 13:54:39.370     0     0 W x86/PAT : NPDecoder-CL:25491 map pfn RAM range req write-combining for [mem 0x291da000-0x291dafff], got write-back
02-12 13:54:39.372     0     0 W x86/PAT : .vorbis.decoder:25492 map pfn RAM range req write-combining for [mem 0x29232000-0x29232fff], got write-back
02-12 13:54:39.388   330   330 I android.hardware.vibrator-service.example: Vibrator set amplitude: 0.333333
02-12 13:54:39.375     0     0 W x86/PAT : NPDecoder-CL:25491 map pfn RAM range req write-combining for [mem 0x2928b000-0x2928bfff], got write-back
02-12 13:54:39.380     0     0 W x86/PAT : NPDecoder-CL:25491 map pfn RAM range req write-combining for [mem 0x291da000-0x291dafff], got write-back
02-12 13:54:39.384     0     0 W x86/PAT : .vorbis.decoder:25492 map pfn RAM range req write-combining for [mem 0x292b4000-0x292b4fff], got write-back
02-12 13:54:39.386     0     0 W x86/PAT : .vorbis.decoder:25492 map pfn RAM range req write-combining for [mem 0x292b0000-0x292b0fff], got write-back
02-12 13:54:39.386     0     0 W x86/PAT : NPDecoder-CL:25491 map pfn RAM range req write-combining for [mem 0x291da000-0x291dafff], got write-back
02-12 13:54:39.388     0     0 W x86/PAT : .vorbis.decoder:25492 map pfn RAM range req write-combining for [mem 0x2921d000-0x2921dfff], got write-back
02-12 13:54:39.390     0     0 W x86/PAT : NPDecoder-CL:25491 map pfn RAM range req write-combining for [mem 0x2928b000-0x2928bfff], got write-back
02-12 13:54:39.391     0     0 W x86/PAT : .vorbis.decoder:25492 map pfn RAM range req write-combining for [mem 0x29291000-0x29291fff], got write-back
02-12 13:54:39.393     0     0 W x86/PAT : NPDecoder-CL:25491 map pfn RAM range req write-combining for [mem 0x291da000-0x291dafff], got write-back
02-12 13:54:39.398     0     0 W x86/PAT : .vorbis.decoder:25492 map pfn RAM range req write-combining for [mem 0x2929d000-0x2929dfff], got write-back
02-12 13:54:39.398     0     0 W x86/PAT : NPDecoder-CL:25491 map pfn RAM range req write-combining for [mem 0x2928b000-0x2928bfff], got write-back
02-12 13:54:39.402     0     0 W x86/PAT : .vorbis.decoder:25492 map pfn RAM range req write-combining for [mem 0x29295000-0x29295fff], got write-back
02-12 13:54:39.404     0     0 W x86/PAT : .vorbis.decoder:25492 map pfn RAM range req write-combining for [mem 0x29232000-0x29232fff], got write-back
02-12 13:54:39.406     0     0 W x86/PAT : NPDecoder-CL:25491 map pfn RAM range req write-combining for [mem 0x291da000-0x291dafff], got write-back
02-12 13:54:39.407     0     0 W x86/PAT : NPDecoder-CL:25491 map pfn RAM range req write-combining for [mem 0x2928b000-0x2928bfff], got write-back
02-12 13:54:39.409     0     0 W x86/PAT : .vorbis.decoder:25492 map pfn RAM range req write-combining for [mem 0x29209000-0x29209fff], got write-back
02-12 13:54:39.428   525   525 W NotificationHistory: Attempted to add notif for locked/gone/disabled user 0
02-12 13:54:39.412     0     0 W x86/PAT : NPDecoder-CL:25491 map pfn RAM range req write-combining for [mem 0x291da000-0x291dafff], got write-back
02-12 13:54:39.415     0     0 W x86/PAT : .vorbis.decoder:25492 map pfn RAM range req write-combining for [mem 0x29146000-0x29146fff], got write-back
02-12 13:54:39.417     0     0 W x86/PAT : NPDecoder-CL:25491 map pfn RAM range req write-combining for [mem 0x2928b000-0x2928bfff], got write-back
02-12 13:54:39.424     0     0 W x86/PAT : NPDecoder-CL:25491 map pfn RAM range req write-combining for [mem 0x291da000-0x291dafff], got write-back
02-12 13:54:39.439   330   330 I android.hardware.vibrator-service.example: Vibrator set amplitude: 0.372549
02-12 13:54:39.442   708   708 W NotifBindPipeline: Row is not set so pipeline will not run. notif = 0|com.google.android.deskclock|2147483640|null|10130
02-12 13:54:39.430     0     0 W x86/PAT : .vorbis.decoder:25492 map pfn RAM range req write-combining for [mem 0x292b4000-0x292b4fff], got write-back
02-12 13:54:39.433     0     0 W x86/PAT : .vorbis.decoder:25492 map pfn RAM range req write-combining for [mem 0x292b0000-0x292b0fff], got write-back
02-12 13:54:39.434     0     0 W x86/PAT : NPDecoder-CL:25491 map pfn RAM range req write-combining for [mem 0x291da000-0x291dafff], got write-back
02-12 13:54:39.436     0     0 W x86/PAT : .vorbis.decoder:25492 map pfn RAM range req write-combining for [mem 0x291d5000-0x291d5fff], got write-back
02-12 13:54:39.438     0     0 W x86/PAT : NPDecoder-CL:25491 map pfn RAM range req write-combining for [mem 0x2928b000-0x2928bfff], got write-back
02-12 13:54:39.439     0     0 W x86/PAT : .vorbis.decoder:25492 map pfn RAM range req write-combining for [mem 0x29299000-0x29299fff], got write-back
02-12 13:54:39.441     0     0 W x86/PAT : NPDecoder-CL:25491 map pfn RAM range req write-combining for [mem 0x291da000-0x291dafff], got write-back
02-12 13:54:39.444     0     0 W x86/PAT : .vorbis.decoder:25492 map pfn RAM range req write-combining for [mem 0x29209000-0x29209fff], got write-back
02-12 13:54:39.447     0     0 W x86/PAT : NPDecoder-CL:25491 map pfn RAM range req write-combining for [mem 0x2928b000-0x2928bfff], got write-back
02-12 13:54:39.449     0     0 W x86/PAT : .vorbis.decoder:25492 map pfn RAM range req write-combining for [mem 0x29146000-0x29146fff], got write-back
02-12 13:54:39.454     0     0 W x86/PAT : .vorbis.decoder:25492 map pfn RAM range req write-combining for [mem 0x2921d000-0x2921dfff], got write-back
02-12 13:54:39.455     0     0 W x86/PAT : NPDecoder-CL:25491 map pfn RAM range req write-combining for [mem 0x291da000-0x291dafff], got write-back
02-12 13:54:39.457     0     0 W x86/PAT : .vorbis.decoder:25492 map pfn RAM range req write-combining for [mem 0x29291000-0x29291fff], got write-back
02-12 13:54:39.460     0     0 W x86/PAT : NPDecoder-CL:25491 map pfn RAM range req write-combining for [mem 0x2928b000-0x2928bfff], got write-back
02-12 13:54:39.461     0     0 W x86/PAT : .vorbis.decoder:25492 map pfn RAM range req write-combining for [mem 0x2929d000-0x2929dfff], got write-back
02-12 13:54:39.463     0     0 W x86/PAT : NPDecoder-CL:25491 map pfn RAM range req write-combining for [mem 0x2913e000-0x2913efff], got write-back
02-12 13:54:39.465     0     0 W x86/PAT : .vorbis.decoder:25492 map pfn RAM range req write-combining for [mem 0x29295000-0x29295fff], got write-back
02-12 13:54:39.467     0     0 W x86/PAT : NPDecoder-CL:25491 map pfn RAM range req write-combining for [mem 0x291da000-0x291dafff], got write-back
02-12 13:54:39.471     0     0 W x86/PAT : NPDecoder-CL:25491 map pfn RAM range req write-combining for [mem 0x2928b000-0x2928bfff], got write-back
02-12 13:54:39.472     0     0 W x86/PAT : NPDecoder-CL:25491 map pfn RAM range req write-combining for [mem 0x2913e000-0x2913efff], got write-back
02-12 13:54:39.476     0     0 W x86/PAT : .vorbis.decoder:25492 map pfn RAM range req write-combining for [mem 0x29232000-0x29232fff], got write-back
02-12 13:54:39.479     0     0 W x86/PAT : .vorbis.decoder:25492 map pfn RAM range req write-combining for [mem 0x292b4000-0x292b4fff], got write-back
02-12 13:54:39.479     0     0 W x86/PAT : NPDecoder-CL:25491 map pfn RAM range req write-combining for [mem 0x291da000-0x291dafff], got write-back
02-12 13:54:39.493   708   708 W TouchableRegionManager: onHeadsUpPinnedModeChanged
02-12 13:54:39.494   330   330 I android.hardware.vibrator-service.example: Vibrator set amplitude: 0.458824
02-12 13:54:39.481     0     0 W x86/PAT : .vorbis.decoder:25492 map pfn RAM range req write-combining for [mem 0x292b0000-0x292b0fff], got write-back
02-12 13:54:39.484     0     0 W x86/PAT : NPDecoder-CL:25491 map pfn RAM range req write-combining for [mem 0x2928b000-0x2928bfff], got write-back
02-12 13:54:39.486     0     0 W x86/PAT : .vorbis.decoder:25492 map pfn RAM range req write-combining for [mem 0x291d5000-0x291d5fff], got write-back
02-12 13:54:39.487     0     0 W x86/PAT : NPDecoder-CL:25491 map pfn RAM range req write-combining for [mem 0x291da000-0x291dafff], got write-back
02-12 13:54:39.489     0     0 W x86/PAT : .vorbis.decoder:25492 map pfn RAM range req write-combining for [mem 0x29291000-0x29291fff], got write-back
02-12 13:54:39.490     0     0 W x86/PAT : NPDecoder-CL:25491 map pfn RAM range req write-combining for [mem 0x2928b000-0x2928bfff], got write-back
02-12 13:54:39.492     0     0 W x86/PAT : .vorbis.decoder:25492 map pfn RAM range req write-combining for [mem 0x2929d000-0x2929dfff], got write-back
02-12 13:54:39.499     0     0 W x86/PAT : NPDecoder-CL:25491 map pfn RAM range req write-combining for [mem 0x291da000-0x291dafff], got write-back
02-12 13:54:39.500     0     0 W x86/PAT : .vorbis.decoder:25492 map pfn RAM range req write-combining for [mem 0x29295000-0x29295fff], got write-back
02-12 13:54:39.504     0     0 W x86/PAT : .vorbis.decoder:25492 map pfn RAM range req write-combining for [mem 0x29209000-0x29209fff], got write-back
02-12 13:54:39.506     0     0 W x86/PAT : NPDecoder-CL:25491 map pfn RAM range req write-combining for [mem 0x2928b000-0x2928bfff], got write-back
02-12 13:54:39.508     0     0 W x86/PAT : .vorbis.decoder:25492 map pfn RAM range req write-combining for [mem 0x29299000-0x29299fff], got write-back
02-12 13:54:39.508     0     0 W x86/PAT : NPDecoder-CL:25491 map pfn RAM range req write-combining for [mem 0x291da000-0x291dafff], got write-back
02-12 13:54:39.511     0     0 W x86/PAT : .vorbis.decoder:25492 map pfn RAM range req write-combining for [mem 0x29146000-0x29146fff], got write-back
02-12 13:54:39.512     0     0 W x86/PAT : NPDecoder-CL:25491 map pfn RAM range req write-combining for [mem 0x2913e000-0x2913efff], got write-back
02-12 13:54:39.517     0     0 W x86/PAT : NPDecoder-CL:25491 map pfn RAM range req write-combining for [mem 0x2928b000-0x2928bfff], got write-back
02-12 13:54:39.522     0     0 W x86/PAT : NPDecoder-CL:25491 map pfn RAM range req write-combining for [mem 0x291da000-0x291dafff], got write-back
02-12 13:54:39.545   330   330 I android.hardware.vibrator-service.example: Vibrator set amplitude: 0.635294
02-12 13:54:39.532     0     0 W x86/PAT : .vorbis.decoder:25492 map pfn RAM range req write-combining for [mem 0x29232000-0x29232fff], got write-back
02-12 13:54:39.535     0     0 W x86/PAT : .vorbis.decoder:25492 map pfn RAM range req write-combining for [mem 0x292b4000-0x292b4fff], got write-back
02-12 13:54:39.537     0     0 W x86/PAT : .vorbis.decoder:25492 map pfn RAM range req write-combining for [mem 0x292b0000-0x292b0fff], got write-back
02-12 13:54:39.556     0     0 W x86/PAT : NPDecoder-CL:25491 map pfn RAM range req write-combining for [mem 0x291da000-0x291dafff], got write-back
02-12 13:54:39.558     0     0 W x86/PAT : .vorbis.decoder:25492 map pfn RAM range req write-combining for [mem 0x2921d000-0x2921dfff], got write-back
02-12 13:54:39.560     0     0 W x86/PAT : NPDecoder-CL:25491 map pfn RAM range req write-combining for [mem 0x2928b000-0x2928bfff], got write-back
02-12 13:54:39.562     0     0 W x86/PAT : NPDecoder-CL:25491 map pfn RAM range req write-combining for [mem 0x2913e000-0x2913efff], got write-back
02-12 13:54:39.566     0     0 W x86/PAT : .vorbis.decoder:25492 map pfn RAM range req write-combining for [mem 0x29209000-0x29209fff], got write-back
02-12 13:54:39.568     0     0 W x86/PAT : NPDecoder-CL:25491 map pfn RAM range req write-combining for [mem 0x29033000-0x29033fff], got write-back
02-12 13:54:39.571     0     0 W x86/PAT : .vorbis.decoder:25492 map pfn RAM range req write-combining for [mem 0x29299000-0x29299fff], got write-back
02-12 13:54:39.576     0     0 W x86/PAT : .vorbis.decoder:25492 map pfn RAM range req write-combining for [mem 0x29146000-0x29146fff], got write-back
02-12 13:54:39.579     0     0 W x86/PAT : .vorbis.decoder:25492 map pfn RAM range req write-combining for [mem 0x291d5000-0x291d5fff], got write-back
02-12 13:54:39.581     0     0 W x86/PAT : NPDecoder-CL:25491 map pfn RAM range req write-combining for [mem 0x291da000-0x291dafff], got write-back
02-12 13:54:39.582     0     0 W x86/PAT : .vorbis.decoder:25492 map pfn RAM range req write-combining for [mem 0x29291000-0x29291fff], got write-back
02-12 13:54:39.597   330   330 I android.hardware.vibrator-service.example: Vibrator set amplitude: 1
02-12 13:54:39.605   345   345 E Layer   : [Surface(name=Task=26)/@0x2e669fa - animation-leash#0] No local sync point found
02-12 13:54:39.587     0     0 W x86/PAT : NPDecoder-CL:25491 map pfn RAM range req write-combining for [mem 0x2928b000-0x2928bfff], got write-back
02-12 13:54:39.590     0     0 W x86/PAT : NPDecoder-CL:25491 map pfn RAM range req write-combining for [mem 0x2913e000-0x2913efff], got write-back
02-12 13:54:39.594     0     0 W x86/PAT : NPDecoder-CL:25491 map pfn RAM range req write-combining for [mem 0x29033000-0x29033fff], got write-back
02-12 13:54:39.601     0     0 W x86/PAT : NPDecoder-CL:25491 map pfn RAM range req write-combining for [mem 0x291da000-0x291dafff], got write-back
02-12 13:54:39.617     0     0 W x86/PAT : .vorbis.decoder:25492 map pfn RAM range req write-combining for [mem 0x29295000-0x29295fff], got write-back
02-12 13:54:39.621     0     0 W x86/PAT : .vorbis.decoder:25492 map pfn RAM range req write-combining for [mem 0x29232000-0x29232fff], got write-back
02-12 13:54:39.627     0     0 W x86/PAT : .vorbis.decoder:25492 map pfn RAM range req write-combining for [mem 0x2929d000-0x2929dfff], got write-back
02-12 13:54:39.629     0     0 W x86/PAT : NPDecoder-CL:25491 map pfn RAM range req write-combining for [mem 0x291da000-0x291dafff], got write-back
02-12 13:54:39.632     0     0 W x86/PAT : .vorbis.decoder:25492 map pfn RAM range req write-combining for [mem 0x292b4000-0x292b4fff], got write-back
02-12 13:54:39.633     0     0 W x86/PAT : NPDecoder-CL:25491 map pfn RAM range req write-combining for [mem 0x2928b000-0x2928bfff], got write-back
02-12 13:54:39.638     0     0 W x86/PAT : NPDecoder-CL:25491 map pfn RAM range req write-combining for [mem 0x2913e000-0x2913efff], got write-back
02-12 13:54:39.653   330   330 I android.hardware.vibrator-service.example: Vibrator set amplitude: 1
02-12 13:54:39.647     0     0 W x86/PAT : .vorbis.decoder:25492 map pfn RAM range req write-combining for [mem 0x291d5000-0x291d5fff], got write-back
02-12 13:54:39.654     0     0 W x86/PAT : .vorbis.decoder:25492 map pfn RAM range req write-combining for [mem 0x29291000-0x29291fff], got write-back
02-12 13:54:39.666   708   708 W View    : couldn't find view with id 2131362152
02-12 13:54:39.657     0     0 W x86/PAT : .vorbis.decoder:25492 map pfn RAM range req write-combining for [mem 0x292b0000-0x292b0fff], got write-back
02-12 13:54:39.660     0     0 W x86/PAT : .vorbis.decoder:25492 map pfn RAM range req write-combining for [mem 0x2921d000-0x2921dfff], got write-back
02-12 13:54:39.726 25503 25505 I cmd     : oneway function results will be dropped but finished with status OK and parcel size 4
02-12 13:54:39.864     0     0 W x86/PAT : NPDecoder-CL:25491 map pfn RAM range req write-combining for [mem 0x291da000-0x291dafff], got write-back
02-12 13:54:39.867     0     0 W x86/PAT : NPDecoder-CL:25491 map pfn RAM range req write-combining for [mem 0x2928b000-0x2928bfff], got write-back
02-12 13:54:39.870     0     0 W x86/PAT : NPDecoder-CL:25491 map pfn RAM range req write-combining for [mem 0x2913e000-0x2913efff], got write-back
02-12 13:54:39.872     0     0 W x86/PAT : NPDecoder-CL:25491 map pfn RAM range req write-combining for [mem 0x29033000-0x29033fff], got write-back
02-12 13:54:39.874     0     0 W x86/PAT : NPDecoder-CL:25491 map pfn RAM range req write-combining for [mem 0x29215000-0x29215fff], got write-back
02-12 13:54:39.880     0     0 W x86/PAT : .vorbis.decoder:25492 map pfn RAM range req write-combining for [mem 0x29295000-0x29295fff], got write-back
02-12 13:54:39.883     0     0 W x86/PAT : .vorbis.decoder:25492 map pfn RAM range req write-combining for [mem 0x29146000-0x29146fff], got write-back
02-12 13:54:39.885     0     0 W x86/PAT : .vorbis.decoder:25492 map pfn RAM range req write-combining for [mem 0x29209000-0x29209fff], got write-back
02-12 13:54:39.888     0     0 W x86/PAT : NPDecoder-CL:25491 map pfn RAM range req write-combining for [mem 0x291da000-0x291dafff], got write-back
02-12 13:54:39.889     0     0 W x86/PAT : .vorbis.decoder:25492 map pfn RAM range req write-combining for [mem 0x29299000-0x29299fff], got write-back
02-12 13:54:39.891     0     0 W x86/PAT : NPDecoder-CL:25491 map pfn RAM range req write-combining for [mem 0x2928b000-0x2928bfff], got write-back
02-12 13:54:39.892     0     0 W x86/PAT : .vorbis.decoder:25492 map pfn RAM range req write-combining for [mem 0x2921d000-0x2921dfff], got write-back
02-12 13:54:39.895     0     0 W x86/PAT : NPDecoder-CL:25491 map pfn RAM range req write-combining for [mem 0x2913e000-0x2913efff], got write-back
02-12 13:54:39.898     0     0 W x86/PAT : NPDecoder-CL:25491 map pfn RAM range req write-combining for [mem 0x291da000-0x291dafff], got write-back
02-12 13:54:39.904     0     0 W x86/PAT : .vorbis.decoder:25492 map pfn RAM range req write-combining for [mem 0x29232000-0x29232fff], got write-back
02-12 13:54:39.904     0     0 W x86/PAT : NPDecoder-CL:25491 map pfn RAM range req write-combining for [mem 0x291da000-0x291dafff], got write-back
02-12 13:54:39.908     0     0 W x86/PAT : .vorbis.decoder:25492 map pfn RAM range req write-combining for [mem 0x2929d000-0x2929dfff], got write-back
02-12 13:54:39.910     0     0 W x86/PAT : NPDecoder-CL:25491 map pfn RAM range req write-combining for [mem 0x2928b000-0x2928bfff], got write-back
02-12 13:54:39.912     0     0 W x86/PAT : NPDecoder-CL:25491 map pfn RAM range req write-combining for [mem 0x291da000-0x291dafff], got write-back
02-12 13:54:39.913     0     0 W x86/PAT : .vorbis.decoder:25492 map pfn RAM range req write-combining for [mem 0x292b4000-0x292b4fff], got write-back
02-12 13:54:39.918     0     0 W x86/PAT : NPDecoder-CL:25491 map pfn RAM range req write-combining for [mem 0x291da000-0x291dafff], got write-back
02-12 13:54:39.919     0     0 W x86/PAT : .vorbis.decoder:25492 map pfn RAM range req write-combining for [mem 0x292b0000-0x292b0fff], got write-back
02-12 13:54:39.923     0     0 W x86/PAT : .vorbis.decoder:25492 map pfn RAM range req write-combining for [mem 0x29291000-0x29291fff], got write-back
02-12 13:54:39.923     0     0 W x86/PAT : NPDecoder-CL:25491 map pfn RAM range req write-combining for [mem 0x291da000-0x291dafff], got write-back
02-12 13:54:39.925     0     0 W x86/PAT : .vorbis.decoder:25492 map pfn RAM range req write-combining for [mem 0x291d5000-0x291d5fff], got write-back
02-12 13:54:39.927     0     0 W x86/PAT : NPDecoder-CL:25491 map pfn RAM range req write-combining for [mem 0x2928b000-0x2928bfff], got write-back
02-12 13:54:39.935     0     0 W x86/PAT : .vorbis.decoder:25492 map pfn RAM range req write-combining for [mem 0x29295000-0x29295fff], got write-back
02-12 13:54:39.935     0     0 W x86/PAT : NPDecoder-CL:25491 map pfn RAM range req write-combining for [mem 0x291da000-0x291dafff], got write-back
02-12 13:54:39.938     0     0 W x86/PAT : .vorbis.decoder:25492 map pfn RAM range req write-combining for [mem 0x29146000-0x29146fff], got write-back
02-12 13:54:39.940     0     0 W x86/PAT : NPDecoder-CL:25491 map pfn RAM range req write-combining for [mem 0x2928b000-0x2928bfff], got write-back
02-12 13:54:39.942     0     0 W x86/PAT : .vorbis.decoder:25492 map pfn RAM range req write-combining for [mem 0x29209000-0x29209fff], got write-back
02-12 13:54:39.946     0     0 W x86/PAT : NPDecoder-CL:25491 map pfn RAM range req write-combining for [mem 0x291da000-0x291dafff], got write-back
02-12 13:54:39.951     0     0 W x86/PAT : .vorbis.decoder:25492 map pfn RAM range req write-combining for [mem 0x29299000-0x29299fff], got write-back
02-12 13:54:39.952     0     0 W x86/PAT : NPDecoder-CL:25491 map pfn RAM range req write-combining for [mem 0x2928b000-0x2928bfff], got write-back
02-12 13:54:39.965   708   708 W View    : couldn't find view with id 2131362152
02-12 13:54:39.956     0     0 W x86/PAT : .vorbis.decoder:25492 map pfn RAM range req write-combining for [mem 0x29232000-0x29232fff], got write-back
02-12 13:54:39.957     0     0 W x86/PAT : NPDecoder-CL:25491 map pfn RAM range req write-combining for [mem 0x291da000-0x291dafff], got write-back
02-12 13:54:39.960     0     0 W x86/PAT : .vorbis.decoder:25492 map pfn RAM range req write-combining for [mem 0x2929d000-0x2929dfff], got write-back
02-12 13:54:39.962     0     0 W x86/PAT : NPDecoder-CL:25491 map pfn RAM range req write-combining for [mem 0x2928b000-0x2928bfff], got write-back
02-12 13:54:39.968     0     0 W x86/PAT : .vorbis.decoder:25492 map pfn RAM range req write-combining for [mem 0x292b4000-0x292b4fff], got write-back
02-12 13:54:39.968     0     0 W x86/PAT : NPDecoder-CL:25491 map pfn RAM range req write-combining for [mem 0x291da000-0x291dafff], got write-back
02-12 13:54:39.971     0     0 W x86/PAT : .vorbis.decoder:25492 map pfn RAM range req write-combining for [mem 0x2921d000-0x2921dfff], got write-back
02-12 13:54:39.976     0     0 W x86/PAT : .vorbis.decoder:25492 map pfn RAM range req write-combining for [mem 0x29295000-0x29295fff], got write-back
02-12 13:54:39.979     0     0 W x86/PAT : .vorbis.decoder:25492 map pfn RAM range req write-combining for [mem 0x292b0000-0x292b0fff], got write-back
02-12 13:54:40.222     0     0 W x86/PAT : NPDecoder-CL:25491 map pfn RAM range req write-combining for [mem 0x2928b000-0x2928bfff], got write-back
02-12 13:54:40.224     0     0 W x86/PAT : NPDecoder-CL:25491 map pfn RAM range req write-combining for [mem 0x291da000-0x291dafff], got write-back
02-12 13:54:40.226     0     0 W x86/PAT : NPDecoder-CL:25491 map pfn RAM range req write-combining for [mem 0x2913e000-0x2913efff], got write-back
02-12 13:54:40.228     0     0 W x86/PAT : NPDecoder-CL:25491 map pfn RAM range req write-combining for [mem 0x29033000-0x29033fff], got write-back
02-12 13:54:40.232     0     0 W x86/PAT : .vorbis.decoder:25492 map pfn RAM range req write-combining for [mem 0x29146000-0x29146fff], got write-back
02-12 13:54:40.234     0     0 W x86/PAT : .vorbis.decoder:25492 map pfn RAM range req write-combining for [mem 0x29291000-0x29291fff], got write-back
02-12 13:54:40.234     0     0 W x86/PAT : NPDecoder-CL:25491 map pfn RAM range req write-combining for [mem 0x291da000-0x291dafff], got write-back
02-12 13:54:40.236     0     0 W x86/PAT : .vorbis.decoder:25492 map pfn RAM range req write-combining for [mem 0x29209000-0x29209fff], got write-back
02-12 13:54:40.238     0     0 W x86/PAT : NPDecoder-CL:25491 map pfn RAM range req write-combining for [mem 0x2928b000-0x2928bfff], got write-back
02-12 13:54:40.240     0     0 W x86/PAT : .vorbis.decoder:25492 map pfn RAM range req write-combining for [mem 0x291d5000-0x291d5fff], got write-back
02-12 13:54:40.242     0     0 W x86/PAT : NPDecoder-CL:25491 map pfn RAM range req write-combining for [mem 0x291da000-0x291dafff], got write-back
02-12 13:54:40.242     0     0 W x86/PAT : .vorbis.decoder:25492 map pfn RAM range req write-combining for [mem 0x29232000-0x29232fff], got write-back
02-12 13:54:40.245     0     0 W x86/PAT : NPDecoder-CL:25491 map pfn RAM range req write-combining for [mem 0x2928b000-0x2928bfff], got write-back
02-12 13:54:40.258   330   330 I android.hardware.vibrator-service.example: Vibrator on for timeoutMs: 500
02-12 13:54:40.259   330   330 I android.hardware.vibrator-service.example: Vibrator set amplitude: 0.301961
02-12 13:54:40.248     0     0 W x86/PAT : .vorbis.decoder:25492 map pfn RAM range req write-combining for [mem 0x2929d000-0x2929dfff], got write-back
02-12 13:54:40.250     0     0 W x86/PAT : NPDecoder-CL:25491 map pfn RAM range req write-combining for [mem 0x291da000-0x291dafff], got write-back
02-12 13:54:40.252     0     0 W x86/PAT : .vorbis.decoder:25492 map pfn RAM range req write-combining for [mem 0x292b4000-0x292b4fff], got write-back
02-12 13:54:40.254     0     0 W x86/PAT : NPDecoder-CL:25491 map pfn RAM range req write-combining for [mem 0x2928b000-0x2928bfff], got write-back
02-12 13:54:40.258     0     0 W x86/PAT : NPDecoder-CL:25491 map pfn RAM range req write-combining for [mem 0x291da000-0x291dafff], got write-back
02-12 13:54:40.260     0     0 W x86/PAT : .vorbis.decoder:25492 map pfn RAM range req write-combining for [mem 0x29295000-0x29295fff], got write-back
02-12 13:54:40.263     0     0 W x86/PAT : .vorbis.decoder:25492 map pfn RAM range req write-combining for [mem 0x292b0000-0x292b0fff], got write-back
02-12 13:54:40.263     0     0 W x86/PAT : NPDecoder-CL:25491 map pfn RAM range req write-combining for [mem 0x291da000-0x291dafff], got write-back
02-12 13:54:40.265     0     0 W x86/PAT : .vorbis.decoder:25492 map pfn RAM range req write-combining for [mem 0x2921d000-0x2921dfff], got write-back
02-12 13:54:40.267     0     0 W x86/PAT : NPDecoder-CL:25491 map pfn RAM range req write-combining for [mem 0x2928b000-0x2928bfff], got write-back
02-12 13:54:40.268     0     0 W x86/PAT : .vorbis.decoder:25492 map pfn RAM range req write-combining for [mem 0x29299000-0x29299fff], got write-back
02-12 13:54:40.270     0     0 W x86/PAT : NPDecoder-CL:25491 map pfn RAM range req write-combining for [mem 0x291da000-0x291dafff], got write-back
02-12 13:54:40.274     0     0 W x86/PAT : NPDecoder-CL:25491 map pfn RAM range req write-combining for [mem 0x2928b000-0x2928bfff], got write-back
02-12 13:54:40.278     0     0 W x86/PAT : .vorbis.decoder:25492 map pfn RAM range req write-combining for [mem 0x29146000-0x29146fff], got write-back
02-12 13:54:40.280     0     0 W x86/PAT : .vorbis.decoder:25492 map pfn RAM range req write-combining for [mem 0x29291000-0x29291fff], got write-back
02-12 13:54:40.281     0     0 W x86/PAT : NPDecoder-CL:25491 map pfn RAM range req write-combining for [mem 0x291da000-0x291dafff], got write-back
02-12 13:54:40.283     0     0 W x86/PAT : .vorbis.decoder:25492 map pfn RAM range req write-combining for [mem 0x29209000-0x29209fff], got write-back
02-12 13:54:40.284     0     0 W x86/PAT : NPDecoder-CL:25491 map pfn RAM range req write-combining for [mem 0x2928b000-0x2928bfff], got write-back
02-12 13:54:40.286     0     0 W x86/PAT : .vorbis.decoder:25492 map pfn RAM range req write-combining for [mem 0x291d5000-0x291d5fff], got write-back
02-12 13:54:40.288     0     0 W x86/PAT : NPDecoder-CL:25491 map pfn RAM range req write-combining for [mem 0x291da000-0x291dafff], got write-back
02-12 13:54:40.292     0     0 W x86/PAT : .vorbis.decoder:25492 map pfn RAM range req write-combining for [mem 0x29295000-0x29295fff], got write-back
02-12 13:54:40.292     0     0 W x86/PAT : NPDecoder-CL:25491 map pfn RAM range req write-combining for [mem 0x2928b000-0x2928bfff], got write-back
02-12 13:54:40.297     0     0 W x86/PAT : .vorbis.decoder:25492 map pfn RAM range req write-combining for [mem 0x292b0000-0x292b0fff], got write-back
02-12 13:54:40.299     0     0 W x86/PAT : .vorbis.decoder:25492 map pfn RAM range req write-combining for [mem 0x2921d000-0x2921dfff], got write-back
02-12 13:54:40.313   330   330 I android.hardware.vibrator-service.example: Vibrator set amplitude: 0.305882
02-12 13:54:40.301     0     0 W x86/PAT : .vorbis.decoder:25492 map pfn RAM range req write-combining for [mem 0x29299000-0x29299fff], got write-back
02-12 13:54:40.301     0     0 W x86/PAT : NPDecoder-CL:25491 map pfn RAM range req write-combining for [mem 0x291da000-0x291dafff], got write-back
02-12 13:54:40.303     0     0 W x86/PAT : .vorbis.decoder:25492 map pfn RAM range req write-combining for [mem 0x29232000-0x29232fff], got write-back
02-12 13:54:40.307     0     0 W x86/PAT : NPDecoder-CL:25491 map pfn RAM range req write-combining for [mem 0x2928b000-0x2928bfff], got write-back
02-12 13:54:40.310     0     0 W x86/PAT : NPDecoder-CL:25491 map pfn RAM range req write-combining for [mem 0x2913e000-0x2913efff], got write-back
02-12 13:54:40.312     0     0 W x86/PAT : NPDecoder-CL:25491 map pfn RAM range req write-combining for [mem 0x29033000-0x29033fff], got write-back
02-12 13:54:40.315     0     0 W x86/PAT : NPDecoder-CL:25491 map pfn RAM range req write-combining for [mem 0x29215000-0x29215fff], got write-back
02-12 13:54:40.319     0     0 W x86/PAT : .vorbis.decoder:25492 map pfn RAM range req write-combining for [mem 0x2929d000-0x2929dfff], got write-back
02-12 13:54:40.322     0     0 W x86/PAT : .vorbis.decoder:25492 map pfn RAM range req write-combining for [mem 0x29146000-0x29146fff], got write-back
02-12 13:54:40.322     0     0 W x86/PAT : NPDecoder-CL:25491 map pfn RAM range req write-combining for [mem 0x291da000-0x291dafff], got write-back
02-12 13:54:40.324     0     0 W x86/PAT : .vorbis.decoder:25492 map pfn RAM range req write-combining for [mem 0x292b4000-0x292b4fff], got write-back
02-12 13:54:40.326     0     0 W x86/PAT : NPDecoder-CL:25491 map pfn RAM range req write-combining for [mem 0x2928b000-0x2928bfff], got write-back
02-12 13:54:40.327     0     0 W x86/PAT : .vorbis.decoder:25492 map pfn RAM range req write-combining for [mem 0x29291000-0x29291fff], got write-back
02-12 13:54:40.329     0     0 W x86/PAT : NPDecoder-CL:25491 map pfn RAM range req write-combining for [mem 0x291da000-0x291dafff], got write-back
02-12 13:54:40.331     0     0 W x86/PAT : .vorbis.decoder:25492 map pfn RAM range req write-combining for [mem 0x29299000-0x29299fff], got write-back
02-12 13:54:40.333     0     0 W x86/PAT : NPDecoder-CL:25491 map pfn RAM range req write-combining for [mem 0x2928b000-0x2928bfff], got write-back
02-12 13:54:40.335     0     0 W x86/PAT : .vorbis.decoder:25492 map pfn RAM range req write-combining for [mem 0x29232000-0x29232fff], got write-back
02-12 13:54:40.338     0     0 W x86/PAT : .vorbis.decoder:25492 map pfn RAM range req write-combining for [mem 0x29209000-0x29209fff], got write-back
02-12 13:54:40.340     0     0 W x86/PAT : NPDecoder-CL:25491 map pfn RAM range req write-combining for [mem 0x291da000-0x291dafff], got write-back
02-12 13:54:40.340     0     0 W x86/PAT : .vorbis.decoder:25492 map pfn RAM range req write-combining for [mem 0x29295000-0x29295fff], got write-back
02-12 13:54:40.342     0     0 W x86/PAT : NPDecoder-CL:25491 map pfn RAM range req write-combining for [mem 0x2928b000-0x2928bfff], got write-back
02-12 13:54:40.344     0     0 W x86/PAT : .vorbis.decoder:25492 map pfn RAM range req write-combining for [mem 0x292b0000-0x292b0fff], got write-back
02-12 13:54:40.346     0     0 W x86/PAT : NPDecoder-CL:25491 map pfn RAM range req write-combining for [mem 0x2913e000-0x2913efff], got write-back
02-12 13:54:40.347     0     0 W x86/PAT : .vorbis.decoder:25492 map pfn RAM range req write-combining for [mem 0x2921d000-0x2921dfff], got write-back
02-12 13:54:40.349     0     0 W x86/PAT : NPDecoder-CL:25491 map pfn RAM range req write-combining for [mem 0x291da000-0x291dafff], got write-back
02-12 13:54:40.364   330   330 I android.hardware.vibrator-service.example: Vibrator set amplitude: 0.313726
02-12 13:54:40.353     0     0 W x86/PAT : NPDecoder-CL:25491 map pfn RAM range req write-combining for [mem 0x2928b000-0x2928bfff], got write-back
02-12 13:54:40.355     0     0 W x86/PAT : NPDecoder-CL:25491 map pfn RAM range req write-combining for [mem 0x2913e000-0x2913efff], got write-back
02-12 13:54:40.358     0     0 W x86/PAT : .vorbis.decoder:25492 map pfn RAM range req write-combining for [mem 0x2929d000-0x2929dfff], got write-back
02-12 13:54:40.360     0     0 W x86/PAT : .vorbis.decoder:25492 map pfn RAM range req write-combining for [mem 0x29146000-0x29146fff], got write-back
02-12 13:54:40.361     0     0 W x86/PAT : NPDecoder-CL:25491 map pfn RAM range req write-combining for [mem 0x291da000-0x291dafff], got write-back
02-12 13:54:40.362     0     0 W x86/PAT : .vorbis.decoder:25492 map pfn RAM range req write-combining for [mem 0x292b4000-0x292b4fff], got write-back
02-12 13:54:40.364     0     0 W x86/PAT : NPDecoder-CL:25491 map pfn RAM range req write-combining for [mem 0x2928b000-0x2928bfff], got write-back
02-12 13:54:40.366     0     0 W x86/PAT : .vorbis.decoder:25492 map pfn RAM range req write-combining for [mem 0x291d5000-0x291d5fff], got write-back
02-12 13:54:40.368     0     0 W x86/PAT : NPDecoder-CL:25491 map pfn RAM range req write-combining for [mem 0x291da000-0x291dafff], got write-back
02-12 13:54:40.369     0     0 W x86/PAT : .vorbis.decoder:25492 map pfn RAM range req write-combining for [mem 0x29295000-0x29295fff], got write-back
02-12 13:54:40.373     0     0 W x86/PAT : .vorbis.decoder:25492 map pfn RAM range req write-combining for [mem 0x292b0000-0x292b0fff], got write-back
02-12 13:54:40.375     0     0 W x86/PAT : .vorbis.decoder:25492 map pfn RAM range req write-combining for [mem 0x2921d000-0x2921dfff], got write-back
02-12 13:54:40.416   330   