02-12 13:53:39.500 20393 22709 E AlarmClock: 	at android.os.Handler.dispatchMessage(Handler.java:106)
02-12 13:53:39.500 20393 22709 E AlarmClock: 	at cez.a(PG:5)
02-12 13:53:39.500 20393 22709 E AlarmClock: 	at cez.dispatchMessage(PG:4)
02-12 13:53:39.500 20393 22709 E AlarmClock: 	at android.os.Looper.loop(Looper.java:223)
02-12 13:53:39.500 20393 22709 E AlarmClock: 	at android.os.HandlerThread.run(HandlerThread.java:67)
02-12 13:53:39.612  2823 19240 I Icing   : Indexing done com.google.android.deskclock-internal.3p:Timer_cross_device [CONTEXT service_id=21 ]
02-12 13:53:39.616  2823 19240 I Icing   : Indexing com.google.android.deskclock-internal.3p:Alarm_cross_device from com.google.android.deskclock [CONTEXT service_id=21 ]
02-12 13:53:39.623  2823 19240 I Icing   : Indexing done com.google.android.deskclock-internal.3p:Alarm_cross_device [CONTEXT service_id=21 ]
02-12 13:53:40.080 20393 20393 I AppLifecycleTracker: onActivityStopped: 
02-12 13:53:40.081 20393 20393 I AppLifecycleTracker: App foreground state unchanged: inForeground ? true
02-12 13:53:40.082 20393 20393 I AppLifecycleTracker: onActivityDestroyed: 
02-12 13:53:40.613   525  1840 I system_server: oneway function results will be dropped but finished with status OK and parcel size 4
02-12 13:53:40.833 22773 22775 I cmd     : oneway function results will be dropped but finished with status OK and parcel size 4
02-12 13:53:41.094 22805 22807 I cmd     : oneway function results will be dropped but finished with status OK and parcel size 4
02-12 13:53:41.213 22821 22823 I cmd     : oneway function results will be dropped but finished with status OK and parcel size 4
02-12 13:53:42.310 22848 22850 I cmd     : oneway function results will be dropped but finished with status OK and parcel size 4
02-12 13:53:42.323   525  1840 I system_server: oneway function results will be dropped but finished with status OK and parcel size 4
02-12 13:53:43.310 22883 22886 I cmd     : oneway function results will be dropped but finished with status OK and parcel size 4
02-12 13:53:43.646 22936 22939 I cmd     : oneway function results will be dropped but finished with status OK and parcel size 4
02-12 13:53:43.767 22953 22955 I cmd     : oneway function results will be dropped but finished with status OK and parcel size 4
02-12 13:53:43.906 22966 22966 E libc    : Access denied finding property "persist.device_config.runtime_native_boot.profilebootclasspath"
02-12 13:53:43.906 22966 22966 E libc    : Access denied finding property "persist.device_config.runtime_native_boot.enable_apex_image"
02-12 13:53:43.906 22966 22966 I AndroidRuntime: Using default boot image
02-12 13:53:43.906 22966 22966 E libc    : Access denied finding property "persist.device_config.runtime_native_boot.disable_lock_profiling"
02-12 13:53:43.906 22966 22966 I AndroidRuntime: Leaving lock profiling enabled
02-12 13:53:43.906 22966 22966 E libc    : Access denied finding property "persist.device_config.runtime_native_boot.enable_generational_cc"
02-12 13:53:43.907 22966 22966 I app_process: Core platform API reporting enabled, enforcing=false
02-12 13:53:43.904 22966 22966 W app_process: type=1400 audit(0.0:586): avc: denied { read } for name="u:object_r:device_config_runtime_native_boot_prop:s0" dev="tmpfs" ino=8279 scontext=u:r:shell:s0 tcontext=u:object_r:device_config_runtime_native_boot_prop:s0 tclass=file permissive=0
02-12 13:53:43.942 22966 22966 W app_process: Unexpected CPU variant for X86 using defaults: x86
02-12 13:53:43.944 22966 22966 I app_process: The ClassLoaderContext is a special shared library.
02-12 13:53:43.952 22966 22966 W app_process: JNI RegisterNativeMethods: attempt to register 0 native methods for android.media.AudioAttributes
02-12 13:53:44.178   525  1838 I system_server: oneway function results will be dropped but finished with status OK and parcel size 4
02-12 13:53:44.179   525  1838 I system_server: oneway function results will be dropped but finished with status OK and parcel size 4
02-12 13:53:44.363 22998 23000 I cmd     : oneway function results will be dropped but finished with status OK and parcel size 4
02-12 13:53:45.566   525  1848 I system_server: oneway function results will be dropped but finished with status OK and parcel size 4
02-12 13:53:46.035 23091 23093 I cmd     : oneway function results will be dropped but finished with status OK and parcel size 4
02-12 13:53:47.224   525  1846 I system_server: oneway function results will be dropped but finished with status OK and parcel size 4
02-12 13:53:47.329 23120 23122 I cmd     : oneway function results will be dropped but finished with status OK and parcel size 4
02-12 13:53:48.389 23160 23162 I cmd     : oneway function results will be dropped but finished with status OK and parcel size 4
02-12 13:53:48.633 23194 23196 I cmd     : oneway function results will be dropped but finished with status OK and parcel size 4
02-12 13:53:48.749 23210 23212 I cmd     : oneway function results will be dropped but finished with status OK and parcel size 4
02-12 13:53:48.890 23223 23223 E libc    : Access denied finding property "persist.device_config.runtime_native_boot.profilebootclasspath"
02-12 13:53:48.890 23223 23223 E libc    : Access denied finding property "persist.device_config.runtime_native_boot.enable_apex_image"
02-12 13:53:48.890 23223 23223 I AndroidRuntime: Using default boot image
02-12 13:53:48.890 23223 23223 E libc    : Access denied finding property "persist.device_config.runtime_native_boot.disable_lock_profiling"
02-12 13:53:48.890 23223 23223 I AndroidRuntime: Leaving lock profiling enabled
02-12 13:53:48.891 23223 23223 E libc    : Access denied finding property "persist.device_config.runtime_native_boot.enable_generational_cc"
02-12 13:53:48.892 23223 23223 I app_process: Core platform API reporting enabled, enforcing=false
02-12 13:53:48.888 23223 23223 W app_process: type=1400 audit(0.0:590): avc: denied { read } for name="u:object_r:device_config_runtime_native_boot_prop:s0" dev="tmpfs" ino=8279 scontext=u:r:shell:s0 tcontext=u:object_r:device_config_runtime_native_boot_prop:s0 tclass=file permissive=0
02-12 13:53:48.925 23223 23223 W app_process: Unexpected CPU variant for X86 using defaults: x86
02-12 13:53:48.925 23223 23223 I app_process: The ClassLoaderContext is a special shared library.
02-12 13:53:48.933 23223 23223 W app_process: JNI RegisterNativeMethods: attempt to register 0 native methods for android.media.AudioAttributes
02-12 13:53:49.142   525  1846 I system_server: oneway function results will be dropped but finished with status OK and parcel size 4
02-12 13:53:49.142   525  1846 I system_server: oneway function results will be dropped but finished with status OK and parcel size 4
02-12 13:53:49.146 23246 23247 I cmd     : oneway function results will be dropped but finished with status OK and parcel size 4
02-12 13:53:49.219  2823 19240 I Icing   : Indexing com.google.android.deskclock-internal.3p:Stopwatch_cross_device from com.google.android.deskclock [CONTEXT service_id=21 ]
02-12 13:53:49.266  2823 19240 I Icing   : Indexing done com.google.android.deskclock-internal.3p:Stopwatch_cross_device [CONTEXT service_id=21 ]
02-12 13:53:49.267  2823 19240 I Icing   : Indexing com.google.android.deskclock-internal.3p:Timer_cross_device from com.google.android.deskclock [CONTEXT service_id=21 ]
02-12 13:53:49.273  2823 19240 I Icing   : Indexing com.google.android.deskclock-internal.3p:Stopwatch_cross_device from com.google.android.deskclock [CONTEXT service_id=21 ]
02-12 13:53:49.278  2823 19240 I Icing   : Indexing done com.google.android.deskclock-internal.3p:Stopwatch_cross_device [CONTEXT service_id=21 ]
02-12 13:53:49.282  2823 19240 I Icing   : Indexing done com.google.android.deskclock-internal.3p:Timer_cross_device [CONTEXT service_id=21 ]
02-12 13:53:49.282  2823 19240 I Icing   : Indexing com.google.android.deskclock-internal.3p:Alarm_cross_device from com.google.android.deskclock [CONTEXT service_id=21 ]
02-12 13:53:49.291  2823 19240 I Icing   : Indexing done com.google.android.deskclock-internal.3p:Alarm_cross_device [CONTEXT service_id=21 ]
02-12 13:53:50.587   525  1848 I system_server: oneway function results will be dropped but finished with status OK and parcel size 4
02-12 13:53:51.069 23340 23342 I cmd     : oneway function results will be dropped but finished with status OK and parcel size 4
02-12 13:53:52.208   525  1838 I system_server: oneway function results will be dropped but finished with status OK and parcel size 4
02-12 13:53:53.614 23456 23458 I cmd     : oneway function results will be dropped but finished with status OK and parcel size 4
02-12 13:53:54.097 23504 23504 E libc    : Access denied finding property "persist.device_config.runtime_native_boot.profilebootclasspath"
02-12 13:53:54.097 23504 23504 E libc    : Access denied finding property "persist.device_config.runtime_native_boot.enable_apex_image"
02-12 13:53:54.097 23504 23504 I AndroidRuntime: Using default boot image
02-12 13:53:54.097 23504 23504 E libc    : Access denied finding property "persist.device_config.runtime_native_boot.disable_lock_profiling"
02-12 13:53:54.097 23504 23504 I AndroidRuntime: Leaving lock profiling enabled
02-12 13:53:54.097 23504 23504 E libc    : Access denied finding property "persist.device_config.runtime_native_boot.enable_generational_cc"
02-12 13:53:54.098 23504 23504 W app_process: Could not reserve sentinel fault page
02-12 13:53:54.099 23504 23504 I app_process: Core platform API reporting enabled, enforcing=false
02-12 13:53:54.092 23504 23504 W app_process: type=1400 audit(0.0:594): avc: denied { read } for name="u:object_r:device_config_runtime_native_boot_prop:s0" dev="tmpfs" ino=8279 scontext=u:r:shell:s0 tcontext=u:object_r:device_config_runtime_native_boot_prop:s0 tclass=file permissive=0
02-12 13:53:54.142 23504 23504 W app_process: Unexpected CPU variant for X86 using defaults: x86
02-12 13:53:54.144 23504 23504 I app_process: The ClassLoaderContext is a special shared library.
02-12 13:53:54.152 23504 23504 W app_process: JNI RegisterNativeMethods: attempt to register 0 native methods for android.media.AudioAttributes
02-12 13:53:54.361   525  1838 I system_server: oneway function results will be dropped but finished with status OK and parcel size 4
02-12 13:53:54.362   525  1838 I system_server: oneway function results will be dropped but finished with status OK and parcel size 4
02-12 13:53:55.267 23554 23556 I cmd     : oneway function results will be dropped but finished with status OK and parcel size 4
02-12 13:53:55.860   525  1848 I system_server: oneway function results will be dropped but finished with status OK and parcel size 4
02-12 13:53:56.007 23591 23593 I cmd     : oneway function results will be dropped but finished with status OK and parcel size 4
02-12 13:53:56.270 23620 23622 I cmd     : oneway function results will be dropped but finished with status OK and parcel size 4
02-12 13:53:56.330 23631 23633 I cmd     : oneway function results will be dropped but finished with status OK and parcel size 4
02-12 13:53:57.302 23662 23664 I cmd     : oneway function results will be dropped but finished with status OK and parcel size 4
02-12 13:53:57.409   525  1848 I system_server: oneway function results will be dropped but finished with status OK and parcel size 4
02-12 13:53:58.000   213   216 E android.system.suspend@1.0-service: Error opening kernel wakelock stats for: wakeup36: Permission denied
02-12 13:53:57.996   213   213 W Binder:213_2: type=1400 audit(0.0:598): avc: denied { read } for name="wakeup36" dev="sysfs" ino=19533 scontext=u:r:system_suspend:s0 tcontext=u:object_r:sysfs:s0 tclass=dir permissive=0
02-12 13:53:58.013   213   216 E android.system.suspend@1.0-service: Error opening kernel wakelock stats for: wakeup35: Permission denied
02-12 13:53:58.008   213   213 W Binder:213_2: type=1400 audit(0.0:599): avc: denied { read } for name="wakeup35" dev="sysfs" ino=19470 scontext=u:r:system_suspend:s0 tcontext=u:object_r:sysfs:s0 tclass=dir permissive=0
02-12 13:53:58.024   525   546 E JobScheduler.Background: App com.google.android.gms became active but still in NEVER bucket
02-12 13:53:58.025   525   558 I DropBoxManagerService: add tag=system_server_wtf isTagEnabled=true flags=0x2
02-12 13:53:58.711 23719 23721 I cmd     : oneway function results will be dropped but finished with status OK and parcel size 4
02-12 13:53:58.854 23735 23737 I cmd     : oneway function results will be dropped but finished with status OK and parcel size 4
02-12 13:53:58.999 23752 23754 I cmd     : oneway function results will be dropped but finished with status OK and parcel size 4
02-12 13:53:59.327 23783 23783 E libc    : Access denied finding property "persist.device_config.runtime_native_boot.profilebootclasspath"
02-12 13:53:59.327 23783 23783 E libc    : Access denied finding property "persist.device_config.runtime_native_boot.enable_apex_image"
02-12 13:53:59.327 23783 23783 I AndroidRuntime: Using default boot image
02-12 13:53:59.327 23783 23783 E libc    : Access denied finding property "persist.device_config.runtime_native_boot.disable_lock_profiling"
02-12 13:53:59.327 23783 23783 I AndroidRuntime: Leaving lock profiling enabled
02-12 13:53:59.328 23783 23783 E libc    : Access denied finding property "persist.device_config.runtime_native_boot.enable_generational_cc"
02-12 13:53:59.320 23783 23783 W app_process: type=1400 audit(0.0:600): avc: denied { read } for name="u:object_r:device_config_runtime_native_boot_prop:s0" dev="tmpfs" ino=8279 scontext=u:r:shell:s0 tcontext=u:object_r:device_config_runtime_native_boot_prop:s0 tclass=file permissive=0
02-12 13:53:59.331 23783 23783 I app_process: Core platform API reporting enabled, enforcing=false
02-12 13:53:59.320 23783 23783 W app_process: type=1400 audit(0.0:601): avc: denied { read } for name="u:object_r:device_config_runtime_native_boot_prop:s0" dev="tmpfs" ino=8279 scontext=u:r:shell:s0 tcontext=u:object_r:device_config_runtime_native_boot_prop:s0 tclass=file permissive=0
02-12 13:53:59.377 23783 23783 W app_process: Unexpected CPU variant for X86 using defaults: x86
02-12 13:53:59.379 23783 23783 I app_process: The ClassLoaderContext is a special shared library.
02-12 13:53:59.388 23783 23783 W app_process: JNI RegisterNativeMethods: attempt to register 0 native methods for android.media.AudioAttributes
02-12 13:53:59.401 23804 23806 I cmd     : oneway function results will be dropped but finished with status OK and parcel size 4
02-12 13:53:59.615   525  1848 I system_server: oneway function results will be dropped but finished with status OK and parcel size 4
02-12 13:53:59.615   525  1848 I chatty  : uid=1000(system) Binder:525_19 identical 1 line
02-12 13:53:59.615   525  1848 I system_server: oneway function results will be dropped but finished with status OK and parcel size 4
02-12 13:54:00.034   525   558 W BroadcastQueue: Background execution not allowed: receiving Intent { act=android.intent.action.DROPBOX_ENTRY_ADDED flg=0x10 (has extras) } to com.google.android.gms/.stats.service.DropBoxEntryAddedReceiver
02-12 13:54:00.034   525   558 W BroadcastQueue: Background execution not allowed: receiving Intent { act=android.intent.action.DROPBOX_ENTRY_ADDED flg=0x10 (has extras) } to com.google.android.gms/.chimera.GmsIntentOperationService$PersistentTrustedReceiver
02-12 13:54:00.035 20393 20393 I AlarmClock: Periodic: Executing periodic callback for MINUTE because the period ended
02-12 13:54:00.035 20393 20393 I AlarmClock: Periodic: Executing periodic callback for MINUTE because the period ended
02-12 13:54:00.400 23843 23845 I cmd     : oneway function results will be dropped but finished with status OK and parcel size 4
02-12 13:54:01.166   525  1848 I system_server: oneway function results will be dropped but finished with status OK and parcel size 4
02-12 13:54:01.426 23883 23884 I cmd     : oneway function results will be dropped but finished with status OK and parcel size 4
02-12 13:54:02.666   525  1846 I system_server: oneway function results will be dropped but finished with status OK and parcel size 4
02-12 13:54:03.433 23946 23947 I cmd     : oneway function results will be dropped but finished with status OK and parcel size 4
02-12 13:54:04.181 23991 23993 I cmd     : oneway function results will be dropped but finished with status OK and parcel size 4
02-12 13:54:04.324 24006 24008 I cmd     : oneway function results will be dropped but finished with status OK and parcel size 4
02-12 13:54:04.430 24021 24023 I cmd     : oneway function results will be dropped but finished with status OK and parcel size 4
02-12 13:54:04.661 24050 24050 E libc    : Access denied finding property "persist.device_config.runtime_native_boot.profilebootclasspath"
02-12 13:54:04.661 24050 24050 E libc    : Access denied finding property "persist.device_config.runtime_native_boot.enable_apex_image"
02-12 13:54:04.661 24050 24050 I AndroidRuntime: Using default boot image
02-12 13:54:04.661 24050 24050 E libc    : Access denied finding property "persist.device_config.runtime_native_boot.disable_lock_profiling"
02-12 13:54:04.661 24050 24050 I AndroidRuntime: Leaving lock profiling enabled
02-12 13:54:04.661 24050 24050 E libc    : Access denied finding property "persist.device_config.runtime_native_boot.enable_generational_cc"
02-12 13:54:04.662 24050 24050 I app_process: Core platform API reporting enabled, enforcing=false
02-12 13:54:04.656 24050 24050 W app_process: type=1400 audit(0.0:604): avc: denied { read } for name="u:object_r:device_config_runtime_native_boot_prop:s0" dev="tmpfs" ino=8279 scontext=u:r:shell:s0 tcontext=u:object_r:device_config_runtime_native_boot_prop:s0 tclass=file permissive=0
02-12 13:54:04.660 24050 24050 I chatty  : uid=2000(shell) main identical 2 lines
02-12 13:54:04.660 24050 24050 W app_process: type=1400 audit(0.0:607): avc: denied { read } for name="u:object_r:device_config_runtime_native_boot_prop:s0" dev="tmpfs" ino=8279 scontext=u:r:shell:s0 tcontext=u:object_r:device_config_runtime_native_boot_prop:s0 tclass=file permissive=0
02-12 13:54:04.728 24050 24050 W app_process: Unexpected CPU variant for X86 using defaults: x86
02-12 13:54:04.729 24050 24050 I app_process: The ClassLoaderContext is a special shared library.
02-12 13:54:04.741 24050 24050 W app_process: JNI RegisterNativeMethods: attempt to register 0 native methods for android.media.AudioAttributes
02-12 13:54:04.989   525  1846 I ActivityTaskManager: START u0 {flg=0x10000000 cmp=com.google.android.deskclock/com.android.deskclock.ScreensaverActivity (has extras)} from uid 10130
02-12 13:54:04.990   525  1858 I system_server: oneway function results will be dropped but finished with status OK and parcel size 4
02-12 13:54:04.991   525  1858 I system_server: oneway function results will be dropped but finished with status OK and parcel size 4
02-12 13:54:04.994   399   399 I perfetto: ing_service_impl.cc:758 Configured tracing session 19, #sources:1, duration:5000 ms, #buffers:1, total buffer size:4096 KB, total sessions:1, uid:1071 session name: ""
02-12 13:54:04.994   394   394 I perfetto: probes_producer.cc:230  Ftrace setup (target_buf=19)
02-12 13:54:05.011     0     0 W perfetto: enabled ftrace
02-12 13:54:05.022   394   394 I perfetto: ftrace_procfs.cc:176    enabled ftrace
02-12 13:54:05.056 20393 20393 I AppLifecycleTracker: onActivityPaused: 
02-12 13:54:05.057   525  1848 W ActivityTaskManager: Tried to set launchTime (0) < mLastActivityLaunchTime (4903603)
02-12 13:54:05.075 20393 20393 I AppLifecycleTracker: onActivityCreated: 
02-12 13:54:05.078 20393 20393 I AppCompatDelegate: Failed to instantiate custom view inflater android.support.v7.app.AppCompatViewInflater. Falling back to default.
02-12 13:54:05.078 20393 20393 I AppCompatDelegate: java.lang.ClassNotFoundException: android.support.v7.app.AppCompatViewInflater
02-12 13:54:05.078 20393 20393 I AppCompatDelegate: 	at java.lang.Class.classForName(Native Method)
02-12 13:54:05.078 20393 20393 I AppCompatDelegate: 	at java.lang.Class.forName(Class.java:454)
02-12 13:54:05.078 20393 20393 I AppCompatDelegate: 	at java.lang.Class.forName(Class.java:379)
02-12 13:54:05.078 20393 20393 I AppCompatDelegate: 	at sa.a(PG:449)
02-12 13:54:05.078 20393 20393 I AppCompatDelegate: 	at sa.onCreateView(PG:460)
02-12 13:54:05.078 20393 20393 I AppCompatDelegate: 	at android.view.LayoutInflater.tryCreateView(LayoutInflater.java:1059)
02-12 13:54:05.078 20393 20393 I AppCompatDelegate: 	at android.view.LayoutInflater.createViewFromTag(LayoutInflater.java:995)
02-12 13:54:05.078 20393 20393 I AppCompatDelegate: 	at android.view.LayoutInflater.createViewFromTag(LayoutInflater.java:959)
02-12 13:54:05.078 20393 20393 I AppCompatDelegate: 	at android.view.LayoutInflater.inflate(LayoutInflater.java:657)
02-12 13:54:05.078 20393 20393 I AppCompatDelegate: 	at android.view.LayoutInflater.inflate(LayoutInflater.java:532)
02-12 13:54:05.078 20393 20393 I AppCompatDelegate: 	at android.view.LayoutInflater.inflate(LayoutInflater.java:479)
02-12 13:54:05.078 20393 20393 I AppCompatDelegate: 	at com.android.internal.policy.DecorView.onResourcesLoaded(DecorView.java:2103)
02-12 13:54:05.078 20393 20393 I AppCompatDelegate: 	at com.android.internal.policy.PhoneWindow.generateLayout(PhoneWindow.java:2630)
02-12 13:54:05.078 20393 20393 I AppCompatDelegate: 	at com.android.internal.policy.PhoneWindow.installDecor(PhoneWindow.java:2693)
02-12 13:54:05.078 20393 20393 I AppCompatDelegate: 	at com.android.internal.policy.PhoneWindow.getDecorView(PhoneWindow.java:2116)
02-12 13:54:05.078 20393 20393 I AppCompatDelegate: 	at apq.onCreate(PG:4)
02-12 13:54:05.078 20393 20393 I AppCompatDelegate: 	at com.android.deskclock.ScreensaverActivity.onCreate(PG:5)
02-12 13:54:05.078 20393 20393 I AppCompatDelegate: 	at android.app.Activity.performCreate(Activity.java:7994)
02-12 13:54:05.078 20393 20393 I AppCompatDelegate: 	at android.app.Activity.performCreate(Activity.java:7978)
02-12 13:54:05.078 20393 20393 I AppCompatDelegate: 	at android.app.Instrumentation.callActivityOnCreate(Instrumentation.java:1309)
02-12 13:54:05.078 20393 20393 I AppCompatDelegate: 	at android.app.ActivityThread.performLaunchActivity(ActivityThread.java:3422)
02-12 13:54:05.078 20393 20393 I AppCompatDelegate: 	at android.app.ActivityThread.handleLaunchActivity(ActivityThread.java:3601)
02-12 13:54:05.078 20393 20393 I AppCompatDelegate: 	at android.app.servertransaction.LaunchActivityItem.execute(LaunchActivityItem.java:85)
02-12 13:54:05.078 20393 20393 I AppCompatDelegate: 	at android.app.servertransaction.TransactionExecutor.executeCallbacks(TransactionExecutor.java:135)
02-12 13:54:05.078 20393 20393 I AppCompatDelegate: 	at android.app.servertransaction.TransactionExecutor.execute(TransactionExecutor.java:95)
02-12 13:54:05.078 20393 20393 I AppCompatDelegate: 	at android.app.ActivityThread$H.handleMessage(ActivityThread.java:2066)
02-12 13:54:05.078 20393 20393 I AppCompatDelegate: 	at android.os.Handler.dispatchMessage(Handler.java:106)
02-12 13:54:05.078 20393 20393 I AppCompatDelegate: 	at android.os.Looper.loop(Looper.java:223)
02-12 13:54:05.078 20393 20393 I AppCompatDelegate: 	at android.app.ActivityThread.main(ActivityThread.java:7656)
02-12 13:54:05.078 20393 20393 I AppCompatDelegate: 	at java.lang.reflect.Method.invoke(Native Method)
02-12 13:54:05.078 20393 20393 I AppCompatDelegate: 	at com.android.internal.os.RuntimeInit$MethodAndArgsCaller.run(RuntimeInit.java:592)
02-12 13:54:05.078 20393 20393 I AppCompatDelegate: 	at com.android.internal.os.ZygoteInit.main(ZygoteInit.java:947)
02-12 13:54:05.078 20393 20393 I AppCompatDelegate: Caused by: java.lang.ClassNotFoundException: android.support.v7.app.AppCompatViewInflater
02-12 13:54:05.078 20393 20393 I AppCompatDelegate: 	... 32 more
02-12 13:54:05.125 20393 20393 I AppLifecycleTracker: onActivityStarted: 
02-12 13:54:05.125 20393 20393 I AppLifecycleTracker: App foreground state unchanged: inForeground ? true
02-12 13:54:05.128 20393 20393 I AppLifecycleTracker: onActivityResumed: 
02-12 13:54:05.334   525   557 I ActivityTaskManager: Displayed com.google.android.deskclock/com.android.deskclock.ScreensaverActivity: +342ms
02-12 13:54:05.535 24079 24081 I cmd     : oneway function results will be dropped but finished with status OK and parcel size 4
02-12 13:54:05.536   213   216 E android.system.suspend@1.0-service: Error opening kernel wakelock stats for: wakeup36: Permission denied
02-12 13:54:05.532   213   213 W Binder:213_2: type=1400 audit(0.0:608): avc: denied { read } for name="wakeup36" dev="sysfs" ino=19533 scontext=u:r:system_suspend:s0 tcontext=u:object_r:sysfs:s0 tclass=dir permissive=0
02-12 13:54:05.547   213   216 E android.system.suspend@1.0-service: Error opening kernel wakelock stats for: wakeup35: Permission denied
02-12 13:54:05.533     0     0 W audit   : audit_lost=45 audit_rate_limit=5 audit_backlog_limit=64
02-12 13:54:05.535     0     0 E audit   : rate limit exceeded
02-12 13:54:05.649 20393 20410 I droid.deskcloc: WaitForGcToComplete blocked Background on None for 6.920ms
02-12 13:54:05.710 20393 20393 I AppLifecycleTracker: onActivityStopped: 
02-12 13:54:05.715   525 13238 W OpenGLRenderer: Failed to choose config with EGL_SWAP_BEHAVIOR_PRESERVED, retrying without...
02-12 13:54:05.716 20393 20393 I AppLifecycleTracker: App foreground state unchanged: inForeground ? true
02-12 13:54:05.732 20393 20393 I AppLifecycleTracker: onActivitySaveInstanceState: 
02-12 13:54:06.474 24121 24123 I cmd     : oneway function results will be dropped but finished with status OK and parcel size 4
02-12 13:54:06.600   525  1848 I system_server: oneway function results will be dropped but finished with status OK and parcel size 4
02-12 13:54:06.750 24150 24152 I cmd     : oneway function results will be dropped but finished with status OK and parcel size 4
02-12 13:54:07.483 24192 24193 I cmd     : oneway function results will be dropped but finished with status OK and parcel size 4
02-12 13:54:08.047   525  1848 I system_server: oneway function results will be dropped but finished with status OK and parcel size 4
02-12 13:54:09.416 24224 24226 I cmd     : oneway function results will be dropped but finished with status OK and parcel size 4
02-12 13:54:09.540 24234 24234 E libc    : Access denied finding property "persist.device_config.runtime_native_boot.profilebootclasspath"
02-12 13:54:09.540 24234 24234 E libc    : Access denied finding property "persist.device_config.runtime_native_boot.enable_apex_image"
02-12 13:54:09.540 24234 24234 I AndroidRuntime: Using default boot image
02-12 13:54:09.540 24234 24234 E libc    : Access denied finding property "persist.device_config.runtime_native_boot.disable_lock_profiling"
02-12 13:54:09.540 24234 24234 I AndroidRuntime: Leaving lock profiling enabled
02-12 13:54:09.540 24234 24234 E libc    : Access denied finding property "persist.device_config.runtime_native_boot.enable_generational_cc"
02-12 13:54:09.541 24234 24234 I app_process: Core platform API reporting enabled, enforcing=false
02-12 13:54:09.536 24234 24234 W app_process: type=1400 audit(0.0:610): avc: denied { read } for name="u:object_r:device_config_runtime_native_boot_prop:s0" dev="tmpfs" ino=8279 scontext=u:r:shell:s0 tcontext=u:object_r:device_config_runtime_native_boot_prop:s0 tclass=file permissive=0
02-12 13:54:09.575 24234 24234 W app_process: Unexpected CPU variant for X86 using defaults: x86
02-12 13:54:09.577 24234 24234 I app_process: The ClassLoaderContext is a special shared library.
02-12 13:54:09.585 24234 24234 W app_process: JNI RegisterNativeMethods: attempt to register 0 native methods for android.media.AudioAttributes
02-12 13:54:09.614   525   547 E RemoteAugmentedAutofillService: Bad service name for flags 1048704: com.google.android.as/com.google.android.apps.miphone.aiai.app.AiAiAugmentedAutofillService
02-12 13:54:09.615 20393 20393 I AppLifecycleTracker: onActivityPaused: 
02-12 13:54:09.621   525  3704 W ActivityTaskManager: Finishing task with all activities already finished
02-12 13:54:09.621   525  3704 W ActivityTaskManager: Duplicate finish request for r=ActivityRecord{cd14855 u0 com.google.android.deskclock/com.android.deskclock.ScreensaverActivity t27 f}}
02-12 13:54:09.628 20393 20393 I AppLifecycleTracker: onActivityStarted: 
02-12 13:54:09.628 20393 20393 I AppLifecycleTracker: App foreground state unchanged: inForeground ? true
02-12 13:54:09.630   525  1848 W UriGrantsManagerService: No permission grants found for com.google.android.deskclock
02-12 13:54:09.629 20393 22709 I AlarmClock: Checking if assistant workflow is available
02-12 13:54:09.633 20393 20393 I AppLifecycleTracker: onActivityResumed: 
02-12 13:54:09.634   525  1848 W ActivityTaskManager: Finishing task with all activities already finished
02-12 13:54:09.634   525  1848 W ActivityTaskManager: Duplicate finish request for r=ActivityRecord{cd14855 u0 com.google.android.deskclock/com.android.deskclock.ScreensaverActivity t27 f}}
02-12 13:54:09.999   394   394 I perfetto: probes_producer.cc:329  Producer stop (id=19)
02-12 13:54:10.000   394   394 I perfetto: ftrace_procfs.cc:183    disabled ftrace
02-12 13:54:09.989     0     0 W perfetto: disabled ftrace
02-12 13:54:10.001   399   399 I perfetto: ng_service_impl.cc:1948 Tracing session 19 ended, total sessions:0
02-12 13:54:10.311 20393 20393 I AppLifecycleTracker: onActivityStopped: 
02-12 13:54:10.312 20393 20393 I AppLifecycleTracker: App foreground state unchanged: inForeground ? true
02-12 13:54:10.313 20393 20393 I AppLifecycleTracker: onActivityDestroyed: 
02-12 13:54:11.801 24372 24374 I cmd     : oneway function results will be dropped but finished with status OK and parcel size 4
02-12 13:54:12.835 24398 24400 I cmd     : oneway function results will be dropped but finished with status OK and parcel size 4
02-12 13:54:13.864 24425 24427 I cmd     : oneway function results will be dropped but finished with status OK and parcel size 4
02-12 13:54:14.391 24474 24475 I cmd     : oneway function results will be dropped but finished with status OK and parcel size 4
02-12 13:54:14.529 24491 24493 I cmd     : oneway function results will be dropped but finished with status OK and parcel size 4
02-12 13:54:14.841 24521 24521 E libc    : Access denied finding property "persist.device_config.runtime_native_boot.profilebootclasspath"
02-12 13:54:14.841 24521 24521 E libc    : Access denied finding property "persist.device_config.runtime_native_boot.enable_apex_image"
02-12 13:54:14.841 24521 24521 I AndroidRuntime: Using default boot image
02-12 13:54:14.841 24521 24521 E libc    : Access denied finding property "persist.device_config.runtime_native_boot.disable_lock_profiling"
02-12 13:54:14.841 24521 24521 I AndroidRuntime: Leaving lock profiling enabled
02-12 13:54:14.841 24521 24521 E libc    : Access denied finding property "persist.device_config.runtime_native_boot.enable_generational_cc"
02-12 13:54:14.842 24521 24521 W app_process: Could not reserve sentinel fault page
02-12 13:54:14.842 24521 24521 I app_process: Core platform API reporting enabled, enforcing=false
02-12 13:54:14.840 24521 24521 W app_process: type=1400 audit(0.0:614): avc: denied { read } for name="u:object_r:device_config_runtime_native_boot_prop:s0" dev="tmpfs" ino=8279 scontext=u:r:shell:s0 tcontext=u:object_r:device_config_runtime_native_boot_prop:s0 tclass=file permissive=0
02-12 13:54:14.875 24529 24531 I cmd     : oneway function results will be dropped but finished with status OK and parcel size 4
02-12 13:54:14.891 24521 24521 W app_process: Unexpected CPU variant for X86 using defaults: x86
02-12 13:54:14.892 24521 24521 I app_process: The ClassLoaderContext is a special shared library.
02-12 13:54:14.901 24521 24521 W app_process: JNI RegisterNativeMethods: attempt to register 0 native methods for android.media.AudioAttributes
02-12 13:54:15.111   525  1846 I system_server: oneway function results will be dropped but finished with status OK and parcel size 4
02-12 13:54:15.112   525  1846 I system_server: oneway function results will be dropped but finished with status OK and parcel size 4
02-12 13:54:16.774   525  1838 I system_server: oneway function results will be dropped but finished with status OK and parcel size 4
02-12 13:54:16.995 24631 24633 I cmd     : oneway function results will be dropped but finished with status OK and parcel size 4
02-12 13:54:18.159   525  3704 I system_server: oneway function results will be dropped but finished with status OK and parcel size 4
02-12 13:54:19.486 24703 24705 I cmd     : oneway function results will be dropped but finished with status OK and parcel size 4
02-12 13:54:19.605 24719 24721 I cmd     : oneway function results will be dropped but finished with status OK and parcel size 4
02-12 13:54:19.724 24735 24737 I cmd     : oneway function results will be dropped but finished with status OK and parcel size 4
02-12 13:54:19.869 24748 24748 E libc    : Access denied finding property "persist.device_config.runtime_native_boot.profilebootclasspath"
02-12 13:54:19.869 24748 24748 E libc    : Access denied finding property "persist.device_config.runtime_native_boot.enable_apex_image"
02-12 13:54:19.869 24748 24748 I AndroidRuntime: Using default boot image
02-12 13:54:19.869 24748 24748 E libc    : Access denied finding property "persist.device_config.runtime_native_boot.disable_lock_profiling"
02-12 13:54:19.869 24748 24748 I AndroidRuntime: Leaving lock profiling enabled
02-12 13:54:19.870 24748 24748 E libc    : Access denied finding property "persist.device_config.runtime_native_boot.enable_generational_cc"
02-12 13:54:19.870 24748 24748 I app_process: Core platform API reporting enabled, enforcing=false
02-12 13:54:19.868 24748 24748 W app_process: type=1400 audit(0.0:618): avc: denied { read } for name="u:object_r:device_config_runtime_native_boot_prop:s0" dev="tmpfs" ino=8279 scontext=u:r:shell:s0 tcontext=u:object_r:device_config_runtime_native_boot_prop:s0 tclass=file permissive=0
02-12 13:54:19.904 24748 24748 W app_process: Unexpected CPU variant for X86 using defaults: x86
02-12 13:54:19.905 24748 24748 I app_process: The ClassLoaderContext is a special shared library.
02-12 13:54:19.912 24748 24748 W app_process: JNI RegisterNativeMethods: attempt to register 0 native methods for android.media.AudioAttributes
02-12 13:54:20.125   525  1846 I system_server: oneway function results will be dropped but finished with status OK and parcel size 4
02-12 13:54:20.126   525  1846 I chatty  : uid=1000(system) Binder:525_17 identical 1 line
02-12 13:54:20.127   525  1846 I system_server: oneway function results will be dropped but finished with status OK and parcel size 4
02-12 13:54:20.787   213   216 E android.system.suspend@1.0-service: Error opening kernel wakelock stats for: wakeup36: Permission denied
02-12 13:54:20.784   213   213 W Binder:213_2: type=1400 audit(0.0:622): avc: denied { read } for name="wakeup36" dev="sysfs" ino=19533 scontext=u:r:system_suspend:s0 tcontext=u:object_r:sysfs:s0 tclass=dir permissive=0
02-12 13:54:20.794   213   216 E android.system.suspend@1.0-service: Error opening kernel wakelock stats for: wakeup35: Permission denied
02-12 13:54:20.792   213   213 W Binder:213_2: type=1400 audit(0.0:623): avc: denied { read } for name="wakeup35" dev="sysfs" ino=19470 scontext=u:r:system_suspend:s0 tcontext=u:object_r:sysfs:s0 tclass=dir permissive=0
02-12 13:54:21.715 24815 24817 I cmd     : oneway function results will be dropped but finished with status OK and parcel size 4
02-12 13:54:21.847   525  3704 I system_server: oneway function results will be dropped but finished with status OK and parcel size 4
02-12 13:54:23.176   525  3704 I system_server: oneway function results will be dropped but finished with status OK and parcel size 4
02-12 13:54:24.329 24888 24890 I cmd     : oneway function results will be dropped but finished with status OK and parcel size 4
02-12 13:54:24.450 24903 24905 I cmd     : oneway function results will be dropped but finished with status OK and parcel size 4
02-12 13:54:24.701 24935 24936 I cmd     : oneway function results will be dropped but finished with status OK and parcel size 4
02-12 13:54:24.849 24948 24948 E libc    : Access denied finding property "persist.device_config.runtime_native_boot.profilebootclasspath"
02-12 13:54:24.849 24948 24948 E libc    : Access denied finding property "persist.device_config.runtime_native_boot.enable_apex_image"
02-12 13:54:24.849 24948 24948 I AndroidRuntime: Using default boot image
02-12 13:54:24.849 24948 24948 E libc    : Access denied finding property "persist.device_config.runtime_native_boot.disable_lock_profiling"
02-12 13:54:24.849 24948 24948 I AndroidRuntime: Leaving lock profiling enabled
02-12 13:54:24.849 24948 24948 E libc    : Access denied finding property "persist.device_config.runtime_native_boot.enable_generational_cc"
02-12 13:54:24.850 24948 24948 I app_process: Core platform API reporting enabled, enforcing=false
02-12 13:54:24.844 24948 24948 W app_process: type=1400 audit(0.0:624): avc: denied { read } for name="u:object_r:device_config_runtime_native_boot_prop:s0" dev="tmpfs" ino=8279 scontext=u:r:shell:s0 tcontext=u:object_r:device_config_runtime_native_boot_prop:s0 tclass=file permissive=0
02-12 13:54:24.848 24948 24948 I chatty  : uid=2000(shell) main identical 2 lines
02-12 13:54:24.848 24948 24948 W app_process: type=1400 audit(0.0:627): avc: denied { read } for name="u:object_r:device_config_runtime_native_boot_prop:s0" dev="tmpfs" ino=8279 scontext=u:r:shell:s0 tcontext=u:object_r:device_config_runtime_native_boot_prop:s0 tclass=file permissive=0
02-12 13:54:24.886 24948 24948 W app_process: Unexpected CPU variant for X86 using defaults: x86
02-12 13:54:24.887 24948 24948 I app_process: The ClassLoaderContext is a special shared library.
02-12 13:54:24.897 24948 24948 W app_process: JNI RegisterNativeMethods: attempt to register 0 native methods for android.media.AudioAttributes
02-12 13:54:25.112   525  1846 I ActivityTaskManager: START u0 {cmp=com.google.android.deskclock/com.android.deskclock.settings.SettingsActivity} from uid 10130
02-12 13:54:25.117   399   399 I perfetto: ing_service_impl.cc:758 Configured tracing session 20, #sources:1, duration:5000 ms, #buffers:1, total buffer size:4096 KB, total sessions:1, uid:1071 session name: ""
02-12 13:54:25.118   394   394 I perfetto: probes_producer.cc:230  Ftrace setup (target_buf=20)
02-12 13:54:25.120   525  1848 I system_server: oneway function results will be dropped but finished with status OK and parcel size 4
02-12 13:54:25.123   525  1848 I system_server: oneway function results will be dropped but finished with status OK and parcel size 4
02-12 13:54:25.131 20393 20393 I AppLifecycleTracker: onActivityPaused: 
02-12 13:54:25.132   525  1846 W ActivityTaskManager: Tried to set launchTime (0) < mLastActivityLaunchTime (4940657)
02-12 13:54:25.144 20393 20393 I AppLifecycleTracker: onActivityCreated: 
02-12 13:54:25.145 20393 20393 I AppCompatDelegate: Failed to instantiate custom view inflater android.support.v7.app.AppCompatViewInflater. Falling back to default.
02-12 13:54:25.145 20393 20393 I AppCompatDelegate: java.lang.ClassNotFoundException: android.support.v7.app.AppCompatViewInflater
02-12 13:54:25.145 20393 20393 I AppCompatDelegate: 	at java.lang.Class.classForName(Native Method)
02-12 13:54:25.145 20393 20393 I AppCompatDelegate: 	at java.lang.Class.forName(Class.java:454)
02-12 13:54:25.145 20393 20393 I AppCompatDelegate: 	at java.lang.Class.forName(Class.java:379)
02-12 13:54:25.145 20393 20393 I AppCompatDelegate: 	at sa.a(PG:449)
02-12 13:54:25.145 20393 20393 I AppCompatDelegate: 	at sa.onCreateView(PG:460)
02-12 13:54:25.145 20393 20393 I AppCompatDelegate: 	at android.view.LayoutInflater.tryCreateView(LayoutInflater.java:1059)
02-12 13:54:25.145 20393 20393 I AppCompatDelegate: 	at android.view.LayoutInflater.createViewFromTag(LayoutInflater.java:995)
02-12 13:54:25.145 20393 20393 I AppCompatDelegate: 	at android.view.LayoutInflater.createViewFromTag(LayoutInflater.java:959)
02-12 13:54:25.145 20393 20393 I AppCompatDelegate: 	at android.view.LayoutInflater.inflate(LayoutInflater.java:657)
02-12 13:54:25.145 20393 20393 I AppCompatDelegate: 	at android.view.LayoutInflater.inflate(LayoutInflater.java:532)
02-12 13:54:25.145 20393 20393 I AppCompatDelegate: 	at android.view.LayoutInflater.inflate(LayoutInflater.java:479)
02-12 13:54:25.145 20393 20393 I AppCompatDelegate: 	at com.android.internal.policy.DecorView.onResourcesLoaded(DecorView.java:2103)
02-12 13:54:25.145 20393 20393 I AppCompatDelegate: 	at com.android.internal.policy.PhoneWindow.generateLayout(PhoneWindow.java:2630)
02-12 13:54:25.145 20393 20393 I AppCompatDelegate: 	at com.android.internal.policy.PhoneWindow.installDecor(PhoneWindow.java:2693)
02-12 13:54:25.145 20393 20393 I AppCompatDelegate: 	at com.android.internal.policy.PhoneWindow.getDecorView(PhoneWindow.java:2116)
02-12 13:54:25.145 20393 20393 I AppCompatDelegate: 	at apq.onCreate(PG:4)
02-12 13:54:25.145 20393 20393 I AppCompatDelegate: 	at com.android.deskclock.settings.SettingsActivity.onCreate(PG:3)
02-12 13:54:25.145 20393 20393 I AppCompatDelegate: 	at android.app.Activity.performCreate(Activity.java:7994)
02-12 13:54:25.145 20393 20393 I AppCompatDelegate: 	at android.app.Activity.performCreate(Activity.java:7978)
02-12 13:54:25.145 20393 20393 I AppCompatDelegate: 	at android.app.Instrumentation.callActivityOnCreate(Instrumentation.java:1309)
02-12 13:54:25.145 20393 20393 I AppCompatDelegate: 	at android.app.ActivityThread.performLaunchActivity(ActivityThread.java:3422)
02-12 13:54:25.145 20393 20393 I AppCompatDelegate: 	at android.app.ActivityThread.handleLaunchActivity(ActivityThread.java:3601)
02-12 13:54:25.145 20393 20393 I AppCompatDelegate: 	at android.app.servertransaction.LaunchActivityItem.execute(LaunchActivityItem.java:85)
02-12 13:54:25.145 20393 20393 I AppCompatDelegate: 	at android.app.servertransaction.TransactionExecutor.executeCallbacks(TransactionExecutor.java:135)
02-12 13:54:25.145 20393 20393 I AppCompatDelegate: 	at android.app.servertransaction.TransactionExecutor.execute(TransactionExecutor.java:95)
02-12 13:54:25.145 20393 20393 I AppCompatDelegate: 	at android.app.ActivityThread$H.handleMessage(ActivityThread.java:2066)
02-12 13:54:25.145 20393 20393 I AppCompatDelegate: 	at android.os.Handler.dispatchMessage(Handler.java:106)
02-12 13:54:25.145 20393 20393 I AppCompatDelegate: 	at android.os.Looper.loop(Looper.java:223)
02-12 13:54:25.145 20393 20393 I AppCompatDelegate: 	at android.app.ActivityThread.main(ActivityThread.java:7656)
02-12 13:54:25.145 20393 20393 I AppCompatDelegate: 	at java.lang.reflect.Method.invoke(Native Method)
02-12 13:54:25.145 20393 20393 I AppCompatDelegate: 	at com.android.internal.os.RuntimeInit$MethodAndArgsCaller.run(RuntimeInit.java:592)
02-12 13:54:25.145 20393 20393 I AppCompatDelegate: 	at com.android.internal.os.ZygoteInit.main(ZygoteInit.java:947)
02-12 13:54:25.145 20393 20393 I AppCompatDelegate: Caused by: java.lang.ClassNotFoundException: android.support.v7.app.AppCompatViewInflater
02-12 13:54:25.145 20393 20393 I AppCompatDelegate: 	... 32 more
02-12 13:54:25.146   394   394 I perfetto: ftrace_procfs.cc:176    enabled ftrace
02-12 13:54:25.134     0     0 W perfetto: enabled ftrace
02-12 13:54:25.156 20393 20393 I AppLifecycleTracker: onActivityStarted: 
02-12 13:54:25.156 20393 20393 I AppLifecycleTracker: App foreground state unchanged: inForeground ? true
02-12 13:54:25.164   330   330 I android.hardware.vibrator-service.example: Vibrator reporting capabilities
02-12 13:54:25.173 20393 20393 I AppLifecycleTracker: onActivityResumed: 
02-12 13:54:25.208 20393 20393 W ListPreference: Setting a summary with a String formatting marker is no longer supported. You should use a SummaryProvider instead.
02-12 13:54:25.226 20393 20393 I chatty  : uid=10130(com.google.android.deskclock) identical 3 lines
02-12 13:54:25.275 20393 20393 W ListPreference: Setting a summary with a String formatting marker is no longer supported. You should use a SummaryProvider instead.
02-12 13:54:25.334   525   557 I ActivityTaskManager: Displayed com.google.android.deskclock/com.android.deskclock.settings.SettingsActivity: +220ms
02-12 13:54:25.746 20393 20393 I AppLifecycleTracker: onActivityStopped: 
02-12 13:54:25.746 20393 20393 I AppLifecycleTracker: App foreground state unchanged: inForeground ? true
02-12 13:54:25.747 20393 20393 I AppLifecycleTracker: onActivitySaveInstanceState: 
02-12 13:54:26.722 25016 25018 I cmd     : oneway function results will be dropped but finished with status OK and parcel size 4
02-12 13:54:26.894   525  1846 I system_server: oneway function results will be dropped but finished with status OK and parcel size 4
02-12 13:54:26.998 25060 25062 I cmd     : oneway function results will be dropped but finished with status OK and parcel size 4
02-12 13:54:28.166   525  1848 I system_server: oneway function results will be dropped but finished with status OK and parcel size 4
02-12 13:54:29.377 25094 25096 I cmd     : oneway function results will be dropped but finished with status OK and parcel size 4
02-12 13:54:29.512 25121 25123 I cmd     : oneway function results will be dropped but finished with status OK and parcel size 4
02-12 13:54:29.631 25136 25138 I cmd     : oneway function results will be dropped but finished with status OK and parcel size 4
02-12 13:54:29.751 25151 25153 I cmd     : oneway function results will be dropped but finished with status OK and parcel size 4
02-12 13:54:29.890 25163 25163 E libc    : Access denied finding property "persist.device_config.runtime_native_boot.profilebootclasspath"
02-12 13:54:29.890 25163 25163 E libc    : Access denied finding property "persist.device_config.runtime_native_boot.enable_apex_image"
02-12 13:54:29.890 25163 25163 I AndroidRuntime: Using default boot image
02-12 13:54:29.890 25163 25163 E libc    : Access denied finding property "persist.device_config.runtime_native_boot.disable_lock_profiling"
02-12 13:54:29.890 25163 25163 I AndroidRuntime: Leaving lock profiling enabled
02-12 13:54:29.891 25163 25163 E libc    : Access denied finding property "persist.device_config.runtime_native_boot.enable_generational_cc"
02-12 13:54:29.892 25163 25163 I app_process: Core platform API reporting enabled, enforcing=false
02-12 13:54:29.888 25163 25163 W app_process: type=1400 audit(0.0:628): avc: denied { read } for name="u:object_r:device_config_runtime_native_boot_prop:s0" dev="tmpfs" ino=8279 scontext=u:r:shell:s0 tcontext=u:object_r:device_config_runtime_native_boot_prop:s0 tclass=file permissive=0
02-12 13:54:29.925 25163 25163 W app_process: Unexpected CPU variant for X86 using defaults: x86
02-12 13:54:29.927 25163 25163 I app_process: The ClassLoaderContext is a special shared library.
02-12 13:54:29.935 25163 25163 W app_process: JNI RegisterNativeMethods: attempt to register 0 native methods for android.media.AudioAttributes
02-12 13:54:30.126   394   394 I perfetto: probes_producer.cc:329  Producer stop (id=20)
02-12 13:54:30.127   399   399 I perfetto: ng_service_impl.cc:1948 Tracing session 20 ended, total sessions:0
02-12 13:54:30.128   394   394 I perfetto: ftrace_procfs.cc:183    disabled ftrace
02-12 13:54:30.116     0     0 W perfetto: disabled ftrace
02-12 13:54:30.361   330   330 I android.hardware.vibrator-service.example: Vibrator reporting capabilities
02-12 13:54:30.361   330   330 I android.hardware.vibrator-service.example: Vibrator off
02-12 13:54:30.362   330   330 I android.hardware.vibrator-service.example: Vibrator perform
02-12 13:54:30.362   525  1858 E VibratorService: Failed to issue command to vibrator HAL. Retrying.
02-12 13:54:30.362   179   179 I servicemanager: Found android.hardware.vibrator.IVibrator/default in device VINTF manifest.
02-12 13:54:30.363   330   330 I android.hardware.vibrator-service.example: Vibrator perform
02-12 13:54:30.363   525  1858 E VibratorService: Failed to issue command to vibrator HAL. Retrying.
02-12 13:54:30.363   179   179 I servicemanager: Found android.hardware.vibrator.IVibrator/default in device VINTF manifest.
02-12 13:54:30.364   330   330 I android.hardware.vibrator-service.example: Vibrator on for timeoutMs: 1
02-12 13:54:30.364   330   330 I android.hardware.vibrator-service.example: Vibrator set amplitude: 1
02-12 13:54:30.387   330   330 I android.hardware.vibrator-service.example: Vibrator on for timeoutMs: 21
02-12 13:54:30.387   330   330 I android.hardware.vibrator-service.example: Vibrator set amplitude: 1
02-12 13:54:30.409   330   330 I android.hardware.vibrator-service.example: Vibrator off
02-12 13:54:33.584 25246 25250 I cmd     : oneway function results will be dropped but finished with status OK and parcel size 4
02-12 13:54:33.846 25280 25282 I cmd     : oneway function results will be dropped but finished with status OK and parcel size 4
02-12 13:54:36.175 25311 25313 I cmd     : oneway function results will be dropped but finished with status OK and parcel size 4
02-12 13:54:36.297 25328 25330 I cmd     : oneway function results will be dropped but finished with status OK and parcel size 4
02-12 13:54:36.414 25343 25345 I cmd     : oneway function results will be dropped but finished with status OK and parcel size 4
