--------- beginning of main
02-12 13:52:46.030 19990 19992 I cmd     : oneway function results will be dropped but finished with status OK and parcel size 4
02-12 13:52:46.048  5386  5386 I abb     : StartCommandInProcess(73657474696e67730067657400676c6f settings.get.glo [truncated])
02-12 13:52:46.049  5386  9274 I abb     : oneway function results will be dropped but finished with status OK and parcel size 4
02-12 13:52:46.048   525   525 W Binder:525_E: type=1400 audit(0.0:529): avc: denied { getopt } for scontext=u:r:system_server:s0 tcontext=u:r:shell:s0 tclass=unix_stream_socket permissive=0
02-12 13:52:46.052  5386  5386 I abb     : StartCommandInProcess(7061636b61676500696e7374616c6c00 package.install. [truncated])
02-12 13:52:46.048   525   525 W Binder:525_E: type=1400 audit(0.0:530): avc: denied { getopt } for scontext=u:r:system_server:s0 tcontext=u:r:shell:s0 tclass=unix_stream_socket permissive=0
--------- beginning of system
02-12 13:52:46.142   525   546 E JobScheduler.Background: App com.google.android.gms became active but still in NEVER bucket
02-12 13:52:46.143   525   558 I DropBoxManagerService: add tag=system_server_wtf isTagEnabled=true flags=0x2
02-12 13:52:46.149   525   636 W RuleEvaluation: Integrity rule files are not available.
02-12 13:52:46.149   525   579 I PackageManager: Integrity check passed for file:///data/app/vmdl1372706749.tmp
02-12 13:52:46.153   525   579 I PackageManager: Permission ownership changed. Updating all permissions.
02-12 13:52:46.184   525   579 I AppsFilter: interaction: PackageSetting{85f7069 com.cetacea/10173} -> PackageSetting{35282ef io.github.ylimit.droidbotapp/10175} BLOCKED
02-12 13:52:46.048   525   525 I chatty  : uid=1000(system) Binder:525_3 identical 1 line
02-12 13:52:46.120   525   525 W Binder:525_E: type=1400 audit(0.0:532): avc: denied { getopt } for scontext=u:r:system_server:s0 tcontext=u:r:shell:s0 tclass=unix_stream_socket permissive=0
02-12 13:52:46.185   416   424 E installd: Couldn't opendir /data/app/vmdl1372706749.tmp: No such file or directory
02-12 13:52:46.185   416   424 E installd: Failed to delete /data/app/vmdl1372706749.tmp: No such file or directory
02-12 13:52:46.186  5386  9274 I abb     : oneway function results will be dropped but finished with status OK and parcel size 4
02-12 13:52:46.189  1373  1373 I MediaProvider: Invalidating LocalCallingIdentity cache for package io.github.ylimit.droidbotapp. Reason: package android.intent.action.PACKAGE_ADDED
02-12 13:52:46.184   525   525 W Binder:525_E: type=1400 audit(0.0:533): avc: denied { getopt } for scontext=u:r:system_server:s0 tcontext=u:r:shell:s0 tclass=unix_stream_socket permissive=0
02-12 13:52:46.192   525   546 I RoleManagerService: Granting default roles...
02-12 13:52:46.184   525   525 W Binder:525_E: type=1400 audit(0.0:534): avc: denied { getopt } for scontext=u:r:system_server:s0 tcontext=u:r:shell:s0 tclass=unix_stream_socket permissive=0
02-12 13:52:46.196   525   627 I InputReader: Reconfiguring input devices, changes=KEYBOARD_LAYOUTS | 
02-12 13:52:46.184   525   525 W Binder:525_E: type=1400 audit(0.0:535): avc: denied { getopt } for scontext=u:r:system_server:s0 tcontext=u:r:shell:s0 tclass=unix_stream_socket permissive=0
02-12 13:52:46.202  1443  1443 I GsaVoiceInteractionSrv: O received Intent { act=android.intent.action.PACKAGE_ADDED dat=package:io.github.ylimit.droidbotapp flg=0x4000010 (has extras) }
02-12 13:52:46.211   525  1725 W BroadcastQueue: Background execution not allowed: receiving Intent { act=android.intent.action.PACKAGE_ADDED dat=package:io.github.ylimit.droidbotapp flg=0x4000010 (has extras) } to com.google.android.packageinstaller/com.android.packageinstaller.PackageInstalledReceiver
02-12 13:52:46.212   525   558 W BroadcastQueue: Background execution not allowed: receiving Intent { act=android.intent.action.PACKAGE_ADDED dat=package:io.github.ylimit.droidbotapp flg=0x4000010 (has extras) } to com.google.android.gms/.games.chimera.GamesSystemBroadcastReceiverProxy
02-12 13:52:46.214   525   558 W BroadcastQueue: Background execution not allowed: receiving Intent { act=android.intent.action.PACKAGE_ADDED dat=package:io.github.ylimit.droidbotapp flg=0x4000010 (has extras) } to com.google.android.gms/.gass.chimera.PackageChangeBroadcastReceiver
02-12 13:52:46.214   525   558 W BroadcastQueue: Background execution not allowed: receiving Intent { act=android.intent.action.PACKAGE_ADDED dat=package:io.github.ylimit.droidbotapp flg=0x4000010 (has extras) } to com.google.android.gms/.chimera.GmsIntentOperationService$PersistentTrustedReceiver
02-12 13:52:46.215   525   558 W BroadcastQueue: Background execution not allowed: receiving Intent { act=android.intent.action.PACKAGE_ADDED dat=package:io.github.ylimit.droidbotapp flg=0x4000010 (has extras) } to com.google.android.googlequicksearchbox/com.google.android.apps.gsa.googlequicksearchbox.GelStubAppWatcher
02-12 13:52:46.216   525   558 W BroadcastQueue: Background execution not allowed: receiving Intent { act=android.intent.action.PACKAGE_ADDED dat=package:io.github.ylimit.droidbotapp flg=0x4000010 (has extras) } to com.google.android.ims/.receivers.RcsAutoStartReceiver
02-12 13:52:46.218   525   525 I Telecom : DefaultDialerCache: Refreshing default dialer for user 0: now com.android.dialer: DDC.oR@AK4
02-12 13:52:46.241 19999 20005 I cmd     : oneway function results will be dropped but finished with status OK and parcel size 4
02-12 13:52:46.244  3992 10978 I PermissionControllerServiceImpl: Updating user sensitive for uid 10175
02-12 13:52:46.259  1225 20007 W GCM     : Unexpected forwarded intent: Intent { act=android.intent.action.PACKAGE_ADDED dat=package:io.github.ylimit.droidbotapp flg=0x4000010 cmp=com.google.android.gms/.chimera.PersistentIntentOperationService (has extras) }
02-12 13:52:46.260  1225 20014 W GCM     : Unexpected forwarded intent: Intent { act=android.intent.action.PACKAGE_ADDED dat=package:io.github.ylimit.droidbotapp flg=0x4000010 cmp=com.google.android.gms/.chimera.PersistentIntentOperationService (has extras) }
02-12 13:52:46.261  2823 20004 I Auth    : [SupervisedAccountIntentOperation] onHandleIntent(): android.intent.action.PACKAGE_ADDED
02-12 13:52:46.261  2823 20004 I ChromeSync: [Sync,SyncIntentOperation] Handling the intent: Intent { act=android.intent.action.PACKAGE_ADDED dat=package:io.github.ylimit.droidbotapp flg=0x4000010 cmp=com.google.android.gms/.chimera.GmsIntentOperationService (has extras) }.
02-12 13:52:46.262  2823 20011 I FontsPackageChangeOp: Package io.github.ylimit.droidbotapp has no metadata
02-12 13:52:46.270   525  1833 W ActivityManager: Unable to start service Intent { act=com.google.android.gms.auth.key.retrieval.service.START pkg=com.google.android.gms } U=0: not found
02-12 13:52:46.277 19843 19865 I ProvidersCache: Provider returned no roots. Possibly naughty: com.google.android.apps.docs.storage
02-12 13:52:46.294   525  1843 W ActivityManager: Unbind failed: could not find connection for android.os.BinderProxy@af89ac7
02-12 13:52:46.295  2823  2993 E GmsClient: unable to connect to service: com.google.android.gms.auth.key.retrieval.service.START on com.google.android.gms
02-12 13:52:46.319  2823 20004 I ChromeSync: [Persistence,AffiliationManager] One of affiliation or grouping data for android://gbttc-30nINaJL38wzGBzG16tLJsIGpGMovxwiVcS-z_-QQGUJrS3tJUSL94gYlFAj6c8yRXuQFUoAnG-72xwQ==@io.github.ylimit.droidbotapp/ was not found. Marking affiliation data as stale...
02-12 13:52:46.330 20031 20032 I cmd     : oneway function results will be dropped but finished with status OK and parcel size 4
02-12 13:52:46.343  2823 20021 E ConfigFileUtils: Failed to read config file: /data/user_de/0/com.google.android.gms/app_chimera/next_container.pb: open failed: ENOENT (No such file or directory)
02-12 13:52:46.348   525   535 I system_server: Background concurrent copying GC freed 269528(12MB) AllocSpace objects, 87(4692KB) LOS objects, 49% free, 15MB/31MB, paused 805us total 163.052ms
02-12 13:52:46.355   525   525 W Looper  : Slow dispatch took 136ms main h=android.app.ActivityThread$H c=android.app.-$$Lambda$LoadedApk$ReceiverDispatcher$Args$_BumDX2UKsnxLVrE6UJsJZkotuA@2c3abd8 m=0
02-12 13:52:46.355   525   525 I AppsFilter: interaction: PackageSetting{85f7069 com.cetacea/10173} -> PackageSetting{35282ef io.github.ylimit.droidbotapp/10175} BLOCKED
02-12 13:52:46.355   525  1370 W system_server: Long monitor contention with owner main (525) at void com.android.server.backup.UserBackupManagerService.scheduleNextFullBackupJob(long)(UserBackupManagerService.java:2212) waiters=0 in void com.android.server.backup.UserBackupManagerService$1.run() for 130ms
02-12 13:52:46.355   525   546 W Looper  : Slow dispatch took 110ms android.fg h=com.android.server.AppStateTracker$MyHandler c=null m=0
02-12 13:52:46.373   525   627 I InputReader: Reconfiguring input devices, changes=KEYBOARD_LAYOUTS | 
02-12 13:52:46.379 20038 20038 I mit.droidbotap: Late-enabling -Xcheck:jni
02-12 13:52:46.393   525   559 I ActivityManager: Start proc 20038:io.github.ylimit.droidbotapp/u0a175 for service {io.github.ylimit.droidbotapp/io.github.privacystreams.accessibility.PSAccessibilityService}
02-12 13:52:46.396 20038 20038 I mit.droidbotap: Unquickening 12 vdex files!
02-12 13:52:46.402 20038 20038 W mit.droidbotap: Unexpected CPU variant for X86 using defaults: x86
02-12 13:52:46.405  2823  3099 I Icing   : IndexChimeraService.getServiceInterface callingPackage=com.google.android.gms componentName=AppsCorpus serviceId=36 [CONTEXT service_id=21 ]
02-12 13:52:46.409  2823 20021 I ChmraDebugLogger: [73] 1801
02-12 13:52:46.419  2823 20021 I ChmraDebugLogger: [30] [Pay.optional:201817020000] permitMetered=true,
02-12 13:52:46.427  2823 20021 W ChimeraConfigService: Retry attempt was throttled.
02-12 13:52:46.428  1225 20013 I Fitness : OnPackageChangedOperation got intent: Intent { act=android.intent.action.PACKAGE_CHANGED dat=package:io.github.ylimit.droidbotapp flg=0x5000010 cmp=com.google.android.gms/.chimera.PersistentIntentOperationService (has extras) } [CONTEXT service_id=17 ]
02-12 13:52:46.436   388   415 I adbd    : jdwp connection from 20038
02-12 13:52:46.447  3992 20034 I PermissionControllerServiceImpl: Updating user sensitive for uid 10175
02-12 13:52:46.451 19843 19865 I ProvidersCache: Provider returned no roots. Possibly naughty: com.google.android.apps.docs.storage
02-12 13:52:46.470  1225 20016 I Fitness : FitCleanupIntentOperation received Intent android.intent.action.PACKAGE_CHANGED [CONTEXT service_id=17 ]
02-12 13:52:46.471   525   525 I Telecom : DefaultDialerCache: Refreshing default dialer for user 0: now com.android.dialer: DDC.oR@ALE
02-12 13:52:46.494  1225 20013 I Fitness : OnPackageChangedOperation got intent: Intent { act=android.intent.action.PACKAGE_CHANGED dat=package:io.github.ylimit.droidbotapp flg=0x5000010 cmp=com.google.android.gms/.chimera.PersistentIntentOperationService (has extras) } [CONTEXT service_id=17 ]
02-12 13:52:46.508  1081  1488 E FrameEvents: updateAcquireFence: Did not find frame.
02-12 13:52:46.536  2823  2959 I Icing   : Usage reports ok 0, Failed Usage reports 0, indexed 0, rejected 0 [CONTEXT service_id=21 ]
02-12 13:52:46.541  2823  3099 I Icing   : IndexChimeraService.getServiceInterface callingPackage=com.google.android.gms componentName=null serviceId=36 [CONTEXT service_id=21 ]
02-12 13:52:46.544  1225 20013 I Fitness : FitCleanupIntentOperation received Intent android.intent.action.PACKAGE_CHANGED [CONTEXT service_id=17 ]
02-12 13:52:46.546  2823  2959 I Icing   : Indexing com.google.android.gms-internal.3p:MobileApplication from com.google.android.gms using seqno 88 [CONTEXT service_id=21 ]
02-12 13:52:46.548  2823  2959 I chatty  : uid=10121(com.google.android.gms) lowpool[1] identical 1 line
02-12 13:52:46.556  2823  2959 I Icing   : Indexing com.google.android.gms-internal.3p:MobileApplication from com.google.android.gms using seqno 88 [CONTEXT service_id=21 ]
02-12 13:52:46.569  2823  3099 I Icing   : IndexChimeraService.getServiceInterface callingPackage=com.google.android.gms componentName=null serviceId=30 [CONTEXT service_id=21 ]
02-12 13:52:46.581  2823  2959 I Icing   : Indexing com.google.android.gms-apps from com.google.android.gms [CONTEXT service_id=21 ]
02-12 13:52:46.659  2823  2959 I Icing   : Usage reports ok 0, Failed Usage reports 0, indexed 0, rejected 0 [CONTEXT service_id=21 ]
02-12 13:52:46.668  2823  2959 I Icing   : Usage reports ok 0, Failed Usage reports 0, indexed 0, rejected 0 [CONTEXT service_id=21 ]
02-12 13:52:46.670  2823  2959 I Icing   : Indexing done com.google.android.gms-apps [CONTEXT service_id=21 ]
02-12 13:52:46.671  2823  2959 I Icing   : Indexing com.google.android.gms-apps from com.google.android.gms [CONTEXT service_id=21 ]
02-12 13:52:46.672  2823  2959 I Icing   : Indexing done com.google.android.gms-apps [CONTEXT service_id=21 ]
02-12 13:52:46.708  2823  2959 I Icing   : Indexing com.google.android.gms-apps from com.google.android.gms [CONTEXT service_id=21 ]
02-12 13:52:46.725 20086 20088 I cmd     : oneway function results will be dropped but finished with status OK and parcel size 4
02-12 13:52:46.726  2823  2959 I Icing   : Indexing done com.google.android.gms-apps [CONTEXT service_id=21 ]
02-12 13:52:46.843 20098 20100 I cmd     : oneway function results will be dropped but finished with status OK and parcel size 4
02-12 13:52:46.995   181   181 I hwservicemanager: getTransport: Cannot find entry android.hardware.graphics.mapper@4.0::IMapper/default in either framework or device manifest.
02-12 13:52:46.995 20112 20115 I Gralloc4: mapper 4.x is not supported
02-12 13:52:47.000   181   181 I hwservicemanager: getTransport: Cannot find entry android.hardware.graphics.allocator@4.0::IAllocator/default in either framework or device manifest.
02-12 13:52:47.000 20112 20115 W Gralloc4: allocator 3.x is not supported
02-12 13:52:48.146   525   558 W BroadcastQueue: Background execution not allowed: receiving Intent { act=android.intent.action.DROPBOX_ENTRY_ADDED flg=0x10 (has extras) } to com.google.android.gms/.stats.service.DropBoxEntryAddedReceiver
02-12 13:52:48.146   525   558 W BroadcastQueue: Background execution not allowed: receiving Intent { act=android.intent.action.DROPBOX_ENTRY_ADDED flg=0x10 (has extras) } to com.google.android.gms/.chimera.GmsIntentOperationService$PersistentTrustedReceiver
--------- beginning of kernel
02-12 13:52:49.030 20124 20128 I cmd     : oneway function results will be dropped but finished with status OK and parcel size 4
02-12 13:52:49.068 20133 20136 I cmd     : oneway function results will be dropped but finished with status OK and parcel size 4
02-12 13:52:49.084  1271  1271 W KeyboardModeManager: KeyboardModeManager.setInputView():302 setInputView() : inputView = null
02-12 13:52:49.087  1271  1271 I ProactiveSuggestionsHolderManager: ProactiveSuggestionsHolderManager.destroy():263 trying to destroy ProactiveSuggestionsHolderManager when keyboardViewController is null
02-12 13:52:49.087  1271 20139 I JapaneseMozcExtension: JapaneseMozcExtension.onDestroyServiceInternal():81 onDestroyServiceInternal()
02-12 13:52:49.109  1271  1271 E MaestroExtensionImpl: MaestroExtensionImpl.disconnectFromAssistant():478 disconnectFromAssistant() : Client unexpectedly null.
02-12 13:52:49.113   525  1838 W ActivityTaskManager: Current config: {1.0 310mcc260mnc [en_US] ldltr sw392dp w392dp h750dp 440dpi nrml long port finger qwerty/v/v dpad/v winConfig={ mBounds=Rect(0, 0 - 1080, 2340) mAppBounds=Rect(0, 136 - 1080, 2208) mWindowingMode=fullscreen mDisplayWindowingMode=fullscreen mActivityType=undefined mAlwaysOnTop=undefined mRotation=ROTATION_0} s.31} unchanged for IME proc io.github.ylimit.droidbotapp
02-12 13:52:49.357 20172 20172 E libc    : Access denied finding property "persist.device_config.runtime_native_boot.profilebootclasspath"
02-12 13:52:49.357 20172 20172 E libc    : Access denied finding property "persist.device_config.runtime_native_boot.enable_apex_image"
02-12 13:52:49.357 20172 20172 I AndroidRuntime: Using default boot image
02-12 13:52:49.357 20172 20172 E libc    : Access denied finding property "persist.device_config.runtime_native_boot.disable_lock_profiling"
02-12 13:52:49.357 20172 20172 I AndroidRuntime: Leaving lock profiling enabled
02-12 13:52:49.357 20172 20172 E libc    : Access denied finding property "persist.device_config.runtime_native_boot.enable_generational_cc"
02-12 13:52:49.359 20172 20172 W app_process: Could not reserve sentinel fault page
02-12 13:52:49.359 20172 20172 I app_process: Core platform API reporting enabled, enforcing=false
02-12 13:52:49.352 20172 20172 W app_process: type=1400 audit(0.0:536): avc: denied { read } for name="u:object_r:device_config_runtime_native_boot_prop:s0" dev="tmpfs" ino=8279 scontext=u:r:shell:s0 tcontext=u:object_r:device_config_runtime_native_boot_prop:s0 tclass=file permissive=0
02-12 13:52:49.356 20172 20172 I chatty  : uid=2000(shell) main identical 2 lines
02-12 13:52:49.356 20172 20172 W app_process: type=1400 audit(0.0:539): avc: denied { read } for name="u:object_r:device_config_runtime_native_boot_prop:s0" dev="tmpfs" ino=8279 scontext=u:r:shell:s0 tcontext=u:object_r:device_config_runtime_native_boot_prop:s0 tclass=file permissive=0
02-12 13:52:49.556 20172 20172 W app_process: Unexpected CPU variant for X86 using defaults: x86
02-12 13:52:49.558 20172 20172 I app_process: The ClassLoaderContext is a special shared library.
02-12 13:52:49.566 20172 20172 W app_process: JNI RegisterNativeMethods: attempt to register 0 native methods for android.media.AudioAttributes
02-12 13:52:49.113   525  1838 W ActivityTaskManager: Current config: {1.0 310mcc260mnc [en_US] ldltr sw392dp w392dp h750dp 440dpi nrml long port finger qwerty/v/v dpad/v winConfig={ mBounds=Rect(0, 0 - 1080, 2340) mAppBounds=Rect(0, 136 - 1080, 2208) mWindowingMode=fullscreen mDisplayWindowingMode=fullscreen mActivityType=undefined mAlwaysOnTop=undefined mRotation=ROTATION_0} s.31} unchanged for IME proc io.github.ylimit.droidbotapp
02-12 13:52:50.046 20193 20193 E libc    : Access denied finding property "persist.device_config.runtime_native_boot.profilebootclasspath"
02-12 13:52:50.046 20193 20193 E libc    : Access denied finding property "persist.device_config.runtime_native_boot.enable_apex_image"
02-12 13:52:50.046 20193 20193 I AndroidRuntime: Using default boot image
02-12 13:52:50.036     0     0 W audit   : audit_lost=43 audit_rate_limit=5 audit_backlog_limit=64
02-12 13:52:50.037     0     0 E audit   : rate limit exceeded
02-12 13:52:50.044 20193 20193 W app_process: type=1400 audit(0.0:540): avc: denied { read } for name="u:object_r:device_config_runtime_native_boot_prop:s0" dev="tmpfs" ino=8279 scontext=u:r:shell:s0 tcontext=u:object_r:device_config_runtime_native_boot_prop:s0 tclass=file permissive=0
02-12 13:52:50.056 20193 20193 E libc    : Access denied finding property "persist.device_config.runtime_native_boot.disable_lock_profiling"
02-12 13:52:50.056 20193 20193 I AndroidRuntime: Leaving lock profiling enabled
02-12 13:52:50.056 20193 20193 E libc    : Access denied finding property "persist.device_config.runtime_native_boot.enable_generational_cc"
02-12 13:52:50.057 20193 20193 W app_process: Could not reserve sentinel fault page
02-12 13:52:50.057 20193 20193 I app_process: Core platform API reporting enabled, enforcing=false
02-12 13:52:50.090 20193 20193 W app_process: Unexpected CPU variant for X86 using defaults: x86
02-12 13:52:50.092 20193 20193 I app_process: The ClassLoaderContext is a special shared library.
02-12 13:52:50.099 20193 20193 W app_process: JNI RegisterNativeMethods: attempt to register 0 native methods for android.media.AudioAttributes
02-12 13:52:50.107   525   547 E RemoteAugmentedAutofillService: Bad service name for flags 1048704: com.google.android.as/com.google.android.apps.miphone.aiai.app.AiAiAugmentedAutofillService
02-12 13:52:50.232 20216 20219 I cmd     : oneway function results will be dropped but finished with status OK and parcel size 4
02-12 13:52:50.575 20231 20233 I cmd     : oneway function results will be dropped but finished with status OK and parcel size 4
02-12 13:52:50.602   179   179 I servicemanager: Since 'apexservice' could not be found, trying to start it as a lazy AIDL service
02-12 13:52:50.592     0     0 I init    : starting service 'apexd'...
02-12 13:52:50.595     0     0 I init    : Control message: Processed ctl.interface_start for 'aidl/apexservice' from pid: 179 (/system/bin/servicemanager)
02-12 13:52:50.602     0     0 I apexd   : Scanning /system/apex for preinstalled data
02-12 13:52:50.605     0     0 I apexd   : Scanning /system_ext/apex for preinstalled data
02-12 13:52:50.605     0     0 I apexd   : ... does not exist. Skipping
02-12 13:52:50.606     0     0 I apexd   : Scanning /product/apex for preinstalled data
02-12 13:52:50.606     0     0 I apexd   : ... does not exist. Skipping
02-12 13:52:50.608     0     0 I apexd   : Scanning /vendor/apex for preinstalled data
02-12 13:52:50.609     0     0 I apexd   : ... does not exist. Skipping
02-12 13:52:50.610     0     0 I apexd   : Populating APEX database from mounts...
02-12 13:52:50.611     0     0 I apexd   : Found "/apex/com.android.tethering@300900700" backed by file /system/apex/com.google.android.tethering.apex
02-12 13:52:50.613     0     0 I apexd   : Found "/apex/com.android.conscrypt@300900703" backed by file /system/apex/com.google.android.conscrypt.apex
02-12 13:52:50.615     0     0 I apexd   : Found "/apex/com.android.tzdata@300900700" backed by file /system/apex/com.google.android.tzdata2.apex
02-12 13:52:50.617     0     0 I apexd   : Found "/apex/com.android.ipsec@300900700" backed by file /system/apex/com.google.android.ipsec.apex
02-12 13:52:50.619     0     0 I apexd   : Found "/apex/com.android.telephony@1" backed by file /system/apex/com.google.android.telephony.apex
02-12 13:52:50.621     0     0 I apexd   : Found "/apex/com.android.os.statsd@300900700" backed by file /system/apex/com.google.android.os.statsd.apex
02-12 13:52:50.622     0     0 I apexd   : Found "/apex/com.android.runtime@1" backed by file /system/apex/com.android.runtime.apex
02-12 13:52:50.624     0     0 I apexd   : Found "/apex/com.android.media.swcodec@300900714" backed by file /system/apex/com.google.android.media.swcodec.apex
02-12 13:52:50.626     0     0 I apexd   : Found "/apex/com.android.wifi@300900711" backed by file /system/apex/com.google.android.wifi.apex
02-12 13:52:50.628     0     0 I apexd   : Found "/apex/com.android.resolv@300900700" backed by file /system/apex/com.google.android.resolv.apex
02-12 13:52:50.630     0     0 I apexd   : Found "/apex/com.android.sdkext@300900700" backed by file /system/apex/com.google.android.sdkext.apex
02-12 13:52:50.632     0     0 I apexd   : Found "/apex/com.android.adbd@300900700" backed by file /system/apex/com.google.android.adbd.apex
02-12 13:52:50.633     0     0 I apexd   : Found "/apex/com.android.vndk.v30@1" backed by file /system/apex/com.android.vndk.current.apex
02-12 13:52:50.635     0     0 I apexd   : Found "/apex/com.android.art@1" backed by file /system/apex/com.android.art.debug.apex
02-12 13:52:50.637     0     0 I apexd   : Found "/apex/com.android.cellbroadcast@300900720" backed by file /system/apex/com.google.android.cellbroadcast.apex
02-12 13:52:50.638     0     0 I apexd   : Found "/apex/com.android.mediaprovider@300900719" backed by file /system/apex/com.google.android.mediaprovider.apex
02-12 13:52:50.640     0     0 I apexd   : Found "/apex/com.android.i18n@1" backed by file /system/apex/com.android.i18n.apex
02-12 13:52:50.642     0     0 I apexd   : Found "/apex/com.android.extservices@300900700" backed by file /system/apex/com.google.android.extservices.apex
02-12 13:52:50.644     0     0 I apexd   : Found "/apex/com.android.media@300900700" backed by file /system/apex/com.google.android.media.apex
02-12 13:52:50.646     0     0 I apexd   : Found "/apex/com.android.permission@300900706" backed by file /system/apex/com.google.android.permission.apex
02-12 13:52:50.648     0     0 I apexd   : Found "/apex/com.android.apex.cts.shim@1" backed by file /system/apex/com.android.apex.cts.shim.apex
02-12 13:52:50.649     0     0 I apexd   : Found "/apex/com.android.neuralnetworks@300900700" backed by file /system/apex/com.google.android.neuralnetworks.apex
02-12 13:52:50.651     0     0 I apexd   : 22 packages restored.
02-12 13:52:50.664   179   179 I BpBinder: onLastStrongRef automatically unlinking death recipients: <uncached descriptor>
02-12 13:52:50.652     0     0 I AidlLazyServiceRegistrar: Registering service apexservice
02-12 13:52:50.654     0     0 I AidlLazyServiceRegistrar: Trying to shut down the service. No clients in use for any service in process.
02-12 13:52:50.667   179   179 I servicemanager: Tried to unregister apexservice, but there is about to be a client.
02-12 13:52:50.656     0     0 I AidlLazyServiceRegistrar: Failed to unregister service apexservice
02-12 13:52:50.847 20258 20259 I cmd     : oneway function results will be dropped but finished with status OK and parcel size 4
02-12 13:52:50.936   525  1833 I ActivityManager: Force stopping com.google.android.deskclock appid=10130 user=0: from pid 20271
02-12 13:52:50.992 20274 20274 E libc    : Access denied finding property "persist.device_config.runtime_native_boot.profilebootclasspath"
02-12 13:52:50.992 20274 20274 E libc    : Access denied finding property "persist.device_config.runtime_native_boot.enable_apex_image"
02-12 13:52:50.992 20274 20274 I AndroidRuntime: Using default boot image
02-12 13:52:50.992 20274 20274 E libc    : Access denied finding property "persist.device_config.runtime_native_boot.disable_lock_profiling"
02-12 13:52:50.992 20274 20274 I AndroidRuntime: Leaving lock profiling enabled
02-12 13:52:50.992 20274 20274 E libc    : Access denied finding property "persist.device_config.runtime_native_boot.enable_generational_cc"
02-12 13:52:50.994 20274 20274 I app_process: Core platform API reporting enabled, enforcing=false
02-12 13:52:50.988 20274 20274 W app_process: type=1400 audit(0.0:544): avc: denied { read } for name="u:object_r:device_config_runtime_native_boot_prop:s0" dev="tmpfs" ino=8279 scontext=u:r:shell:s0 tcontext=u:object_r:device_config_runtime_native_boot_prop:s0 tclass=file permissive=0
02-12 13:52:51.025 20274 20274 W app_process: Unexpected CPU variant for X86 using defaults: x86
02-12 13:52:51.026 20274 20274 I app_process: The ClassLoaderContext is a special shared library.
02-12 13:52:51.034 20274 20274 W app_process: JNI RegisterNativeMethods: attempt to register 0 native methods for android.media.AudioAttributes
02-12 13:52:51.044   525   547 I ActivityTaskManager: START u0 {act=android.intent.action.MAIN cat=[android.intent.category.HOME] flg=0x10000100 cmp=com.google.android.apps.nexuslauncher/.NexusLauncherActivity (has extras)} from uid 0
02-12 13:52:51.047   399   399 I perfetto: ing_service_impl.cc:758 Configured tracing session 16, #sources:1, duration:5000 ms, #buffers:1, total buffer size:4096 KB, total sessions:1, uid:1071 session name: ""
02-12 13:52:51.048   394   394 I perfetto: probes_producer.cc:230  Ftrace setup (target_buf=16)
02-12 13:52:51.050   525  1838 W ActivityManager: Unable to start service Intent { act=android.service.appprediction.AppPredictionService cmp=com.google.android.as/com.google.android.apps.miphone.aiai.app.AiAiPredictionService } U=0: not found
02-12 13:52:51.050   525  1838 W RemoteAppPredictionService: could not bind to Intent { act=android.service.appprediction.AppPredictionService cmp=com.google.android.as/com.google.android.apps.miphone.aiai.app.AiAiPredictionService } using flags 67108865
02-12 13:52:51.072   394   394 I perfetto: ftrace_procfs.cc:176    enabled ftrace
02-12 13:52:51.061     0     0 W perfetto: enabled ftrace
02-12 13:52:52.631 20315 20317 I cmd     : oneway function results will be dropped but finished with status OK and parcel size 4
02-12 13:52:53.107 20369 20370 I cmd     : oneway function results will be dropped but finished with status OK and parcel size 4
02-12 13:52:53.201   525  1848 I ActivityTaskManager: START u0 {act=android.intent.action.MAIN cat=[android.intent.category.LAUNCHER] flg=0x10000000 cmp=com.google.android.deskclock/com.android.deskclock.DeskClock} from uid 2000
02-12 13:52:53.205   399   399 I perfetto: ing_service_impl.cc:758 Configured tracing session 17, #sources:1, duration:5000 ms, #buffers:1, total buffer size:4096 KB, total sessions:2, uid:1071 session name: ""
02-12 13:52:53.205   394   394 I perfetto: probes_producer.cc:230  Ftrace setup (target_buf=17)
02-12 13:52:53.208 20381 20383 I cmd     : oneway function results will be dropped but finished with status OK and parcel size 4
02-12 13:52:53.273   525   559 W ActivityManager: Slow operation: 54ms so far, now at startProcess: returned from zygote!
02-12 13:52:53.273   525   559 W ActivityManager: Slow operation: 54ms so far, now at startProcess: done updating battery stats
02-12 13:52:53.273   525   559 W ActivityManager: Slow operation: 54ms so far, now at startProcess: building log message
02-12 13:52:53.273   525   559 I ActivityManager: Start proc 20393:com.google.android.deskclock/u0a130 for pre-top-activity {com.google.android.deskclock/com.android.deskclock.DeskClock}
02-12 13:52:53.273   525   559 W ActivityManager: Slow operation: 54ms so far, now at startProcess: starting to update pids map
02-12 13:52:53.273   525   559 W ActivityManager: Slow operation: 54ms so far, now at startProcess: done updating pids map
02-12 13:52:53.275 20393 20393 W droid.deskcloc: Unexpected CPU variant for X86 using defaults: x86
02-12 13:52:53.284   388   415 I adbd    : jdwp connection from 20393
02-12 13:52:53.311 20393 20393 I droid.deskcloc: The ClassLoaderContext is a special shared library.
02-12 13:52:53.313 20393 20393 I droid.deskcloc: The ClassLoaderContext is a special shared library.
02-12 13:52:53.346 20393 20393 W PrimesInit: Primes instant initialization
02-12 13:52:53.347 20393 20423 W Primes  : background initialization
02-12 13:52:53.349   181   181 I hwservicemanager: getTransport: Cannot find entry android.hardware.graphics.allocator@4.0::IAllocator/default in either framework or device manifest.
02-12 13:52:53.350 20393 20424 I GAv4    : Google Analytics 18.5.89 is starting up. To enable debug logging on a device run:
02-12 13:52:53.350 20393 20424 I GAv4    :   adb shell setprop log.tag.GAv4 DEBUG
02-12 13:52:53.350 20393 20424 I GAv4    :   adb logcat -s GAv4
02-12 13:52:53.352   525  1833 W Gralloc4: allocator 3.x is not supported
02-12 13:52:53.358 20422 20428 I cmd     : oneway function results will be dropped but finished with status OK and parcel size 4
02-12 13:52:53.359  2823  2845 I FontsContentProvider: Received query Google Sans:500, URI content://com.google.android.gms.fonts
02-12 13:52:53.359  2823  2845 I FontsContentProvider: Query [Google Sans:500] resolved to {Google Sans, wdth 100.0, wght 500, ital 0.0, bestEffort false}
02-12 13:52:53.360  2823  2845 I FontsContentProvider: Fetch {Google Sans, wdth 100.0, wght 500, ital 0.0, bestEffort false} end status Status{statusCode=SUCCESS, resolution=null}
02-12 13:52:53.362  2823  2852 I FontsContentProvider: Pulling font file for id = 29, cache size = 6
02-12 13:52:53.365  2823  2852 I FontsContentProvider: Received query Google Sans, URI content://com.google.android.gms.fonts
02-12 13:52:53.366  2823  2852 I FontsContentProvider: Query [Google Sans] resolved to {Google Sans, wdth 100.0, wght 400, ital 0.0, bestEffort false}
02-12 13:52:53.366  2823  2852 I FontsContentProvider: Fetch {Google Sans, wdth 100.0, wght 400, ital 0.0, bestEffort false} end status Status{statusCode=SUCCESS, resolution=null}
02-12 13:52:53.369  2823  2852 I FontsContentProvider: Pulling font file for id = 30, cache size = 7
02-12 13:52:53.376 20393 20429 W GAv4    : AnalyticsReceiver is not registered or is disabled. Register the receiver for reliable dispatching on non-Google Play devices. See http://goo.gl/8Rd3yj for instructions.
02-12 13:52:53.380   525 20431 W OpenGLRenderer: Failed to choose config with EGL_SWAP_BEHAVIOR_PRESERVED, retrying without...
02-12 13:52:53.381 20393 20429 W GAv4    : CampaignTrackingReceiver is not registered, not exported or is disabled. Installation campaign tracking is not possible. See http://goo.gl/8Rd3yj for instructions.
02-12 13:52:53.383 20393 20429 W GAv4    : AnalyticsService not registered in the app manifest. Hits might not be delivered reliably. See http://goo.gl/8Rd3yj for instructions.
02-12 13:52:53.409 20393 20423 I PrimesTesting: GserviceFlagsSupplier.get()
02-12 13:52:53.428 20393 20393 I AppLifecycleTracker: onActivityCreated: 
02-12 13:52:53.451 20393 20393 I AppCompatDelegate: Failed to instantiate custom view inflater android.support.v7.app.AppCompatViewInflater. Falling back to default.
02-12 13:52:53.451 20393 20393 I AppCompatDelegate: java.lang.ClassNotFoundException: android.support.v7.app.AppCompatViewInflater
02-12 13:52:53.451 20393 20393 I AppCompatDelegate: 	at java.lang.Class.classForName(Native Method)
02-12 13:52:53.451 20393 20393 I AppCompatDelegate: 	at java.lang.Class.forName(Class.java:454)
02-12 13:52:53.451 20393 20393 I AppCompatDelegate: 	at java.lang.Class.forName(Class.java:379)
02-12 13:52:53.451 20393 20393 I AppCompatDelegate: 	at sa.a(PG:449)
02-12 13:52:53.451 20393 20393 I AppCompatDelegate: 	at sa.onCreateView(PG:460)
02-12 13:52:53.451 20393 20393 I AppCompatDelegate: 	at android.view.LayoutInflater.tryCreateView(LayoutInflater.java:1059)
02-12 13:52:53.451 20393 20393 I AppCompatDelegate: 	at android.view.LayoutInflater.createViewFromTag(LayoutInflater.java:995)
02-12 13:52:53.451 20393 20393 I AppCompatDelegate: 	at android.view.LayoutInflater.createViewFromTag(LayoutInflater.java:959)
02-12 13:52:53.451 20393 20393 I AppCompatDelegate: 	at android.view.LayoutInflater.inflate(LayoutInflater.java:657)
02-12 13:52:53.451 20393 20393 I AppCompatDelegate: 	at android.view.LayoutInflater.inflate(LayoutInflater.java:532)
02-12 13:52:53.451 20393 20393 I AppCompatDelegate: 	at android.view.LayoutInflater.inflate(LayoutInflater.java:479)
02-12 13:52:53.451 20393 20393 I AppCompatDelegate: 	at com.android.internal.policy.DecorView.onResourcesLoaded(DecorView.java:2103)
02-12 13:52:53.451 20393 20393 I AppCompatDelegate: 	at com.android.internal.policy.PhoneWindow.generateLayout(PhoneWindow.java:2630)
02-12 13:52:53.451 20393 20393 I AppCompatDelegate: 	at com.android.internal.policy.PhoneWindow.installDecor(PhoneWindow.java:2693)
02-12 13:52:53.451 20393 20393 I AppCompatDelegate: 	at com.android.internal.policy.PhoneWindow.getDecorView(PhoneWindow.java:2116)
02-12 13:52:53.451 20393 20393 I AppCompatDelegate: 	at apq.onCreate(PG:4)
02-12 13:52:53.451 20393 20393 I AppCompatDelegate: 	at com.android.deskclock.DeskClock.onCreate(PG:31)
02-12 13:52:53.451 20393 20393 I AppCompatDelegate: 	at android.app.Activity.performCreate(Activity.java:7994)
02-12 13:52:53.451 20393 20393 I AppCompatDelegate: 	at android.app.Activity.performCreate(Activity.java:7978)
02-12 13:52:53.451 20393 20393 I AppCompatDelegate: 	at android.app.Instrumentation.callActivityOnCreate(Instrumentation.java:1309)
02-12 13:52:53.451 20393 20393 I AppCompatDelegate: 	at android.app.ActivityThread.performLaunchActivity(ActivityThread.java:3422)
02-12 13:52:53.451 20393 20393 I AppCompatDelegate: 	at android.app.ActivityThread.handleLaunchActivity(ActivityThread.java:3601)
02-12 13:52:53.451 20393 20393 I AppCompatDelegate: 	at android.app.servertransaction.LaunchActivityItem.execute(LaunchActivityItem.java:85)
02-12 13:52:53.451 20393 20393 I AppCompatDelegate: 	at android.app.servertransaction.TransactionExecutor.executeCallbacks(TransactionExecutor.java:135)
02-12 13:52:53.451 20393 20393 I AppCompatDelegate: 	at android.app.servertransaction.TransactionExecutor.execute(TransactionExecutor.java:95)
02-12 13:52:53.451 20393 20393 I AppCompatDelegate: 	at android.app.ActivityThread$H.handleMessage(ActivityThread.java:2066)
02-12 13:52:53.451 20393 20393 I AppCompatDelegate: 	at android.os.Handler.dispatchMessage(Handler.java:106)
02-12 13:52:53.451 20393 20393 I AppCompatDelegate: 	at android.os.Looper.loop(Looper.java:223)
02-12 13:52:53.451 20393 20393 I AppCompatDelegate: 	at android.app.ActivityThread.main(ActivityThread.java:7656)
02-12 13:52:53.451 20393 20393 I AppCompatDelegate: 	at java.lang.reflect.Method.invoke(Native Method)
02-12 13:52:53.451 20393 20393 I AppCompatDelegate: 	at com.android.internal.os.RuntimeInit$MethodAndArgsCaller.run(RuntimeInit.java:592)
02-12 13:52:53.451 20393 20393 I AppCompatDelegate: 	at com.android.internal.os.ZygoteInit.main(ZygoteInit.java:947)
02-12 13:52:53.451 20393 20393 I AppCompatDelegate: Caused by: java.lang.ClassNotFoundException: android.support.v7.app.AppCompatViewInflater
02-12 13:52:53.451 20393 20393 I AppCompatDelegate: 	... 32 more
02-12 13:52:53.457 20393 20393 I AppCompatViewInflater: app:theme is now deprecated. Please move to using android:theme instead.
02-12 13:52:53.519  2823  2852 I FontsContentProvider: Received query Google Sans:500, URI content://com.google.android.gms.fonts
02-12 13:52:53.520  2823  2852 I FontsContentProvider: Query [Google Sans:500] resolved to {Google Sans, wdth 100.0, wght 500, ital 0.0, bestEffort false}
02-12 13:52:53.523  2823  2852 I FontsContentProvider: Fetch {Google Sans, wdth 100.0, wght 500, ital 0.0, bestEffort false} end status Status{statusCode=SUCCESS, resolution=null}
02-12 13:52:53.527  2823  2852 I FontsContentProvider: Pulling font file for id = 31, cache size = 6
02-12 13:52:53.530 20393 20393 I AppLifecycleTracker: onActivityStarted: 
02-12 13:52:53.531 20393 20393 I AppLifecycleTracker: App transition to foreground
02-12 13:52:53.532 20393 20393 I AppLifecycleTracker: onActivityResumed: 
02-12 13:52:53.565   330   330 I android.hardware.vibrator-service.example: Vibrator reporting capabilities
02-12 13:52:53.568 20393 20424 I AlarmClock: Checking if assistant workflow is available
02-12 13:52:53.570 20393 20437 I AlarmClock: Priming ringtone title cache
02-12 13:52:53.612  2823  2852 I FontsContentProvider: Received query Google Sans, URI content://com.google.android.gms.fonts
02-12 13:52:53.612  2823  2852 I FontsContentProvider: Query [Google Sans] resolved to {Google Sans, wdth 100.0, wght 400, ital 0.0, bestEffort false}
02-12 13:52:53.615  2823  2852 I FontsContentProvider: Fetch {Google Sans, wdth 100.0, wght 400, ital 0.0, bestEffort false} end status Status{statusCode=SUCCESS, resolution=null}
02-12 13:52:53.626   181   181 I hwservicemanager: getTransport: Cannot find entry android.hardware.configstore@1.0::ISurfaceFlingerConfigs/default in either framework or device manifest.
02-12 13:52:53.628 20393 20430 W OpenGLRenderer: Failed to choose config with EGL_SWAP_BEHAVIOR_PRESERVED, retrying without...
02-12 13:52:53.659  2823  2845 I FontsContentProvider: Pulling font file for id = 32, cache size = 6
02-12 13:52:53.710   181   181 I hwservicemanager: getTransport: Cannot find entry android.hardware.graphics.mapper@4.0::IMapper/default in either framework or device manifest.
02-12 13:52:53.710 20393 20430 I Gralloc4: mapper 4.x is not supported
02-12 13:52:53.748   525  1840 I system_server: oneway function results will be dropped but finished with status OK and parcel size 4
02-12 13:52:53.748   525  1840 I chatty  : uid=1000(system) Binder:525_13 identical 2 lines
02-12 13:52:53.748   525  1840 I system_server: oneway function results will be dropped but finished with status OK and parcel size 4
02-12 13:52:53.805   525   557 I ActivityTaskManager: Displayed com.google.android.deskclock/com.android.deskclock.DeskClock: +601ms
02-12 13:52:53.816   525  3704 W UriGrantsManagerService: No permission grants found for com.google.android.deskclock
02-12 13:52:53.816   525   557 I ActivityTaskManager: Fully drawn com.google.android.deskclock/com.android.deskclock.DeskClock: +615ms
02-12 13:52:53.819 20393 20418 I droid.deskcloc: Waiting for a blocking GC ProfileSaver
02-12 13:52:53.885  1400 20456 I PBSessionCacheImpl: Deleted sessionId[6159036015085913] from persistence.
02-12 13:52:53.887  1400  2174 W SearchServiceCore: Abort, client detached.
02-12 13:52:54.287   525   548 I DropBoxManagerService: add tag=system_server_strictmode isTagEnabled=true flags=0x2
02-12 13:52:54.398 20500 20502 I cmd     : oneway function results will be dropped but finished with status OK and parcel size 4
02-12 13:52:54.661 20531 20533 I cmd     : oneway function results will be dropped but finished with status OK and parcel size 4
02-12 13:52:55.404   179   179 I servicemanager: Notifying apexservice they have clients: 1
02-12 13:52:55.404   179   179 I servicemanager: Notifying apexservice they have clients: 0
02-12 13:52:55.394     0     0 I AidlLazyServiceRegistrar: Process has 1 (of 1 available) client(s) in use after notification android.apex.IApexService has clients: 1
02-12 13:52:55.397     0     0 I AidlLazyServiceRegistrar: Process has 0 (of 1 available) client(s) in use after notification android.apex.IApexService has clients: 0
02-12 13:52:55.398     0     0 I AidlLazyServiceRegistrar: Trying to shut down the service. No clients in use for any service in process.
02-12 13:52:55.411   179   179 I BpBinder: onLastStrongRef automatically unlinking death recipients: <uncached descriptor>
02-12 13:52:55.401     0     0 I AidlLazyServiceRegistrar: Unregistered all clients and exiting
02-12 13:52:55.404     0     0 I init    : Service 'apexd' (pid 20238) exited with status 0 oneshot service took 4.810000 seconds in background
02-12 13:52:55.407     0     0 I init    : Sending signal 9 to service 'apexd' (pid 20238) process group...
02-12 13:52:55.410     0     0 I libprocessgroup: Successfully killed process cgroup uid 0 pid 20238 in 0ms
02-12 13:52:56.050   394   394 I perfetto: probes_producer.cc:329  Producer stop (id=16)
02-12 13:52:56.051   399   399 I perfetto: ng_service_impl.cc:1948 Tracing session 16 ended, total sessions:1
02-12 13:52:56.296   525   558 W BroadcastQueue: Background execution not allowed: receiving Intent { act=android.intent.action.DROPBOX_ENTRY_ADDED flg=0x10 (has extras) } to com.google.android.gms/.stats.service.DropBoxEntryAddedReceiver
02-12 13:52:56.296   525   558 W BroadcastQueue: Background execution not allowed: receiving Intent { act=android.intent.action.DROPBOX_ENTRY_ADDED flg=0x10 (has extras) } to com.google.android.gms/.chimera.GmsIntentOperationService$PersistentTrustedReceiver
02-12 13:52:56.753   525  1840 I system_server: oneway function results will be dropped but finished with status OK and parcel size 4
02-12 13:52:56.760   525  1840 I system_server: oneway function results will be dropped but finished with status OK and parcel size 4
02-12 13:52:56.998 20586 20588 I cmd     : oneway function results will be dropped but finished with status OK and parcel size 4
02-12 13:52:57.113 20601 20603 I cmd     : oneway function results will be dropped but finished with status OK and parcel size 4
02-12 13:52:57.233 20616 20618 I cmd     : oneway function results will be dropped but finished with status OK and parcel size 4
02-12 13:52:57.351 20631 20633 I cmd     : oneway function results will be dropped but finished with status OK and parcel size 4
02-12 13:52:57.490 20643 20643 E libc    : Access denied finding property "persist.device_config.runtime_native_boot.profilebootclasspath"
02-12 13:52:57.490 20643 20643 E libc    : Access denied finding property "persist.device_config.runtime_native_boot.enable_apex_image"
02-12 13:52:57.490 20643 20643 I AndroidRuntime: Using default boot image
02-12 13:52:57.491 20643 20643 E libc    : Access denied finding property "persist.device_config.runtime_native_boot.disable_lock_profiling"
02-12 13:52:57.491 20643 20643 I AndroidRuntime: Leaving lock profiling enabled
02-12 13:52:57.491 20643 20643 E libc    : Access denied finding property "persist.device_config.runtime_native_boot.enable_generational_cc"
02-12 13:52:57.492 20643 20643 I app_process: Core platform API reporting enabled, enforcing=false
02-12 13:52:57.488 20643 20643 W app_process: type=1400 audit(0.0:548): avc: denied { read } for name="u:object_r:device_config_runtime_native_boot_prop:s0" dev="tmpfs" ino=8279 scontext=u:r:shell:s0 tcontext=u:object_r:device_config_runtime_native_boot_prop:s0 tclass=file permissive=0
02-12 13:52:57.558 20643 20643 W app_process: Unexpected CPU variant for X86 using defaults: x86
02-12 13:52:57.560 20643 20643 I app_process: The ClassLoaderContext is a special shared library.
02-12 13:52:57.567 20643 20643 W app_process: JNI RegisterNativeMethods: attempt to register 0 native methods for android.media.AudioAttributes
02-12 13:52:57.780   525  1840 I system_server: oneway function results will be dropped but finished with status OK and parcel size 4
02-12 13:52:57.780   525  1840 I system_server: oneway function results will be dropped but finished with status OK and parcel size 4
02-12 13:52:57.782   525  1833 I system_server: oneway function results will be dropped but finished with status OK and parcel size 4
02-12 13:52:57.825 20665 20666 I cmd     : oneway function results will be dropped but finished with status OK and parcel size 4
02-12 13:52:58.209   394   394 I perfetto: probes_producer.cc:329  Producer stop (id=17)
02-12 13:52:58.199     0     0 W perfetto: disabled ftrace
02-12 13:52:58.210   399   399 I perfetto: ng_service_impl.cc:1948 Tracing session 17 ended, total sessions:0
02-12 13:52:58.210   394   394 I perfetto: ftrace_procfs.cc:183    disabled ftrace
02-12 13:52:58.229 20393 20393 W BitmapDrawable: BitmapDrawable cannot decode 
02-12 13:52:58.257   419 20385 I iorapd  : Perfetto TraceBuffer saved to file: /data/misc/iorapd/com.google.android.deskclock/62000712/com.android.deskclock.DeskClock/raw_traces/1770904378257163300.perfetto_trace.pb
02-12 13:52:58.802 20696 20698 I cmd     : oneway function results will be dropped but finished with status OK and parcel size 4
02-12 13:52:58.846   525  1840 I system_server: oneway function results will be dropped but finished with status OK and parcel size 4
02-12 13:52:59.391 20725 20727 I cmd     : oneway function results will be dropped but finished with status OK and parcel size 4
02-12 13:52:59.606  1400  1418 W earchbox:searc: Reducing the number of considered missed Gc histogram windows from 122 to 100
02-12 13:52:59.745 20756 20758 I cmd     : oneway function results will be dropped but finished with status OK and parcel size 4
02-12 13:52:59.949 20771 20773 I cmd     : oneway function results will be dropped but finished with status OK and parcel size 4
02-12 13:53:00.010 20393 20393 I AlarmClock: Periodic: Executing periodic callback for MINUTE because the period ended
02-12 13:53:00.011 20393 20393 I AlarmClock: Periodic: Executing periodic callback for MINUTE because the period ended
02-12 13:53:00.828   525  1840 I system_server: oneway function results will be dropped but finished with status OK and parcel size 4
02-12 13:53:02.087 20806 20808 I cmd     : oneway function results will be dropped but finished with status OK and parcel size 4
02-12 13:53:02.205 20821 20823 I cmd     : oneway function results will be dropped but finished with status OK and parcel size 4
02-12 13:53:02.322 20836 20838 I cmd     : oneway function results will be dropped but finished with status OK and parcel size 4
02-12 13:53:02.439 20851 20853 I cmd     : oneway function results will be dropped but finished with status OK and parcel size 4
02-12 13:53:02.579 20863 20863 E libc    : Access denied finding property "persist.device_config.runtime_native_boot.profilebootclasspath"
02-12 13:53:02.579 20863 20863 E libc    : Access denied finding property "persist.device_config.runtime_native_boot.enable_apex_image"
02-12 13:53:02.579 20863 20863 I AndroidRuntime: Using default boot image
02-12 13:53:02.579 20863 20863 E libc    : Access denied finding property "persist.device_config.runtime_native_boot.disable_lock_profiling"
02-12 13:53:02.579 20863 20863 I AndroidRuntime: Leaving lock profiling enabled
02-12 13:53:02.579 20863 20863 E libc    : Access denied finding property "persist.device_config.runtime_native_boot.enable_generational_cc"
02-12 13:53:02.572 20863 20863 W app_process: type=1400 audit(0.0:552): avc: denied { read } for name="u:object_r:device_config_runtime_native_boot_prop:s0" dev="tmpfs" ino=8279 scontext=u:r:shell:s0 tcontext=u:object_r:device_config_runtime_native_boot_prop:s0 tclass=file permissive=0
02-12 13:53:02.580 20863 20863 W app_process: Could not reserve sentinel fault page
02-12 13:53:02.580 20863 20863 I app_process: Core platform API reporting enabled, enforcing=false
02-12 13:53:02.576 20863 20863 W app_process: type=1400 audit(0.0:553): avc: denied { read } for name="u:object_r:device_config_runtime_native_boot_prop:s0" dev="tmpfs" ino=8279 scontext=u:r:shell:s0 tcontext=u:object_r:device_config_runtime_native_boot_prop:s0 tclass=file permissive=0
02-12 13:53:02.617 20863 20863 W app_process: Unexpected CPU variant for X86 using defaults: x86
02-12 13:53:02.618 20863 20863 I app_process: The ClassLoaderContext is a special shared library.
02-12 13:53:02.625 20863 20863 W app_process: JNI RegisterNativeMethods: attempt to register 0 native methods for android.media.AudioAttributes
